[0m[[0minfo[0m] [0mLoading global plugins from /Users/edeustace/.sbt/0.13/plugins[0m
[0m[[0minfo[0m] [0mLoading project definition from /Users/edeustace/dev/github/corespring/corespring-api/project[0m
[credentials] check file: : /Users/edeustace/.ivy2/.credentials
[credentials] using credentials file
[0m[[0minfo[0m] [0mSet current project to corespring (in build file:/Users/edeustace/dev/github/corespring/corespring-api/)[0m
[36m[[0mmongo-db-seeder[36m][0m [34mINFO[0m seed - uri: mongodb://localhost/api
[36m[[0mmongo-db-seeder[36m][0m [34mINFO[0m seed - uri: mongodb://localhost/api
[36m[[0mmongo-db-seeder[36m][0m [32mDEBUG[0m  Empty: accessTokens count: 0
[36m[[0mmongo-db-seeder[36m][0m [32mDEBUG[0m  Empty: accessTokens count: 0
[36m[[0mmongo-db-seeder[36m][0m [32mDEBUG[0m  Empty: apiClients count: 0
[36m[[0mmongo-db-seeder[36m][0m [32mDEBUG[0m  Empty: apiClients count: 0
[36m[[0mmongo-db-seeder[36m][0m [32mDEBUG[0m  Empty: assessments count: 0
[36m[[0mmongo-db-seeder[36m][0m [32mDEBUG[0m  Empty: assessments count: 0
[36m[[0mmongo-db-seeder[36m][0m [32mDEBUG[0m  Empty: ccstandards count: 0
[36m[[0mmongo-db-seeder[36m][0m [32mDEBUG[0m  Empty: ccstandards count: 0
[36m[[0mmongo-db-seeder[36m][0m [32mDEBUG[0m  Empty: content count: 0
[36m[[0mmongo-db-seeder[36m][0m [32mDEBUG[0m  Empty: content count: 0
[36m[[0mmongo-db-seeder[36m][0m [32mDEBUG[0m  Empty: contentcolls count: 0
[36m[[0mmongo-db-seeder[36m][0m [32mDEBUG[0m  Empty: contentcolls count: 0
[36m[[0mmongo-db-seeder[36m][0m [32mDEBUG[0m  Empty: fieldValues count: 0
[36m[[0mmongo-db-seeder[36m][0m [32mDEBUG[0m  Empty: fieldValues count: 0
[36m[[0mmongo-db-seeder[36m][0m [32mDEBUG[0m  Empty: itemsessions count: 0
[36m[[0mmongo-db-seeder[36m][0m [32mDEBUG[0m  Empty: itemsessions count: 0
[36m[[0mmongo-db-seeder[36m][0m [32mDEBUG[0m  Empty: metadataSets count: 0
[36m[[0mmongo-db-seeder[36m][0m [32mDEBUG[0m  Empty: metadataSets count: 0
[36m[[0mmongo-db-seeder[36m][0m [32mDEBUG[0m  Empty: orgs count: 0
[36m[[0mmongo-db-seeder[36m][0m [32mDEBUG[0m  Empty: orgs count: 0
[36m[[0mmongo-db-seeder[36m][0m [32mDEBUG[0m  Empty: subjects count: 0
[36m[[0mmongo-db-seeder[36m][0m [32mDEBUG[0m  Empty: subjects count: 0
[36m[[0mmongo-db-seeder[36m][0m [32mDEBUG[0m  Empty: users count: 0
[36m[[0mmongo-db-seeder[36m][0m [32mDEBUG[0m  Empty: users count: 0
[36m[[0mmongo-db-seeder[36m][0m [34mINFO[0m seed - path: conf/seed-data/test
[36m[[0mmongo-db-seeder[36m][0m [34mINFO[0m seed - path: conf/seed-data/test
[36m[[0mmongo-db-seeder[36m][0m [34mINFO[0m collection: accessTokens
[36m[[0mmongo-db-seeder[36m][0m [34mINFO[0m collection: accessTokens
[36m[[0mmongo-db-seeder[36m][0m [32mDEBUG[0m Before collection: accessTokens
[36m[[0mmongo-db-seeder[36m][0m [32mDEBUG[0m Before collection: accessTokens
[36m[[0mmongo-db-seeder[36m][0m [32mDEBUG[0m id specified - insert: 50f043e59b405e7dddcc719e
[36m[[0mmongo-db-seeder[36m][0m [32mDEBUG[0m id specified - insert: 50f043e59b405e7dddcc719e
[36m[[0mmongo-db-seeder[36m][0m [32mDEBUG[0m After --> seed: accessTokens 1
[36m[[0mmongo-db-seeder[36m][0m [32mDEBUG[0m After --> seed: accessTokens 1
[36m[[0mmongo-db-seeder[36m][0m [34mINFO[0m collection: apiClients
[36m[[0mmongo-db-seeder[36m][0m [34mINFO[0m collection: apiClients
[36m[[0mmongo-db-seeder[36m][0m [32mDEBUG[0m Before collection: apiClients
[36m[[0mmongo-db-seeder[36m][0m [32mDEBUG[0m Before collection: apiClients
[36m[[0mmongo-db-seeder[36m][0m [32mDEBUG[0m No id specified - just insert
[36m[[0mmongo-db-seeder[36m][0m [32mDEBUG[0m No id specified - just insert
[36m[[0mmongo-db-seeder[36m][0m [32mDEBUG[0m No id specified - just insert
[36m[[0mmongo-db-seeder[36m][0m [32mDEBUG[0m No id specified - just insert
[36m[[0mmongo-db-seeder[36m][0m [32mDEBUG[0m No id specified - just insert
[36m[[0mmongo-db-seeder[36m][0m [32mDEBUG[0m No id specified - just insert
[36m[[0mmongo-db-seeder[36m][0m [32mDEBUG[0m After --> seed: apiClients 6
[36m[[0mmongo-db-seeder[36m][0m [32mDEBUG[0m After --> seed: apiClients 6
[36m[[0mmongo-db-seeder[36m][0m [34mINFO[0m collection: assessments
[36m[[0mmongo-db-seeder[36m][0m [34mINFO[0m collection: assessments
[36m[[0mmongo-db-seeder[36m][0m [32mDEBUG[0m Before collection: assessments
[36m[[0mmongo-db-seeder[36m][0m [32mDEBUG[0m Before collection: assessments
[36m[[0mmongo-db-seeder[36m][0m [32mDEBUG[0m id specified - insert: 000000000000000000000004
[36m[[0mmongo-db-seeder[36m][0m [32mDEBUG[0m id specified - insert: 000000000000000000000004
[36m[[0mmongo-db-seeder[36m][0m [32mDEBUG[0m id specified - insert: 000000000000000000000001
[36m[[0mmongo-db-seeder[36m][0m [32mDEBUG[0m id specified - insert: 000000000000000000000001
[36m[[0mmongo-db-seeder[36m][0m [32mDEBUG[0m id specified - insert: 000000000000000000000003
[36m[[0mmongo-db-seeder[36m][0m [32mDEBUG[0m id specified - insert: 000000000000000000000003
[36m[[0mmongo-db-seeder[36m][0m [32mDEBUG[0m id specified - insert: 000000000000000000000002
[36m[[0mmongo-db-seeder[36m][0m [32mDEBUG[0m id specified - insert: 000000000000000000000002
[36m[[0mmongo-db-seeder[36m][0m [32mDEBUG[0m After --> seed: assessments 4
[36m[[0mmongo-db-seeder[36m][0m [32mDEBUG[0m After --> seed: assessments 4
[36m[[0mmongo-db-seeder[36m][0m [34mINFO[0m collection: ccstandards
[36m[[0mmongo-db-seeder[36m][0m [34mINFO[0m collection: ccstandards
[36m[[0mmongo-db-seeder[36m][0m [32mDEBUG[0m Before collection: ccstandards
[36m[[0mmongo-db-seeder[36m][0m [32mDEBUG[0m Before collection: ccstandards
[36m[[0mmongo-db-seeder[36m][0m [32mDEBUG[0m id specified - insert: 4ff47f6a6bb41e469c0be626
[36m[[0mmongo-db-seeder[36m][0m [32mDEBUG[0m id specified - insert: 4ff47f6a6bb41e469c0be626
[36m[[0mmongo-db-seeder[36m][0m [32mDEBUG[0m id specified - insert: 4ff47f6a6bb41e469c0be627
[36m[[0mmongo-db-seeder[36m][0m [32mDEBUG[0m id specified - insert: 4ff47f6a6bb41e469c0be627
[36m[[0mmongo-db-seeder[36m][0m [32mDEBUG[0m id specified - insert: 4ff47f6a6bb41e469c0be628
[36m[[0mmongo-db-seeder[36m][0m [32mDEBUG[0m id specified - insert: 4ff47f6a6bb41e469c0be628
[36m[[0mmongo-db-seeder[36m][0m [32mDEBUG[0m id specified - insert: 4ff47f6a6bb41e469c0be629
[36m[[0mmongo-db-seeder[36m][0m [32mDEBUG[0m id specified - insert: 4ff47f6a6bb41e469c0be629
[36m[[0mmongo-db-seeder[36m][0m [32mDEBUG[0m id specified - insert: 4ff47f6a6bb41e469c0be62a
[36m[[0mmongo-db-seeder[36m][0m [32mDEBUG[0m id specified - insert: 4ff47f6a6bb41e469c0be62a
[36m[[0mmongo-db-seeder[36m][0m [32mDEBUG[0m id specified - insert: 4ff47f6a6bb41e469c0be62b
[36m[[0mmongo-db-seeder[36m][0m [32mDEBUG[0m id specified - insert: 4ff47f6a6bb41e469c0be62b
[36m[[0mmongo-db-seeder[36m][0m [32mDEBUG[0m id specified - insert: 4ff47f6a6bb41e469c0be62d
[36m[[0mmongo-db-seeder[36m][0m [32mDEBUG[0m id specified - insert: 4ff47f6a6bb41e469c0be62d
[36m[[0mmongo-db-seeder[36m][0m [32mDEBUG[0m id specified - insert: 4ff47f6a6bb41e469c0be62e
[36m[[0mmongo-db-seeder[36m][0m [32mDEBUG[0m id specified - insert: 4ff47f6a6bb41e469c0be62e
[36m[[0mmongo-db-seeder[36m][0m [32mDEBUG[0m id specified - insert: 4ff47f6a6bb41e469c0be62f
[36m[[0mmongo-db-seeder[36m][0m [32mDEBUG[0m id specified - insert: 4ff47f6a6bb41e469c0be62f
[36m[[0mmongo-db-seeder[36m][0m [32mDEBUG[0m id specified - insert: 4ff47f6a6bb41e469c0be630
[36m[[0mmongo-db-seeder[36m][0m [32mDEBUG[0m id specified - insert: 4ff47f6a6bb41e469c0be630
[36m[[0mmongo-db-seeder[36m][0m [32mDEBUG[0m id specified - insert: 4ff47f6a6bb41e469c0be631
[36m[[0mmongo-db-seeder[36m][0m [32mDEBUG[0m id specified - insert: 4ff47f6a6bb41e469c0be631
[36m[[0mmongo-db-seeder[36m][0m [32mDEBUG[0m id specified - insert: 4ff47f6a6bb41e469c0be632
[36m[[0mmongo-db-seeder[36m][0m [32mDEBUG[0m id specified - insert: 4ff47f6a6bb41e469c0be632
[36m[[0mmongo-db-seeder[36m][0m [32mDEBUG[0m id specified - insert: 4ff47f6a6bb41e469c0be633
[36m[[0mmongo-db-seeder[36m][0m [32mDEBUG[0m id specified - insert: 4ff47f6a6bb41e469c0be633
[36m[[0mmongo-db-seeder[36m][0m [32mDEBUG[0m id specified - insert: 4ff47f6a6bb41e469c0be634
[36m[[0mmongo-db-seeder[36m][0m [32mDEBUG[0m id specified - insert: 4ff47f6a6bb41e469c0be634
[36m[[0mmongo-db-seeder[36m][0m [32mDEBUG[0m id specified - insert: 4ff47f6a6bb41e469c0be635
[36m[[0mmongo-db-seeder[36m][0m [32mDEBUG[0m id specified - insert: 4ff47f6a6bb41e469c0be635
[36m[[0mmongo-db-seeder[36m][0m [32mDEBUG[0m id specified - insert: 4ff47f6a6bb41e469c0be637
[36m[[0mmongo-db-seeder[36m][0m [32mDEBUG[0m id specified - insert: 4ff47f6a6bb41e469c0be638
[36m[[0mmongo-db-seeder[36m][0m [32mDEBUG[0m id specified - insert: 4ff47f6a6bb41e469c0be63a
[36m[[0mmongo-db-seeder[36m][0m [32mDEBUG[0m [33mWarning: [0m document with this id already exists: 4ff47f6a6bb41e469c0be637 collection: ccstandards
[36m[[0mmongo-db-seeder[36m][0m [32mDEBUG[0m id specified - insert: 4ff47f6a6bb41e469c0be63b
[36m[[0mmongo-db-seeder[36m][0m [32mDEBUG[0m [33mWarning: [0m document with this id already exists: 4ff47f6a6bb41e469c0be638 collection: ccstandards
[36m[[0mmongo-db-seeder[36m][0m [32mDEBUG[0m [33mWarning: [0m document with this id already exists: 4ff47f6a6bb41e469c0be63a collection: ccstandards
[36m[[0mmongo-db-seeder[36m][0m [32mDEBUG[0m id specified - insert: 4ff47f6a6bb41e469c0be63c
[36m[[0mmongo-db-seeder[36m][0m [32mDEBUG[0m [33mWarning: [0m document with this id already exists: 4ff47f6a6bb41e469c0be63b collection: ccstandards
[36m[[0mmongo-db-seeder[36m][0m [32mDEBUG[0m id specified - insert: 4ff47f6a6bb41e469c0be63d
[36m[[0mmongo-db-seeder[36m][0m [32mDEBUG[0m [33mWarning: [0m document with this id already exists: 4ff47f6a6bb41e469c0be63c collection: ccstandards
[36m[[0mmongo-db-seeder[36m][0m [32mDEBUG[0m id specified - insert: 4ff47f6a6bb41e469c0be63e
[36m[[0mmongo-db-seeder[36m][0m [32mDEBUG[0m [33mWarning: [0m document with this id already exists: 4ff47f6a6bb41e469c0be63d collection: ccstandards
[36m[[0mmongo-db-seeder[36m][0m [32mDEBUG[0m id specified - insert: 4ff47f6a6bb41e469c0be63f
[36m[[0mmongo-db-seeder[36m][0m [32mDEBUG[0m [33mWarning: [0m document with this id already exists: 4ff47f6a6bb41e469c0be63e collection: ccstandards
[36m[[0mmongo-db-seeder[36m][0m [32mDEBUG[0m id specified - insert: 4ff47f6a6bb41e469c0be641
[36m[[0mmongo-db-seeder[36m][0m [32mDEBUG[0m [33mWarning: [0m document with this id already exists: 4ff47f6a6bb41e469c0be63f collection: ccstandards
[36m[[0mmongo-db-seeder[36m][0m [32mDEBUG[0m id specified - insert: 4ff47f6a6bb41e469c0be643
[36m[[0mmongo-db-seeder[36m][0m [32mDEBUG[0m [33mWarning: [0m document with this id already exists: 4ff47f6a6bb41e469c0be641 collection: ccstandards
[36m[[0mmongo-db-seeder[36m][0m [32mDEBUG[0m id specified - insert: 4ff47f6a6bb41e469c0be644
[36m[[0mmongo-db-seeder[36m][0m [32mDEBUG[0m [33mWarning: [0m document with this id already exists: 4ff47f6a6bb41e469c0be643 collection: ccstandards
[36m[[0mmongo-db-seeder[36m][0m [32mDEBUG[0m id specified - insert: 4ff47f6a6bb41e469c0be645
[36m[[0mmongo-db-seeder[36m][0m [32mDEBUG[0m [33mWarning: [0m document with this id already exists: 4ff47f6a6bb41e469c0be644 collection: ccstandards
[36m[[0mmongo-db-seeder[36m][0m [32mDEBUG[0m [33mWarning: [0m document with this id already exists: 4ff47f6a6bb41e469c0be645 collection: ccstandards
[36m[[0mmongo-db-seeder[36m][0m [32mDEBUG[0m id specified - insert: 4ff47f6a6bb41e469c0be646
[36m[[0mmongo-db-seeder[36m][0m [32mDEBUG[0m id specified - insert: 4ff47f6a6bb41e469c0be646
[36m[[0mmongo-db-seeder[36m][0m [32mDEBUG[0m id specified - insert: 4ff47f6a6bb41e469c0be647
[36m[[0mmongo-db-seeder[36m][0m [32mDEBUG[0m id specified - insert: 4ff47f6a6bb41e469c0be647
[36m[[0mmongo-db-seeder[36m][0m [32mDEBUG[0m id specified - insert: 4ff47f6a6bb41e469c0be648
[36m[[0mmongo-db-seeder[36m][0m [32mDEBUG[0m id specified - insert: 4ff47f6a6bb41e469c0be648
[36m[[0mmongo-db-seeder[36m][0m [32mDEBUG[0m id specified - insert: 4ff47f6a6bb41e469c0be649
[36m[[0mmongo-db-seeder[36m][0m [32mDEBUG[0m id specified - insert: 4ff47f6a6bb41e469c0be649
[36m[[0mmongo-db-seeder[36m][0m [32mDEBUG[0m id specified - insert: 4ff47f6a6bb41e469c0be64b
[36m[[0mmongo-db-seeder[36m][0m [32mDEBUG[0m id specified - insert: 4ff47f6a6bb41e469c0be64b
[36m[[0mmongo-db-seeder[36m][0m [32mDEBUG[0m id specified - insert: 4ff47f6a6bb41e469c0be64d
[36m[[0mmongo-db-seeder[36m][0m [32mDEBUG[0m id specified - insert: 4ff47f6a6bb41e469c0be64d
[36m[[0mmongo-db-seeder[36m][0m [32mDEBUG[0m id specified - insert: 4ff47f6a6bb41e469c0be64e
[36m[[0mmongo-db-seeder[36m][0m [32mDEBUG[0m id specified - insert: 4ff47f6a6bb41e469c0be64e
[36m[[0mmongo-db-seeder[36m][0m [32mDEBUG[0m id specified - insert: 4ff47f6a6bb41e469c0be650
[36m[[0mmongo-db-seeder[36m][0m [32mDEBUG[0m id specified - insert: 4ff47f6a6bb41e469c0be650
[36m[[0mmongo-db-seeder[36m][0m [32mDEBUG[0m id specified - insert: 4ff47f6a6bb41e469c0be651
[36m[[0mmongo-db-seeder[36m][0m [32mDEBUG[0m id specified - insert: 4ff47f6a6bb41e469c0be651
[36m[[0mmongo-db-seeder[36m][0m [32mDEBUG[0m id specified - insert: 4ff47f6a6bb41e469c0be652
[36m[[0mmongo-db-seeder[36m][0m [32mDEBUG[0m id specified - insert: 4ff47f6a6bb41e469c0be652
[36m[[0mmongo-db-seeder[36m][0m [32mDEBUG[0m id specified - insert: 4ff47f6a6bb41e469c0be653
[36m[[0mmongo-db-seeder[36m][0m [32mDEBUG[0m id specified - insert: 4ff47f6a6bb41e469c0be653
[36m[[0mmongo-db-seeder[36m][0m [32mDEBUG[0m id specified - insert: 4ff47f6a6bb41e469c0be655
[36m[[0mmongo-db-seeder[36m][0m [32mDEBUG[0m id specified - insert: 4ff47f6a6bb41e469c0be655
[36m[[0mmongo-db-seeder[36m][0m [32mDEBUG[0m id specified - insert: 4ff47f6a6bb41e469c0be657
[36m[[0mmongo-db-seeder[36m][0m [32mDEBUG[0m id specified - insert: 4ff47f6a6bb41e469c0be657
[36m[[0mmongo-db-seeder[36m][0m [32mDEBUG[0m id specified - insert: 4ff47f6a6bb41e469c0be658
[36m[[0mmongo-db-seeder[36m][0m [32mDEBUG[0m id specified - insert: 4ff47f6a6bb41e469c0be658
[36m[[0mmongo-db-seeder[36m][0m [32mDEBUG[0m id specified - insert: 4ff47f6a6bb41e469c0be659
[36m[[0mmongo-db-seeder[36m][0m [32mDEBUG[0m id specified - insert: 4ff47f6a6bb41e469c0be659
[36m[[0mmongo-db-seeder[36m][0m [32mDEBUG[0m id specified - insert: 4ff47f6a6bb41e469c0be65a
[36m[[0mmongo-db-seeder[36m][0m [32mDEBUG[0m id specified - insert: 4ff47f6a6bb41e469c0be65a
[36m[[0mmongo-db-seeder[36m][0m [32mDEBUG[0m id specified - insert: 4ff47f6a6bb41e469c0be65b
[36m[[0mmongo-db-seeder[36m][0m [32mDEBUG[0m id specified - insert: 4ff47f6a6bb41e469c0be65b
[36m[[0mmongo-db-seeder[36m][0m [32mDEBUG[0m id specified - insert: 4ff47f6a6bb41e469c0be65d
[36m[[0mmongo-db-seeder[36m][0m [32mDEBUG[0m id specified - insert: 4ff47f6a6bb41e469c0be65f
[36m[[0mmongo-db-seeder[36m][0m [32mDEBUG[0m [33mWarning: [0m document with this id already exists: 4ff47f6a6bb41e469c0be65d collection: ccstandards
[36m[[0mmongo-db-seeder[36m][0m [32mDEBUG[0m [33mWarning: [0m document with this id already exists: 4ff47f6a6bb41e469c0be65f collection: ccstandards
[36m[[0mmongo-db-seeder[36m][0m [32mDEBUG[0m id specified - insert: 4ff47f6a6bb41e469c0be661
[36m[[0mmongo-db-seeder[36m][0m [32mDEBUG[0m id specified - insert: 4ff47f6a6bb41e469c0be661
[36m[[0mmongo-db-seeder[36m][0m [32mDEBUG[0m id specified - insert: 4ff47f6a6bb41e469c0be662
[36m[[0mmongo-db-seeder[36m][0m [32mDEBUG[0m id specified - insert: 4ff47f6a6bb41e469c0be662
[36m[[0mmongo-db-seeder[36m][0m [32mDEBUG[0m id specified - insert: 4ff47f6a6bb41e469c0be663
[36m[[0mmongo-db-seeder[36m][0m [32mDEBUG[0m id specified - insert: 4ff47f6a6bb41e469c0be663
[36m[[0mmongo-db-seeder[36m][0m [32mDEBUG[0m id specified - insert: 4ff47f6a6bb41e469c0be664
[36m[[0mmongo-db-seeder[36m][0m [32mDEBUG[0m id specified - insert: 4ff47f6a6bb41e469c0be664
[36m[[0mmongo-db-seeder[36m][0m [32mDEBUG[0m id specified - insert: 4ff47f6a6bb41e469c0be665
[36m[[0mmongo-db-seeder[36m][0m [32mDEBUG[0m id specified - insert: 4ff47f6a6bb41e469c0be665
[36m[[0mmongo-db-seeder[36m][0m [32mDEBUG[0m id specified - insert: 4ff47f6a6bb41e469c0be666
[36m[[0mmongo-db-seeder[36m][0m [32mDEBUG[0m id specified - insert: 4ff47f6a6bb41e469c0be666
[36m[[0mmongo-db-seeder[36m][0m [32mDEBUG[0m id specified - insert: 4ff47f6a6bb41e469c0be667
[36m[[0mmongo-db-seeder[36m][0m [32mDEBUG[0m id specified - insert: 4ff47f6a6bb41e469c0be667
[36m[[0mmongo-db-seeder[36m][0m [32mDEBUG[0m id specified - insert: 4ff47f6a6bb41e469c0be668
[36m[[0mmongo-db-seeder[36m][0m [32mDEBUG[0m id specified - insert: 4ff47f6a6bb41e469c0be668
[36m[[0mmongo-db-seeder[36m][0m [32mDEBUG[0m id specified - insert: 4ff47f6a6bb41e469c0be669
[36m[[0mmongo-db-seeder[36m][0m [32mDEBUG[0m id specified - insert: 4ff47f6a6bb41e469c0be669
[36m[[0mmongo-db-seeder[36m][0m [32mDEBUG[0m id specified - insert: 4ff47f6a6bb41e469c0be66c
[36m[[0mmongo-db-seeder[36m][0m [32mDEBUG[0m id specified - insert: 4ff47f6a6bb41e469c0be66c
[36m[[0mmongo-db-seeder[36m][0m [32mDEBUG[0m id specified - insert: 4ff47f6a6bb41e469c0be66d
[36m[[0mmongo-db-seeder[36m][0m [32mDEBUG[0m id specified - insert: 4ff47f6a6bb41e469c0be66d
[36m[[0mmongo-db-seeder[36m][0m [32mDEBUG[0m id specified - insert: 4ff47f6a6bb41e469c0be66e
[36m[[0mmongo-db-seeder[36m][0m [32mDEBUG[0m id specified - insert: 4ff47f6a6bb41e469c0be66e
[36m[[0mmongo-db-seeder[36m][0m [32mDEBUG[0m id specified - insert: 4ff47f6a6bb41e469c0be66f
[36m[[0mmongo-db-seeder[36m][0m [32mDEBUG[0m id specified - insert: 4ff47f6a6bb41e469c0be66f
[36m[[0mmongo-db-seeder[36m][0m [32mDEBUG[0m id specified - insert: 4ff47f6a6bb41e469c0be670
[36m[[0mmongo-db-seeder[36m][0m [32mDEBUG[0m id specified - insert: 4ff47f6a6bb41e469c0be670
[36m[[0mmongo-db-seeder[36m][0m [32mDEBUG[0m id specified - insert: 4ff47f6a6bb41e469c0be671
[36m[[0mmongo-db-seeder[36m][0m [32mDEBUG[0m id specified - insert: 4ff47f6a6bb41e469c0be671
[36m[[0mmongo-db-seeder[36m][0m [32mDEBUG[0m id specified - insert: 4ff47f6a6bb41e469c0be672
[36m[[0mmongo-db-seeder[36m][0m [32mDEBUG[0m id specified - insert: 4ff47f6a6bb41e469c0be672
[36m[[0mmongo-db-seeder[36m][0m [32mDEBUG[0m id specified - insert: 4ff47f6a6bb41e469c0be673
[36m[[0mmongo-db-seeder[36m][0m [32mDEBUG[0m id specified - insert: 4ff47f6a6bb41e469c0be673
[36m[[0mmongo-db-seeder[36m][0m [32mDEBUG[0m id specified - insert: 4ff47f6a6bb41e469c0be674
[36m[[0mmongo-db-seeder[36m][0m [32mDEBUG[0m id specified - insert: 4ff47f6a6bb41e469c0be674
[36m[[0mmongo-db-seeder[36m][0m [32mDEBUG[0m id specified - insert: 4ff47f6a6bb41e469c0be676
[36m[[0mmongo-db-seeder[36m][0m [32mDEBUG[0m id specified - insert: 4ff47f6a6bb41e469c0be676
[36m[[0mmongo-db-seeder[36m][0m [32mDEBUG[0m id specified - insert: 4ff47f6a6bb41e469c0be677
[36m[[0mmongo-db-seeder[36m][0m [32mDEBUG[0m id specified - insert: 4ff47f6a6bb41e469c0be677
[36m[[0mmongo-db-seeder[36m][0m [32mDEBUG[0m id specified - insert: 4ff47f6a6bb41e469c0be679
[36m[[0mmongo-db-seeder[36m][0m [32mDEBUG[0m id specified - insert: 4ff47f6a6bb41e469c0be679
[36m[[0mmongo-db-seeder[36m][0m [32mDEBUG[0m id specified - insert: 4ff47f6a6bb41e469c0be67a
[36m[[0mmongo-db-seeder[36m][0m [32mDEBUG[0m id specified - insert: 4ff47f6a6bb41e469c0be67a
[36m[[0mmongo-db-seeder[36m][0m [32mDEBUG[0m id specified - insert: 4ff47f6a6bb41e469c0be67b
[36m[[0mmongo-db-seeder[36m][0m [32mDEBUG[0m id specified - insert: 4ff47f6a6bb41e469c0be67b
[36m[[0mmongo-db-seeder[36m][0m [32mDEBUG[0m id specified - insert: 4ff47f6a6bb41e469c0be67c
[36m[[0mmongo-db-seeder[36m][0m [32mDEBUG[0m id specified - insert: 4ff47f6a6bb41e469c0be67c
[36m[[0mmongo-db-seeder[36m][0m [32mDEBUG[0m id specified - insert: 4ff47f6a6bb41e469c0be67d
[36m[[0mmongo-db-seeder[36m][0m [32mDEBUG[0m id specified - insert: 4ff47f6a6bb41e469c0be67d
[36m[[0mmongo-db-seeder[36m][0m [32mDEBUG[0m id specified - insert: 4ff47f6a6bb41e469c0be680
[36m[[0mmongo-db-seeder[36m][0m [32mDEBUG[0m id specified - insert: 4ff47f6a6bb41e469c0be680
[36m[[0mmongo-db-seeder[36m][0m [32mDEBUG[0m id specified - insert: 4ff47f6a6bb41e469c0be681
[36m[[0mmongo-db-seeder[36m][0m [32mDEBUG[0m id specified - insert: 4ff47f6a6bb41e469c0be681
[36m[[0mmongo-db-seeder[36m][0m [32mDEBUG[0m id specified - insert: 4ff47f6a6bb41e469c0be683
[36m[[0mmongo-db-seeder[36m][0m [32mDEBUG[0m id specified - insert: 4ff47f6a6bb41e469c0be683
[36m[[0mmongo-db-seeder[36m][0m [32mDEBUG[0m id specified - insert: 4ff47f6a6bb41e469c0be684
[36m[[0mmongo-db-seeder[36m][0m [32mDEBUG[0m id specified - insert: 4ff47f6a6bb41e469c0be684
[36m[[0mmongo-db-seeder[36m][0m [32mDEBUG[0m id specified - insert: 4ff47f6a6bb41e469c0be685
[36m[[0mmongo-db-seeder[36m][0m [32mDEBUG[0m id specified - insert: 4ff47f6a6bb41e469c0be685
[36m[[0mmongo-db-seeder[36m][0m [32mDEBUG[0m id specified - insert: 4ff47f6a6bb41e469c0be686
[36m[[0mmongo-db-seeder[36m][0m [32mDEBUG[0m id specified - insert: 4ff47f6a6bb41e469c0be686
[36m[[0mmongo-db-seeder[36m][0m [32mDEBUG[0m id specified - insert: 4ff47f6a6bb41e469c0be687
[36m[[0mmongo-db-seeder[36m][0m [32mDEBUG[0m id specified - insert: 4ff47f6a6bb41e469c0be687
[36m[[0mmongo-db-seeder[36m][0m [32mDEBUG[0m id specified - insert: 4ff47f6a6bb41e469c0be68a
[36m[[0mmongo-db-seeder[36m][0m [32mDEBUG[0m id specified - insert: 4ff47f6a6bb41e469c0be68a
[36m[[0mmongo-db-seeder[36m][0m [32mDEBUG[0m id specified - insert: 4ff47f6a6bb41e469c0be68b
[36m[[0mmongo-db-seeder[36m][0m [32mDEBUG[0m id specified - insert: 4ff47f6a6bb41e469c0be68b
[36m[[0mmongo-db-seeder[36m][0m [32mDEBUG[0m id specified - insert: 4ff47f6a6bb41e469c0be68d
[36m[[0mmongo-db-seeder[36m][0m [32mDEBUG[0m id specified - insert: 4ff47f6a6bb41e469c0be68d
[36m[[0mmongo-db-seeder[36m][0m [32mDEBUG[0m id specified - insert: 4ff47f6a6bb41e469c0be68e
[36m[[0mmongo-db-seeder[36m][0m [32mDEBUG[0m id specified - insert: 4ff47f6a6bb41e469c0be68e
[36m[[0mmongo-db-seeder[36m][0m [32mDEBUG[0m id specified - insert: 4ff47f6a6bb41e469c0be68f
[36m[[0mmongo-db-seeder[36m][0m [32mDEBUG[0m id specified - insert: 4ff47f6a6bb41e469c0be68f
[36m[[0mmongo-db-seeder[36m][0m [32mDEBUG[0m id specified - insert: 4ff47f6a6bb41e469c0be690
[36m[[0mmongo-db-seeder[36m][0m [32mDEBUG[0m id specified - insert: 4ff47f6a6bb41e469c0be690
[36m[[0mmongo-db-seeder[36m][0m [32mDEBUG[0m id specified - insert: 4ff47f6a6bb41e469c0be691
[36m[[0mmongo-db-seeder[36m][0m [32mDEBUG[0m id specified - insert: 4ff47f6a6bb41e469c0be691
[36m[[0mmongo-db-seeder[36m][0m [32mDEBUG[0m id specified - insert: 4ff47f6a6bb41e469c0be694
[36m[[0mmongo-db-seeder[36m][0m [32mDEBUG[0m id specified - insert: 4ff47f6a6bb41e469c0be694
[36m[[0mmongo-db-seeder[36m][0m [32mDEBUG[0m id specified - insert: 4ff47f6a6bb41e469c0be695
[36m[[0mmongo-db-seeder[36m][0m [32mDEBUG[0m id specified - insert: 4ff47f6a6bb41e469c0be695
[36m[[0mmongo-db-seeder[36m][0m [32mDEBUG[0m id specified - insert: 4ff47f6a6bb41e469c0be697
[36m[[0mmongo-db-seeder[36m][0m [32mDEBUG[0m id specified - insert: 4ff47f6a6bb41e469c0be697
[36m[[0mmongo-db-seeder[36m][0m [32mDEBUG[0m id specified - insert: 4ff47f6a6bb41e469c0be698
[36m[[0mmongo-db-seeder[36m][0m [32mDEBUG[0m id specified - insert: 4ff47f6a6bb41e469c0be698
[36m[[0mmongo-db-seeder[36m][0m [32mDEBUG[0m id specified - insert: 4ff47f6a6bb41e469c0be699
[36m[[0mmongo-db-seeder[36m][0m [32mDEBUG[0m id specified - insert: 4ff47f6a6bb41e469c0be699
[36m[[0mmongo-db-seeder[36m][0m [32mDEBUG[0m id specified - insert: 4ff47f6a6bb41e469c0be69a
[36m[[0mmongo-db-seeder[36m][0m [32mDEBUG[0m id specified - insert: 4ff47f6a6bb41e469c0be69a
[36m[[0mmongo-db-seeder[36m][0m [32mDEBUG[0m id specified - insert: 4ff47f6a6bb41e469c0be69b
[36m[[0mmongo-db-seeder[36m][0m [32mDEBUG[0m id specified - insert: 4ff47f6a6bb41e469c0be69b
[36m[[0mmongo-db-seeder[36m][0m [32mDEBUG[0m id specified - insert: 4ff47f6a6bb41e469c0be69d
[36m[[0mmongo-db-seeder[36m][0m [32mDEBUG[0m id specified - insert: 4ff47f6a6bb41e469c0be69d
[36m[[0mmongo-db-seeder[36m][0m [32mDEBUG[0m id specified - insert: 4ff47f6a6bb41e469c0be69e
[36m[[0mmongo-db-seeder[36m][0m [32mDEBUG[0m id specified - insert: 4ff47f6a6bb41e469c0be69e
[36m[[0mmongo-db-seeder[36m][0m [32mDEBUG[0m id specified - insert: 4ff47f6a6bb41e469c0be69f
[36m[[0mmongo-db-seeder[36m][0m [32mDEBUG[0m id specified - insert: 4ff47f6a6bb41e469c0be69f
[36m[[0mmongo-db-seeder[36m][0m [32mDEBUG[0m id specified - insert: 4ff47f6a6bb41e469c0be6a0
[36m[[0mmongo-db-seeder[36m][0m [32mDEBUG[0m id specified - insert: 4ff47f6a6bb41e469c0be6a0
[36m[[0mmongo-db-seeder[36m][0m [32mDEBUG[0m id specified - insert: 4ff47f6a6bb41e469c0be6a1
[36m[[0mmongo-db-seeder[36m][0m [32mDEBUG[0m id specified - insert: 4ff47f6a6bb41e469c0be6a1
[36m[[0mmongo-db-seeder[36m][0m [32mDEBUG[0m id specified - insert: 4ff47f6a6bb41e469c0be6a2
[36m[[0mmongo-db-seeder[36m][0m [32mDEBUG[0m id specified - insert: 4ff47f6a6bb41e469c0be6a2
[36m[[0mmongo-db-seeder[36m][0m [32mDEBUG[0m id specified - insert: 4ff47f6a6bb41e469c0be6a3
[36m[[0mmongo-db-seeder[36m][0m [32mDEBUG[0m id specified - insert: 4ff47f6a6bb41e469c0be6a3
[36m[[0mmongo-db-seeder[36m][0m [32mDEBUG[0m id specified - insert: 4ff47f6a6bb41e469c0be6a4
[36m[[0mmongo-db-seeder[36m][0m [32mDEBUG[0m id specified - insert: 4ff47f6a6bb41e469c0be6a4
[36m[[0mmongo-db-seeder[36m][0m [32mDEBUG[0m id specified - insert: 4ff47f6a6bb41e469c0be6a5
[36m[[0mmongo-db-seeder[36m][0m [32mDEBUG[0m id specified - insert: 4ff47f6a6bb41e469c0be6a5
[36m[[0mmongo-db-seeder[36m][0m [32mDEBUG[0m id specified - insert: 4ff47f6a6bb41e469c0be6a6
[36m[[0mmongo-db-seeder[36m][0m [32mDEBUG[0m id specified - insert: 4ff47f6a6bb41e469c0be6a6
[36m[[0mmongo-db-seeder[36m][0m [32mDEBUG[0m id specified - insert: 4ff47f6a6bb41e469c0be6a7
[36m[[0mmongo-db-seeder[36m][0m [32mDEBUG[0m id specified - insert: 4ff47f6a6bb41e469c0be6a7
[36m[[0mmongo-db-seeder[36m][0m [32mDEBUG[0m id specified - insert: 4ff47f6a6bb41e469c0be6a8
[36m[[0mmongo-db-seeder[36m][0m [32mDEBUG[0m id specified - insert: 4ff47f6a6bb41e469c0be6a8
[36m[[0mmongo-db-seeder[36m][0m [32mDEBUG[0m id specified - insert: 4ff47f6a6bb41e469c0be6aa
[36m[[0mmongo-db-seeder[36m][0m [32mDEBUG[0m id specified - insert: 4ff47f6a6bb41e469c0be6aa
[36m[[0mmongo-db-seeder[36m][0m [32mDEBUG[0m id specified - insert: 4ff47f6a6bb41e469c0be6ab
[36m[[0mmongo-db-seeder[36m][0m [32mDEBUG[0m id specified - insert: 4ff47f6a6bb41e469c0be6ab
[36m[[0mmongo-db-seeder[36m][0m [32mDEBUG[0m id specified - insert: 4ff47f6a6bb41e469c0be6ac
[36m[[0mmongo-db-seeder[36m][0m [32mDEBUG[0m id specified - insert: 4ff47f6a6bb41e469c0be6ac
[36m[[0mmongo-db-seeder[36m][0m [32mDEBUG[0m id specified - insert: 4ff47f6a6bb41e469c0be6ad
[36m[[0mmongo-db-seeder[36m][0m [32mDEBUG[0m id specified - insert: 4ff47f6a6bb41e469c0be6ad
[36m[[0mmongo-db-seeder[36m][0m [32mDEBUG[0m id specified - insert: 4ff47f6a6bb41e469c0be6af
[36m[[0mmongo-db-seeder[36m][0m [32mDEBUG[0m id specified - insert: 4ff47f6a6bb41e469c0be6af
[36m[[0mmongo-db-seeder[36m][0m [32mDEBUG[0m id specified - insert: 4ff47f6a6bb41e469c0be6b1
[36m[[0mmongo-db-seeder[36m][0m [32mDEBUG[0m id specified - insert: 4ff47f6a6bb41e469c0be6b1
[36m[[0mmongo-db-seeder[36m][0m [32mDEBUG[0m id specified - insert: 4ff47f6a6bb41e469c0be6b2
[36m[[0mmongo-db-seeder[36m][0m [32mDEBUG[0m id specified - insert: 4ff47f6a6bb41e469c0be6b2
[36m[[0mmongo-db-seeder[36m][0m [32mDEBUG[0m id specified - insert: 4ff47f6a6bb41e469c0be6b3
[36m[[0mmongo-db-seeder[36m][0m [32mDEBUG[0m id specified - insert: 4ff47f6a6bb41e469c0be6b3
[36m[[0mmongo-db-seeder[36m][0m [32mDEBUG[0m id specified - insert: 4ff47f6a6bb41e469c0be6b4
[36m[[0mmongo-db-seeder[36m][0m [32mDEBUG[0m id specified - insert: 4ff47f6a6bb41e469c0be6b4
[36m[[0mmongo-db-seeder[36m][0m [32mDEBUG[0m id specified - insert: 4ff47f6a6bb41e469c0be6b6
[36m[[0mmongo-db-seeder[36m][0m [32mDEBUG[0m id specified - insert: 4ff47f6a6bb41e469c0be6b6
[36m[[0mmongo-db-seeder[36m][0m [32mDEBUG[0m id specified - insert: 4ff47f6a6bb41e469c0be6b7
[36m[[0mmongo-db-seeder[36m][0m [32mDEBUG[0m id specified - insert: 4ff47f6a6bb41e469c0be6b7
[36m[[0mmongo-db-seeder[36m][0m [32mDEBUG[0m id specified - insert: 4ff47f6a6bb41e469c0be6b8
[36m[[0mmongo-db-seeder[36m][0m [32mDEBUG[0m id specified - insert: 4ff47f6a6bb41e469c0be6b8
[36m[[0mmongo-db-seeder[36m][0m [32mDEBUG[0m id specified - insert: 4ff47f6a6bb41e469c0be6b9
[36m[[0mmongo-db-seeder[36m][0m [32mDEBUG[0m id specified - insert: 4ff47f6a6bb41e469c0be6b9
[36m[[0mmongo-db-seeder[36m][0m [32mDEBUG[0m id specified - insert: 4ff47f6a6bb41e469c0be6ba
[36m[[0mmongo-db-seeder[36m][0m [32mDEBUG[0m id specified - insert: 4ff47f6a6bb41e469c0be6ba
[36m[[0mmongo-db-seeder[36m][0m [32mDEBUG[0m id specified - insert: 4ff47f6a6bb41e469c0be6bb
[36m[[0mmongo-db-seeder[36m][0m [32mDEBUG[0m id specified - insert: 4ff47f6a6bb41e469c0be6bb
[36m[[0mmongo-db-seeder[36m][0m [32mDEBUG[0m id specified - insert: 4ff47f6a6bb41e469c0be6bc
[36m[[0mmongo-db-seeder[36m][0m [32mDEBUG[0m id specified - insert: 4ff47f6a6bb41e469c0be6bc
[36m[[0mmongo-db-seeder[36m][0m [32mDEBUG[0m id specified - insert: 4ff47f6a6bb41e469c0be6bd
[36m[[0mmongo-db-seeder[36m][0m [32mDEBUG[0m id specified - insert: 4ff47f6a6bb41e469c0be6bd
[36m[[0mmongo-db-seeder[36m][0m [32mDEBUG[0m id specified - insert: 4ff47f6a6bb41e469c0be6c0
[36m[[0mmongo-db-seeder[36m][0m [32mDEBUG[0m id specified - insert: 4ff47f6a6bb41e469c0be6c0
[36m[[0mmongo-db-seeder[36m][0m [32mDEBUG[0m id specified - insert: 4ff47f6a6bb41e469c0be6c2
[36m[[0mmongo-db-seeder[36m][0m [32mDEBUG[0m id specified - insert: 4ff47f6a6bb41e469c0be6c2
[36m[[0mmongo-db-seeder[36m][0m [32mDEBUG[0m id specified - insert: 4ff47f6a6bb41e469c0be6c3
[36m[[0mmongo-db-seeder[36m][0m [32mDEBUG[0m id specified - insert: 4ff47f6a6bb41e469c0be6c3
[36m[[0mmongo-db-seeder[36m][0m [32mDEBUG[0m id specified - insert: 4ff47f6a6bb41e469c0be6c4
[36m[[0mmongo-db-seeder[36m][0m [32mDEBUG[0m id specified - insert: 4ff47f6a6bb41e469c0be6c4
[36m[[0mmongo-db-seeder[36m][0m [32mDEBUG[0m id specified - insert: 4ff47f6a6bb41e469c0be6c5
[36m[[0mmongo-db-seeder[36m][0m [32mDEBUG[0m id specified - insert: 4ff47f6a6bb41e469c0be6c5
[36m[[0mmongo-db-seeder[36m][0m [32mDEBUG[0m id specified - insert: 4ff47f6a6bb41e469c0be6c6
[36m[[0mmongo-db-seeder[36m][0m [32mDEBUG[0m id specified - insert: 4ff47f6a6bb41e469c0be6c6
[36m[[0mmongo-db-seeder[36m][0m [32mDEBUG[0m id specified - insert: 4ff47f6a6bb41e469c0be6cd
[36m[[0mmongo-db-seeder[36m][0m [32mDEBUG[0m id specified - insert: 4ff47f6a6bb41e469c0be6cd
[36m[[0mmongo-db-seeder[36m][0m [32mDEBUG[0m id specified - insert: 4ff47f6a6bb41e469c0be6ce
[36m[[0mmongo-db-seeder[36m][0m [32mDEBUG[0m id specified - insert: 4ff47f6a6bb41e469c0be6ce
[36m[[0mmongo-db-seeder[36m][0m [32mDEBUG[0m id specified - insert: 4ff47f6a6bb41e469c0be6cf
[36m[[0mmongo-db-seeder[36m][0m [32mDEBUG[0m id specified - insert: 4ff47f6a6bb41e469c0be6cf
[36m[[0mmongo-db-seeder[36m][0m [32mDEBUG[0m id specified - insert: 4ff47f6a6bb41e469c0be6d0
[36m[[0mmongo-db-seeder[36m][0m [32mDEBUG[0m id specified - insert: 4ff47f6a6bb41e469c0be6d6
[36m[[0mmongo-db-seeder[36m][0m [32mDEBUG[0m [33mWarning: [0m document with this id already exists: 4ff47f6a6bb41e469c0be6d0 collection: ccstandards
[36m[[0mmongo-db-seeder[36m][0m [32mDEBUG[0m id specified - insert: 4ff47f6a6bb41e469c0be6e2
[36m[[0mmongo-db-seeder[36m][0m [32mDEBUG[0m [33mWarning: [0m document with this id already exists: 4ff47f6a6bb41e469c0be6d6 collection: ccstandards
[36m[[0mmongo-db-seeder[36m][0m [32mDEBUG[0m id specified - insert: 4ff47f6a6bb41e469c0be6e3
[36m[[0mmongo-db-seeder[36m][0m [32mDEBUG[0m [33mWarning: [0m document with this id already exists: 4ff47f6a6bb41e469c0be6e2 collection: ccstandards
[36m[[0mmongo-db-seeder[36m][0m [32mDEBUG[0m id specified - insert: 4ff47f6a6bb41e469c0be6e5
[36m[[0mmongo-db-seeder[36m][0m [32mDEBUG[0m [33mWarning: [0m document with this id already exists: 4ff47f6a6bb41e469c0be6e3 collection: ccstandards
[36m[[0mmongo-db-seeder[36m][0m [32mDEBUG[0m id specified - insert: 4ff47f6a6bb41e469c0be6e6
[36m[[0mmongo-db-seeder[36m][0m [32mDEBUG[0m [33mWarning: [0m document with this id already exists: 4ff47f6a6bb41e469c0be6e5 collection: ccstandards
[36m[[0mmongo-db-seeder[36m][0m [32mDEBUG[0m id specified - insert: 4ff47f6a6bb41e469c0be6e7
[36m[[0mmongo-db-seeder[36m][0m [32mDEBUG[0m [33mWarning: [0m document with this id already exists: 4ff47f6a6bb41e469c0be6e6 collection: ccstandards
[36m[[0mmongo-db-seeder[36m][0m [32mDEBUG[0m id specified - insert: 4ff47f6a6bb41e469c0be6e8
[36m[[0mmongo-db-seeder[36m][0m [32mDEBUG[0m [33mWarning: [0m document with this id already exists: 4ff47f6a6bb41e469c0be6e7 collection: ccstandards
[36m[[0mmongo-db-seeder[36m][0m [32mDEBUG[0m id specified - insert: 4ff47f6a6bb41e469c0be6eb
[36m[[0mmongo-db-seeder[36m][0m [32mDEBUG[0m [33mWarning: [0m document with this id already exists: 4ff47f6a6bb41e469c0be6e8 collection: ccstandards
[36m[[0mmongo-db-seeder[36m][0m [32mDEBUG[0m id specified - insert: 4ff47f6a6bb41e469c0be6ec
[36m[[0mmongo-db-seeder[36m][0m [32mDEBUG[0m [33mWarning: [0m document with this id already exists: 4ff47f6a6bb41e469c0be6eb collection: ccstandards
[36m[[0mmongo-db-seeder[36m][0m [32mDEBUG[0m id specified - insert: 4ff47f6a6bb41e469c0be6ed
[36m[[0mmongo-db-seeder[36m][0m [32mDEBUG[0m [33mWarning: [0m document with this id already exists: 4ff47f6a6bb41e469c0be6ec collection: ccstandards
[36m[[0mmongo-db-seeder[36m][0m [32mDEBUG[0m id specified - insert: 4ff47f6a6bb41e469c0be6ef
[36m[[0mmongo-db-seeder[36m][0m [32mDEBUG[0m [33mWarning: [0m document with this id already exists: 4ff47f6a6bb41e469c0be6ed collection: ccstandards
[36m[[0mmongo-db-seeder[36m][0m [32mDEBUG[0m id specified - insert: 4ff47f6a6bb41e469c0be6f0
[36m[[0mmongo-db-seeder[36m][0m [32mDEBUG[0m [33mWarning: [0m document with this id already exists: 4ff47f6a6bb41e469c0be6ef collection: ccstandards
[36m[[0mmongo-db-seeder[36m][0m [32mDEBUG[0m id specified - insert: 4ff47f6a6bb41e469c0be6f6
[36m[[0mmongo-db-seeder[36m][0m [32mDEBUG[0m [33mWarning: [0m document with this id already exists: 4ff47f6a6bb41e469c0be6f0 collection: ccstandards
[36m[[0mmongo-db-seeder[36m][0m [32mDEBUG[0m id specified - insert: 4ff47f6a6bb41e469c0be6f7
[36m[[0mmongo-db-seeder[36m][0m [32mDEBUG[0m [33mWarning: [0m document with this id already exists: 4ff47f6a6bb41e469c0be6f6 collection: ccstandards
[36m[[0mmongo-db-seeder[36m][0m [32mDEBUG[0m id specified - insert: 4ff47f6a6bb41e469c0be6f9
[36m[[0mmongo-db-seeder[36m][0m [32mDEBUG[0m [33mWarning: [0m document with this id already exists: 4ff47f6a6bb41e469c0be6f7 collection: ccstandards
[36m[[0mmongo-db-seeder[36m][0m [32mDEBUG[0m id specified - insert: 4ff47f6a6bb41e469c0be6fb
[36m[[0mmongo-db-seeder[36m][0m [32mDEBUG[0m [33mWarning: [0m document with this id already exists: 4ff47f6a6bb41e469c0be6f9 collection: ccstandards
[36m[[0mmongo-db-seeder[36m][0m [32mDEBUG[0m id specified - insert: 4ff47f6a6bb41e469c0be6fc
[36m[[0mmongo-db-seeder[36m][0m [32mDEBUG[0m [33mWarning: [0m document with this id already exists: 4ff47f6a6bb41e469c0be6fb collection: ccstandards
[36m[[0mmongo-db-seeder[36m][0m [32mDEBUG[0m id specified - insert: 4ff47f6a6bb41e469c0be6ff
[36m[[0mmongo-db-seeder[36m][0m [32mDEBUG[0m [33mWarning: [0m document with this id already exists: 4ff47f6a6bb41e469c0be6fc collection: ccstandards
[36m[[0mmongo-db-seeder[36m][0m [32mDEBUG[0m [33mWarning: [0m document with this id already exists: 4ff47f6a6bb41e469c0be6ff collection: ccstandards
[36m[[0mmongo-db-seeder[36m][0m [32mDEBUG[0m id specified - insert: 4ff47f6a6bb41e469c0be700
[36m[[0mmongo-db-seeder[36m][0m [32mDEBUG[0m id specified - insert: 4ff47f6a6bb41e469c0be700
[36m[[0mmongo-db-seeder[36m][0m [32mDEBUG[0m id specified - insert: 4ff47f6a6bb41e469c0be701
[36m[[0mmongo-db-seeder[36m][0m [32mDEBUG[0m id specified - insert: 4ff47f6a6bb41e469c0be701
[36m[[0mmongo-db-seeder[36m][0m [32mDEBUG[0m id specified - insert: 4ff47f6a6bb41e469c0be703
[36m[[0mmongo-db-seeder[36m][0m [32mDEBUG[0m id specified - insert: 4ff47f6a6bb41e469c0be703
[36m[[0mmongo-db-seeder[36m][0m [32mDEBUG[0m id specified - insert: 4ff47f6a6bb41e469c0be704
[36m[[0mmongo-db-seeder[36m][0m [32mDEBUG[0m id specified - insert: 4ff47f6a6bb41e469c0be704
[36m[[0mmongo-db-seeder[36m][0m [32mDEBUG[0m id specified - insert: 4ff47f6a6bb41e469c0be705
[36m[[0mmongo-db-seeder[36m][0m [32mDEBUG[0m id specified - insert: 4ff47f6a6bb41e469c0be705
[36m[[0mmongo-db-seeder[36m][0m [32mDEBUG[0m id specified - insert: 4ff47f6a6bb41e469c0be706
[36m[[0mmongo-db-seeder[36m][0m [32mDEBUG[0m id specified - insert: 4ff47f6a6bb41e469c0be709
[36m[[0mmongo-db-seeder[36m][0m [32mDEBUG[0m [33mWarning: [0m document with this id already exists: 4ff47f6a6bb41e469c0be706 collection: ccstandards
[36m[[0mmongo-db-seeder[36m][0m [32mDEBUG[0m id specified - insert: 4ff47f6a6bb41e469c0be70a
[36m[[0mmongo-db-seeder[36m][0m [32mDEBUG[0m [33mWarning: [0m document with this id already exists: 4ff47f6a6bb41e469c0be709 collection: ccstandards
[36m[[0mmongo-db-seeder[36m][0m [32mDEBUG[0m id specified - insert: 4ff47f6a6bb41e469c0be70b
[36m[[0mmongo-db-seeder[36m][0m [32mDEBUG[0m [33mWarning: [0m document with this id already exists: 4ff47f6a6bb41e469c0be70a collection: ccstandards
[36m[[0mmongo-db-seeder[36m][0m [32mDEBUG[0m id specified - insert: 4ff47f6a6bb41e469c0be70c
[36m[[0mmongo-db-seeder[36m][0m [32mDEBUG[0m id specified - insert: 4ff47f6a6bb41e469c0be70d
[36m[[0mmongo-db-seeder[36m][0m [32mDEBUG[0m id specified - insert: 4ff47f6a6bb41e469c0be70f
[36m[[0mmongo-db-seeder[36m][0m [32mDEBUG[0m [33mWarning: [0m document with this id already exists: 4ff47f6a6bb41e469c0be70b collection: ccstandards
[36m[[0mmongo-db-seeder[36m][0m [32mDEBUG[0m id specified - insert: 4ff47f6a6bb41e469c0be710
[36m[[0mmongo-db-seeder[36m][0m [32mDEBUG[0m id specified - insert: 4ff47f6a6bb41e469c0be711
[36m[[0mmongo-db-seeder[36m][0m [32mDEBUG[0m [33mWarning: [0m document with this id already exists: 4ff47f6a6bb41e469c0be70c collection: ccstandards
[36m[[0mmongo-db-seeder[36m][0m [32mDEBUG[0m id specified - insert: 4ff47f6a6bb41e469c0be712
[36m[[0mmongo-db-seeder[36m][0m [32mDEBUG[0m [33mWarning: [0m document with this id already exists: 4ff47f6a6bb41e469c0be70d collection: ccstandards
[36m[[0mmongo-db-seeder[36m][0m [32mDEBUG[0m id specified - insert: 4ff47f6a6bb41e469c0be713
[36m[[0mmongo-db-seeder[36m][0m [32mDEBUG[0m [33mWarning: [0m document with this id already exists: 4ff47f6a6bb41e469c0be70f collection: ccstandards
[36m[[0mmongo-db-seeder[36m][0m [32mDEBUG[0m id specified - insert: 4ff47f6a6bb41e469c0be714
[36m[[0mmongo-db-seeder[36m][0m [32mDEBUG[0m [33mWarning: [0m document with this id already exists: 4ff47f6a6bb41e469c0be710 collection: ccstandards
[36m[[0mmongo-db-seeder[36m][0m [32mDEBUG[0m id specified - insert: 4ff47f6a6bb41e469c0be715
[36m[[0mmongo-db-seeder[36m][0m [32mDEBUG[0m [33mWarning: [0m document with this id already exists: 4ff47f6a6bb41e469c0be711 collection: ccstandards
[36m[[0mmongo-db-seeder[36m][0m [32mDEBUG[0m id specified - insert: 4ff47f6a6bb41e469c0be717
[36m[[0mmongo-db-seeder[36m][0m [32mDEBUG[0m [33mWarning: [0m document with this id already exists: 4ff47f6a6bb41e469c0be712 collection: ccstandards
[36m[[0mmongo-db-seeder[36m][0m [32mDEBUG[0m id specified - insert: 4ff47f6a6bb41e469c0be719
[36m[[0mmongo-db-seeder[36m][0m [32mDEBUG[0m [33mWarning: [0m document with this id already exists: 4ff47f6a6bb41e469c0be713 collection: ccstandards
[36m[[0mmongo-db-seeder[36m][0m [32mDEBUG[0m [33mWarning: [0m document with this id already exists: 4ff47f6a6bb41e469c0be714 collection: ccstandards
[36m[[0mmongo-db-seeder[36m][0m [32mDEBUG[0m id specified - insert: 4ff47f6a6bb41e469c0be71b
[36m[[0mmongo-db-seeder[36m][0m [32mDEBUG[0m [33mWarning: [0m document with this id already exists: 4ff47f6a6bb41e469c0be715 collection: ccstandards
[36m[[0mmongo-db-seeder[36m][0m [32mDEBUG[0m [33mWarning: [0m document with this id already exists: 4ff47f6a6bb41e469c0be717 collection: ccstandards
[36m[[0mmongo-db-seeder[36m][0m [32mDEBUG[0m id specified - insert: 4ff47f6a6bb41e469c0be71c
[36m[[0mmongo-db-seeder[36m][0m [32mDEBUG[0m [33mWarning: [0m document with this id already exists: 4ff47f6a6bb41e469c0be719 collection: ccstandards
[36m[[0mmongo-db-seeder[36m][0m [32mDEBUG[0m id specified - insert: 4ff47f6a6bb41e469c0be71d
[36m[[0mmongo-db-seeder[36m][0m [32mDEBUG[0m [33mWarning: [0m document with this id already exists: 4ff47f6a6bb41e469c0be71b collection: ccstandards
[36m[[0mmongo-db-seeder[36m][0m [32mDEBUG[0m id specified - insert: 4ff47f6a6bb41e469c0be71f
[36m[[0mmongo-db-seeder[36m][0m [32mDEBUG[0m [33mWarning: [0m document with this id already exists: 4ff47f6a6bb41e469c0be71c collection: ccstandards
[36m[[0mmongo-db-seeder[36m][0m [32mDEBUG[0m id specified - insert: 4ff47f6a6bb41e469c0be721
[36m[[0mmongo-db-seeder[36m][0m [32mDEBUG[0m [33mWarning: [0m document with this id already exists: 4ff47f6a6bb41e469c0be71d collection: ccstandards
[36m[[0mmongo-db-seeder[36m][0m [32mDEBUG[0m [33mWarning: [0m document with this id already exists: 4ff47f6a6bb41e469c0be71f collection: ccstandards
[36m[[0mmongo-db-seeder[36m][0m [32mDEBUG[0m id specified - insert: 4ff47f6a6bb41e469c0be722
[36m[[0mmongo-db-seeder[36m][0m [32mDEBUG[0m [33mWarning: [0m document with this id already exists: 4ff47f6a6bb41e469c0be721 collection: ccstandards
[36m[[0mmongo-db-seeder[36m][0m [32mDEBUG[0m id specified - insert: 4ff47f6a6bb41e469c0be723
[36m[[0mmongo-db-seeder[36m][0m [32mDEBUG[0m [33mWarning: [0m document with this id already exists: 4ff47f6a6bb41e469c0be722 collection: ccstandards
[36m[[0mmongo-db-seeder[36m][0m [32mDEBUG[0m id specified - insert: 4ff47f6a6bb41e469c0be724
[36m[[0mmongo-db-seeder[36m][0m [32mDEBUG[0m [33mWarning: [0m document with this id already exists: 4ff47f6a6bb41e469c0be723 collection: ccstandards
[36m[[0mmongo-db-seeder[36m][0m [32mDEBUG[0m id specified - insert: 4ff47f6a6bb41e469c0be725
[36m[[0mmongo-db-seeder[36m][0m [32mDEBUG[0m [33mWarning: [0m document with this id already exists: 4ff47f6a6bb41e469c0be724 collection: ccstandards
[36m[[0mmongo-db-seeder[36m][0m [32mDEBUG[0m id specified - insert: 4ff47f6a6bb41e469c0be728
[36m[[0mmongo-db-seeder[36m][0m [32mDEBUG[0m [33mWarning: [0m document with this id already exists: 4ff47f6a6bb41e469c0be725 collection: ccstandards
[36m[[0mmongo-db-seeder[36m][0m [32mDEBUG[0m id specified - insert: 4ff47f6a6bb41e469c0be729
[36m[[0mmongo-db-seeder[36m][0m [32mDEBUG[0m [33mWarning: [0m document with this id already exists: 4ff47f6a6bb41e469c0be728 collection: ccstandards
[36m[[0mmongo-db-seeder[36m][0m [32mDEBUG[0m id specified - insert: 4ff47f6a6bb41e469c0be72a
[36m[[0mmongo-db-seeder[36m][0m [32mDEBUG[0m id specified - insert: 4ff47f6a6bb41e469c0be72b
[36m[[0mmongo-db-seeder[36m][0m [32mDEBUG[0m id specified - insert: 4ff47f6a6bb41e469c0be731
[36m[[0mmongo-db-seeder[36m][0m [32mDEBUG[0m id specified - insert: 4ff47f6b6bb41e469c0be735
[36m[[0mmongo-db-seeder[36m][0m [32mDEBUG[0m id specified - insert: 4ff47f6b6bb41e469c0be737
[36m[[0mmongo-db-seeder[36m][0m [32mDEBUG[0m id specified - insert: 4ff47f6b6bb41e469c0be738
[36m[[0mmongo-db-seeder[36m][0m [32mDEBUG[0m [33mWarning: [0m document with this id already exists: 4ff47f6a6bb41e469c0be729 collection: ccstandards
[36m[[0mmongo-db-seeder[36m][0m [32mDEBUG[0m id specified - insert: 4ff47f6b6bb41e469c0be73c
[36m[[0mmongo-db-seeder[36m][0m [32mDEBUG[0m [33mWarning: [0m document with this id already exists: 4ff47f6a6bb41e469c0be72a collection: ccstandards
[36m[[0mmongo-db-seeder[36m][0m [32mDEBUG[0m id specified - insert: 4ff47f6b6bb41e469c0be73d
[36m[[0mmongo-db-seeder[36m][0m [32mDEBUG[0m [33mWarning: [0m document with this id already exists: 4ff47f6a6bb41e469c0be72b collection: ccstandards
[36m[[0mmongo-db-seeder[36m][0m [32mDEBUG[0m [33mWarning: [0m document with this id already exists: 4ff47f6a6bb41e469c0be731 collection: ccstandards
[36m[[0mmongo-db-seeder[36m][0m [32mDEBUG[0m [33mWarning: [0m document with this id already exists: 4ff47f6b6bb41e469c0be735 collection: ccstandards
[36m[[0mmongo-db-seeder[36m][0m [32mDEBUG[0m id specified - insert: 4ff47f6b6bb41e469c0be741
[36m[[0mmongo-db-seeder[36m][0m [32mDEBUG[0m [33mWarning: [0m document with this id already exists: 4ff47f6b6bb41e469c0be737 collection: ccstandards
[36m[[0mmongo-db-seeder[36m][0m [32mDEBUG[0m id specified - insert: 4ff47f6b6bb41e469c0be742
[36m[[0mmongo-db-seeder[36m][0m [32mDEBUG[0m [33mWarning: [0m document with this id already exists: 4ff47f6b6bb41e469c0be738 collection: ccstandards
[36m[[0mmongo-db-seeder[36m][0m [32mDEBUG[0m id specified - insert: 4ff47f6b6bb41e469c0be743
[36m[[0mmongo-db-seeder[36m][0m [32mDEBUG[0m [33mWarning: [0m document with this id already exists: 4ff47f6b6bb41e469c0be73c collection: ccstandards
[36m[[0mmongo-db-seeder[36m][0m [32mDEBUG[0m id specified - insert: 4ff47f6b6bb41e469c0be744
[36m[[0mmongo-db-seeder[36m][0m [32mDEBUG[0m id specified - insert: 4ff47f6b6bb41e469c0be74a
[36m[[0mmongo-db-seeder[36m][0m [32mDEBUG[0m [33mWarning: [0m document with this id already exists: 4ff47f6b6bb41e469c0be73d collection: ccstandards
[36m[[0mmongo-db-seeder[36m][0m [32mDEBUG[0m [33mWarning: [0m document with this id already exists: 4ff47f6b6bb41e469c0be741 collection: ccstandards
[36m[[0mmongo-db-seeder[36m][0m [32mDEBUG[0m id specified - insert: 4ff47f6b6bb41e469c0be74b
[36m[[0mmongo-db-seeder[36m][0m [32mDEBUG[0m id specified - insert: 4ff47f6b6bb41e469c0be74c
[36m[[0mmongo-db-seeder[36m][0m [32mDEBUG[0m [33mWarning: [0m document with this id already exists: 4ff47f6b6bb41e469c0be742 collection: ccstandards
[36m[[0mmongo-db-seeder[36m][0m [32mDEBUG[0m id specified - insert: 4ff47f6b6bb41e469c0be74d
[36m[[0mmongo-db-seeder[36m][0m [32mDEBUG[0m [33mWarning: [0m document with this id already exists: 4ff47f6b6bb41e469c0be743 collection: ccstandards
[36m[[0mmongo-db-seeder[36m][0m [32mDEBUG[0m [33mWarning: [0m document with this id already exists: 4ff47f6b6bb41e469c0be744 collection: ccstandards
[36m[[0mmongo-db-seeder[36m][0m [32mDEBUG[0m id specified - insert: 4ff47f6b6bb41e469c0be74e
[36m[[0mmongo-db-seeder[36m][0m [32mDEBUG[0m [33mWarning: [0m document with this id already exists: 4ff47f6b6bb41e469c0be74a collection: ccstandards
[36m[[0mmongo-db-seeder[36m][0m [32mDEBUG[0m id specified - insert: 4ff47f6b6bb41e469c0be750
[36m[[0mmongo-db-seeder[36m][0m [32mDEBUG[0m id specified - insert: 4ff47f6b6bb41e469c0be752
[36m[[0mmongo-db-seeder[36m][0m [32mDEBUG[0m [33mWarning: [0m document with this id already exists: 4ff47f6b6bb41e469c0be74b collection: ccstandards
[36m[[0mmongo-db-seeder[36m][0m [32mDEBUG[0m id specified - insert: 4ff47f6b6bb41e469c0be753
[36m[[0mmongo-db-seeder[36m][0m [32mDEBUG[0m [33mWarning: [0m document with this id already exists: 4ff47f6b6bb41e469c0be74c collection: ccstandards
[36m[[0mmongo-db-seeder[36m][0m [32mDEBUG[0m id specified - insert: 4ff47f6b6bb41e469c0be754
[36m[[0mmongo-db-seeder[36m][0m [32mDEBUG[0m id specified - insert: 4ff47f6b6bb41e469c0be755
[36m[[0mmongo-db-seeder[36m][0m [32mDEBUG[0m [33mWarning: [0m document with this id already exists: 4ff47f6b6bb41e469c0be74d collection: ccstandards
[36m[[0mmongo-db-seeder[36m][0m [32mDEBUG[0m id specified - insert: 4ff47f6b6bb41e469c0be756
[36m[[0mmongo-db-seeder[36m][0m [32mDEBUG[0m [33mWarning: [0m document with this id already exists: 4ff47f6b6bb41e469c0be74e collection: ccstandards
[36m[[0mmongo-db-seeder[36m][0m [32mDEBUG[0m id specified - insert: 4ff47f6b6bb41e469c0be757
[36m[[0mmongo-db-seeder[36m][0m [32mDEBUG[0m [33mWarning: [0m document with this id already exists: 4ff47f6b6bb41e469c0be750 collection: ccstandards
[36m[[0mmongo-db-seeder[36m][0m [32mDEBUG[0m id specified - insert: 4ff47f6b6bb41e469c0be759
[36m[[0mmongo-db-seeder[36m][0m [32mDEBUG[0m [33mWarning: [0m document with this id already exists: 4ff47f6b6bb41e469c0be752 collection: ccstandards
[36m[[0mmongo-db-seeder[36m][0m [32mDEBUG[0m [33mWarning: [0m document with this id already exists: 4ff47f6b6bb41e469c0be753 collection: ccstandards
[36m[[0mmongo-db-seeder[36m][0m [32mDEBUG[0m id specified - insert: 4ff47f6b6bb41e469c0be75b
[36m[[0mmongo-db-seeder[36m][0m [32mDEBUG[0m [33mWarning: [0m document with this id already exists: 4ff47f6b6bb41e469c0be754 collection: ccstandards
[36m[[0mmongo-db-seeder[36m][0m [32mDEBUG[0m id specified - insert: 4ff47f6b6bb41e469c0be75c
[36m[[0mmongo-db-seeder[36m][0m [32mDEBUG[0m [33mWarning: [0m document with this id already exists: 4ff47f6b6bb41e469c0be755 collection: ccstandards
[36m[[0mmongo-db-seeder[36m][0m [32mDEBUG[0m id specified - insert: 4ff47f6b6bb41e469c0be75d
[36m[[0mmongo-db-seeder[36m][0m [32mDEBUG[0m [33mWarning: [0m document with this id already exists: 4ff47f6b6bb41e469c0be756 collection: ccstandards
[36m[[0mmongo-db-seeder[36m][0m [32mDEBUG[0m id specified - insert: 4ff47f6b6bb41e469c0be75e
[36m[[0mmongo-db-seeder[36m][0m [32mDEBUG[0m id specified - insert: 4ff47f6b6bb41e469c0be75f
[36m[[0mmongo-db-seeder[36m][0m [32mDEBUG[0m [33mWarning: [0m document with this id already exists: 4ff47f6b6bb41e469c0be757 collection: ccstandards
[36m[[0mmongo-db-seeder[36m][0m [32mDEBUG[0m id specified - insert: 4ff47f6b6bb41e469c0be760
[36m[[0mmongo-db-seeder[36m][0m [32mDEBUG[0m [33mWarning: [0m document with this id already exists: 4ff47f6b6bb41e469c0be759 collection: ccstandards
[36m[[0mmongo-db-seeder[36m][0m [32mDEBUG[0m id specified - insert: 4ff47f6b6bb41e469c0be762
[36m[[0mmongo-db-seeder[36m][0m [32mDEBUG[0m [33mWarning: [0m document with this id already exists: 4ff47f6b6bb41e469c0be75b collection: ccstandards
[36m[[0mmongo-db-seeder[36m][0m [32mDEBUG[0m id specified - insert: 4ff47f6b6bb41e469c0be764
[36m[[0mmongo-db-seeder[36m][0m [32mDEBUG[0m [33mWarning: [0m document with this id already exists: 4ff47f6b6bb41e469c0be75c collection: ccstandards
[36m[[0mmongo-db-seeder[36m][0m [32mDEBUG[0m id specified - insert: 4ff47f6b6bb41e469c0be765
[36m[[0mmongo-db-seeder[36m][0m [32mDEBUG[0m [33mWarning: [0m document with this id already exists: 4ff47f6b6bb41e469c0be75d collection: ccstandards
[36m[[0mmongo-db-seeder[36m][0m [32mDEBUG[0m id specified - insert: 4ff47f6b6bb41e469c0be766
[36m[[0mmongo-db-seeder[36m][0m [32mDEBUG[0m [33mWarning: [0m document with this id already exists: 4ff47f6b6bb41e469c0be75e collection: ccstandards
[36m[[0mmongo-db-seeder[36m][0m [32mDEBUG[0m [33mWarning: [0m document with this id already exists: 4ff47f6b6bb41e469c0be75f collection: ccstandards
[36m[[0mmongo-db-seeder[36m][0m [32mDEBUG[0m id specified - insert: 4ff47f6b6bb41e469c0be767
[36m[[0mmongo-db-seeder[36m][0m [32mDEBUG[0m [33mWarning: [0m document with this id already exists: 4ff47f6b6bb41e469c0be760 collection: ccstandards
[36m[[0mmongo-db-seeder[36m][0m [32mDEBUG[0m id specified - insert: 4ff47f6b6bb41e469c0be768
[36m[[0mmongo-db-seeder[36m][0m [32mDEBUG[0m [33mWarning: [0m document with this id already exists: 4ff47f6b6bb41e469c0be762 collection: ccstandards
[36m[[0mmongo-db-seeder[36m][0m [32mDEBUG[0m id specified - insert: 4ff47f6b6bb41e469c0be769
[36m[[0mmongo-db-seeder[36m][0m [32mDEBUG[0m [33mWarning: [0m document with this id already exists: 4ff47f6b6bb41e469c0be764 collection: ccstandards
[36m[[0mmongo-db-seeder[36m][0m [32mDEBUG[0m [33mWarning: [0m document with this id already exists: 4ff47f6b6bb41e469c0be765 collection: ccstandards
[36m[[0mmongo-db-seeder[36m][0m [32mDEBUG[0m id specified - insert: 4ff47f6b6bb41e469c0be76a
[36m[[0mmongo-db-seeder[36m][0m [32mDEBUG[0m [33mWarning: [0m document with this id already exists: 4ff47f6b6bb41e469c0be766 collection: ccstandards
[36m[[0mmongo-db-seeder[36m][0m [32mDEBUG[0m id specified - insert: 4ff47f6b6bb41e469c0be76d
[36m[[0mmongo-db-seeder[36m][0m [32mDEBUG[0m [33mWarning: [0m document with this id already exists: 4ff47f6b6bb41e469c0be767 collection: ccstandards
[36m[[0mmongo-db-seeder[36m][0m [32mDEBUG[0m id specified - insert: 4ff47f6b6bb41e469c0be76e
[36m[[0mmongo-db-seeder[36m][0m [32mDEBUG[0m [33mWarning: [0m document with this id already exists: 4ff47f6b6bb41e469c0be768 collection: ccstandards
[36m[[0mmongo-db-seeder[36m][0m [32mDEBUG[0m id specified - insert: 4ff47f6b6bb41e469c0be76f
[36m[[0mmongo-db-seeder[36m][0m [32mDEBUG[0m [33mWarning: [0m document with this id already exists: 4ff47f6b6bb41e469c0be769 collection: ccstandards
[36m[[0mmongo-db-seeder[36m][0m [32mDEBUG[0m id specified - insert: 4ff47f6b6bb41e469c0be770
[36m[[0mmongo-db-seeder[36m][0m [32mDEBUG[0m [33mWarning: [0m document with this id already exists: 4ff47f6b6bb41e469c0be76a collection: ccstandards
[36m[[0mmongo-db-seeder[36m][0m [32mDEBUG[0m id specified - insert: 4ff47f6b6bb41e469c0be771
[36m[[0mmongo-db-seeder[36m][0m [32mDEBUG[0m [33mWarning: [0m document with this id already exists: 4ff47f6b6bb41e469c0be76d collection: ccstandards
[36m[[0mmongo-db-seeder[36m][0m [32mDEBUG[0m id specified - insert: 4ff47f6b6bb41e469c0be772
[36m[[0mmongo-db-seeder[36m][0m [32mDEBUG[0m [33mWarning: [0m document with this id already exists: 4ff47f6b6bb41e469c0be76e collection: ccstandards
[36m[[0mmongo-db-seeder[36m][0m [32mDEBUG[0m [33mWarning: [0m document with this id already exists: 4ff47f6b6bb41e469c0be76f collection: ccstandards
[36m[[0mmongo-db-seeder[36m][0m [32mDEBUG[0m id specified - insert: 4ff47f6b6bb41e469c0be773
[36m[[0mmongo-db-seeder[36m][0m [32mDEBUG[0m [33mWarning: [0m document with this id already exists: 4ff47f6b6bb41e469c0be770 collection: ccstandards
[36m[[0mmongo-db-seeder[36m][0m [32mDEBUG[0m [33mWarning: [0m document with this id already exists: 4ff47f6b6bb41e469c0be771 collection: ccstandards
[36m[[0mmongo-db-seeder[36m][0m [32mDEBUG[0m id specified - insert: 4ff47f6b6bb41e469c0be774
[36m[[0mmongo-db-seeder[36m][0m [32mDEBUG[0m [33mWarning: [0m document with this id already exists: 4ff47f6b6bb41e469c0be772 collection: ccstandards
[36m[[0mmongo-db-seeder[36m][0m [32mDEBUG[0m id specified - insert: 4ff47f6b6bb41e469c0be778
[36m[[0mmongo-db-seeder[36m][0m [32mDEBUG[0m [33mWarning: [0m document with this id already exists: 4ff47f6b6bb41e469c0be773 collection: ccstandards
[36m[[0mmongo-db-seeder[36m][0m [32mDEBUG[0m id specified - insert: 4ff47f6b6bb41e469c0be779
[36m[[0mmongo-db-seeder[36m][0m [32mDEBUG[0m [33mWarning: [0m document with this id already exists: 4ff47f6b6bb41e469c0be774 collection: ccstandards
[36m[[0mmongo-db-seeder[36m][0m [32mDEBUG[0m id specified - insert: 4ff47f6b6bb41e469c0be77a
[36m[[0mmongo-db-seeder[36m][0m [32mDEBUG[0m [33mWarning: [0m document with this id already exists: 4ff47f6b6bb41e469c0be778 collection: ccstandards
[36m[[0mmongo-db-seeder[36m][0m [32mDEBUG[0m id specified - insert: 4ff47f6b6bb41e469c0be77b
[36m[[0mmongo-db-seeder[36m][0m [32mDEBUG[0m [33mWarning: [0m document with this id already exists: 4ff47f6b6bb41e469c0be779 collection: ccstandards
[36m[[0mmongo-db-seeder[36m][0m [32mDEBUG[0m [33mWarning: [0m document with this id already exists: 4ff47f6b6bb41e469c0be77a collection: ccstandards
[36m[[0mmongo-db-seeder[36m][0m [32mDEBUG[0m id specified - insert: 4ff47f6b6bb41e469c0be77c
[36m[[0mmongo-db-seeder[36m][0m [32mDEBUG[0m [33mWarning: [0m document with this id already exists: 4ff47f6b6bb41e469c0be77b collection: ccstandards
[36m[[0mmongo-db-seeder[36m][0m [32mDEBUG[0m id specified - insert: 4ff47f6b6bb41e469c0be77d
[36m[[0mmongo-db-seeder[36m][0m [32mDEBUG[0m [33mWarning: [0m document with this id already exists: 4ff47f6b6bb41e469c0be77c collection: ccstandards
[36m[[0mmongo-db-seeder[36m][0m [32mDEBUG[0m id specified - insert: 4ff47f6b6bb41e469c0be77e
[36m[[0mmongo-db-seeder[36m][0m [32mDEBUG[0m [33mWarning: [0m document with this id already exists: 4ff47f6b6bb41e469c0be77d collection: ccstandards
[36m[[0mmongo-db-seeder[36m][0m [32mDEBUG[0m id specified - insert: 4ff47f6b6bb41e469c0be77e
[36m[[0mmongo-db-seeder[36m][0m [32mDEBUG[0m id specified - insert: 4ff47f6b6bb41e469c0be77f
[36m[[0mmongo-db-seeder[36m][0m [32mDEBUG[0m [33mWarning: [0m document with this id already exists: 4ff47f6b6bb41e469c0be77f collection: ccstandards
[36m[[0mmongo-db-seeder[36m][0m [32mDEBUG[0m id specified - insert: 4ff47f6b6bb41e469c0be780
[36m[[0mmongo-db-seeder[36m][0m [32mDEBUG[0m id specified - insert: 4ff47f6b6bb41e469c0be780
[36m[[0mmongo-db-seeder[36m][0m [32mDEBUG[0m id specified - insert: 4ff47f6b6bb41e469c0be781
[36m[[0mmongo-db-seeder[36m][0m [32mDEBUG[0m id specified - insert: 4ff47f6b6bb41e469c0be781
[36m[[0mmongo-db-seeder[36m][0m [32mDEBUG[0m id specified - insert: 4ff47f6b6bb41e469c0be782
[36m[[0mmongo-db-seeder[36m][0m [32mDEBUG[0m id specified - insert: 4ff47f6b6bb41e469c0be782
[36m[[0mmongo-db-seeder[36m][0m [32mDEBUG[0m id specified - insert: 4ff47f6b6bb41e469c0be783
[36m[[0mmongo-db-seeder[36m][0m [32mDEBUG[0m [33mWarning: [0m document with this id already exists: 4ff47f6b6bb41e469c0be783 collection: ccstandards
[36m[[0mmongo-db-seeder[36m][0m [32mDEBUG[0m id specified - insert: 4ff47f6b6bb41e469c0be785
[36m[[0mmongo-db-seeder[36m][0m [32mDEBUG[0m id specified - insert: 4ff47f6b6bb41e469c0be785
[36m[[0mmongo-db-seeder[36m][0m [32mDEBUG[0m id specified - insert: 4ff47f6b6bb41e469c0be786
[36m[[0mmongo-db-seeder[36m][0m [32mDEBUG[0m id specified - insert: 4ff47f6b6bb41e469c0be787
[36m[[0mmongo-db-seeder[36m][0m [32mDEBUG[0m [33mWarning: [0m document with this id already exists: 4ff47f6b6bb41e469c0be786 collection: ccstandards
[36m[[0mmongo-db-seeder[36m][0m [32mDEBUG[0m id specified - insert: 4ff47f6b6bb41e469c0be787
[36m[[0mmongo-db-seeder[36m][0m [32mDEBUG[0m id specified - insert: 4ff47f6b6bb41e469c0be788
[36m[[0mmongo-db-seeder[36m][0m [32mDEBUG[0m id specified - insert: 4ff47f6b6bb41e469c0be789
[36m[[0mmongo-db-seeder[36m][0m [32mDEBUG[0m [33mWarning: [0m document with this id already exists: 4ff47f6b6bb41e469c0be788 collection: ccstandards
[36m[[0mmongo-db-seeder[36m][0m [32mDEBUG[0m [33mWarning: [0m document with this id already exists: 4ff47f6b6bb41e469c0be789 collection: ccstandards
[36m[[0mmongo-db-seeder[36m][0m [32mDEBUG[0m id specified - insert: 4ff47f6b6bb41e469c0be78a
[36m[[0mmongo-db-seeder[36m][0m [32mDEBUG[0m id specified - insert: 4ff47f6b6bb41e469c0be78a
[36m[[0mmongo-db-seeder[36m][0m [32mDEBUG[0m id specified - insert: 4ff47f6b6bb41e469c0be78c
[36m[[0mmongo-db-seeder[36m][0m [32mDEBUG[0m id specified - insert: 4ff47f6b6bb41e469c0be78c
[36m[[0mmongo-db-seeder[36m][0m [32mDEBUG[0m id specified - insert: 4ff47f6b6bb41e469c0be78d
[36m[[0mmongo-db-seeder[36m][0m [32mDEBUG[0m id specified - insert: 4ff47f6b6bb41e469c0be78d
[36m[[0mmongo-db-seeder[36m][0m [32mDEBUG[0m id specified - insert: 4ff47f6b6bb41e469c0be78f
[36m[[0mmongo-db-seeder[36m][0m [32mDEBUG[0m id specified - insert: 4ff47f6b6bb41e469c0be790
[36m[[0mmongo-db-seeder[36m][0m [32mDEBUG[0m [33mWarning: [0m document with this id already exists: 4ff47f6b6bb41e469c0be78f collection: ccstandards
[36m[[0mmongo-db-seeder[36m][0m [32mDEBUG[0m id specified - insert: 4ff47f6b6bb41e469c0be791
[36m[[0mmongo-db-seeder[36m][0m [32mDEBUG[0m [33mWarning: [0m document with this id already exists: 4ff47f6b6bb41e469c0be790 collection: ccstandards
[36m[[0mmongo-db-seeder[36m][0m [32mDEBUG[0m id specified - insert: 4ff47f6b6bb41e469c0be792
[36m[[0mmongo-db-seeder[36m][0m [32mDEBUG[0m [33mWarning: [0m document with this id already exists: 4ff47f6b6bb41e469c0be791 collection: ccstandards
[36m[[0mmongo-db-seeder[36m][0m [32mDEBUG[0m [33mWarning: [0m document with this id already exists: 4ff47f6b6bb41e469c0be792 collection: ccstandards
[36m[[0mmongo-db-seeder[36m][0m [32mDEBUG[0m id specified - insert: 4ff47f6b6bb41e469c0be794
[36m[[0mmongo-db-seeder[36m][0m [32mDEBUG[0m id specified - insert: 4ff47f6b6bb41e469c0be794
[36m[[0mmongo-db-seeder[36m][0m [32mDEBUG[0m id specified - insert: 4ff47f6b6bb41e469c0be796
[36m[[0mmongo-db-seeder[36m][0m [32mDEBUG[0m [33mWarning: [0m document with this id already exists: 4ff47f6b6bb41e469c0be796 collection: ccstandards
[36m[[0mmongo-db-seeder[36m][0m [32mDEBUG[0m id specified - insert: 4ff47f6b6bb41e469c0be797
[36m[[0mmongo-db-seeder[36m][0m [32mDEBUG[0m id specified - insert: 4ff47f6b6bb41e469c0be797
[36m[[0mmongo-db-seeder[36m][0m [32mDEBUG[0m id specified - insert: 4ff47f6b6bb41e469c0be798
[36m[[0mmongo-db-seeder[36m][0m [32mDEBUG[0m id specified - insert: 4ff47f6b6bb41e469c0be799
[36m[[0mmongo-db-seeder[36m][0m [32mDEBUG[0m [33mWarning: [0m document with this id already exists: 4ff47f6b6bb41e469c0be798 collection: ccstandards
[36m[[0mmongo-db-seeder[36m][0m [32mDEBUG[0m id specified - insert: 4ff47f6b6bb41e469c0be79a
[36m[[0mmongo-db-seeder[36m][0m [32mDEBUG[0m [33mWarning: [0m document with this id already exists: 4ff47f6b6bb41e469c0be799 collection: ccstandards
[36m[[0mmongo-db-seeder[36m][0m [32mDEBUG[0m id specified - insert: 4ff47f6b6bb41e469c0be79b
[36m[[0mmongo-db-seeder[36m][0m [32mDEBUG[0m [33mWarning: [0m document with this id already exists: 4ff47f6b6bb41e469c0be79a collection: ccstandards
[36m[[0mmongo-db-seeder[36m][0m [32mDEBUG[0m id specified - insert: 4ff47f6b6bb41e469c0be79b
[36m[[0mmongo-db-seeder[36m][0m [32mDEBUG[0m id specified - insert: 4ff47f6b6bb41e469c0be79c
[36m[[0mmongo-db-seeder[36m][0m [32mDEBUG[0m id specified - insert: 4ff47f6b6bb41e469c0be79d
[36m[[0mmongo-db-seeder[36m][0m [32mDEBUG[0m [33mWarning: [0m document with this id already exists: 4ff47f6b6bb41e469c0be79c collection: ccstandards
[36m[[0mmongo-db-seeder[36m][0m [32mDEBUG[0m id specified - insert: 4ff47f6b6bb41e469c0be79d
[36m[[0mmongo-db-seeder[36m][0m [32mDEBUG[0m id specified - insert: 4ff47f6b6bb41e469c0be79e
[36m[[0mmongo-db-seeder[36m][0m [32mDEBUG[0m id specified - insert: 4ff47f6b6bb41e469c0be79f
[36m[[0mmongo-db-seeder[36m][0m [32mDEBUG[0m [33mWarning: [0m document with this id already exists: 4ff47f6b6bb41e469c0be79e collection: ccstandards
[36m[[0mmongo-db-seeder[36m][0m [32mDEBUG[0m id specified - insert: 4ff47f6b6bb41e469c0be79f
[36m[[0mmongo-db-seeder[36m][0m [32mDEBUG[0m id specified - insert: 4ff47f6b6bb41e469c0be7a1
[36m[[0mmongo-db-seeder[36m][0m [32mDEBUG[0m id specified - insert: 4ff47f6b6bb41e469c0be7a2
[36m[[0mmongo-db-seeder[36m][0m [32mDEBUG[0m [33mWarning: [0m document with this id already exists: 4ff47f6b6bb41e469c0be7a1 collection: ccstandards
[36m[[0mmongo-db-seeder[36m][0m [32mDEBUG[0m [33mWarning: [0m document with this id already exists: 4ff47f6b6bb41e469c0be7a2 collection: ccstandards
[36m[[0mmongo-db-seeder[36m][0m [32mDEBUG[0m id specified - insert: 4ff47f6b6bb41e469c0be7a3
[36m[[0mmongo-db-seeder[36m][0m [32mDEBUG[0m id specified - insert: 4ff47f6b6bb41e469c0be7a3
[36m[[0mmongo-db-seeder[36m][0m [32mDEBUG[0m id specified - insert: 4ff47f6b6bb41e469c0be7a4
[36m[[0mmongo-db-seeder[36m][0m [32mDEBUG[0m [33mWarning: [0m document with this id already exists: 4ff47f6b6bb41e469c0be7a4 collection: ccstandards
[36m[[0mmongo-db-seeder[36m][0m [32mDEBUG[0m id specified - insert: 4ff47f6b6bb41e469c0be7a5
[36m[[0mmongo-db-seeder[36m][0m [32mDEBUG[0m id specified - insert: 4ff47f6b6bb41e469c0be7a5
[36m[[0mmongo-db-seeder[36m][0m [32mDEBUG[0m id specified - insert: 4ff47f6b6bb41e469c0be7a8
[36m[[0mmongo-db-seeder[36m][0m [32mDEBUG[0m id specified - insert: 4ff47f6b6bb41e469c0be7a9
[36m[[0mmongo-db-seeder[36m][0m [32mDEBUG[0m [33mWarning: [0m document with this id already exists: 4ff47f6b6bb41e469c0be7a8 collection: ccstandards
[36m[[0mmongo-db-seeder[36m][0m [32mDEBUG[0m [33mWarning: [0m document with this id already exists: 4ff47f6b6bb41e469c0be7a9 collection: ccstandards
[36m[[0mmongo-db-seeder[36m][0m [32mDEBUG[0m id specified - insert: 4ff47f6b6bb41e469c0be7aa
[36m[[0mmongo-db-seeder[36m][0m [32mDEBUG[0m id specified - insert: 4ff47f6b6bb41e469c0be7ac
[36m[[0mmongo-db-seeder[36m][0m [32mDEBUG[0m [33mWarning: [0m document with this id already exists: 4ff47f6b6bb41e469c0be7aa collection: ccstandards
[36m[[0mmongo-db-seeder[36m][0m [32mDEBUG[0m [33mWarning: [0m document with this id already exists: 4ff47f6b6bb41e469c0be7ac collection: ccstandards
[36m[[0mmongo-db-seeder[36m][0m [32mDEBUG[0m id specified - insert: 4ff47f6b6bb41e469c0be7ad
[36m[[0mmongo-db-seeder[36m][0m [32mDEBUG[0m id specified - insert: 4ff47f6b6bb41e469c0be7b3
[36m[[0mmongo-db-seeder[36m][0m [32mDEBUG[0m [33mWarning: [0m document with this id already exists: 4ff47f6b6bb41e469c0be7ad collection: ccstandards
[36m[[0mmongo-db-seeder[36m][0m [32mDEBUG[0m id specified - insert: 4ff47f6b6bb41e469c0be7b3
[36m[[0mmongo-db-seeder[36m][0m [32mDEBUG[0m id specified - insert: 4ff47f6b6bb41e469c0be7b5
[36m[[0mmongo-db-seeder[36m][0m [32mDEBUG[0m id specified - insert: 4ff47f6b6bb41e469c0be7b5
[36m[[0mmongo-db-seeder[36m][0m [32mDEBUG[0m id specified - insert: 4ff47f6b6bb41e469c0be7b6
[36m[[0mmongo-db-seeder[36m][0m [32mDEBUG[0m id specified - insert: 4ff47f6b6bb41e469c0be7b7
[36m[[0mmongo-db-seeder[36m][0m [32mDEBUG[0m [33mWarning: [0m document with this id already exists: 4ff47f6b6bb41e469c0be7b6 collection: ccstandards
[36m[[0mmongo-db-seeder[36m][0m [32mDEBUG[0m [33mWarning: [0m document with this id already exists: 4ff47f6b6bb41e469c0be7b7 collection: ccstandards
[36m[[0mmongo-db-seeder[36m][0m [32mDEBUG[0m id specified - insert: 4ff47f6b6bb41e469c0be7b9
[36m[[0mmongo-db-seeder[36m][0m [32mDEBUG[0m id specified - insert: 4ff47f6b6bb41e469c0be7b9
[36m[[0mmongo-db-seeder[36m][0m [32mDEBUG[0m id specified - insert: 4ff47f6b6bb41e469c0be7ba
[36m[[0mmongo-db-seeder[36m][0m [32mDEBUG[0m id specified - insert: 4ff47f6b6bb41e469c0be7bb
[36m[[0mmongo-db-seeder[36m][0m [32mDEBUG[0m id specified - insert: 4ff47f6b6bb41e469c0be7ba
[36m[[0mmongo-db-seeder[36m][0m [32mDEBUG[0m id specified - insert: 4ff47f6b6bb41e469c0be7bc
[36m[[0mmongo-db-seeder[36m][0m [32mDEBUG[0m [33mWarning: [0m document with this id already exists: 4ff47f6b6bb41e469c0be7bb collection: ccstandards
[36m[[0mmongo-db-seeder[36m][0m [32mDEBUG[0m [33mWarning: [0m document with this id already exists: 4ff47f6b6bb41e469c0be7bc collection: ccstandards
[36m[[0mmongo-db-seeder[36m][0m [32mDEBUG[0m id specified - insert: 4ff47f6b6bb41e469c0be7bd
[36m[[0mmongo-db-seeder[36m][0m [32mDEBUG[0m id specified - insert: 4ff47f6b6bb41e469c0be7bd
[36m[[0mmongo-db-seeder[36m][0m [32mDEBUG[0m id specified - insert: 4ff47f6b6bb41e469c0be7be
[36m[[0mmongo-db-seeder[36m][0m [32mDEBUG[0m id specified - insert: 4ff47f6b6bb41e469c0be7be
[36m[[0mmongo-db-seeder[36m][0m [32mDEBUG[0m id specified - insert: 4ff47f6b6bb41e469c0be7bf
[36m[[0mmongo-db-seeder[36m][0m [32mDEBUG[0m id specified - insert: 4ff47f6b6bb41e469c0be7bf
[36m[[0mmongo-db-seeder[36m][0m [32mDEBUG[0m id specified - insert: 4ff47f6b6bb41e469c0be7c0
[36m[[0mmongo-db-seeder[36m][0m [32mDEBUG[0m id specified - insert: 4ff47f6b6bb41e469c0be7c0
[36m[[0mmongo-db-seeder[36m][0m [32mDEBUG[0m id specified - insert: 4ff47f6b6bb41e469c0be7c4
[36m[[0mmongo-db-seeder[36m][0m [32mDEBUG[0m id specified - insert: 4ff47f6b6bb41e469c0be7c4
[36m[[0mmongo-db-seeder[36m][0m [32mDEBUG[0m id specified - insert: 4ff47f6b6bb41e469c0be7c5
[36m[[0mmongo-db-seeder[36m][0m [32mDEBUG[0m id specified - insert: 4ff47f6b6bb41e469c0be7c5
[36m[[0mmongo-db-seeder[36m][0m [32mDEBUG[0m id specified - insert: 4ff47f6b6bb41e469c0be7c6
[36m[[0mmongo-db-seeder[36m][0m [32mDEBUG[0m id specified - insert: 4ff47f6b6bb41e469c0be7c6
[36m[[0mmongo-db-seeder[36m][0m [32mDEBUG[0m id specified - insert: 4ff47f6b6bb41e469c0be7cb
[36m[[0mmongo-db-seeder[36m][0m [32mDEBUG[0m id specified - insert: 4ff47f6b6bb41e469c0be7cb
[36m[[0mmongo-db-seeder[36m][0m [32mDEBUG[0m id specified - insert: 4ff47f6b6bb41e469c0be7cc
[36m[[0mmongo-db-seeder[36m][0m [32mDEBUG[0m id specified - insert: 4ff47f6b6bb41e469c0be7cd
[36m[[0mmongo-db-seeder[36m][0m [32mDEBUG[0m [33mWarning: [0m document with this id already exists: 4ff47f6b6bb41e469c0be7cc collection: ccstandards
[36m[[0mmongo-db-seeder[36m][0m [32mDEBUG[0m [33mWarning: [0m document with this id already exists: 4ff47f6b6bb41e469c0be7cd collection: ccstandards
[36m[[0mmongo-db-seeder[36m][0m [32mDEBUG[0m id specified - insert: 4ff47f6b6bb41e469c0be7ce
[36m[[0mmongo-db-seeder[36m][0m [32mDEBUG[0m id specified - insert: 4ff47f6b6bb41e469c0be7ce
[36m[[0mmongo-db-seeder[36m][0m [32mDEBUG[0m id specified - insert: 4ff47f6b6bb41e469c0be7cf
[36m[[0mmongo-db-seeder[36m][0m [32mDEBUG[0m id specified - insert: 4ff47f6b6bb41e469c0be7cf
[36m[[0mmongo-db-seeder[36m][0m [32mDEBUG[0m id specified - insert: 4ff47f6b6bb41e469c0be7d0
[36m[[0mmongo-db-seeder[36m][0m [32mDEBUG[0m id specified - insert: 4ff47f6b6bb41e469c0be7d0
[36m[[0mmongo-db-seeder[36m][0m [32mDEBUG[0m id specified - insert: 4ff47f6b6bb41e469c0be7d1
[36m[[0mmongo-db-seeder[36m][0m [32mDEBUG[0m id specified - insert: 4ff47f6b6bb41e469c0be7d1
[36m[[0mmongo-db-seeder[36m][0m [32mDEBUG[0m id specified - insert: 4ff47f6b6bb41e469c0be7d2
[36m[[0mmongo-db-seeder[36m][0m [32mDEBUG[0m id specified - insert: 4ff47f6b6bb41e469c0be7d2
[36m[[0mmongo-db-seeder[36m][0m [32mDEBUG[0m id specified - insert: 4ff47f6b6bb41e469c0be7d3
[36m[[0mmongo-db-seeder[36m][0m [32mDEBUG[0m id specified - insert: 4ff47f6b6bb41e469c0be7d3
[36m[[0mmongo-db-seeder[36m][0m [32mDEBUG[0m id specified - insert: 4ff47f6b6bb41e469c0be7d5
[36m[[0mmongo-db-seeder[36m][0m [32mDEBUG[0m id specified - insert: 4ff47f6b6bb41e469c0be7d5
[36m[[0mmongo-db-seeder[36m][0m [32mDEBUG[0m id specified - insert: 4ff47f6b6bb41e469c0be7d6
[36m[[0mmongo-db-seeder[36m][0m [32mDEBUG[0m id specified - insert: 4ff47f6b6bb41e469c0be7d6
[36m[[0mmongo-db-seeder[36m][0m [32mDEBUG[0m id specified - insert: 4ff47f6b6bb41e469c0be7d7
[36m[[0mmongo-db-seeder[36m][0m [32mDEBUG[0m id specified - insert: 4ff47f6b6bb41e469c0be7d7
[36m[[0mmongo-db-seeder[36m][0m [32mDEBUG[0m id specified - insert: 4ff47f6b6bb41e469c0be7d8
[36m[[0mmongo-db-seeder[36m][0m [32mDEBUG[0m id specified - insert: 4ff47f6b6bb41e469c0be7d9
[36m[[0mmongo-db-seeder[36m][0m [32mDEBUG[0m [33mWarning: [0m document with this id already exists: 4ff47f6b6bb41e469c0be7d8 collection: ccstandards
[36m[[0mmongo-db-seeder[36m][0m [32mDEBUG[0m id specified - insert: 4ff47f6b6bb41e469c0be7d9
[36m[[0mmongo-db-seeder[36m][0m [32mDEBUG[0m id specified - insert: 4ff47f6b6bb41e469c0be7da
[36m[[0mmongo-db-seeder[36m][0m [32mDEBUG[0m id specified - insert: 4ff47f6b6bb41e469c0be7dd
[36m[[0mmongo-db-seeder[36m][0m [32mDEBUG[0m [33mWarning: [0m document with this id already exists: 4ff47f6b6bb41e469c0be7da collection: ccstandards
[36m[[0mmongo-db-seeder[36m][0m [32mDEBUG[0m [33mWarning: [0m document with this id already exists: 4ff47f6b6bb41e469c0be7dd collection: ccstandards
[36m[[0mmongo-db-seeder[36m][0m [32mDEBUG[0m id specified - insert: 4ff47f6b6bb41e469c0be7de
[36m[[0mmongo-db-seeder[36m][0m [32mDEBUG[0m id specified - insert: 4ff47f6b6bb41e469c0be7de
[36m[[0mmongo-db-seeder[36m][0m [32mDEBUG[0m id specified - insert: 4ff47f6b6bb41e469c0be7df
[36m[[0mmongo-db-seeder[36m][0m [32mDEBUG[0m id specified - insert: 4ff47f6b6bb41e469c0be7df
[36m[[0mmongo-db-seeder[36m][0m [32mDEBUG[0m id specified - insert: 4ff47f6b6bb41e469c0be7e3
[36m[[0mmongo-db-seeder[36m][0m [32mDEBUG[0m id specified - insert: 4ff47f6b6bb41e469c0be7e3
[36m[[0mmongo-db-seeder[36m][0m [32mDEBUG[0m id specified - insert: 4ff47f6b6bb41e469c0be7e5
[36m[[0mmongo-db-seeder[36m][0m [32mDEBUG[0m id specified - insert: 4ff47f6b6bb41e469c0be7e5
[36m[[0mmongo-db-seeder[36m][0m [32mDEBUG[0m id specified - insert: 4ff47f6b6bb41e469c0be7eb
[36m[[0mmongo-db-seeder[36m][0m [32mDEBUG[0m id specified - insert: 4ff47f6b6bb41e469c0be7eb
[36m[[0mmongo-db-seeder[36m][0m [32mDEBUG[0m id specified - insert: 4ff47f6b6bb41e469c0be7ed
[36m[[0mmongo-db-seeder[36m][0m [32mDEBUG[0m id specified - insert: 4ff47f6b6bb41e469c0be7ed
[36m[[0mmongo-db-seeder[36m][0m [32mDEBUG[0m id specified - insert: 4ff47f6b6bb41e469c0be7ee
[36m[[0mmongo-db-seeder[36m][0m [32mDEBUG[0m id specified - insert: 4ff47f6b6bb41e469c0be7ee
[36m[[0mmongo-db-seeder[36m][0m [32mDEBUG[0m id specified - insert: 4ff47f6b6bb41e469c0be7ef
[36m[[0mmongo-db-seeder[36m][0m [32mDEBUG[0m id specified - insert: 4ff47f6b6bb41e469c0be7ef
[36m[[0mmongo-db-seeder[36m][0m [32mDEBUG[0m id specified - insert: 4ff47f6b6bb41e469c0be7f0
[36m[[0mmongo-db-seeder[36m][0m [32mDEBUG[0m id specified - insert: 4ff47f6b6bb41e469c0be7f0
[36m[[0mmongo-db-seeder[36m][0m [32mDEBUG[0m id specified - insert: 4ff47f6b6bb41e469c0be7f2
[36m[[0mmongo-db-seeder[36m][0m [32mDEBUG[0m id specified - insert: 4ff47f6b6bb41e469c0be7f2
[36m[[0mmongo-db-seeder[36m][0m [32mDEBUG[0m id specified - insert: 4ff47f6b6bb41e469c0be7f3
[36m[[0mmongo-db-seeder[36m][0m [32mDEBUG[0m id specified - insert: 4ff47f6b6bb41e469c0be7f3
[36m[[0mmongo-db-seeder[36m][0m [32mDEBUG[0m id specified - insert: 4ff47f6b6bb41e469c0be7f4
[36m[[0mmongo-db-seeder[36m][0m [32mDEBUG[0m id specified - insert: 4ff47f6b6bb41e469c0be7f4
[36m[[0mmongo-db-seeder[36m][0m [32mDEBUG[0m id specified - insert: 4ff47f6b6bb41e469c0be7f5
[36m[[0mmongo-db-seeder[36m][0m [32mDEBUG[0m id specified - insert: 4ff47f6b6bb41e469c0be7f5
[36m[[0mmongo-db-seeder[36m][0m [32mDEBUG[0m id specified - insert: 4ff47f6b6bb41e469c0be7f7
[36m[[0mmongo-db-seeder[36m][0m [32mDEBUG[0m id specified - insert: 4ff47f6b6bb41e469c0be7f7
[36m[[0mmongo-db-seeder[36m][0m [32mDEBUG[0m id specified - insert: 4ff47f6b6bb41e469c0be7f8
[36m[[0mmongo-db-seeder[36m][0m [32mDEBUG[0m id specified - insert: 4ff47f6b6bb41e469c0be7f8
[36m[[0mmongo-db-seeder[36m][0m [32mDEBUG[0m id specified - insert: 4ff47f6b6bb41e469c0be7f9
[36m[[0mmongo-db-seeder[36m][0m [32mDEBUG[0m id specified - insert: 4ff47f6b6bb41e469c0be7f9
[36m[[0mmongo-db-seeder[36m][0m [32mDEBUG[0m id specified - insert: 4ff47f6b6bb41e469c0be7fa
[36m[[0mmongo-db-seeder[36m][0m [32mDEBUG[0m id specified - insert: 4ff47f6b6bb41e469c0be7fa
[36m[[0mmongo-db-seeder[36m][0m [32mDEBUG[0m id specified - insert: 4ff47f6b6bb41e469c0be7fb
[36m[[0mmongo-db-seeder[36m][0m [32mDEBUG[0m id specified - insert: 4ff47f6b6bb41e469c0be7fb
[36m[[0mmongo-db-seeder[36m][0m [32mDEBUG[0m id specified - insert: 4ff47f6b6bb41e469c0be7fd
[36m[[0mmongo-db-seeder[36m][0m [32mDEBUG[0m id specified - insert: 4ff47f6b6bb41e469c0be7fd
[36m[[0mmongo-db-seeder[36m][0m [32mDEBUG[0m id specified - insert: 4ff47f6b6bb41e469c0be7fe
[36m[[0mmongo-db-seeder[36m][0m [32mDEBUG[0m id specified - insert: 4ff47f6b6bb41e469c0be7fe
[36m[[0mmongo-db-seeder[36m][0m [32mDEBUG[0m id specified - insert: 4ff47f6b6bb41e469c0be7ff
[36m[[0mmongo-db-seeder[36m][0m [32mDEBUG[0m id specified - insert: 4ff47f6b6bb41e469c0be7ff
[36m[[0mmongo-db-seeder[36m][0m [32mDEBUG[0m id specified - insert: 4ff47f6b6bb41e469c0be800
[36m[[0mmongo-db-seeder[36m][0m [32mDEBUG[0m id specified - insert: 4ff47f6b6bb41e469c0be800
[36m[[0mmongo-db-seeder[36m][0m [32mDEBUG[0m id specified - insert: 4ff47f6b6bb41e469c0be801
[36m[[0mmongo-db-seeder[36m][0m [32mDEBUG[0m id specified - insert: 4ff47f6b6bb41e469c0be801
[36m[[0mmongo-db-seeder[36m][0m [32mDEBUG[0m id specified - insert: 4ff47f6b6bb41e469c0be806
[36m[[0mmongo-db-seeder[36m][0m [32mDEBUG[0m id specified - insert: 4ff47f6b6bb41e469c0be806
[36m[[0mmongo-db-seeder[36m][0m [32mDEBUG[0m id specified - insert: 4ff47f6b6bb41e469c0be807
[36m[[0mmongo-db-seeder[36m][0m [32mDEBUG[0m id specified - insert: 4ff47f6b6bb41e469c0be808
[36m[[0mmongo-db-seeder[36m][0m [32mDEBUG[0m id specified - insert: 4ff47f6b6bb41e469c0be807
[36m[[0mmongo-db-seeder[36m][0m [32mDEBUG[0m id specified - insert: 4ff47f6b6bb41e469c0be809
[36m[[0mmongo-db-seeder[36m][0m [32mDEBUG[0m [33mWarning: [0m document with this id already exists: 4ff47f6b6bb41e469c0be808 collection: ccstandards
[36m[[0mmongo-db-seeder[36m][0m [32mDEBUG[0m id specified - insert: 4ff47f6b6bb41e469c0be80d
[36m[[0mmongo-db-seeder[36m][0m [32mDEBUG[0m [33mWarning: [0m document with this id already exists: 4ff47f6b6bb41e469c0be809 collection: ccstandards
[36m[[0mmongo-db-seeder[36m][0m [32mDEBUG[0m id specified - insert: 4ff47f6b6bb41e469c0be80f
[36m[[0mmongo-db-seeder[36m][0m [32mDEBUG[0m [33mWarning: [0m document with this id already exists: 4ff47f6b6bb41e469c0be80d collection: ccstandards
[36m[[0mmongo-db-seeder[36m][0m [32mDEBUG[0m id specified - insert: 4ff47f6b6bb41e469c0be811
[36m[[0mmongo-db-seeder[36m][0m [32mDEBUG[0m [33mWarning: [0m document with this id already exists: 4ff47f6b6bb41e469c0be80f collection: ccstandards
[36m[[0mmongo-db-seeder[36m][0m [32mDEBUG[0m id specified - insert: 4ff47f6b6bb41e469c0be812
[36m[[0mmongo-db-seeder[36m][0m [32mDEBUG[0m [33mWarning: [0m document with this id already exists: 4ff47f6b6bb41e469c0be811 collection: ccstandards
[36m[[0mmongo-db-seeder[36m][0m [32mDEBUG[0m id specified - insert: 4ff47f6b6bb41e469c0be815
[36m[[0mmongo-db-seeder[36m][0m [32mDEBUG[0m [33mWarning: [0m document with this id already exists: 4ff47f6b6bb41e469c0be812 collection: ccstandards
[36m[[0mmongo-db-seeder[36m][0m [32mDEBUG[0m id specified - insert: 4ff47f6b6bb41e469c0be815
[36m[[0mmongo-db-seeder[36m][0m [32mDEBUG[0m id specified - insert: 4ff47f6b6bb41e469c0be816
[36m[[0mmongo-db-seeder[36m][0m [32mDEBUG[0m id specified - insert: 4ff47f6b6bb41e469c0be817
[36m[[0mmongo-db-seeder[36m][0m [32mDEBUG[0m [33mWarning: [0m document with this id already exists: 4ff47f6b6bb41e469c0be816 collection: ccstandards
[36m[[0mmongo-db-seeder[36m][0m [32mDEBUG[0m id specified - insert: 4ff47f6b6bb41e469c0be819
[36m[[0mmongo-db-seeder[36m][0m [32mDEBUG[0m [33mWarning: [0m document with this id already exists: 4ff47f6b6bb41e469c0be817 collection: ccstandards
[36m[[0mmongo-db-seeder[36m][0m [32mDEBUG[0m id specified - insert: 4ff47f6b6bb41e469c0be81b
[36m[[0mmongo-db-seeder[36m][0m [32mDEBUG[0m [33mWarning: [0m document with this id already exists: 4ff47f6b6bb41e469c0be819 collection: ccstandards
[36m[[0mmongo-db-seeder[36m][0m [32mDEBUG[0m id specified - insert: 4ff47f6b6bb41e469c0be81b
[36m[[0mmongo-db-seeder[36m][0m [32mDEBUG[0m id specified - insert: 4ff47f6b6bb41e469c0be81c
[36m[[0mmongo-db-seeder[36m][0m [32mDEBUG[0m id specified - insert: 4ff47f6b6bb41e469c0be81c
[36m[[0mmongo-db-seeder[36m][0m [32mDEBUG[0m id specified - insert: 4ff47f6b6bb41e469c0be81d
[36m[[0mmongo-db-seeder[36m][0m [32mDEBUG[0m id specified - insert: 4ff47f6b6bb41e469c0be81d
[36m[[0mmongo-db-seeder[36m][0m [32mDEBUG[0m id specified - insert: 4ff47f6b6bb41e469c0be81e
[36m[[0mmongo-db-seeder[36m][0m [32mDEBUG[0m id specified - insert: 4ff47f6b6bb41e469c0be81e
[36m[[0mmongo-db-seeder[36m][0m [32mDEBUG[0m id specified - insert: 4ff47f6b6bb41e469c0be820
[36m[[0mmongo-db-seeder[36m][0m [32mDEBUG[0m id specified - insert: 4ff47f6b6bb41e469c0be820
[36m[[0mmongo-db-seeder[36m][0m [32mDEBUG[0m id specified - insert: 4ff47f6b6bb41e469c0be821
[36m[[0mmongo-db-seeder[36m][0m [32mDEBUG[0m id specified - insert: 4ff47f6b6bb41e469c0be821
[36m[[0mmongo-db-seeder[36m][0m [32mDEBUG[0m id specified - insert: 4ff47f6b6bb41e469c0be823
[36m[[0mmongo-db-seeder[36m][0m [32mDEBUG[0m id specified - insert: 4ff47f6b6bb41e469c0be823
[36m[[0mmongo-db-seeder[36m][0m [32mDEBUG[0m id specified - insert: 4ff47f6b6bb41e469c0be825
[36m[[0mmongo-db-seeder[36m][0m [32mDEBUG[0m id specified - insert: 4ff47f6b6bb41e469c0be825
[36m[[0mmongo-db-seeder[36m][0m [32mDEBUG[0m id specified - insert: 4ff47f6b6bb41e469c0be826
[36m[[0mmongo-db-seeder[36m][0m [32mDEBUG[0m id specified - insert: 4ff47f6b6bb41e469c0be826
[36m[[0mmongo-db-seeder[36m][0m [32mDEBUG[0m id specified - insert: 4ff47f6b6bb41e469c0be827
[36m[[0mmongo-db-seeder[36m][0m [32mDEBUG[0m id specified - insert: 4ff47f6b6bb41e469c0be827
[36m[[0mmongo-db-seeder[36m][0m [32mDEBUG[0m id specified - insert: 4ff47f6b6bb41e469c0be828
[36m[[0mmongo-db-seeder[36m][0m [32mDEBUG[0m id specified - insert: 4ff47f6b6bb41e469c0be828
[36m[[0mmongo-db-seeder[36m][0m [32mDEBUG[0m id specified - insert: 4ff47f6b6bb41e469c0be829
[36m[[0mmongo-db-seeder[36m][0m [32mDEBUG[0m id specified - insert: 4ff47f6b6bb41e469c0be829
[36m[[0mmongo-db-seeder[36m][0m [32mDEBUG[0m id specified - insert: 4ff47f6b6bb41e469c0be82b
[36m[[0mmongo-db-seeder[36m][0m [32mDEBUG[0m id specified - insert: 4ff47f6b6bb41e469c0be82b
[36m[[0mmongo-db-seeder[36m][0m [32mDEBUG[0m id specified - insert: 4ff47f6b6bb41e469c0be82d
[36m[[0mmongo-db-seeder[36m][0m [32mDEBUG[0m id specified - insert: 4ff47f6b6bb41e469c0be82d
[36m[[0mmongo-db-seeder[36m][0m [32mDEBUG[0m id specified - insert: 4ff47f6b6bb41e469c0be82f
[36m[[0mmongo-db-seeder[36m][0m [32mDEBUG[0m id specified - insert: 4ff47f6b6bb41e469c0be82f
[36m[[0mmongo-db-seeder[36m][0m [32mDEBUG[0m id specified - insert: 4ff47f6b6bb41e469c0be830
[36m[[0mmongo-db-seeder[36m][0m [32mDEBUG[0m id specified - insert: 4ff47f6b6bb41e469c0be831
[36m[[0mmongo-db-seeder[36m][0m [32mDEBUG[0m [33mWarning: [0m document with this id already exists: 4ff47f6b6bb41e469c0be830 collection: ccstandards
[36m[[0mmongo-db-seeder[36m][0m [32mDEBUG[0m id specified - insert: 4ff47f6b6bb41e469c0be832
[36m[[0mmongo-db-seeder[36m][0m [32mDEBUG[0m [33mWarning: [0m document with this id already exists: 4ff47f6b6bb41e469c0be831 collection: ccstandards
[36m[[0mmongo-db-seeder[36m][0m [32mDEBUG[0m id specified - insert: 4ff47f6b6bb41e469c0be834
[36m[[0mmongo-db-seeder[36m][0m [32mDEBUG[0m [33mWarning: [0m document with this id already exists: 4ff47f6b6bb41e469c0be832 collection: ccstandards
[36m[[0mmongo-db-seeder[36m][0m [32mDEBUG[0m id specified - insert: 4ff47f6b6bb41e469c0be835
[36m[[0mmongo-db-seeder[36m][0m [32mDEBUG[0m [33mWarning: [0m document with this id already exists: 4ff47f6b6bb41e469c0be834 collection: ccstandards
[36m[[0mmongo-db-seeder[36m][0m [32mDEBUG[0m id specified - insert: 4ff47f6b6bb41e469c0be835
[36m[[0mmongo-db-seeder[36m][0m [32mDEBUG[0m id specified - insert: 4ff47f6b6bb41e469c0be837
[36m[[0mmongo-db-seeder[36m][0m [32mDEBUG[0m [33mWarning: [0m document with this id already exists: 4ff47f6b6bb41e469c0be837 collection: ccstandards
[36m[[0mmongo-db-seeder[36m][0m [32mDEBUG[0m id specified - insert: 4ff47f6b6bb41e469c0be839
[36m[[0mmongo-db-seeder[36m][0m [32mDEBUG[0m id specified - insert: 4ff47f6b6bb41e469c0be839
[36m[[0mmongo-db-seeder[36m][0m [32mDEBUG[0m id specified - insert: 4ff47f6b6bb41e469c0be83a
[36m[[0mmongo-db-seeder[36m][0m [32mDEBUG[0m id specified - insert: 4ff47f6b6bb41e469c0be83b
[36m[[0mmongo-db-seeder[36m][0m [32mDEBUG[0m id specified - insert: 4ff47f6b6bb41e469c0be83a
[36m[[0mmongo-db-seeder[36m][0m [32mDEBUG[0m id specified - insert: 4ff47f6b6bb41e469c0be83c
[36m[[0mmongo-db-seeder[36m][0m [32mDEBUG[0m [33mWarning: [0m document with this id already exists: 4ff47f6b6bb41e469c0be83b collection: ccstandards
[36m[[0mmongo-db-seeder[36m][0m [32mDEBUG[0m id specified - insert: 4ff47f6b6bb41e469c0be83c
[36m[[0mmongo-db-seeder[36m][0m [32mDEBUG[0m id specified - insert: 4ff47f6b6bb41e469c0be83f
[36m[[0mmongo-db-seeder[36m][0m [32mDEBUG[0m id specified - insert: 4ff47f6b6bb41e469c0be83f
[36m[[0mmongo-db-seeder[36m][0m [32mDEBUG[0m id specified - insert: 4ff47f6b6bb41e469c0be841
[36m[[0mmongo-db-seeder[36m][0m [32mDEBUG[0m id specified - insert: 4ff47f6b6bb41e469c0be841
[36m[[0mmongo-db-seeder[36m][0m [32mDEBUG[0m id specified - insert: 4ff47f6b6bb41e469c0be844
[36m[[0mmongo-db-seeder[36m][0m [32mDEBUG[0m id specified - insert: 4ff47f6b6bb41e469c0be844
[36m[[0mmongo-db-seeder[36m][0m [32mDEBUG[0m id specified - insert: 4ff47f6b6bb41e469c0be845
[36m[[0mmongo-db-seeder[36m][0m [32mDEBUG[0m [33mWarning: [0m document with this id already exists: 4ff47f6b6bb41e469c0be845 collection: ccstandards
[36m[[0mmongo-db-seeder[36m][0m [32mDEBUG[0m id specified - insert: 4ff47f6b6bb41e469c0be846
[36m[[0mmongo-db-seeder[36m][0m [32mDEBUG[0m id specified - insert: 4ff47f6b6bb41e469c0be847
[36m[[0mmongo-db-seeder[36m][0m [32mDEBUG[0m [33mWarning: [0m document with this id already exists: 4ff47f6b6bb41e469c0be846 collection: ccstandards
[36m[[0mmongo-db-seeder[36m][0m [32mDEBUG[0m id specified - insert: 4ff47f6b6bb41e469c0be849
[36m[[0mmongo-db-seeder[36m][0m [32mDEBUG[0m [33mWarning: [0m document with this id already exists: 4ff47f6b6bb41e469c0be847 collection: ccstandards
[36m[[0mmongo-db-seeder[36m][0m [32mDEBUG[0m [33mWarning: [0m document with this id already exists: 4ff47f6b6bb41e469c0be849 collection: ccstandards
[36m[[0mmongo-db-seeder[36m][0m [32mDEBUG[0m id specified - insert: 4ff47f6b6bb41e469c0be84a
[36m[[0mmongo-db-seeder[36m][0m [32mDEBUG[0m id specified - insert: 4ff47f6b6bb41e469c0be84a
[36m[[0mmongo-db-seeder[36m][0m [32mDEBUG[0m id specified - insert: 4ff47f6b6bb41e469c0be84e
[36m[[0mmongo-db-seeder[36m][0m [32mDEBUG[0m id specified - insert: 4ff47f6b6bb41e469c0be84e
[36m[[0mmongo-db-seeder[36m][0m [32mDEBUG[0m id specified - insert: 4ff47f6b6bb41e469c0be84f
[36m[[0mmongo-db-seeder[36m][0m [32mDEBUG[0m [33mWarning: [0m document with this id already exists: 4ff47f6b6bb41e469c0be84f collection: ccstandards
[36m[[0mmongo-db-seeder[36m][0m [32mDEBUG[0m id specified - insert: 4ff47f6b6bb41e469c0be850
[36m[[0mmongo-db-seeder[36m][0m [32mDEBUG[0m id specified - insert: 4ff47f6b6bb41e469c0be850
[36m[[0mmongo-db-seeder[36m][0m [32mDEBUG[0m id specified - insert: 4ff47f6b6bb41e469c0be851
[36m[[0mmongo-db-seeder[36m][0m [32mDEBUG[0m id specified - insert: 4ff47f6b6bb41e469c0be851
[36m[[0mmongo-db-seeder[36m][0m [32mDEBUG[0m id specified - insert: 4ff47f6b6bb41e469c0be853
[36m[[0mmongo-db-seeder[36m][0m [32mDEBUG[0m id specified - insert: 4ff47f6b6bb41e469c0be853
[36m[[0mmongo-db-seeder[36m][0m [32mDEBUG[0m id specified - insert: 4ff47f6b6bb41e469c0be854
[36m[[0mmongo-db-seeder[36m][0m [32mDEBUG[0m id specified - insert: 4ff47f6b6bb41e469c0be854
[36m[[0mmongo-db-seeder[36m][0m [32mDEBUG[0m id specified - insert: 4ff47f6b6bb41e469c0be855
[36m[[0mmongo-db-seeder[36m][0m [32mDEBUG[0m id specified - insert: 4ff47f6b6bb41e469c0be855
[36m[[0mmongo-db-seeder[36m][0m [32mDEBUG[0m id specified - insert: 4ff47f6b6bb41e469c0be858
[36m[[0mmongo-db-seeder[36m][0m [32mDEBUG[0m id specified - insert: 4ff47f6b6bb41e469c0be858
[36m[[0mmongo-db-seeder[36m][0m [32mDEBUG[0m id specified - insert: 4ff47f6b6bb41e469c0be859
[36m[[0mmongo-db-seeder[36m][0m [32mDEBUG[0m id specified - insert: 4ff47f6b6bb41e469c0be859
[36m[[0mmongo-db-seeder[36m][0m [32mDEBUG[0m id specified - insert: 4ff47f6b6bb41e469c0be85a
[36m[[0mmongo-db-seeder[36m][0m [32mDEBUG[0m id specified - insert: 4ff47f6b6bb41e469c0be85b
[36m[[0mmongo-db-seeder[36m][0m [32mDEBUG[0m [33mWarning: [0m document with this id already exists: 4ff47f6b6bb41e469c0be85a collection: ccstandards
[36m[[0mmongo-db-seeder[36m][0m [32mDEBUG[0m id specified - insert: 4ff47f6b6bb41e469c0be85d
[36m[[0mmongo-db-seeder[36m][0m [32mDEBUG[0m [33mWarning: [0m document with this id already exists: 4ff47f6b6bb41e469c0be85b collection: ccstandards
[36m[[0mmongo-db-seeder[36m][0m [32mDEBUG[0m id specified - insert: 4ff47f6b6bb41e469c0be85e
[36m[[0mmongo-db-seeder[36m][0m [32mDEBUG[0m [33mWarning: [0m document with this id already exists: 4ff47f6b6bb41e469c0be85d collection: ccstandards
[36m[[0mmongo-db-seeder[36m][0m [32mDEBUG[0m id specified - insert: 4ff47f6b6bb41e469c0be85f
[36m[[0mmongo-db-seeder[36m][0m [32mDEBUG[0m [33mWarning: [0m document with this id already exists: 4ff47f6b6bb41e469c0be85e collection: ccstandards
[36m[[0mmongo-db-seeder[36m][0m [32mDEBUG[0m id specified - insert: 4ff47f6b6bb41e469c0be862
[36m[[0mmongo-db-seeder[36m][0m [32mDEBUG[0m id specified - insert: 4ff47f6b6bb41e469c0be863
[36m[[0mmongo-db-seeder[36m][0m [32mDEBUG[0m [33mWarning: [0m document with this id already exists: 4ff47f6b6bb41e469c0be85f collection: ccstandards
[36m[[0mmongo-db-seeder[36m][0m [32mDEBUG[0m id specified - insert: 4ff47f6b6bb41e469c0be864
[36m[[0mmongo-db-seeder[36m][0m [32mDEBUG[0m [33mWarning: [0m document with this id already exists: 4ff47f6b6bb41e469c0be862 collection: ccstandards
[36m[[0mmongo-db-seeder[36m][0m [32mDEBUG[0m id specified - insert: 4ff47f6b6bb41e469c0be865
[36m[[0mmongo-db-seeder[36m][0m [32mDEBUG[0m [33mWarning: [0m document with this id already exists: 4ff47f6b6bb41e469c0be863 collection: ccstandards
[36m[[0mmongo-db-seeder[36m][0m [32mDEBUG[0m id specified - insert: 4ff47f6b6bb41e469c0be867
[36m[[0mmongo-db-seeder[36m][0m [32mDEBUG[0m [33mWarning: [0m document with this id already exists: 4ff47f6b6bb41e469c0be864 collection: ccstandards
[36m[[0mmongo-db-seeder[36m][0m [32mDEBUG[0m [33mWarning: [0m document with this id already exists: 4ff47f6b6bb41e469c0be865 collection: ccstandards
[36m[[0mmongo-db-seeder[36m][0m [32mDEBUG[0m id specified - insert: 4ff47f6b6bb41e469c0be868
[36m[[0mmongo-db-seeder[36m][0m [32mDEBUG[0m [33mWarning: [0m document with this id already exists: 4ff47f6b6bb41e469c0be867 collection: ccstandards
[36m[[0mmongo-db-seeder[36m][0m [32mDEBUG[0m id specified - insert: 4ff47f6b6bb41e469c0be869
[36m[[0mmongo-db-seeder[36m][0m [32mDEBUG[0m [33mWarning: [0m document with this id already exists: 4ff47f6b6bb41e469c0be868 collection: ccstandards
[36m[[0mmongo-db-seeder[36m][0m [32mDEBUG[0m [33mWarning: [0m document with this id already exists: 4ff47f6b6bb41e469c0be869 collection: ccstandards
[36m[[0mmongo-db-seeder[36m][0m [32mDEBUG[0m id specified - insert: 4ff47f6b6bb41e469c0be86c
[36m[[0mmongo-db-seeder[36m][0m [32mDEBUG[0m id specified - insert: 4ff47f6b6bb41e469c0be86c
[36m[[0mmongo-db-seeder[36m][0m [32mDEBUG[0m id specified - insert: 4ff47f6b6bb41e469c0be86d
[36m[[0mmongo-db-seeder[36m][0m [32mDEBUG[0m id specified - insert: 4ff47f6b6bb41e469c0be86e
[36m[[0mmongo-db-seeder[36m][0m [32mDEBUG[0m [33mWarning: [0m document with this id already exists: 4ff47f6b6bb41e469c0be86d collection: ccstandards
[36m[[0mmongo-db-seeder[36m][0m [32mDEBUG[0m id specified - insert: 4ff47f6b6bb41e469c0be86f
[36m[[0mmongo-db-seeder[36m][0m [32mDEBUG[0m [33mWarning: [0m document with this id already exists: 4ff47f6b6bb41e469c0be86e collection: ccstandards
[36m[[0mmongo-db-seeder[36m][0m [32mDEBUG[0m id specified - insert: 4ff47f6b6bb41e469c0be871
[36m[[0mmongo-db-seeder[36m][0m [32mDEBUG[0m [33mWarning: [0m document with this id already exists: 4ff47f6b6bb41e469c0be86f collection: ccstandards
[36m[[0mmongo-db-seeder[36m][0m [32mDEBUG[0m [33mWarning: [0m document with this id already exists: 4ff47f6b6bb41e469c0be871 collection: ccstandards
[36m[[0mmongo-db-seeder[36m][0m [32mDEBUG[0m id specified - insert: 4ff47f6b6bb41e469c0be873
[36m[[0mmongo-db-seeder[36m][0m [32mDEBUG[0m id specified - insert: 4ff47f6b6bb41e469c0be873
[36m[[0mmongo-db-seeder[36m][0m [32mDEBUG[0m id specified - insert: 4ff47f6b6bb41e469c0be875
[36m[[0mmongo-db-seeder[36m][0m [32mDEBUG[0m id specified - insert: 4ff47f6b6bb41e469c0be876
[36m[[0mmongo-db-seeder[36m][0m [32mDEBUG[0m [33mWarning: [0m document with this id already exists: 4ff47f6b6bb41e469c0be875 collection: ccstandards
[36m[[0mmongo-db-seeder[36m][0m [32mDEBUG[0m [33mWarning: [0m document with this id already exists: 4ff47f6b6bb41e469c0be876 collection: ccstandards
[36m[[0mmongo-db-seeder[36m][0m [32mDEBUG[0m id specified - insert: 4ff47f6b6bb41e469c0be877
[36m[[0mmongo-db-seeder[36m][0m [32mDEBUG[0m id specified - insert: 4ff47f6b6bb41e469c0be877
[36m[[0mmongo-db-seeder[36m][0m [32mDEBUG[0m id specified - insert: 4ff47f6b6bb41e469c0be878
[36m[[0mmongo-db-seeder[36m][0m [32mDEBUG[0m id specified - insert: 4ff47f6b6bb41e469c0be878
[36m[[0mmongo-db-seeder[36m][0m [32mDEBUG[0m id specified - insert: 4ff47f6b6bb41e469c0be879
[36m[[0mmongo-db-seeder[36m][0m [32mDEBUG[0m id specified - insert: 4ff47f6b6bb41e469c0be879
[36m[[0mmongo-db-seeder[36m][0m [32mDEBUG[0m id specified - insert: 4ff47f6b6bb41e469c0be87a
[36m[[0mmongo-db-seeder[36m][0m [32mDEBUG[0m id specified - insert: 4ff47f6b6bb41e469c0be87b
[36m[[0mmongo-db-seeder[36m][0m [32mDEBUG[0m [33mWarning: [0m document with this id already exists: 4ff47f6b6bb41e469c0be87a collection: ccstandards
[36m[[0mmongo-db-seeder[36m][0m [32mDEBUG[0m id specified - insert: 4ff47f6b6bb41e469c0be87c
[36m[[0mmongo-db-seeder[36m][0m [32mDEBUG[0m [33mWarning: [0m document with this id already exists: 4ff47f6b6bb41e469c0be87b collection: ccstandards
[36m[[0mmongo-db-seeder[36m][0m [32mDEBUG[0m id specified - insert: 4ff47f6b6bb41e469c0be87c
[36m[[0mmongo-db-seeder[36m][0m [32mDEBUG[0m id specified - insert: 4ff47f6b6bb41e469c0be87d
[36m[[0mmongo-db-seeder[36m][0m [32mDEBUG[0m id specified - insert: 4ff47f6b6bb41e469c0be87d
[36m[[0mmongo-db-seeder[36m][0m [32mDEBUG[0m id specified - insert: 4ff47f6b6bb41e469c0be87e
[36m[[0mmongo-db-seeder[36m][0m [32mDEBUG[0m id specified - insert: 4ff47f6b6bb41e469c0be881
[36m[[0mmongo-db-seeder[36m][0m [32mDEBUG[0m [33mWarning: [0m document with this id already exists: 4ff47f6b6bb41e469c0be87e collection: ccstandards
[36m[[0mmongo-db-seeder[36m][0m [32mDEBUG[0m id specified - insert: 4ff47f6b6bb41e469c0be881
[36m[[0mmongo-db-seeder[36m][0m [32mDEBUG[0m id specified - insert: 4ff47f6b6bb41e469c0be882
[36m[[0mmongo-db-seeder[36m][0m [32mDEBUG[0m id specified - insert: 4ff47f6b6bb41e469c0be883
[36m[[0mmongo-db-seeder[36m][0m [32mDEBUG[0m [33mWarning: [0m document with this id already exists: 4ff47f6b6bb41e469c0be882 collection: ccstandards
[36m[[0mmongo-db-seeder[36m][0m [32mDEBUG[0m id specified - insert: 4ff47f6b6bb41e469c0be884
[36m[[0mmongo-db-seeder[36m][0m [32mDEBUG[0m [33mWarning: [0m document with this id already exists: 4ff47f6b6bb41e469c0be883 collection: ccstandards
[36m[[0mmongo-db-seeder[36m][0m [32mDEBUG[0m id specified - insert: 4ff47f6b6bb41e469c0be885
[36m[[0mmongo-db-seeder[36m][0m [32mDEBUG[0m [33mWarning: [0m document with this id already exists: 4ff47f6b6bb41e469c0be884 collection: ccstandards
[36m[[0mmongo-db-seeder[36m][0m [32mDEBUG[0m [33mWarning: [0m document with this id already exists: 4ff47f6b6bb41e469c0be885 collection: ccstandards
[36m[[0mmongo-db-seeder[36m][0m [32mDEBUG[0m id specified - insert: 4ff47f6b6bb41e469c0be886
[36m[[0mmongo-db-seeder[36m][0m [32mDEBUG[0m id specified - insert: 4ff47f6b6bb41e469c0be886
[36m[[0mmongo-db-seeder[36m][0m [32mDEBUG[0m id specified - insert: 4ff47f6b6bb41e469c0be889
[36m[[0mmongo-db-seeder[36m][0m [32mDEBUG[0m id specified - insert: 4ff47f6b6bb41e469c0be889
[36m[[0mmongo-db-seeder[36m][0m [32mDEBUG[0m id specified - insert: 4ff47f6b6bb41e469c0be88a
[36m[[0mmongo-db-seeder[36m][0m [32mDEBUG[0m id specified - insert: 4ff47f6b6bb41e469c0be88a
[36m[[0mmongo-db-seeder[36m][0m [32mDEBUG[0m id specified - insert: 4ff47f6b6bb41e469c0be88b
[36m[[0mmongo-db-seeder[36m][0m [32mDEBUG[0m id specified - insert: 4ff47f6b6bb41e469c0be88b
[36m[[0mmongo-db-seeder[36m][0m [32mDEBUG[0m id specified - insert: 4ff47f6b6bb41e469c0be88c
[36m[[0mmongo-db-seeder[36m][0m [32mDEBUG[0m id specified - insert: 4ff47f6b6bb41e469c0be88c
[36m[[0mmongo-db-seeder[36m][0m [32mDEBUG[0m id specified - insert: 4ff47f6c6bb41e469c0be892
[36m[[0mmongo-db-seeder[36m][0m [32mDEBUG[0m id specified - insert: 4ff47f6c6bb41e469c0be892
[36m[[0mmongo-db-seeder[36m][0m [32mDEBUG[0m id specified - insert: 4ff47f6c6bb41e469c0be893
[36m[[0mmongo-db-seeder[36m][0m [32mDEBUG[0m id specified - insert: 4ff47f6c6bb41e469c0be893
[36m[[0mmongo-db-seeder[36m][0m [32mDEBUG[0m id specified - insert: 4ff47f6c6bb41e469c0be894
[36m[[0mmongo-db-seeder[36m][0m [32mDEBUG[0m id specified - insert: 4ff47f6c6bb41e469c0be894
[36m[[0mmongo-db-seeder[36m][0m [32mDEBUG[0m id specified - insert: 4ff47f6c6bb41e469c0be896
[36m[[0mmongo-db-seeder[36m][0m [32mDEBUG[0m id specified - insert: 4ff47f6c6bb41e469c0be896
[36m[[0mmongo-db-seeder[36m][0m [32mDEBUG[0m id specified - insert: 4ff47f6c6bb41e469c0be898
[36m[[0mmongo-db-seeder[36m][0m [32mDEBUG[0m id specified - insert: 4ff47f6c6bb41e469c0be898
[36m[[0mmongo-db-seeder[36m][0m [32mDEBUG[0m id specified - insert: 4ff47f6c6bb41e469c0be89a
[36m[[0mmongo-db-seeder[36m][0m [32mDEBUG[0m id specified - insert: 4ff47f6c6bb41e469c0be89a
[36m[[0mmongo-db-seeder[36m][0m [32mDEBUG[0m id specified - insert: 4ff47f6c6bb41e469c0be89d
[36m[[0mmongo-db-seeder[36m][0m [32mDEBUG[0m id specified - insert: 4ff47f6c6bb41e469c0be89d
[36m[[0mmongo-db-seeder[36m][0m [32mDEBUG[0m id specified - insert: 4ff47f6c6bb41e469c0be89f
[36m[[0mmongo-db-seeder[36m][0m [32mDEBUG[0m id specified - insert: 4ff47f6c6bb41e469c0be89f
[36m[[0mmongo-db-seeder[36m][0m [32mDEBUG[0m id specified - insert: 4ff47f6c6bb41e469c0be8a1
[36m[[0mmongo-db-seeder[36m][0m [32mDEBUG[0m id specified - insert: 4ff47f6c6bb41e469c0be8a1
[36m[[0mmongo-db-seeder[36m][0m [32mDEBUG[0m id specified - insert: 4ff47f6c6bb41e469c0be8a2
[36m[[0mmongo-db-seeder[36m][0m [32mDEBUG[0m id specified - insert: 4ff47f6c6bb41e469c0be8a2
[36m[[0mmongo-db-seeder[36m][0m [32mDEBUG[0m id specified - insert: 4ff47f6c6bb41e469c0be8a3
[36m[[0mmongo-db-seeder[36m][0m [32mDEBUG[0m id specified - insert: 4ff47f6c6bb41e469c0be8a5
[36m[[0mmongo-db-seeder[36m][0m [32mDEBUG[0m [33mWarning: [0m document with this id already exists: 4ff47f6c6bb41e469c0be8a3 collection: ccstandards
[36m[[0mmongo-db-seeder[36m][0m [32mDEBUG[0m id specified - insert: 4ff47f6c6bb41e469c0be8a6
[36m[[0mmongo-db-seeder[36m][0m [32mDEBUG[0m [33mWarning: [0m document with this id already exists: 4ff47f6c6bb41e469c0be8a5 collection: ccstandards
[36m[[0mmongo-db-seeder[36m][0m [32mDEBUG[0m id specified - insert: 4ff47f6c6bb41e469c0be8a7
[36m[[0mmongo-db-seeder[36m][0m [32mDEBUG[0m [33mWarning: [0m document with this id already exists: 4ff47f6c6bb41e469c0be8a6 collection: ccstandards
[36m[[0mmongo-db-seeder[36m][0m [32mDEBUG[0m id specified - insert: 4ff47f6c6bb41e469c0be8a8
[36m[[0mmongo-db-seeder[36m][0m [32mDEBUG[0m [33mWarning: [0m document with this id already exists: 4ff47f6c6bb41e469c0be8a7 collection: ccstandards
[36m[[0mmongo-db-seeder[36m][0m [32mDEBUG[0m id specified - insert: 4ff47f6c6bb41e469c0be8a8
[36m[[0mmongo-db-seeder[36m][0m [32mDEBUG[0m id specified - insert: 4ff47f6c6bb41e469c0be8ae
[36m[[0mmongo-db-seeder[36m][0m [32mDEBUG[0m id specified - insert: 4ff47f6c6bb41e469c0be8b0
[36m[[0mmongo-db-seeder[36m][0m [32mDEBUG[0m [33mWarning: [0m document with this id already exists: 4ff47f6c6bb41e469c0be8ae collection: ccstandards
[36m[[0mmongo-db-seeder[36m][0m [32mDEBUG[0m id specified - insert: 4ff47f6c6bb41e469c0be8b4
[36m[[0mmongo-db-seeder[36m][0m [32mDEBUG[0m [33mWarning: [0m document with this id already exists: 4ff47f6c6bb41e469c0be8b0 collection: ccstandards
[36m[[0mmongo-db-seeder[36m][0m [32mDEBUG[0m id specified - insert: 4ff47f6c6bb41e469c0be8b5
[36m[[0mmongo-db-seeder[36m][0m [32mDEBUG[0m [33mWarning: [0m document with this id already exists: 4ff47f6c6bb41e469c0be8b4 collection: ccstandards
[36m[[0mmongo-db-seeder[36m][0m [32mDEBUG[0m [33mWarning: [0m document with this id already exists: 4ff47f6c6bb41e469c0be8b5 collection: ccstandards
[36m[[0mmongo-db-seeder[36m][0m [32mDEBUG[0m id specified - insert: 4ff47f6c6bb41e469c0be8b6
[36m[[0mmongo-db-seeder[36m][0m [32mDEBUG[0m id specified - insert: 4ff47f6c6bb41e469c0be8b6
[36m[[0mmongo-db-seeder[36m][0m [32mDEBUG[0m id specified - insert: 4ff47f6c6bb41e469c0be8bc
[36m[[0mmongo-db-seeder[36m][0m [32mDEBUG[0m id specified - insert: 4ff47f6c6bb41e469c0be8bc
[36m[[0mmongo-db-seeder[36m][0m [32mDEBUG[0m id specified - insert: 4ff47f6c6bb41e469c0be8bd
[36m[[0mmongo-db-seeder[36m][0m [32mDEBUG[0m id specified - insert: 4ff47f6c6bb41e469c0be8c2
[36m[[0mmongo-db-seeder[36m][0m [32mDEBUG[0m [33mWarning: [0m document with this id already exists: 4ff47f6c6bb41e469c0be8bd collection: ccstandards
[36m[[0mmongo-db-seeder[36m][0m [32mDEBUG[0m [33mWarning: [0m document with this id already exists: 4ff47f6c6bb41e469c0be8c2 collection: ccstandards
[36m[[0mmongo-db-seeder[36m][0m [32mDEBUG[0m id specified - insert: 4ff47f6c6bb41e469c0be8c3
[36m[[0mmongo-db-seeder[36m][0m [32mDEBUG[0m id specified - insert: 4ff47f6c6bb41e469c0be8c9
[36m[[0mmongo-db-seeder[36m][0m [32mDEBUG[0m [33mWarning: [0m document with this id already exists: 4ff47f6c6bb41e469c0be8c3 collection: ccstandards
[36m[[0mmongo-db-seeder[36m][0m [32mDEBUG[0m id specified - insert: 4ff47f6c6bb41e469c0be8ca
[36m[[0mmongo-db-seeder[36m][0m [32mDEBUG[0m [33mWarning: [0m document with this id already exists: 4ff47f6c6bb41e469c0be8c9 collection: ccstandards
[36m[[0mmongo-db-seeder[36m][0m [32mDEBUG[0m id specified - insert: 4ff47f6c6bb41e469c0be8cc
[36m[[0mmongo-db-seeder[36m][0m [32mDEBUG[0m [33mWarning: [0m document with this id already exists: 4ff47f6c6bb41e469c0be8ca collection: ccstandards
[36m[[0mmongo-db-seeder[36m][0m [32mDEBUG[0m [33mWarning: [0m document with this id already exists: 4ff47f6c6bb41e469c0be8cc collection: ccstandards
[36m[[0mmongo-db-seeder[36m][0m [32mDEBUG[0m id specified - insert: 4ff47f6c6bb41e469c0be8cd
[36m[[0mmongo-db-seeder[36m][0m [32mDEBUG[0m id specified - insert: 4ff47f6c6bb41e469c0be8cf
[36m[[0mmongo-db-seeder[36m][0m [32mDEBUG[0m [33mWarning: [0m document with this id already exists: 4ff47f6c6bb41e469c0be8cd collection: ccstandards
[36m[[0mmongo-db-seeder[36m][0m [32mDEBUG[0m [33mWarning: [0m document with this id already exists: 4ff47f6c6bb41e469c0be8cf collection: ccstandards
[36m[[0mmongo-db-seeder[36m][0m [32mDEBUG[0m id specified - insert: 4ff47f6c6bb41e469c0be8d0
[36m[[0mmongo-db-seeder[36m][0m [32mDEBUG[0m id specified - insert: 4ff47f6c6bb41e469c0be8d0
[36m[[0mmongo-db-seeder[36m][0m [32mDEBUG[0m id specified - insert: 4ff47f6c6bb41e469c0be8d2
[36m[[0mmongo-db-seeder[36m][0m [32mDEBUG[0m id specified - insert: 4ff47f6c6bb41e469c0be8d3
[36m[[0mmongo-db-seeder[36m][0m [32mDEBUG[0m [33mWarning: [0m document with this id already exists: 4ff47f6c6bb41e469c0be8d2 collection: ccstandards
[36m[[0mmongo-db-seeder[36m][0m [32mDEBUG[0m id specified - insert: 4ff47f6c6bb41e469c0be8d5
[36m[[0mmongo-db-seeder[36m][0m [32mDEBUG[0m [33mWarning: [0m document with this id already exists: 4ff47f6c6bb41e469c0be8d3 collection: ccstandards
[36m[[0mmongo-db-seeder[36m][0m [32mDEBUG[0m id specified - insert: 4ff47f6c6bb41e469c0be8d6
[36m[[0mmongo-db-seeder[36m][0m [32mDEBUG[0m [33mWarning: [0m document with this id already exists: 4ff47f6c6bb41e469c0be8d5 collection: ccstandards
[36m[[0mmongo-db-seeder[36m][0m [32mDEBUG[0m [33mWarning: [0m document with this id already exists: 4ff47f6c6bb41e469c0be8d6 collection: ccstandards
[36m[[0mmongo-db-seeder[36m][0m [32mDEBUG[0m id specified - insert: 4ff47f6c6bb41e469c0be8d7
[36m[[0mmongo-db-seeder[36m][0m [32mDEBUG[0m id specified - insert: 4ff47f6c6bb41e469c0be8d7
[36m[[0mmongo-db-seeder[36m][0m [32mDEBUG[0m id specified - insert: 4ff47f6c6bb41e469c0be8d8
[36m[[0mmongo-db-seeder[36m][0m [32mDEBUG[0m id specified - insert: 4ff47f6c6bb41e469c0be8d9
[36m[[0mmongo-db-seeder[36m][0m [32mDEBUG[0m [33mWarning: [0m document with this id already exists: 4ff47f6c6bb41e469c0be8d8 collection: ccstandards
[36m[[0mmongo-db-seeder[36m][0m [32mDEBUG[0m id specified - insert: 4ff47f6c6bb41e469c0be8da
[36m[[0mmongo-db-seeder[36m][0m [32mDEBUG[0m [33mWarning: [0m document with this id already exists: 4ff47f6c6bb41e469c0be8d9 collection: ccstandards
[36m[[0mmongo-db-seeder[36m][0m [32mDEBUG[0m id specified - insert: 4ff47f6c6bb41e469c0be8db
[36m[[0mmongo-db-seeder[36m][0m [32mDEBUG[0m [33mWarning: [0m document with this id already exists: 4ff47f6c6bb41e469c0be8da collection: ccstandards
[36m[[0mmongo-db-seeder[36m][0m [32mDEBUG[0m [33mWarning: [0m document with this id already exists: 4ff47f6c6bb41e469c0be8db collection: ccstandards
[36m[[0mmongo-db-seeder[36m][0m [32mDEBUG[0m id specified - insert: 4ff47f6c6bb41e469c0be8dd
[36m[[0mmongo-db-seeder[36m][0m [32mDEBUG[0m id specified - insert: 4ff47f6c6bb41e469c0be8dd
[36m[[0mmongo-db-seeder[36m][0m [32mDEBUG[0m id specified - insert: 4ff47f6c6bb41e469c0be8df
[36m[[0mmongo-db-seeder[36m][0m [32mDEBUG[0m [33mWarning: [0m document with this id already exists: 4ff47f6c6bb41e469c0be8df collection: ccstandards
[36m[[0mmongo-db-seeder[36m][0m [32mDEBUG[0m id specified - insert: 4ff47f6c6bb41e469c0be8e0
[36m[[0mmongo-db-seeder[36m][0m [32mDEBUG[0m id specified - insert: 4ff47f6c6bb41e469c0be8e4
[36m[[0mmongo-db-seeder[36m][0m [32mDEBUG[0m [33mWarning: [0m document with this id already exists: 4ff47f6c6bb41e469c0be8e0 collection: ccstandards
[36m[[0mmongo-db-seeder[36m][0m [32mDEBUG[0m id specified - insert: 4ff47f6c6bb41e469c0be8e4
[36m[[0mmongo-db-seeder[36m][0m [32mDEBUG[0m id specified - insert: 4ff47f6c6bb41e469c0be8e6
[36m[[0mmongo-db-seeder[36m][0m [32mDEBUG[0m id specified - insert: 4ff47f6c6bb41e469c0be8e8
[36m[[0mmongo-db-seeder[36m][0m [32mDEBUG[0m [33mWarning: [0m document with this id already exists: 4ff47f6c6bb41e469c0be8e6 collection: ccstandards
[36m[[0mmongo-db-seeder[36m][0m [32mDEBUG[0m id specified - insert: 4ff47f6c6bb41e469c0be8ec
[36m[[0mmongo-db-seeder[36m][0m [32mDEBUG[0m [33mWarning: [0m document with this id already exists: 4ff47f6c6bb41e469c0be8e8 collection: ccstandards
[36m[[0mmongo-db-seeder[36m][0m [32mDEBUG[0m [33mWarning: [0m document with this id already exists: 4ff47f6c6bb41e469c0be8ec collection: ccstandards
[36m[[0mmongo-db-seeder[36m][0m [32mDEBUG[0m id specified - insert: 4ff47f6c6bb41e469c0be8ee
[36m[[0mmongo-db-seeder[36m][0m [32mDEBUG[0m id specified - insert: 4ff47f6c6bb41e469c0be8ee
[36m[[0mmongo-db-seeder[36m][0m [32mDEBUG[0m id specified - insert: 4ff47f6c6bb41e469c0be8ef
[36m[[0mmongo-db-seeder[36m][0m [32mDEBUG[0m id specified - insert: 4ff47f6c6bb41e469c0be8ef
[36m[[0mmongo-db-seeder[36m][0m [32mDEBUG[0m id specified - insert: 4ff47f6c6bb41e469c0be8f3
[36m[[0mmongo-db-seeder[36m][0m [32mDEBUG[0m [33mWarning: [0m document with this id already exists: 4ff47f6c6bb41e469c0be8f3 collection: ccstandards
[36m[[0mmongo-db-seeder[36m][0m [32mDEBUG[0m id specified - insert: 4ff47f6c6bb41e469c0be8f5
[36m[[0mmongo-db-seeder[36m][0m [32mDEBUG[0m id specified - insert: 4ff47f6c6bb41e469c0be8f5
[36m[[0mmongo-db-seeder[36m][0m [32mDEBUG[0m id specified - insert: 4ff47f6c6bb41e469c0be8fa
[36m[[0mmongo-db-seeder[36m][0m [32mDEBUG[0m id specified - insert: 4ff47f6c6bb41e469c0be8fa
[36m[[0mmongo-db-seeder[36m][0m [32mDEBUG[0m id specified - insert: 4ff47f6c6bb41e469c0be8fc
[36m[[0mmongo-db-seeder[36m][0m [32mDEBUG[0m id specified - insert: 4ff47f6c6bb41e469c0be900
[36m[[0mmongo-db-seeder[36m][0m [32mDEBUG[0m [33mWarning: [0m document with this id already exists: 4ff47f6c6bb41e469c0be8fc collection: ccstandards
[36m[[0mmongo-db-seeder[36m][0m [32mDEBUG[0m id specified - insert: 4ff47f6c6bb41e469c0be902
[36m[[0mmongo-db-seeder[36m][0m [32mDEBUG[0m [33mWarning: [0m document with this id already exists: 4ff47f6c6bb41e469c0be900 collection: ccstandards
[36m[[0mmongo-db-seeder[36m][0m [32mDEBUG[0m [33mWarning: [0m document with this id already exists: 4ff47f6c6bb41e469c0be902 collection: ccstandards
[36m[[0mmongo-db-seeder[36m][0m [32mDEBUG[0m id specified - insert: 4ff47f6c6bb41e469c0be903
[36m[[0mmongo-db-seeder[36m][0m [32mDEBUG[0m id specified - insert: 4ff47f6c6bb41e469c0be904
[36m[[0mmongo-db-seeder[36m][0m [32mDEBUG[0m [33mWarning: [0m document with this id already exists: 4ff47f6c6bb41e469c0be903 collection: ccstandards
[36m[[0mmongo-db-seeder[36m][0m [32mDEBUG[0m id specified - insert: 4ff47f6c6bb41e469c0be905
[36m[[0mmongo-db-seeder[36m][0m [32mDEBUG[0m [33mWarning: [0m document with this id already exists: 4ff47f6c6bb41e469c0be904 collection: ccstandards
[36m[[0mmongo-db-seeder[36m][0m [32mDEBUG[0m [33mWarning: [0m document with this id already exists: 4ff47f6c6bb41e469c0be905 collection: ccstandards
[36m[[0mmongo-db-seeder[36m][0m [32mDEBUG[0m id specified - insert: 4ff47f6c6bb41e469c0be906
[36m[[0mmongo-db-seeder[36m][0m [32mDEBUG[0m id specified - insert: 4ff47f6c6bb41e469c0be906
[36m[[0mmongo-db-seeder[36m][0m [32mDEBUG[0m id specified - insert: 4ff47f6c6bb41e469c0be908
[36m[[0mmongo-db-seeder[36m][0m [32mDEBUG[0m id specified - insert: 4ff47f6c6bb41e469c0be908
[36m[[0mmongo-db-seeder[36m][0m [32mDEBUG[0m id specified - insert: 4ff47f6c6bb41e469c0be909
[36m[[0mmongo-db-seeder[36m][0m [32mDEBUG[0m id specified - insert: 4ff47f6c6bb41e469c0be90a
[36m[[0mmongo-db-seeder[36m][0m [32mDEBUG[0m [33mWarning: [0m document with this id already exists: 4ff47f6c6bb41e469c0be909 collection: ccstandards
[36m[[0mmongo-db-seeder[36m][0m [32mDEBUG[0m id specified - insert: 4ff47f6c6bb41e469c0be90c
[36m[[0mmongo-db-seeder[36m][0m [32mDEBUG[0m [33mWarning: [0m document with this id already exists: 4ff47f6c6bb41e469c0be90a collection: ccstandards
[36m[[0mmongo-db-seeder[36m][0m [32mDEBUG[0m [33mWarning: [0m document with this id already exists: 4ff47f6c6bb41e469c0be90c collection: ccstandards
[36m[[0mmongo-db-seeder[36m][0m [32mDEBUG[0m id specified - insert: 4ff47f6c6bb41e469c0be90d
[36m[[0mmongo-db-seeder[36m][0m [32mDEBUG[0m id specified - insert: 4ff47f6c6bb41e469c0be90d
[36m[[0mmongo-db-seeder[36m][0m [32mDEBUG[0m id specified - insert: 4ff47f6c6bb41e469c0be90e
[36m[[0mmongo-db-seeder[36m][0m [32mDEBUG[0m [33mWarning: [0m document with this id already exists: 4ff47f6c6bb41e469c0be90e collection: ccstandards
[36m[[0mmongo-db-seeder[36m][0m [32mDEBUG[0m id specified - insert: 4ff47f6c6bb41e469c0be90f
[36m[[0mmongo-db-seeder[36m][0m [32mDEBUG[0m id specified - insert: 4ff47f6c6bb41e469c0be90f
[36m[[0mmongo-db-seeder[36m][0m [32mDEBUG[0m id specified - insert: 4ff47f6c6bb41e469c0be910
[36m[[0mmongo-db-seeder[36m][0m [32mDEBUG[0m id specified - insert: 4ff47f6c6bb41e469c0be910
[36m[[0mmongo-db-seeder[36m][0m [32mDEBUG[0m id specified - insert: 4ff47f6c6bb41e469c0be912
[36m[[0mmongo-db-seeder[36m][0m [32mDEBUG[0m id specified - insert: 4ff47f6c6bb41e469c0be912
[36m[[0mmongo-db-seeder[36m][0m [32mDEBUG[0m id specified - insert: 4ff47f6c6bb41e469c0be913
[36m[[0mmongo-db-seeder[36m][0m [32mDEBUG[0m id specified - insert: 4ff47f6c6bb41e469c0be917
[36m[[0mmongo-db-seeder[36m][0m [32mDEBUG[0m [33mWarning: [0m document with this id already exists: 4ff47f6c6bb41e469c0be913 collection: ccstandards
[36m[[0mmongo-db-seeder[36m][0m [32mDEBUG[0m id specified - insert: 4ff47f6c6bb41e469c0be918
[36m[[0mmongo-db-seeder[36m][0m [32mDEBUG[0m [33mWarning: [0m document with this id already exists: 4ff47f6c6bb41e469c0be917 collection: ccstandards
[36m[[0mmongo-db-seeder[36m][0m [32mDEBUG[0m [33mWarning: [0m document with this id already exists: 4ff47f6c6bb41e469c0be918 collection: ccstandards
[36m[[0mmongo-db-seeder[36m][0m [32mDEBUG[0m id specified - insert: 4ff47f6c6bb41e469c0be919
[36m[[0mmongo-db-seeder[36m][0m [32mDEBUG[0m id specified - insert: 4ff47f6c6bb41e469c0be919
[36m[[0mmongo-db-seeder[36m][0m [32mDEBUG[0m id specified - insert: 4ff47f6c6bb41e469c0be91a
[36m[[0mmongo-db-seeder[36m][0m [32mDEBUG[0m id specified - insert: 4ff47f6c6bb41e469c0be91c
[36m[[0mmongo-db-seeder[36m][0m [32mDEBUG[0m [33mWarning: [0m document with this id already exists: 4ff47f6c6bb41e469c0be91a collection: ccstandards
[36m[[0mmongo-db-seeder[36m][0m [32mDEBUG[0m [33mWarning: [0m document with this id already exists: 4ff47f6c6bb41e469c0be91c collection: ccstandards
[36m[[0mmongo-db-seeder[36m][0m [32mDEBUG[0m id specified - insert: 4ff47f6c6bb41e469c0be91d
[36m[[0mmongo-db-seeder[36m][0m [32mDEBUG[0m id specified - insert: 4ff47f6c6bb41e469c0be91d
[36m[[0mmongo-db-seeder[36m][0m [32mDEBUG[0m id specified - insert: 4ff47f6c6bb41e469c0be920
[36m[[0mmongo-db-seeder[36m][0m [32mDEBUG[0m id specified - insert: 4ff47f6c6bb41e469c0be920
[36m[[0mmongo-db-seeder[36m][0m [32mDEBUG[0m id specified - insert: 4ff47f6c6bb41e469c0be921
[36m[[0mmongo-db-seeder[36m][0m [32mDEBUG[0m id specified - insert: 4ff47f6c6bb41e469c0be921
[36m[[0mmongo-db-seeder[36m][0m [32mDEBUG[0m id specified - insert: 4ff47f6c6bb41e469c0be922
[36m[[0mmongo-db-seeder[36m][0m [32mDEBUG[0m id specified - insert: 4ff47f6c6bb41e469c0be923
[36m[[0mmongo-db-seeder[36m][0m [32mDEBUG[0m [33mWarning: [0m document with this id already exists: 4ff47f6c6bb41e469c0be922 collection: ccstandards
[36m[[0mmongo-db-seeder[36m][0m [32mDEBUG[0m id specified - insert: 4ff47f6c6bb41e469c0be923
[36m[[0mmongo-db-seeder[36m][0m [32mDEBUG[0m id specified - insert: 4ff47f6c6bb41e469c0be924
[36m[[0mmongo-db-seeder[36m][0m [32mDEBUG[0m id specified - insert: 4ff47f6c6bb41e469c0be926
[36m[[0mmongo-db-seeder[36m][0m [32mDEBUG[0m [33mWarning: [0m document with this id already exists: 4ff47f6c6bb41e469c0be924 collection: ccstandards
[36m[[0mmongo-db-seeder[36m][0m [32mDEBUG[0m id specified - insert: 4ff47f6c6bb41e469c0be927
[36m[[0mmongo-db-seeder[36m][0m [32mDEBUG[0m [33mWarning: [0m document with this id already exists: 4ff47f6c6bb41e469c0be926 collection: ccstandards
[36m[[0mmongo-db-seeder[36m][0m [32mDEBUG[0m id specified - insert: 4ff47f6c6bb41e469c0be92b
[36m[[0mmongo-db-seeder[36m][0m [32mDEBUG[0m [33mWarning: [0m document with this id already exists: 4ff47f6c6bb41e469c0be927 collection: ccstandards
[36m[[0mmongo-db-seeder[36m][0m [32mDEBUG[0m [33mWarning: [0m document with this id already exists: 4ff47f6c6bb41e469c0be92b collection: ccstandards
[36m[[0mmongo-db-seeder[36m][0m [32mDEBUG[0m id specified - insert: 4ff47f6c6bb41e469c0be92c
[36m[[0mmongo-db-seeder[36m][0m [32mDEBUG[0m id specified - insert: 4ff47f6c6bb41e469c0be92c
[36m[[0mmongo-db-seeder[36m][0m [32mDEBUG[0m id specified - insert: 4ff47f6c6bb41e469c0be92d
[36m[[0mmongo-db-seeder[36m][0m [32mDEBUG[0m id specified - insert: 4ff47f6c6bb41e469c0be92d
[36m[[0mmongo-db-seeder[36m][0m [32mDEBUG[0m id specified - insert: 4ff47f6c6bb41e469c0be92e
[36m[[0mmongo-db-seeder[36m][0m [32mDEBUG[0m [33mWarning: [0m document with this id already exists: 4ff47f6c6bb41e469c0be92e collection: ccstandards
[36m[[0mmongo-db-seeder[36m][0m [32mDEBUG[0m id specified - insert: 4ff47f6c6bb41e469c0be930
[36m[[0mmongo-db-seeder[36m][0m [32mDEBUG[0m id specified - insert: 4ff47f6c6bb41e469c0be930
[36m[[0mmongo-db-seeder[36m][0m [32mDEBUG[0m id specified - insert: 4ff47f6c6bb41e469c0be932
[36m[[0mmongo-db-seeder[36m][0m [32mDEBUG[0m id specified - insert: 4ff47f6c6bb41e469c0be936
[36m[[0mmongo-db-seeder[36m][0m [32mDEBUG[0m [33mWarning: [0m document with this id already exists: 4ff47f6c6bb41e469c0be932 collection: ccstandards
[36m[[0mmongo-db-seeder[36m][0m [32mDEBUG[0m id specified - insert: 4ff47f6c6bb41e469c0be938
[36m[[0mmongo-db-seeder[36m][0m [32mDEBUG[0m [33mWarning: [0m document with this id already exists: 4ff47f6c6bb41e469c0be936 collection: ccstandards
[36m[[0mmongo-db-seeder[36m][0m [32mDEBUG[0m [33mWarning: [0m document with this id already exists: 4ff47f6c6bb41e469c0be938 collection: ccstandards
[36m[[0mmongo-db-seeder[36m][0m [32mDEBUG[0m id specified - insert: 4ff47f6c6bb41e469c0be93a
[36m[[0mmongo-db-seeder[36m][0m [32mDEBUG[0m id specified - insert: 4ff47f6c6bb41e469c0be93a
[36m[[0mmongo-db-seeder[36m][0m [32mDEBUG[0m id specified - insert: 4ff47f6c6bb41e469c0be93b
[36m[[0mmongo-db-seeder[36m][0m [32mDEBUG[0m id specified - insert: 4ff47f6c6bb41e469c0be93c
[36m[[0mmongo-db-seeder[36m][0m [32mDEBUG[0m [33mWarning: [0m document with this id already exists: 4ff47f6c6bb41e469c0be93b collection: ccstandards
[36m[[0mmongo-db-seeder[36m][0m [32mDEBUG[0m id specified - insert: 4ff47f6c6bb41e469c0be93e
[36m[[0mmongo-db-seeder[36m][0m [32mDEBUG[0m [33mWarning: [0m document with this id already exists: 4ff47f6c6bb41e469c0be93c collection: ccstandards
[36m[[0mmongo-db-seeder[36m][0m [32mDEBUG[0m [33mWarning: [0m document with this id already exists: 4ff47f6c6bb41e469c0be93e collection: ccstandards
[36m[[0mmongo-db-seeder[36m][0m [32mDEBUG[0m id specified - insert: 4ff47f6c6bb41e469c0be93f
[36m[[0mmongo-db-seeder[36m][0m [32mDEBUG[0m id specified - insert: 4ff47f6c6bb41e469c0be93f
[36m[[0mmongo-db-seeder[36m][0m [32mDEBUG[0m id specified - insert: 4ff47f6c6bb41e469c0be941
[36m[[0mmongo-db-seeder[36m][0m [32mDEBUG[0m id specified - insert: 4ff47f6c6bb41e469c0be941
[36m[[0mmongo-db-seeder[36m][0m [32mDEBUG[0m id specified - insert: 4ff47f6c6bb41e469c0be945
[36m[[0mmongo-db-seeder[36m][0m [32mDEBUG[0m id specified - insert: 4ff47f6c6bb41e469c0be946
[36m[[0mmongo-db-seeder[36m][0m [32mDEBUG[0m [33mWarning: [0m document with this id already exists: 4ff47f6c6bb41e469c0be945 collection: ccstandards
[36m[[0mmongo-db-seeder[36m][0m [32mDEBUG[0m id specified - insert: 4ff47f6c6bb41e469c0be948
[36m[[0mmongo-db-seeder[36m][0m [32mDEBUG[0m [33mWarning: [0m document with this id already exists: 4ff47f6c6bb41e469c0be946 collection: ccstandards
[36m[[0mmongo-db-seeder[36m][0m [32mDEBUG[0m id specified - insert: 4ff47f6c6bb41e469c0be949
[36m[[0mmongo-db-seeder[36m][0m [32mDEBUG[0m [33mWarning: [0m document with this id already exists: 4ff47f6c6bb41e469c0be948 collection: ccstandards
[36m[[0mmongo-db-seeder[36m][0m [32mDEBUG[0m id specified - insert: 4ff47f6c6bb41e469c0be94d
[36m[[0mmongo-db-seeder[36m][0m [32mDEBUG[0m [33mWarning: [0m document with this id already exists: 4ff47f6c6bb41e469c0be949 collection: ccstandards
[36m[[0mmongo-db-seeder[36m][0m [32mDEBUG[0m id specified - insert: 4ff47f6c6bb41e469c0be94e
[36m[[0mmongo-db-seeder[36m][0m [32mDEBUG[0m [33mWarning: [0m document with this id already exists: 4ff47f6c6bb41e469c0be94d collection: ccstandards
[36m[[0mmongo-db-seeder[36m][0m [32mDEBUG[0m id specified - insert: 4ff47f6c6bb41e469c0be950
[36m[[0mmongo-db-seeder[36m][0m [32mDEBUG[0m [33mWarning: [0m document with this id already exists: 4ff47f6c6bb41e469c0be94e collection: ccstandards
[36m[[0mmongo-db-seeder[36m][0m [32mDEBUG[0m id specified - insert: 4ff47f6c6bb41e469c0be952
[36m[[0mmongo-db-seeder[36m][0m [32mDEBUG[0m [33mWarning: [0m document with this id already exists: 4ff47f6c6bb41e469c0be950 collection: ccstandards
[36m[[0mmongo-db-seeder[36m][0m [32mDEBUG[0m id specified - insert: 4ff47f6c6bb41e469c0be952
[36m[[0mmongo-db-seeder[36m][0m [32mDEBUG[0m id specified - insert: 4ff47f6c6bb41e469c0be953
[36m[[0mmongo-db-seeder[36m][0m [32mDEBUG[0m id specified - insert: 4ff47f6c6bb41e469c0be953
[36m[[0mmongo-db-seeder[36m][0m [32mDEBUG[0m id specified - insert: 4ff47f6c6bb41e469c0be956
[36m[[0mmongo-db-seeder[36m][0m [32mDEBUG[0m id specified - insert: 4ff47f6c6bb41e469c0be956
[36m[[0mmongo-db-seeder[36m][0m [32mDEBUG[0m id specified - insert: 4ff47f6c6bb41e469c0be95d
[36m[[0mmongo-db-seeder[36m][0m [32mDEBUG[0m id specified - insert: 4ff47f6c6bb41e469c0be95e
[36m[[0mmongo-db-seeder[36m][0m [32mDEBUG[0m [33mWarning: [0m document with this id already exists: 4ff47f6c6bb41e469c0be95d collection: ccstandards
[36m[[0mmongo-db-seeder[36m][0m [32mDEBUG[0m id specified - insert: 4ff47f6c6bb41e469c0be95e
[36m[[0mmongo-db-seeder[36m][0m [32mDEBUG[0m id specified - insert: 4ff47f6c6bb41e469c0be962
[36m[[0mmongo-db-seeder[36m][0m [32mDEBUG[0m id specified - insert: 4ff47f6c6bb41e469c0be963
[36m[[0mmongo-db-seeder[36m][0m [32mDEBUG[0m [33mWarning: [0m document with this id already exists: 4ff47f6c6bb41e469c0be962 collection: ccstandards
[36m[[0mmongo-db-seeder[36m][0m [32mDEBUG[0m id specified - insert: 4ff47f6c6bb41e469c0be965
[36m[[0mmongo-db-seeder[36m][0m [32mDEBUG[0m [33mWarning: [0m document with this id already exists: 4ff47f6c6bb41e469c0be963 collection: ccstandards
[36m[[0mmongo-db-seeder[36m][0m [32mDEBUG[0m id specified - insert: 4ff47f6c6bb41e469c0be966
[36m[[0mmongo-db-seeder[36m][0m [32mDEBUG[0m [33mWarning: [0m document with this id already exists: 4ff47f6c6bb41e469c0be965 collection: ccstandards
[36m[[0mmongo-db-seeder[36m][0m [32mDEBUG[0m id specified - insert: 4ff47f6c6bb41e469c0be968
[36m[[0mmongo-db-seeder[36m][0m [32mDEBUG[0m [33mWarning: [0m document with this id already exists: 4ff47f6c6bb41e469c0be966 collection: ccstandards
[36m[[0mmongo-db-seeder[36m][0m [32mDEBUG[0m [33mWarning: [0m document with this id already exists: 4ff47f6c6bb41e469c0be968 collection: ccstandards
[36m[[0mmongo-db-seeder[36m][0m [32mDEBUG[0m id specified - insert: 4ff47f6c6bb41e469c0be969
[36m[[0mmongo-db-seeder[36m][0m [32mDEBUG[0m id specified - insert: 4ff47f6c6bb41e469c0be969
[36m[[0mmongo-db-seeder[36m][0m [32mDEBUG[0m id specified - insert: 4ff47f6c6bb41e469c0be96d
[36m[[0mmongo-db-seeder[36m][0m [32mDEBUG[0m id specified - insert: 4ff47f6c6bb41e469c0be970
[36m[[0mmongo-db-seeder[36m][0m [32mDEBUG[0m [33mWarning: [0m document with this id already exists: 4ff47f6c6bb41e469c0be96d collection: ccstandards
[36m[[0mmongo-db-seeder[36m][0m [32mDEBUG[0m id specified - insert: 4ff47f6c6bb41e469c0be971
[36m[[0mmongo-db-seeder[36m][0m [32mDEBUG[0m [33mWarning: [0m document with this id already exists: 4ff47f6c6bb41e469c0be970 collection: ccstandards
[36m[[0mmongo-db-seeder[36m][0m [32mDEBUG[0m [33mWarning: [0m document with this id already exists: 4ff47f6c6bb41e469c0be971 collection: ccstandards
[36m[[0mmongo-db-seeder[36m][0m [32mDEBUG[0m id specified - insert: 4ff47f6c6bb41e469c0be972
[36m[[0mmongo-db-seeder[36m][0m [32mDEBUG[0m id specified - insert: 4ff47f6c6bb41e469c0be974
[36m[[0mmongo-db-seeder[36m][0m [32mDEBUG[0m [33mWarning: [0m document with this id already exists: 4ff47f6c6bb41e469c0be972 collection: ccstandards
[36m[[0mmongo-db-seeder[36m][0m [32mDEBUG[0m id specified - insert: 4ff47f6c6bb41e469c0be975
[36m[[0mmongo-db-seeder[36m][0m [32mDEBUG[0m [33mWarning: [0m document with this id already exists: 4ff47f6c6bb41e469c0be974 collection: ccstandards
[36m[[0mmongo-db-seeder[36m][0m [32mDEBUG[0m id specified - insert: 4ff47f6c6bb41e469c0be977
[36m[[0mmongo-db-seeder[36m][0m [32mDEBUG[0m [33mWarning: [0m document with this id already exists: 4ff47f6c6bb41e469c0be975 collection: ccstandards
[36m[[0mmongo-db-seeder[36m][0m [32mDEBUG[0m id specified - insert: 4ff47f6c6bb41e469c0be97a
[36m[[0mmongo-db-seeder[36m][0m [32mDEBUG[0m [33mWarning: [0m document with this id already exists: 4ff47f6c6bb41e469c0be977 collection: ccstandards
[36m[[0mmongo-db-seeder[36m][0m [32mDEBUG[0m [33mWarning: [0m document with this id already exists: 4ff47f6c6bb41e469c0be97a collection: ccstandards
[36m[[0mmongo-db-seeder[36m][0m [32mDEBUG[0m id specified - insert: 4ff47f6c6bb41e469c0be97e
[36m[[0mmongo-db-seeder[36m][0m [32mDEBUG[0m id specified - insert: 4ff47f6c6bb41e469c0be97e
[36m[[0mmongo-db-seeder[36m][0m [32mDEBUG[0m id specified - insert: 4ff47f6c6bb41e469c0be981
[36m[[0mmongo-db-seeder[36m][0m [32mDEBUG[0m id specified - insert: 4ff47f6c6bb41e469c0be984
[36m[[0mmongo-db-seeder[36m][0m [32mDEBUG[0m [33mWarning: [0m document with this id already exists: 4ff47f6c6bb41e469c0be981 collection: ccstandards
[36m[[0mmongo-db-seeder[36m][0m [32mDEBUG[0m [33mWarning: [0m document with this id already exists: 4ff47f6c6bb41e469c0be984 collection: ccstandards
[36m[[0mmongo-db-seeder[36m][0m [32mDEBUG[0m id specified - insert: 4ff47f6c6bb41e469c0be985
[36m[[0mmongo-db-seeder[36m][0m [32mDEBUG[0m id specified - insert: 4ff47f6c6bb41e469c0be985
[36m[[0mmongo-db-seeder[36m][0m [32mDEBUG[0m id specified - insert: 4ff47f6c6bb41e469c0be986
[36m[[0mmongo-db-seeder[36m][0m [32mDEBUG[0m id specified - insert: 4ff47f6c6bb41e469c0be986
[36m[[0mmongo-db-seeder[36m][0m [32mDEBUG[0m id specified - insert: 4ff47f6c6bb41e469c0be987
[36m[[0mmongo-db-seeder[36m][0m [32mDEBUG[0m id specified - insert: 4ff47f6c6bb41e469c0be988
[36m[[0mmongo-db-seeder[36m][0m [32mDEBUG[0m [33mWarning: [0m document with this id already exists: 4ff47f6c6bb41e469c0be987 collection: ccstandards
[36m[[0mmongo-db-seeder[36m][0m [32mDEBUG[0m id specified - insert: 4ff47f6c6bb41e469c0be989
[36m[[0mmongo-db-seeder[36m][0m [32mDEBUG[0m [33mWarning: [0m document with this id already exists: 4ff47f6c6bb41e469c0be988 collection: ccstandards
[36m[[0mmongo-db-seeder[36m][0m [32mDEBUG[0m id specified - insert: 4ff47f6c6bb41e469c0be98a
[36m[[0mmongo-db-seeder[36m][0m [32mDEBUG[0m [33mWarning: [0m document with this id already exists: 4ff47f6c6bb41e469c0be989 collection: ccstandards
[36m[[0mmongo-db-seeder[36m][0m [32mDEBUG[0m id specified - insert: 4ff47f6c6bb41e469c0be98b
[36m[[0mmongo-db-seeder[36m][0m [32mDEBUG[0m [33mWarning: [0m document with this id already exists: 4ff47f6c6bb41e469c0be98a collection: ccstandards
[36m[[0mmongo-db-seeder[36m][0m [32mDEBUG[0m id specified - insert: 4ff47f6c6bb41e469c0be98c
[36m[[0mmongo-db-seeder[36m][0m [32mDEBUG[0m [33mWarning: [0m document with this id already exists: 4ff47f6c6bb41e469c0be98b collection: ccstandards
[36m[[0mmongo-db-seeder[36m][0m [32mDEBUG[0m [33mWarning: [0m document with this id already exists: 4ff47f6c6bb41e469c0be98c collection: ccstandards
[36m[[0mmongo-db-seeder[36m][0m [32mDEBUG[0m id specified - insert: 4ff47f6c6bb41e469c0be98e
[36m[[0mmongo-db-seeder[36m][0m [32mDEBUG[0m id specified - insert: 4ff47f6c6bb41e469c0be98e
[36m[[0mmongo-db-seeder[36m][0m [32mDEBUG[0m id specified - insert: 4ff47f6c6bb41e469c0be98f
[36m[[0mmongo-db-seeder[36m][0m [32mDEBUG[0m id specified - insert: 4ff47f6c6bb41e469c0be98f
[36m[[0mmongo-db-seeder[36m][0m [32mDEBUG[0m id specified - insert: 4ff47f6c6bb41e469c0be990
[36m[[0mmongo-db-seeder[36m][0m [32mDEBUG[0m id specified - insert: 4ff47f6c6bb41e469c0be990
[36m[[0mmongo-db-seeder[36m][0m [32mDEBUG[0m id specified - insert: 4ff47f6c6bb41e469c0be991
[36m[[0mmongo-db-seeder[36m][0m [32mDEBUG[0m id specified - insert: 4ff47f6c6bb41e469c0be991
[36m[[0mmongo-db-seeder[36m][0m [32mDEBUG[0m id specified - insert: 4ff47f6c6bb41e469c0be992
[36m[[0mmongo-db-seeder[36m][0m [32mDEBUG[0m id specified - insert: 4ff47f6c6bb41e469c0be992
[36m[[0mmongo-db-seeder[36m][0m [32mDEBUG[0m id specified - insert: 4ff47f6c6bb41e469c0be993
[36m[[0mmongo-db-seeder[36m][0m [32mDEBUG[0m id specified - insert: 4ff47f6c6bb41e469c0be993
[36m[[0mmongo-db-seeder[36m][0m [32mDEBUG[0m id specified - insert: 4ff47f6c6bb41e469c0be994
[36m[[0mmongo-db-seeder[36m][0m [32mDEBUG[0m id specified - insert: 4ff47f6c6bb41e469c0be994
[36m[[0mmongo-db-seeder[36m][0m [32mDEBUG[0m id specified - insert: 4ff47f6c6bb41e469c0be996
[36m[[0mmongo-db-seeder[36m][0m [32mDEBUG[0m id specified - insert: 4ff47f6c6bb41e469c0be996
[36m[[0mmongo-db-seeder[36m][0m [32mDEBUG[0m id specified - insert: 4ff47f6c6bb41e469c0be998
[36m[[0mmongo-db-seeder[36m][0m [32mDEBUG[0m id specified - insert: 4ff47f6c6bb41e469c0be998
[36m[[0mmongo-db-seeder[36m][0m [32mDEBUG[0m id specified - insert: 4ff47f6c6bb41e469c0be999
[36m[[0mmongo-db-seeder[36m][0m [32mDEBUG[0m id specified - insert: 4ff47f6c6bb41e469c0be999
[36m[[0mmongo-db-seeder[36m][0m [32mDEBUG[0m id specified - insert: 4ff47f6c6bb41e469c0be99a
[36m[[0mmongo-db-seeder[36m][0m [32mDEBUG[0m id specified - insert: 4ff47f6c6bb41e469c0be99e
[36m[[0mmongo-db-seeder[36m][0m [32mDEBUG[0m [33mWarning: [0m document with this id already exists: 4ff47f6c6bb41e469c0be99a collection: ccstandards
[36m[[0mmongo-db-seeder[36m][0m [32mDEBUG[0m id specified - insert: 4ff47f6c6bb41e469c0be9a0
[36m[[0mmongo-db-seeder[36m][0m [32mDEBUG[0m [33mWarning: [0m document with this id already exists: 4ff47f6c6bb41e469c0be99e collection: ccstandards
[36m[[0mmongo-db-seeder[36m][0m [32mDEBUG[0m [33mWarning: [0m document with this id already exists: 4ff47f6c6bb41e469c0be9a0 collection: ccstandards
[36m[[0mmongo-db-seeder[36m][0m [32mDEBUG[0m id specified - insert: 4ff47f6c6bb41e469c0be9a2
[36m[[0mmongo-db-seeder[36m][0m [32mDEBUG[0m id specified - insert: 4ff47f6c6bb41e469c0be9a2
[36m[[0mmongo-db-seeder[36m][0m [32mDEBUG[0m id specified - insert: 4ff47f6c6bb41e469c0be9a3
[36m[[0mmongo-db-seeder[36m][0m [32mDEBUG[0m id specified - insert: 4ff47f6c6bb41e469c0be9a4
[36m[[0mmongo-db-seeder[36m][0m [32mDEBUG[0m [33mWarning: [0m document with this id already exists: 4ff47f6c6bb41e469c0be9a3 collection: ccstandards
[36m[[0mmongo-db-seeder[36m][0m [32mDEBUG[0m [33mWarning: [0m document with this id already exists: 4ff47f6c6bb41e469c0be9a4 collection: ccstandards
[36m[[0mmongo-db-seeder[36m][0m [32mDEBUG[0m id specified - insert: 4ff47f6c6bb41e469c0be9a6
[36m[[0mmongo-db-seeder[36m][0m [32mDEBUG[0m id specified - insert: 4ff47f6c6bb41e469c0be9a6
[36m[[0mmongo-db-seeder[36m][0m [32mDEBUG[0m id specified - insert: 4ff47f6c6bb41e469c0be9a8
[36m[[0mmongo-db-seeder[36m][0m [32mDEBUG[0m id specified - insert: 4ff47f6c6bb41e469c0be9a9
[36m[[0mmongo-db-seeder[36m][0m [32mDEBUG[0m [33mWarning: [0m document with this id already exists: 4ff47f6c6bb41e469c0be9a8 collection: ccstandards
[36m[[0mmongo-db-seeder[36m][0m [32mDEBUG[0m id specified - insert: 4ff47f6c6bb41e469c0be9aa
[36m[[0mmongo-db-seeder[36m][0m [32mDEBUG[0m [33mWarning: [0m document with this id already exists: 4ff47f6c6bb41e469c0be9a9 collection: ccstandards
[36m[[0mmongo-db-seeder[36m][0m [32mDEBUG[0m id specified - insert: 4ff47f6c6bb41e469c0be9ac
[36m[[0mmongo-db-seeder[36m][0m [32mDEBUG[0m [33mWarning: [0m document with this id already exists: 4ff47f6c6bb41e469c0be9aa collection: ccstandards
[36m[[0mmongo-db-seeder[36m][0m [32mDEBUG[0m [33mWarning: [0m document with this id already exists: 4ff47f6c6bb41e469c0be9ac collection: ccstandards
[36m[[0mmongo-db-seeder[36m][0m [32mDEBUG[0m id specified - insert: 4ff47f6c6bb41e469c0be9b0
[36m[[0mmongo-db-seeder[36m][0m [32mDEBUG[0m id specified - insert: 4ff47f6c6bb41e469c0be9b2
[36m[[0mmongo-db-seeder[36m][0m [32mDEBUG[0m [33mWarning: [0m document with this id already exists: 4ff47f6c6bb41e469c0be9b0 collection: ccstandards
[36m[[0mmongo-db-seeder[36m][0m [32mDEBUG[0m id specified - insert: 4ff47f6c6bb41e469c0be9b4
[36m[[0mmongo-db-seeder[36m][0m [32mDEBUG[0m [33mWarning: [0m document with this id already exists: 4ff47f6c6bb41e469c0be9b2 collection: ccstandards
[36m[[0mmongo-db-seeder[36m][0m [32mDEBUG[0m [33mWarning: [0m document with this id already exists: 4ff47f6c6bb41e469c0be9b4 collection: ccstandards
[36m[[0mmongo-db-seeder[36m][0m [32mDEBUG[0m id specified - insert: 4ff47f6c6bb41e469c0be9b6
[36m[[0mmongo-db-seeder[36m][0m [32mDEBUG[0m id specified - insert: 4ff47f6c6bb41e469c0be9b6
[36m[[0mmongo-db-seeder[36m][0m [32mDEBUG[0m id specified - insert: 4ff47f6c6bb41e469c0be9b7
[36m[[0mmongo-db-seeder[36m][0m [32mDEBUG[0m id specified - insert: 4ff47f6c6bb41e469c0be9b7
[36m[[0mmongo-db-seeder[36m][0m [32mDEBUG[0m id specified - insert: 4ff47f6c6bb41e469c0be9b8
[36m[[0mmongo-db-seeder[36m][0m [32mDEBUG[0m [33mWarning: [0m document with this id already exists: 4ff47f6c6bb41e469c0be9b8 collection: ccstandards
[36m[[0mmongo-db-seeder[36m][0m [32mDEBUG[0m id specified - insert: 4ff47f6c6bb41e469c0be9ba
[36m[[0mmongo-db-seeder[36m][0m [32mDEBUG[0m id specified - insert: 4ff47f6c6bb41e469c0be9ba
[36m[[0mmongo-db-seeder[36m][0m [32mDEBUG[0m id specified - insert: 4ff47f6c6bb41e469c0be9bc
[36m[[0mmongo-db-seeder[36m][0m [32mDEBUG[0m id specified - insert: 4ff47f6c6bb41e469c0be9bc
[36m[[0mmongo-db-seeder[36m][0m [32mDEBUG[0m id specified - insert: 4ff47f6c6bb41e469c0be9bd
[36m[[0mmongo-db-seeder[36m][0m [32mDEBUG[0m id specified - insert: 4ff47f6c6bb41e469c0be9be
[36m[[0mmongo-db-seeder[36m][0m [32mDEBUG[0m [33mWarning: [0m document with this id already exists: 4ff47f6c6bb41e469c0be9bd collection: ccstandards
[36m[[0mmongo-db-seeder[36m][0m [32mDEBUG[0m id specified - insert: 4ff47f6c6bb41e469c0be9c1
[36m[[0mmongo-db-seeder[36m][0m [32mDEBUG[0m [33mWarning: [0m document with this id already exists: 4ff47f6c6bb41e469c0be9be collection: ccstandards
[36m[[0mmongo-db-seeder[36m][0m [32mDEBUG[0m id specified - insert: 4ff47f6c6bb41e469c0be9c2
[36m[[0mmongo-db-seeder[36m][0m [32mDEBUG[0m [33mWarning: [0m document with this id already exists: 4ff47f6c6bb41e469c0be9c1 collection: ccstandards
[36m[[0mmongo-db-seeder[36m][0m [32mDEBUG[0m id specified - insert: 4ff47f6c6bb41e469c0be9c6
[36m[[0mmongo-db-seeder[36m][0m [32mDEBUG[0m [33mWarning: [0m document with this id already exists: 4ff47f6c6bb41e469c0be9c2 collection: ccstandards
[36m[[0mmongo-db-seeder[36m][0m [32mDEBUG[0m id specified - insert: 4ff47f6c6bb41e469c0be9c7
[36m[[0mmongo-db-seeder[36m][0m [32mDEBUG[0m [33mWarning: [0m document with this id already exists: 4ff47f6c6bb41e469c0be9c6 collection: ccstandards
[36m[[0mmongo-db-seeder[36m][0m [32mDEBUG[0m id specified - insert: 4ff47f6c6bb41e469c0be9cb
[36m[[0mmongo-db-seeder[36m][0m [32mDEBUG[0m [33mWarning: [0m document with this id already exists: 4ff47f6c6bb41e469c0be9c7 collection: ccstandards
[36m[[0mmongo-db-seeder[36m][0m [32mDEBUG[0m id specified - insert: 4ff47f6c6bb41e469c0be9ce
[36m[[0mmongo-db-seeder[36m][0m [32mDEBUG[0m [33mWarning: [0m document with this id already exists: 4ff47f6c6bb41e469c0be9cb collection: ccstandards
[36m[[0mmongo-db-seeder[36m][0m [32mDEBUG[0m id specified - insert: 4ff47f6c6bb41e469c0be9d0
[36m[[0mmongo-db-seeder[36m][0m [32mDEBUG[0m [33mWarning: [0m document with this id already exists: 4ff47f6c6bb41e469c0be9ce collection: ccstandards
[36m[[0mmongo-db-seeder[36m][0m [32mDEBUG[0m [33mWarning: [0m document with this id already exists: 4ff47f6c6bb41e469c0be9d0 collection: ccstandards
[36m[[0mmongo-db-seeder[36m][0m [32mDEBUG[0m id specified - insert: 4ff47f6c6bb41e469c0be9d3
[36m[[0mmongo-db-seeder[36m][0m [32mDEBUG[0m id specified - insert: 4ff47f6c6bb41e469c0be9d3
[36m[[0mmongo-db-seeder[36m][0m [32mDEBUG[0m id specified - insert: 4ff47f6c6bb41e469c0be9d4
[36m[[0mmongo-db-seeder[36m][0m [32mDEBUG[0m [33mWarning: [0m document with this id already exists: 4ff47f6c6bb41e469c0be9d4 collection: ccstandards
[36m[[0mmongo-db-seeder[36m][0m [32mDEBUG[0m id specified - insert: 4ff47f6c6bb41e469c0be9d6
[36m[[0mmongo-db-seeder[36m][0m [32mDEBUG[0m id specified - insert: 4ff47f6c6bb41e469c0be9d6
[36m[[0mmongo-db-seeder[36m][0m [32mDEBUG[0m id specified - insert: 4ff47f6c6bb41e469c0be9da
[36m[[0mmongo-db-seeder[36m][0m [32mDEBUG[0m id specified - insert: 4ff47f6c6bb41e469c0be9da
[36m[[0mmongo-db-seeder[36m][0m [32mDEBUG[0m id specified - insert: 4ff47f6c6bb41e469c0be9dc
[36m[[0mmongo-db-seeder[36m][0m [32mDEBUG[0m id specified - insert: 4ff47f6c6bb41e469c0be9de
[36m[[0mmongo-db-seeder[36m][0m [32mDEBUG[0m [33mWarning: [0m document with this id already exists: 4ff47f6c6bb41e469c0be9dc collection: ccstandards
[36m[[0mmongo-db-seeder[36m][0m [32mDEBUG[0m [33mWarning: [0m document with this id already exists: 4ff47f6c6bb41e469c0be9de collection: ccstandards
[36m[[0mmongo-db-seeder[36m][0m [32mDEBUG[0m id specified - insert: 4ff47f6c6bb41e469c0be9df
[36m[[0mmongo-db-seeder[36m][0m [32mDEBUG[0m id specified - insert: 4ff47f6c6bb41e469c0be9df
[36m[[0mmongo-db-seeder[36m][0m [32mDEBUG[0m id specified - insert: 4ff47f6d6bb41e469c0be9e8
[36m[[0mmongo-db-seeder[36m][0m [32mDEBUG[0m id specified - insert: 4ff47f6d6bb41e469c0be9eb
[36m[[0mmongo-db-seeder[36m][0m [32mDEBUG[0m [33mWarning: [0m document with this id already exists: 4ff47f6d6bb41e469c0be9e8 collection: ccstandards
[36m[[0mmongo-db-seeder[36m][0m [32mDEBUG[0m id specified - insert: 4ff47f6d6bb41e469c0be9f1
[36m[[0mmongo-db-seeder[36m][0m [32mDEBUG[0m [33mWarning: [0m document with this id already exists: 4ff47f6d6bb41e469c0be9eb collection: ccstandards
[36m[[0mmongo-db-seeder[36m][0m [32mDEBUG[0m id specified - insert: 4ff47f6d6bb41e469c0be9f3
[36m[[0mmongo-db-seeder[36m][0m [32mDEBUG[0m [33mWarning: [0m document with this id already exists: 4ff47f6d6bb41e469c0be9f1 collection: ccstandards
[36m[[0mmongo-db-seeder[36m][0m [32mDEBUG[0m id specified - insert: 4ff47f6d6bb41e469c0be9f4
[36m[[0mmongo-db-seeder[36m][0m [32mDEBUG[0m [33mWarning: [0m document with this id already exists: 4ff47f6d6bb41e469c0be9f3 collection: ccstandards
[36m[[0mmongo-db-seeder[36m][0m [32mDEBUG[0m id specified - insert: 4ff47f6d6bb41e469c0be9f5
[36m[[0mmongo-db-seeder[36m][0m [32mDEBUG[0m [33mWarning: [0m document with this id already exists: 4ff47f6d6bb41e469c0be9f4 collection: ccstandards
[36m[[0mmongo-db-seeder[36m][0m [32mDEBUG[0m [33mWarning: [0m document with this id already exists: 4ff47f6d6bb41e469c0be9f5 collection: ccstandards
[36m[[0mmongo-db-seeder[36m][0m [32mDEBUG[0m id specified - insert: 4ff47f6d6bb41e469c0be9fb
[36m[[0mmongo-db-seeder[36m][0m [32mDEBUG[0m id specified - insert: 4ff47f6d6bb41e469c0be9fb
[36m[[0mmongo-db-seeder[36m][0m [32mDEBUG[0m id specified - insert: 4ff47f6d6bb41e469c0be9fe
[36m[[0mmongo-db-seeder[36m][0m [32mDEBUG[0m id specified - insert: 4ff47f6d6bb41e469c0be9ff
[36m[[0mmongo-db-seeder[36m][0m [32mDEBUG[0m [33mWarning: [0m document with this id already exists: 4ff47f6d6bb41e469c0be9fe collection: ccstandards
[36m[[0mmongo-db-seeder[36m][0m [32mDEBUG[0m id specified - insert: 4ff47f6d6bb41e469c0bea00
[36m[[0mmongo-db-seeder[36m][0m [32mDEBUG[0m [33mWarning: [0m document with this id already exists: 4ff47f6d6bb41e469c0be9ff collection: ccstandards
[36m[[0mmongo-db-seeder[36m][0m [32mDEBUG[0m id specified - insert: 4ff47f6d6bb41e469c0bea01
[36m[[0mmongo-db-seeder[36m][0m [32mDEBUG[0m [33mWarning: [0m document with this id already exists: 4ff47f6d6bb41e469c0bea00 collection: ccstandards
[36m[[0mmongo-db-seeder[36m][0m [32mDEBUG[0m id specified - insert: 4ff47f6d6bb41e469c0bea02
[36m[[0mmongo-db-seeder[36m][0m [32mDEBUG[0m [33mWarning: [0m document with this id already exists: 4ff47f6d6bb41e469c0bea01 collection: ccstandards
[36m[[0mmongo-db-seeder[36m][0m [32mDEBUG[0m id specified - insert: 4ff47f6d6bb41e469c0bea03
[36m[[0mmongo-db-seeder[36m][0m [32mDEBUG[0m [33mWarning: [0m document with this id already exists: 4ff47f6d6bb41e469c0bea02 collection: ccstandards
[36m[[0mmongo-db-seeder[36m][0m [32mDEBUG[0m [33mWarning: [0m document with this id already exists: 4ff47f6d6bb41e469c0bea03 collection: ccstandards
[36m[[0mmongo-db-seeder[36m][0m [32mDEBUG[0m id specified - insert: 4ff47f6d6bb41e469c0bea05
[36m[[0mmongo-db-seeder[36m][0m [32mDEBUG[0m id specified - insert: 4ff47f6d6bb41e469c0bea05
[36m[[0mmongo-db-seeder[36m][0m [32mDEBUG[0m id specified - insert: 4ff47f6d6bb41e469c0bea06
[36m[[0mmongo-db-seeder[36m][0m [32mDEBUG[0m id specified - insert: 4ff47f6d6bb41e469c0bea07
[36m[[0mmongo-db-seeder[36m][0m [32mDEBUG[0m [33mWarning: [0m document with this id already exists: 4ff47f6d6bb41e469c0bea06 collection: ccstandards
[36m[[0mmongo-db-seeder[36m][0m [32mDEBUG[0m id specified - insert: 4ff47f6d6bb41e469c0bea08
[36m[[0mmongo-db-seeder[36m][0m [32mDEBUG[0m [33mWarning: [0m document with this id already exists: 4ff47f6d6bb41e469c0bea07 collection: ccstandards
[36m[[0mmongo-db-seeder[36m][0m [32mDEBUG[0m [33mWarning: [0m document with this id already exists: 4ff47f6d6bb41e469c0bea08 collection: ccstandards
[36m[[0mmongo-db-seeder[36m][0m [32mDEBUG[0m id specified - insert: 4ff47f6d6bb41e469c0bea09
[36m[[0mmongo-db-seeder[36m][0m [32mDEBUG[0m id specified - insert: 4ff47f6d6bb41e469c0bea09
[36m[[0mmongo-db-seeder[36m][0m [32mDEBUG[0m id specified - insert: 4ff47f6d6bb41e469c0bea0a
[36m[[0mmongo-db-seeder[36m][0m [32mDEBUG[0m id specified - insert: 4ff47f6d6bb41e469c0bea0a
[36m[[0mmongo-db-seeder[36m][0m [32mDEBUG[0m id specified - insert: 4ff47f6d6bb41e469c0bea0b
[36m[[0mmongo-db-seeder[36m][0m [32mDEBUG[0m id specified - insert: 4ff47f6d6bb41e469c0bea0b
[36m[[0mmongo-db-seeder[36m][0m [32mDEBUG[0m id specified - insert: 4ff47f6d6bb41e469c0bea0c
[36m[[0mmongo-db-seeder[36m][0m [32mDEBUG[0m id specified - insert: 4ff47f6d6bb41e469c0bea0c
[36m[[0mmongo-db-seeder[36m][0m [32mDEBUG[0m id specified - insert: 4ff47f6d6bb41e469c0bea0d
[36m[[0mmongo-db-seeder[36m][0m [32mDEBUG[0m id specified - insert: 4ff47f6d6bb41e469c0bea0d
[36m[[0mmongo-db-seeder[36m][0m [32mDEBUG[0m id specified - insert: 4ff47f6d6bb41e469c0bea0e
[36m[[0mmongo-db-seeder[36m][0m [32mDEBUG[0m id specified - insert: 4ff47f6d6bb41e469c0bea0e
[36m[[0mmongo-db-seeder[36m][0m [32mDEBUG[0m id specified - insert: 4ff47f6d6bb41e469c0bea0f
[36m[[0mmongo-db-seeder[36m][0m [32mDEBUG[0m id specified - insert: 4ff47f6d6bb41e469c0bea0f
[36m[[0mmongo-db-seeder[36m][0m [32mDEBUG[0m id specified - insert: 4ff47f6d6bb41e469c0bea10
[36m[[0mmongo-db-seeder[36m][0m [32mDEBUG[0m id specified - insert: 4ff47f6d6bb41e469c0bea10
[36m[[0mmongo-db-seeder[36m][0m [32mDEBUG[0m id specified - insert: 4ff47f6d6bb41e469c0bea11
[36m[[0mmongo-db-seeder[36m][0m [32mDEBUG[0m id specified - insert: 4ff47f6d6bb41e469c0bea11
[36m[[0mmongo-db-seeder[36m][0m [32mDEBUG[0m id specified - insert: 4ff47f6d6bb41e469c0bea12
[36m[[0mmongo-db-seeder[36m][0m [32mDEBUG[0m id specified - insert: 4ff47f6d6bb41e469c0bea12
[36m[[0mmongo-db-seeder[36m][0m [32mDEBUG[0m id specified - insert: 4ff47f6d6bb41e469c0bea13
[36m[[0mmongo-db-seeder[36m][0m [32mDEBUG[0m id specified - insert: 4ff47f6d6bb41e469c0bea13
[36m[[0mmongo-db-seeder[36m][0m [32mDEBUG[0m id specified - insert: 4ff47f6d6bb41e469c0bea14
[36m[[0mmongo-db-seeder[36m][0m [32mDEBUG[0m id specified - insert: 4ff47f6d6bb41e469c0bea14
[36m[[0mmongo-db-seeder[36m][0m [32mDEBUG[0m id specified - insert: 4ff47f6d6bb41e469c0bea15
[36m[[0mmongo-db-seeder[36m][0m [32mDEBUG[0m id specified - insert: 4ff47f6d6bb41e469c0bea15
[36m[[0mmongo-db-seeder[36m][0m [32mDEBUG[0m id specified - insert: 4ff47f6d6bb41e469c0bea17
[36m[[0mmongo-db-seeder[36m][0m [32mDEBUG[0m id specified - insert: 4ff47f6d6bb41e469c0bea17
[36m[[0mmongo-db-seeder[36m][0m [32mDEBUG[0m id specified - insert: 4ff47f6d6bb41e469c0bea19
[36m[[0mmongo-db-seeder[36m][0m [32mDEBUG[0m id specified - insert: 4ff47f6d6bb41e469c0bea19
[36m[[0mmongo-db-seeder[36m][0m [32mDEBUG[0m id specified - insert: 4ff47f6d6bb41e469c0bea1a
[36m[[0mmongo-db-seeder[36m][0m [32mDEBUG[0m [33mWarning: [0m document with this id already exists: 4ff47f6d6bb41e469c0bea1a collection: ccstandards
[36m[[0mmongo-db-seeder[36m][0m [32mDEBUG[0m id specified - insert: 4ff47f6d6bb41e469c0bea1b
[36m[[0mmongo-db-seeder[36m][0m [32mDEBUG[0m id specified - insert: 4ff47f6d6bb41e469c0bea1c
[36m[[0mmongo-db-seeder[36m][0m [32mDEBUG[0m [33mWarning: [0m document with this id already exists: 4ff47f6d6bb41e469c0bea1b collection: ccstandards
[36m[[0mmongo-db-seeder[36m][0m [32mDEBUG[0m id specified - insert: 4ff47f6d6bb41e469c0bea1e
[36m[[0mmongo-db-seeder[36m][0m [32mDEBUG[0m [33mWarning: [0m document with this id already exists: 4ff47f6d6bb41e469c0bea1c collection: ccstandards
[36m[[0mmongo-db-seeder[36m][0m [32mDEBUG[0m id specified - insert: 4ff47f6d6bb41e469c0bea1f
[36m[[0mmongo-db-seeder[36m][0m [32mDEBUG[0m [33mWarning: [0m document with this id already exists: 4ff47f6d6bb41e469c0bea1e collection: ccstandards
[36m[[0mmongo-db-seeder[36m][0m [32mDEBUG[0m id specified - insert: 4ff47f6d6bb41e469c0bea20
[36m[[0mmongo-db-seeder[36m][0m [32mDEBUG[0m [33mWarning: [0m document with this id already exists: 4ff47f6d6bb41e469c0bea1f collection: ccstandards
[36m[[0mmongo-db-seeder[36m][0m [32mDEBUG[0m [33mWarning: [0m document with this id already exists: 4ff47f6d6bb41e469c0bea20 collection: ccstandards
[36m[[0mmongo-db-seeder[36m][0m [32mDEBUG[0m id specified - insert: 4ff47f6d6bb41e469c0bea21
[36m[[0mmongo-db-seeder[36m][0m [32mDEBUG[0m id specified - insert: 4ff47f6d6bb41e469c0bea21
[36m[[0mmongo-db-seeder[36m][0m [32mDEBUG[0m id specified - insert: 4ff47f6d6bb41e469c0bea22
[36m[[0mmongo-db-seeder[36m][0m [32mDEBUG[0m id specified - insert: 4ff47f6d6bb41e469c0bea22
[36m[[0mmongo-db-seeder[36m][0m [32mDEBUG[0m id specified - insert: 4ff47f6d6bb41e469c0bea23
[36m[[0mmongo-db-seeder[36m][0m [32mDEBUG[0m [33mWarning: [0m document with this id already exists: 4ff47f6d6bb41e469c0bea23 collection: ccstandards
[36m[[0mmongo-db-seeder[36m][0m [32mDEBUG[0m id specified - insert: 4ff47f6d6bb41e469c0bea24
[36m[[0mmongo-db-seeder[36m][0m [32mDEBUG[0m id specified - insert: 4ff47f6d6bb41e469c0bea24
[36m[[0mmongo-db-seeder[36m][0m [32mDEBUG[0m id specified - insert: 4ff47f6d6bb41e469c0bea25
[36m[[0mmongo-db-seeder[36m][0m [32mDEBUG[0m id specified - insert: 4ff47f6d6bb41e469c0bea25
[36m[[0mmongo-db-seeder[36m][0m [32mDEBUG[0m id specified - insert: 4ff47f6d6bb41e469c0bea26
[36m[[0mmongo-db-seeder[36m][0m [32mDEBUG[0m id specified - insert: 4ff47f6d6bb41e469c0bea26
[36m[[0mmongo-db-seeder[36m][0m [32mDEBUG[0m id specified - insert: 4ff47f6d6bb41e469c0bea27
[36m[[0mmongo-db-seeder[36m][0m [32mDEBUG[0m id specified - insert: 4ff47f6d6bb41e469c0bea27
[36m[[0mmongo-db-seeder[36m][0m [32mDEBUG[0m id specified - insert: 4ff47f6d6bb41e469c0bea28
[36m[[0mmongo-db-seeder[36m][0m [32mDEBUG[0m id specified - insert: 4ff47f6d6bb41e469c0bea28
[36m[[0mmongo-db-seeder[36m][0m [32mDEBUG[0m id specified - insert: 4ff47f6d6bb41e469c0bea29
[36m[[0mmongo-db-seeder[36m][0m [32mDEBUG[0m id specified - insert: 4ff47f6d6bb41e469c0bea29
[36m[[0mmongo-db-seeder[36m][0m [32mDEBUG[0m id specified - insert: 4ff47f6d6bb41e469c0bea2a
[36m[[0mmongo-db-seeder[36m][0m [32mDEBUG[0m id specified - insert: 4ff47f6d6bb41e469c0bea2a
[36m[[0mmongo-db-seeder[36m][0m [32mDEBUG[0m id specified - insert: 4ff47f6d6bb41e469c0bea2b
[36m[[0mmongo-db-seeder[36m][0m [32mDEBUG[0m id specified - insert: 4ff47f6d6bb41e469c0bea2b
[36m[[0mmongo-db-seeder[36m][0m [32mDEBUG[0m id specified - insert: 4ff47f6d6bb41e469c0bea2c
[36m[[0mmongo-db-seeder[36m][0m [32mDEBUG[0m id specified - insert: 4ff47f6d6bb41e469c0bea2c
[36m[[0mmongo-db-seeder[36m][0m [32mDEBUG[0m id specified - insert: 4ff47f6d6bb41e469c0bea30
[36m[[0mmongo-db-seeder[36m][0m [32mDEBUG[0m id specified - insert: 4ff47f6d6bb41e469c0bea30
[36m[[0mmongo-db-seeder[36m][0m [32mDEBUG[0m id specified - insert: 4ff47f6d6bb41e469c0bea31
[36m[[0mmongo-db-seeder[36m][0m [32mDEBUG[0m id specified - insert: 4ff47f6d6bb41e469c0bea31
[36m[[0mmongo-db-seeder[36m][0m [32mDEBUG[0m id specified - insert: 4ff47f6d6bb41e469c0bea32
[36m[[0mmongo-db-seeder[36m][0m [32mDEBUG[0m id specified - insert: 4ff47f6d6bb41e469c0bea32
[36m[[0mmongo-db-seeder[36m][0m [32mDEBUG[0m id specified - insert: 4ff47f6d6bb41e469c0bea33
[36m[[0mmongo-db-seeder[36m][0m [32mDEBUG[0m id specified - insert: 4ff47f6d6bb41e469c0bea33
[36m[[0mmongo-db-seeder[36m][0m [32mDEBUG[0m id specified - insert: 4ff47f6d6bb41e469c0bea34
[36m[[0mmongo-db-seeder[36m][0m [32mDEBUG[0m id specified - insert: 4ff47f6d6bb41e469c0bea34
[36m[[0mmongo-db-seeder[36m][0m [32mDEBUG[0m id specified - insert: 4ff47f6d6bb41e469c0bea35
[36m[[0mmongo-db-seeder[36m][0m [32mDEBUG[0m id specified - insert: 4ff47f6d6bb41e469c0bea35
[36m[[0mmongo-db-seeder[36m][0m [32mDEBUG[0m id specified - insert: 4ff47f6d6bb41e469c0bea36
[36m[[0mmongo-db-seeder[36m][0m [32mDEBUG[0m id specified - insert: 4ff47f6d6bb41e469c0bea36
[36m[[0mmongo-db-seeder[36m][0m [32mDEBUG[0m id specified - insert: 4ff47f6d6bb41e469c0bea37
[36m[[0mmongo-db-seeder[36m][0m [32mDEBUG[0m id specified - insert: 4ff47f6d6bb41e469c0bea37
[36m[[0mmongo-db-seeder[36m][0m [32mDEBUG[0m id specified - insert: 4ff47f6d6bb41e469c0bea38
[36m[[0mmongo-db-seeder[36m][0m [32mDEBUG[0m id specified - insert: 4ff47f6d6bb41e469c0bea38
[36m[[0mmongo-db-seeder[36m][0m [32mDEBUG[0m id specified - insert: 4ff47f6d6bb41e469c0bea39
[36m[[0mmongo-db-seeder[36m][0m [32mDEBUG[0m id specified - insert: 4ff47f6d6bb41e469c0bea39
[36m[[0mmongo-db-seeder[36m][0m [32mDEBUG[0m id specified - insert: 4ff47f6d6bb41e469c0bea3a
[36m[[0mmongo-db-seeder[36m][0m [32mDEBUG[0m id specified - insert: 4ff47f6d6bb41e469c0bea3a
[36m[[0mmongo-db-seeder[36m][0m [32mDEBUG[0m id specified - insert: 4ff47f6d6bb41e469c0bea3b
[36m[[0mmongo-db-seeder[36m][0m [32mDEBUG[0m id specified - insert: 4ff47f6d6bb41e469c0bea3c
[36m[[0mmongo-db-seeder[36m][0m [32mDEBUG[0m [33mWarning: [0m document with this id already exists: 4ff47f6d6bb41e469c0bea3b collection: ccstandards
[36m[[0mmongo-db-seeder[36m][0m [32mDEBUG[0m id specified - insert: 4ff47f6d6bb41e469c0bea3d
[36m[[0mmongo-db-seeder[36m][0m [32mDEBUG[0m [33mWarning: [0m document with this id already exists: 4ff47f6d6bb41e469c0bea3c collection: ccstandards
[36m[[0mmongo-db-seeder[36m][0m [32mDEBUG[0m id specified - insert: 4ff47f6d6bb41e469c0bea3e
[36m[[0mmongo-db-seeder[36m][0m [32mDEBUG[0m [33mWarning: [0m document with this id already exists: 4ff47f6d6bb41e469c0bea3d collection: ccstandards
[36m[[0mmongo-db-seeder[36m][0m [32mDEBUG[0m id specified - insert: 4ff47f6d6bb41e469c0bea3f
[36m[[0mmongo-db-seeder[36m][0m [32mDEBUG[0m [33mWarning: [0m document with this id already exists: 4ff47f6d6bb41e469c0bea3e collection: ccstandards
[36m[[0mmongo-db-seeder[36m][0m [32mDEBUG[0m id specified - insert: 4ff47f6d6bb41e469c0bea40
[36m[[0mmongo-db-seeder[36m][0m [32mDEBUG[0m [33mWarning: [0m document with this id already exists: 4ff47f6d6bb41e469c0bea3f collection: ccstandards
[36m[[0mmongo-db-seeder[36m][0m [32mDEBUG[0m id specified - insert: 4ff47f6d6bb41e469c0bea41
[36m[[0mmongo-db-seeder[36m][0m [32mDEBUG[0m [33mWarning: [0m document with this id already exists: 4ff47f6d6bb41e469c0bea40 collection: ccstandards
[36m[[0mmongo-db-seeder[36m][0m [32mDEBUG[0m [33mWarning: [0m document with this id already exists: 4ff47f6d6bb41e469c0bea41 collection: ccstandards
[36m[[0mmongo-db-seeder[36m][0m [32mDEBUG[0m id specified - insert: 4ff47f6d6bb41e469c0bea42
[36m[[0mmongo-db-seeder[36m][0m [32mDEBUG[0m [33mWarning: [0m document with this id already exists: 4ff47f6d6bb41e469c0bea42 collection: ccstandards
[36m[[0mmongo-db-seeder[36m][0m [32mDEBUG[0m id specified - insert: 4ff47f6d6bb41e469c0bea43
[36m[[0mmongo-db-seeder[36m][0m [32mDEBUG[0m id specified - insert: 4ff47f6d6bb41e469c0bea43
[36m[[0mmongo-db-seeder[36m][0m [32mDEBUG[0m id specified - insert: 4ff47f6d6bb41e469c0bea44
[36m[[0mmongo-db-seeder[36m][0m [32mDEBUG[0m id specified - insert: 4ff47f6d6bb41e469c0bea44
[36m[[0mmongo-db-seeder[36m][0m [32mDEBUG[0m id specified - insert: 4ff47f6d6bb41e469c0bea45
[36m[[0mmongo-db-seeder[36m][0m [32mDEBUG[0m id specified - insert: 4ff47f6d6bb41e469c0bea45
[36m[[0mmongo-db-seeder[36m][0m [32mDEBUG[0m id specified - insert: 4ff47f6d6bb41e469c0bea46
[36m[[0mmongo-db-seeder[36m][0m [32mDEBUG[0m id specified - insert: 4ff47f6d6bb41e469c0bea47
[36m[[0mmongo-db-seeder[36m][0m [32mDEBUG[0m [33mWarning: [0m document with this id already exists: 4ff47f6d6bb41e469c0bea46 collection: ccstandards
[36m[[0mmongo-db-seeder[36m][0m [32mDEBUG[0m id specified - insert: 4ff47f6d6bb41e469c0bea48
[36m[[0mmongo-db-seeder[36m][0m [32mDEBUG[0m [33mWarning: [0m document with this id already exists: 4ff47f6d6bb41e469c0bea47 collection: ccstandards
[36m[[0mmongo-db-seeder[36m][0m [32mDEBUG[0m [33mWarning: [0m document with this id already exists: 4ff47f6d6bb41e469c0bea48 collection: ccstandards
[36m[[0mmongo-db-seeder[36m][0m [32mDEBUG[0m id specified - insert: 4ff47f6d6bb41e469c0bea49
[36m[[0mmongo-db-seeder[36m][0m [32mDEBUG[0m id specified - insert: 4ff47f6d6bb41e469c0bea49
[36m[[0mmongo-db-seeder[36m][0m [32mDEBUG[0m id specified - insert: 4ff47f6d6bb41e469c0bea4a
[36m[[0mmongo-db-seeder[36m][0m [32mDEBUG[0m id specified - insert: 4ff47f6d6bb41e469c0bea4b
[36m[[0mmongo-db-seeder[36m][0m [32mDEBUG[0m [33mWarning: [0m document with this id already exists: 4ff47f6d6bb41e469c0bea4a collection: ccstandards
[36m[[0mmongo-db-seeder[36m][0m [32mDEBUG[0m id specified - insert: 4ff47f6d6bb41e469c0bea4c
[36m[[0mmongo-db-seeder[36m][0m [32mDEBUG[0m [33mWarning: [0m document with this id already exists: 4ff47f6d6bb41e469c0bea4b collection: ccstandards
[36m[[0mmongo-db-seeder[36m][0m [32mDEBUG[0m id specified - insert: 4ff47f6d6bb41e469c0bea4f
[36m[[0mmongo-db-seeder[36m][0m [32mDEBUG[0m [33mWarning: [0m document with this id already exists: 4ff47f6d6bb41e469c0bea4c collection: ccstandards
[36m[[0mmongo-db-seeder[36m][0m [32mDEBUG[0m id specified - insert: 4ff47f6d6bb41e469c0bea50
[36m[[0mmongo-db-seeder[36m][0m [32mDEBUG[0m [33mWarning: [0m document with this id already exists: 4ff47f6d6bb41e469c0bea4f collection: ccstandards
[36m[[0mmongo-db-seeder[36m][0m [32mDEBUG[0m id specified - insert: 4ff47f6d6bb41e469c0bea51
[36m[[0mmongo-db-seeder[36m][0m [32mDEBUG[0m [33mWarning: [0m document with this id already exists: 4ff47f6d6bb41e469c0bea50 collection: ccstandards
[36m[[0mmongo-db-seeder[36m][0m [32mDEBUG[0m id specified - insert: 4ff47f6d6bb41e469c0bea52
[36m[[0mmongo-db-seeder[36m][0m [32mDEBUG[0m [33mWarning: [0m document with this id already exists: 4ff47f6d6bb41e469c0bea51 collection: ccstandards
[36m[[0mmongo-db-seeder[36m][0m [32mDEBUG[0m id specified - insert: 4ff47f6d6bb41e469c0bea53
[36m[[0mmongo-db-seeder[36m][0m [32mDEBUG[0m [33mWarning: [0m document with this id already exists: 4ff47f6d6bb41e469c0bea52 collection: ccstandards
[36m[[0mmongo-db-seeder[36m][0m [32mDEBUG[0m id specified - insert: 4ff47f6d6bb41e469c0bea54
[36m[[0mmongo-db-seeder[36m][0m [32mDEBUG[0m [33mWarning: [0m document with this id already exists: 4ff47f6d6bb41e469c0bea53 collection: ccstandards
[36m[[0mmongo-db-seeder[36m][0m [32mDEBUG[0m id specified - insert: 4ff47f6d6bb41e469c0bea55
[36m[[0mmongo-db-seeder[36m][0m [32mDEBUG[0m [33mWarning: [0m document with this id already exists: 4ff47f6d6bb41e469c0bea54 collection: ccstandards
[36m[[0mmongo-db-seeder[36m][0m [32mDEBUG[0m id specified - insert: 4ff47f6d6bb41e469c0bea56
[36m[[0mmongo-db-seeder[36m][0m [32mDEBUG[0m [33mWarning: [0m document with this id already exists: 4ff47f6d6bb41e469c0bea55 collection: ccstandards
[36m[[0mmongo-db-seeder[36m][0m [32mDEBUG[0m id specified - insert: 4ff47f6d6bb41e469c0bea57
[36m[[0mmongo-db-seeder[36m][0m [32mDEBUG[0m id specified - insert: 4ff47f6d6bb41e469c0bea58
[36m[[0mmongo-db-seeder[36m][0m [32mDEBUG[0m [33mWarning: [0m document with this id already exists: 4ff47f6d6bb41e469c0bea56 collection: ccstandards
[36m[[0mmongo-db-seeder[36m][0m [32mDEBUG[0m id specified - insert: 4ff47f6d6bb41e469c0bea59
[36m[[0mmongo-db-seeder[36m][0m [32mDEBUG[0m [33mWarning: [0m document with this id already exists: 4ff47f6d6bb41e469c0bea57 collection: ccstandards
[36m[[0mmongo-db-seeder[36m][0m [32mDEBUG[0m id specified - insert: 4ff47f6d6bb41e469c0bea5a
[36m[[0mmongo-db-seeder[36m][0m [32mDEBUG[0m [33mWarning: [0m document with this id already exists: 4ff47f6d6bb41e469c0bea58 collection: ccstandards
[36m[[0mmongo-db-seeder[36m][0m [32mDEBUG[0m id specified - insert: 4ff47f6d6bb41e469c0bea5b
[36m[[0mmongo-db-seeder[36m][0m [32mDEBUG[0m [33mWarning: [0m document with this id already exists: 4ff47f6d6bb41e469c0bea59 collection: ccstandards
[36m[[0mmongo-db-seeder[36m][0m [32mDEBUG[0m id specified - insert: 4ff47f6d6bb41e469c0bea5c
[36m[[0mmongo-db-seeder[36m][0m [32mDEBUG[0m [33mWarning: [0m document with this id already exists: 4ff47f6d6bb41e469c0bea5a collection: ccstandards
[36m[[0mmongo-db-seeder[36m][0m [32mDEBUG[0m [33mWarning: [0m document with this id already exists: 4ff47f6d6bb41e469c0bea5b collection: ccstandards
[36m[[0mmongo-db-seeder[36m][0m [32mDEBUG[0m id specified - insert: 4ff47f6d6bb41e469c0bea5d
[36m[[0mmongo-db-seeder[36m][0m [32mDEBUG[0m [33mWarning: [0m document with this id already exists: 4ff47f6d6bb41e469c0bea5c collection: ccstandards
[36m[[0mmongo-db-seeder[36m][0m [32mDEBUG[0m id specified - insert: 4ff47f6d6bb41e469c0bea5e
[36m[[0mmongo-db-seeder[36m][0m [32mDEBUG[0m id specified - insert: 4ff47f6d6bb41e469c0bea5f
[36m[[0mmongo-db-seeder[36m][0m [32mDEBUG[0m [33mWarning: [0m document with this id already exists: 4ff47f6d6bb41e469c0bea5d collection: ccstandards
[36m[[0mmongo-db-seeder[36m][0m [32mDEBUG[0m [33mWarning: [0m document with this id already exists: 4ff47f6d6bb41e469c0bea5e collection: ccstandards
[36m[[0mmongo-db-seeder[36m][0m [32mDEBUG[0m id specified - insert: 4ff47f6d6bb41e469c0bea60
[36m[[0mmongo-db-seeder[36m][0m [32mDEBUG[0m [33mWarning: [0m document with this id already exists: 4ff47f6d6bb41e469c0bea5f collection: ccstandards
[36m[[0mmongo-db-seeder[36m][0m [32mDEBUG[0m id specified - insert: 4ff47f6d6bb41e469c0bea61
[36m[[0mmongo-db-seeder[36m][0m [32mDEBUG[0m id specified - insert: 4ff47f6d6bb41e469c0bea63
[36m[[0mmongo-db-seeder[36m][0m [32mDEBUG[0m [33mWarning: [0m document with this id already exists: 4ff47f6d6bb41e469c0bea60 collection: ccstandards
[36m[[0mmongo-db-seeder[36m][0m [32mDEBUG[0m [33mWarning: [0m document with this id already exists: 4ff47f6d6bb41e469c0bea61 collection: ccstandards
[36m[[0mmongo-db-seeder[36m][0m [32mDEBUG[0m id specified - insert: 4ff47f6d6bb41e469c0bea64
[36m[[0mmongo-db-seeder[36m][0m [32mDEBUG[0m [33mWarning: [0m document with this id already exists: 4ff47f6d6bb41e469c0bea63 collection: ccstandards
[36m[[0mmongo-db-seeder[36m][0m [32mDEBUG[0m id specified - insert: 4ff47f6d6bb41e469c0bea65
[36m[[0mmongo-db-seeder[36m][0m [32mDEBUG[0m [33mWarning: [0m document with this id already exists: 4ff47f6d6bb41e469c0bea64 collection: ccstandards
[36m[[0mmongo-db-seeder[36m][0m [32mDEBUG[0m id specified - insert: 4ff47f6d6bb41e469c0bea65
[36m[[0mmongo-db-seeder[36m][0m [32mDEBUG[0m id specified - insert: 4ff47f6d6bb41e469c0bea66
[36m[[0mmongo-db-seeder[36m][0m [32mDEBUG[0m [33mWarning: [0m document with this id already exists: 4ff47f6d6bb41e469c0bea66 collection: ccstandards
[36m[[0mmongo-db-seeder[36m][0m [32mDEBUG[0m id specified - insert: 4ff47f6d6bb41e469c0bea67
[36m[[0mmongo-db-seeder[36m][0m [32mDEBUG[0m id specified - insert: 4ff47f6d6bb41e469c0bea67
[36m[[0mmongo-db-seeder[36m][0m [32mDEBUG[0m id specified - insert: 4ff47f6d6bb41e469c0bea68
[36m[[0mmongo-db-seeder[36m][0m [32mDEBUG[0m id specified - insert: 4ff47f6d6bb41e469c0bea69
[36m[[0mmongo-db-seeder[36m][0m [32mDEBUG[0m [33mWarning: [0m document with this id already exists: 4ff47f6d6bb41e469c0bea68 collection: ccstandards
[36m[[0mmongo-db-seeder[36m][0m [32mDEBUG[0m id specified - insert: 4ff47f6d6bb41e469c0bea6a
[36m[[0mmongo-db-seeder[36m][0m [32mDEBUG[0m [33mWarning: [0m document with this id already exists: 4ff47f6d6bb41e469c0bea69 collection: ccstandards
[36m[[0mmongo-db-seeder[36m][0m [32mDEBUG[0m id specified - insert: 4ff47f6d6bb41e469c0bea6b
[36m[[0mmongo-db-seeder[36m][0m [32mDEBUG[0m [33mWarning: [0m document with this id already exists: 4ff47f6d6bb41e469c0bea6a collection: ccstandards
[36m[[0mmongo-db-seeder[36m][0m [32mDEBUG[0m id specified - insert: 4ff47f6d6bb41e469c0bea6b
[36m[[0mmongo-db-seeder[36m][0m [32mDEBUG[0m id specified - insert: 4ff47f6d6bb41e469c0bea6c
[36m[[0mmongo-db-seeder[36m][0m [32mDEBUG[0m id specified - insert: 4ff47f6d6bb41e469c0bea6e
[36m[[0mmongo-db-seeder[36m][0m [32mDEBUG[0m [33mWarning: [0m document with this id already exists: 4ff47f6d6bb41e469c0bea6c collection: ccstandards
[36m[[0mmongo-db-seeder[36m][0m [32mDEBUG[0m id specified - insert: 4ff47f6d6bb41e469c0bea6f
[36m[[0mmongo-db-seeder[36m][0m [32mDEBUG[0m [33mWarning: [0m document with this id already exists: 4ff47f6d6bb41e469c0bea6e collection: ccstandards
[36m[[0mmongo-db-seeder[36m][0m [32mDEBUG[0m [33mWarning: [0m document with this id already exists: 4ff47f6d6bb41e469c0bea6f collection: ccstandards
[36m[[0mmongo-db-seeder[36m][0m [32mDEBUG[0m id specified - insert: 4ff47f6d6bb41e469c0bea70
[36m[[0mmongo-db-seeder[36m][0m [32mDEBUG[0m id specified - insert: 4ff47f6d6bb41e469c0bea71
[36m[[0mmongo-db-seeder[36m][0m [32mDEBUG[0m [33mWarning: [0m document with this id already exists: 4ff47f6d6bb41e469c0bea70 collection: ccstandards
[36m[[0mmongo-db-seeder[36m][0m [32mDEBUG[0m id specified - insert: 4ff47f6d6bb41e469c0bea72
[36m[[0mmongo-db-seeder[36m][0m [32mDEBUG[0m [33mWarning: [0m document with this id already exists: 4ff47f6d6bb41e469c0bea71 collection: ccstandards
[36m[[0mmongo-db-seeder[36m][0m [32mDEBUG[0m [33mWarning: [0m document with this id already exists: 4ff47f6d6bb41e469c0bea72 collection: ccstandards
[36m[[0mmongo-db-seeder[36m][0m [32mDEBUG[0m id specified - insert: 4ff47f6d6bb41e469c0bea73
[36m[[0mmongo-db-seeder[36m][0m [32mDEBUG[0m id specified - insert: 4ff47f6d6bb41e469c0bea73
[36m[[0mmongo-db-seeder[36m][0m [32mDEBUG[0m id specified - insert: 4ff47f6d6bb41e469c0bea75
[36m[[0mmongo-db-seeder[36m][0m [32mDEBUG[0m id specified - insert: 4ff47f6d6bb41e469c0bea76
[36m[[0mmongo-db-seeder[36m][0m [32mDEBUG[0m [33mWarning: [0m document with this id already exists: 4ff47f6d6bb41e469c0bea75 collection: ccstandards
[36m[[0mmongo-db-seeder[36m][0m [32mDEBUG[0m id specified - insert: 4ff47f6d6bb41e469c0bea77
[36m[[0mmongo-db-seeder[36m][0m [32mDEBUG[0m [33mWarning: [0m document with this id already exists: 4ff47f6d6bb41e469c0bea76 collection: ccstandards
[36m[[0mmongo-db-seeder[36m][0m [32mDEBUG[0m id specified - insert: 4ff47f6d6bb41e469c0bea78
[36m[[0mmongo-db-seeder[36m][0m [32mDEBUG[0m [33mWarning: [0m document with this id already exists: 4ff47f6d6bb41e469c0bea77 collection: ccstandards
[36m[[0mmongo-db-seeder[36m][0m [32mDEBUG[0m id specified - insert: 4ff47f6d6bb41e469c0bea79
[36m[[0mmongo-db-seeder[36m][0m [32mDEBUG[0m [33mWarning: [0m document with this id already exists: 4ff47f6d6bb41e469c0bea78 collection: ccstandards
[36m[[0mmongo-db-seeder[36m][0m [32mDEBUG[0m id specified - insert: 4ff47f6d6bb41e469c0bea7a
[36m[[0mmongo-db-seeder[36m][0m [32mDEBUG[0m [33mWarning: [0m document with this id already exists: 4ff47f6d6bb41e469c0bea79 collection: ccstandards
[36m[[0mmongo-db-seeder[36m][0m [32mDEBUG[0m id specified - insert: 4ff47f6d6bb41e469c0bea7b
[36m[[0mmongo-db-seeder[36m][0m [32mDEBUG[0m [33mWarning: [0m document with this id already exists: 4ff47f6d6bb41e469c0bea7a collection: ccstandards
[36m[[0mmongo-db-seeder[36m][0m [32mDEBUG[0m id specified - insert: 4ff47f6d6bb41e469c0bea7c
[36m[[0mmongo-db-seeder[36m][0m [32mDEBUG[0m [33mWarning: [0m document with this id already exists: 4ff47f6d6bb41e469c0bea7b collection: ccstandards
[36m[[0mmongo-db-seeder[36m][0m [32mDEBUG[0m id specified - insert: 4ff47f6d6bb41e469c0bea7d
[36m[[0mmongo-db-seeder[36m][0m [32mDEBUG[0m [33mWarning: [0m document with this id already exists: 4ff47f6d6bb41e469c0bea7c collection: ccstandards
[36m[[0mmongo-db-seeder[36m][0m [32mDEBUG[0m [33mWarning: [0m document with this id already exists: 4ff47f6d6bb41e469c0bea7d collection: ccstandards
[36m[[0mmongo-db-seeder[36m][0m [32mDEBUG[0m id specified - insert: 4ff47f6d6bb41e469c0bea7e
[36m[[0mmongo-db-seeder[36m][0m [32mDEBUG[0m id specified - insert: 4ff47f6d6bb41e469c0bea7e
[36m[[0mmongo-db-seeder[36m][0m [32mDEBUG[0m id specified - insert: 4ff47f6d6bb41e469c0bea7f
[36m[[0mmongo-db-seeder[36m][0m [32mDEBUG[0m id specified - insert: 4ff47f6d6bb41e469c0bea80
[36m[[0mmongo-db-seeder[36m][0m [32mDEBUG[0m [33mWarning: [0m document with this id already exists: 4ff47f6d6bb41e469c0bea7f collection: ccstandards
[36m[[0mmongo-db-seeder[36m][0m [32mDEBUG[0m id specified - insert: 4ff47f6d6bb41e469c0bea81
[36m[[0mmongo-db-seeder[36m][0m [32mDEBUG[0m [33mWarning: [0m document with this id already exists: 4ff47f6d6bb41e469c0bea80 collection: ccstandards
[36m[[0mmongo-db-seeder[36m][0m [32mDEBUG[0m [33mWarning: [0m document with this id already exists: 4ff47f6d6bb41e469c0bea81 collection: ccstandards
[36m[[0mmongo-db-seeder[36m][0m [32mDEBUG[0m id specified - insert: 4ff47f6d6bb41e469c0bea82
[36m[[0mmongo-db-seeder[36m][0m [32mDEBUG[0m id specified - insert: 4ff47f6d6bb41e469c0bea82
[36m[[0mmongo-db-seeder[36m][0m [32mDEBUG[0m id specified - insert: 4ff47f6d6bb41e469c0bea83
[36m[[0mmongo-db-seeder[36m][0m [32mDEBUG[0m id specified - insert: 4ff47f6d6bb41e469c0bea84
[36m[[0mmongo-db-seeder[36m][0m [32mDEBUG[0m [33mWarning: [0m document with this id already exists: 4ff47f6d6bb41e469c0bea83 collection: ccstandards
[36m[[0mmongo-db-seeder[36m][0m [32mDEBUG[0m id specified - insert: 4ff47f6d6bb41e469c0bea85
[36m[[0mmongo-db-seeder[36m][0m [32mDEBUG[0m [33mWarning: [0m document with this id already exists: 4ff47f6d6bb41e469c0bea84 collection: ccstandards
[36m[[0mmongo-db-seeder[36m][0m [32mDEBUG[0m id specified - insert: 4ff47f6d6bb41e469c0bea86
[36m[[0mmongo-db-seeder[36m][0m [32mDEBUG[0m [33mWarning: [0m document with this id already exists: 4ff47f6d6bb41e469c0bea85 collection: ccstandards
[36m[[0mmongo-db-seeder[36m][0m [32mDEBUG[0m id specified - insert: 4ff47f6d6bb41e469c0bea87
[36m[[0mmongo-db-seeder[36m][0m [32mDEBUG[0m [33mWarning: [0m document with this id already exists: 4ff47f6d6bb41e469c0bea86 collection: ccstandards
[36m[[0mmongo-db-seeder[36m][0m [32mDEBUG[0m id specified - insert: 4ff47f6d6bb41e469c0bea88
[36m[[0mmongo-db-seeder[36m][0m [32mDEBUG[0m [33mWarning: [0m document with this id already exists: 4ff47f6d6bb41e469c0bea87 collection: ccstandards
[36m[[0mmongo-db-seeder[36m][0m [32mDEBUG[0m id specified - insert: 4ff47f6d6bb41e469c0bea89
[36m[[0mmongo-db-seeder[36m][0m [32mDEBUG[0m [33mWarning: [0m document with this id already exists: 4ff47f6d6bb41e469c0bea88 collection: ccstandards
[36m[[0mmongo-db-seeder[36m][0m [32mDEBUG[0m id specified - insert: 4ff47f6d6bb41e469c0bea8a
[36m[[0mmongo-db-seeder[36m][0m [32mDEBUG[0m [33mWarning: [0m document with this id already exists: 4ff47f6d6bb41e469c0bea89 collection: ccstandards
[36m[[0mmongo-db-seeder[36m][0m [32mDEBUG[0m id specified - insert: 4ff47f6d6bb41e469c0bea8c
[36m[[0mmongo-db-seeder[36m][0m [32mDEBUG[0m [33mWarning: [0m document with this id already exists: 4ff47f6d6bb41e469c0bea8a collection: ccstandards
[36m[[0mmongo-db-seeder[36m][0m [32mDEBUG[0m id specified - insert: 4ff47f6d6bb41e469c0bea8d
[36m[[0mmongo-db-seeder[36m][0m [32mDEBUG[0m [33mWarning: [0m document with this id already exists: 4ff47f6d6bb41e469c0bea8c collection: ccstandards
[36m[[0mmongo-db-seeder[36m][0m [32mDEBUG[0m id specified - insert: 4ff47f6d6bb41e469c0bea8f
[36m[[0mmongo-db-seeder[36m][0m [32mDEBUG[0m [33mWarning: [0m document with this id already exists: 4ff47f6d6bb41e469c0bea8d collection: ccstandards
[36m[[0mmongo-db-seeder[36m][0m [32mDEBUG[0m id specified - insert: 4ff47f6d6bb41e469c0bea90
[36m[[0mmongo-db-seeder[36m][0m [32mDEBUG[0m [33mWarning: [0m document with this id already exists: 4ff47f6d6bb41e469c0bea8f collection: ccstandards
[36m[[0mmongo-db-seeder[36m][0m [32mDEBUG[0m id specified - insert: 4ff47f6d6bb41e469c0bea91
[36m[[0mmongo-db-seeder[36m][0m [32mDEBUG[0m [33mWarning: [0m document with this id already exists: 4ff47f6d6bb41e469c0bea90 collection: ccstandards
[36m[[0mmongo-db-seeder[36m][0m [32mDEBUG[0m id specified - insert: 4ff47f6d6bb41e469c0bea92
[36m[[0mmongo-db-seeder[36m][0m [32mDEBUG[0m [33mWarning: [0m document with this id already exists: 4ff47f6d6bb41e469c0bea91 collection: ccstandards
[36m[[0mmongo-db-seeder[36m][0m [32mDEBUG[0m id specified - insert: 4ff47f6d6bb41e469c0bea93
[36m[[0mmongo-db-seeder[36m][0m [32mDEBUG[0m [33mWarning: [0m document with this id already exists: 4ff47f6d6bb41e469c0bea92 collection: ccstandards
[36m[[0mmongo-db-seeder[36m][0m [32mDEBUG[0m id specified - insert: 4ff47f6d6bb41e469c0bea94
[36m[[0mmongo-db-seeder[36m][0m [32mDEBUG[0m [33mWarning: [0m document with this id already exists: 4ff47f6d6bb41e469c0bea93 collection: ccstandards
[36m[[0mmongo-db-seeder[36m][0m [32mDEBUG[0m id specified - insert: 4ff47f6d6bb41e469c0bea95
[36m[[0mmongo-db-seeder[36m][0m [32mDEBUG[0m [33mWarning: [0m document with this id already exists: 4ff47f6d6bb41e469c0bea94 collection: ccstandards
[36m[[0mmongo-db-seeder[36m][0m [32mDEBUG[0m id specified - insert: 4ff47f6d6bb41e469c0bea96
[36m[[0mmongo-db-seeder[36m][0m [32mDEBUG[0m [33mWarning: [0m document with this id already exists: 4ff47f6d6bb41e469c0bea95 collection: ccstandards
[36m[[0mmongo-db-seeder[36m][0m [32mDEBUG[0m [33mWarning: [0m document with this id already exists: 4ff47f6d6bb41e469c0bea96 collection: ccstandards
[36m[[0mmongo-db-seeder[36m][0m [32mDEBUG[0m id specified - insert: 4ff47f6d6bb41e469c0bea97
[36m[[0mmongo-db-seeder[36m][0m [32mDEBUG[0m id specified - insert: 4ff47f6d6bb41e469c0bea97
[36m[[0mmongo-db-seeder[36m][0m [32mDEBUG[0m id specified - insert: 4ff47f6d6bb41e469c0bea98
[36m[[0mmongo-db-seeder[36m][0m [32mDEBUG[0m id specified - insert: 4ff47f6d6bb41e469c0bea99
[36m[[0mmongo-db-seeder[36m][0m [32mDEBUG[0m [33mWarning: [0m document with this id already exists: 4ff47f6d6bb41e469c0bea98 collection: ccstandards
[36m[[0mmongo-db-seeder[36m][0m [32mDEBUG[0m [33mWarning: [0m document with this id already exists: 4ff47f6d6bb41e469c0bea99 collection: ccstandards
[36m[[0mmongo-db-seeder[36m][0m [32mDEBUG[0m id specified - insert: 4ff47f6d6bb41e469c0bea9a
[36m[[0mmongo-db-seeder[36m][0m [32mDEBUG[0m id specified - insert: 4ff47f6d6bb41e469c0bea9a
[36m[[0mmongo-db-seeder[36m][0m [32mDEBUG[0m id specified - insert: 4ff47f6d6bb41e469c0bea9b
[36m[[0mmongo-db-seeder[36m][0m [32mDEBUG[0m id specified - insert: 4ff47f6d6bb41e469c0bea9c
[36m[[0mmongo-db-seeder[36m][0m [32mDEBUG[0m [33mWarning: [0m document with this id already exists: 4ff47f6d6bb41e469c0bea9b collection: ccstandards
[36m[[0mmongo-db-seeder[36m][0m [32mDEBUG[0m [33mWarning: [0m document with this id already exists: 4ff47f6d6bb41e469c0bea9c collection: ccstandards
[36m[[0mmongo-db-seeder[36m][0m [32mDEBUG[0m id specified - insert: 4ff47f6d6bb41e469c0bea9d
[36m[[0mmongo-db-seeder[36m][0m [32mDEBUG[0m id specified - insert: 4ff47f6d6bb41e469c0bea9d
[36m[[0mmongo-db-seeder[36m][0m [32mDEBUG[0m id specified - insert: 4ff47f6d6bb41e469c0bea9e
[36m[[0mmongo-db-seeder[36m][0m [32mDEBUG[0m id specified - insert: 4ff47f6d6bb41e469c0bea9e
[36m[[0mmongo-db-seeder[36m][0m [32mDEBUG[0m id specified - insert: 4ff47f6d6bb41e469c0bea9f
[36m[[0mmongo-db-seeder[36m][0m [32mDEBUG[0m id specified - insert: 4ff47f6d6bb41e469c0beaa0
[36m[[0mmongo-db-seeder[36m][0m [32mDEBUG[0m [33mWarning: [0m document with this id already exists: 4ff47f6d6bb41e469c0bea9f collection: ccstandards
[36m[[0mmongo-db-seeder[36m][0m [32mDEBUG[0m [33mWarning: [0m document with this id already exists: 4ff47f6d6bb41e469c0beaa0 collection: ccstandards
[36m[[0mmongo-db-seeder[36m][0m [32mDEBUG[0m id specified - insert: 4ff47f6d6bb41e469c0beaa2
[36m[[0mmongo-db-seeder[36m][0m [32mDEBUG[0m id specified - insert: 4ff47f6d6bb41e469c0beaa2
[36m[[0mmongo-db-seeder[36m][0m [32mDEBUG[0m id specified - insert: 4ff47f6d6bb41e469c0beaa3
[36m[[0mmongo-db-seeder[36m][0m [32mDEBUG[0m id specified - insert: 4ff47f6d6bb41e469c0beaa5
[36m[[0mmongo-db-seeder[36m][0m [32mDEBUG[0m [33mWarning: [0m document with this id already exists: 4ff47f6d6bb41e469c0beaa3 collection: ccstandards
[36m[[0mmongo-db-seeder[36m][0m [32mDEBUG[0m id specified - insert: 4ff47f6d6bb41e469c0beaa6
[36m[[0mmongo-db-seeder[36m][0m [32mDEBUG[0m [33mWarning: [0m document with this id already exists: 4ff47f6d6bb41e469c0beaa5 collection: ccstandards
[36m[[0mmongo-db-seeder[36m][0m [32mDEBUG[0m id specified - insert: 4ff47f6d6bb41e469c0beaa7
[36m[[0mmongo-db-seeder[36m][0m [32mDEBUG[0m [33mWarning: [0m document with this id already exists: 4ff47f6d6bb41e469c0beaa6 collection: ccstandards
[36m[[0mmongo-db-seeder[36m][0m [32mDEBUG[0m id specified - insert: 4ff47f6d6bb41e469c0beaa8
[36m[[0mmongo-db-seeder[36m][0m [32mDEBUG[0m [33mWarning: [0m document with this id already exists: 4ff47f6d6bb41e469c0beaa7 collection: ccstandards
[36m[[0mmongo-db-seeder[36m][0m [32mDEBUG[0m id specified - insert: 4ff47f6d6bb41e469c0beaa9
[36m[[0mmongo-db-seeder[36m][0m [32mDEBUG[0m [33mWarning: [0m document with this id already exists: 4ff47f6d6bb41e469c0beaa8 collection: ccstandards
[36m[[0mmongo-db-seeder[36m][0m [32mDEBUG[0m id specified - insert: 4ff47f6d6bb41e469c0beaab
[36m[[0mmongo-db-seeder[36m][0m [32mDEBUG[0m [33mWarning: [0m document with this id already exists: 4ff47f6d6bb41e469c0beaa9 collection: ccstandards
[36m[[0mmongo-db-seeder[36m][0m [32mDEBUG[0m id specified - insert: 4ff47f6d6bb41e469c0beaac
[36m[[0mmongo-db-seeder[36m][0m [32mDEBUG[0m [33mWarning: [0m document with this id already exists: 4ff47f6d6bb41e469c0beaab collection: ccstandards
[36m[[0mmongo-db-seeder[36m][0m [32mDEBUG[0m id specified - insert: 4ff47f6d6bb41e469c0beaae
[36m[[0mmongo-db-seeder[36m][0m [32mDEBUG[0m [33mWarning: [0m document with this id already exists: 4ff47f6d6bb41e469c0beaac collection: ccstandards
[36m[[0mmongo-db-seeder[36m][0m [32mDEBUG[0m id specified - insert: 4ff47f6d6bb41e469c0beab0
[36m[[0mmongo-db-seeder[36m][0m [32mDEBUG[0m [33mWarning: [0m document with this id already exists: 4ff47f6d6bb41e469c0beaae collection: ccstandards
[36m[[0mmongo-db-seeder[36m][0m [32mDEBUG[0m id specified - insert: 4ff47f6d6bb41e469c0beab1
[36m[[0mmongo-db-seeder[36m][0m [32mDEBUG[0m [33mWarning: [0m document with this id already exists: 4ff47f6d6bb41e469c0beab0 collection: ccstandards
[36m[[0mmongo-db-seeder[36m][0m [32mDEBUG[0m id specified - insert: 4ff47f6d6bb41e469c0beab2
[36m[[0mmongo-db-seeder[36m][0m [32mDEBUG[0m [33mWarning: [0m document with this id already exists: 4ff47f6d6bb41e469c0beab1 collection: ccstandards
[36m[[0mmongo-db-seeder[36m][0m [32mDEBUG[0m id specified - insert: 4ff47f6d6bb41e469c0beab3
[36m[[0mmongo-db-seeder[36m][0m [32mDEBUG[0m [33mWarning: [0m document with this id already exists: 4ff47f6d6bb41e469c0beab2 collection: ccstandards
[36m[[0mmongo-db-seeder[36m][0m [32mDEBUG[0m id specified - insert: 4ff47f6d6bb41e469c0beab4
[36m[[0mmongo-db-seeder[36m][0m [32mDEBUG[0m [33mWarning: [0m document with this id already exists: 4ff47f6d6bb41e469c0beab3 collection: ccstandards
[36m[[0mmongo-db-seeder[36m][0m [32mDEBUG[0m id specified - insert: 4ff47f6d6bb41e469c0beab5
[36m[[0mmongo-db-seeder[36m][0m [32mDEBUG[0m [33mWarning: [0m document with this id already exists: 4ff47f6d6bb41e469c0beab4 collection: ccstandards
[36m[[0mmongo-db-seeder[36m][0m [32mDEBUG[0m id specified - insert: 4ff47f6d6bb41e469c0beab7
[36m[[0mmongo-db-seeder[36m][0m [32mDEBUG[0m [33mWarning: [0m document with this id already exists: 4ff47f6d6bb41e469c0beab5 collection: ccstandards
[36m[[0mmongo-db-seeder[36m][0m [32mDEBUG[0m id specified - insert: 4ff47f6d6bb41e469c0beab7
[36m[[0mmongo-db-seeder[36m][0m [32mDEBUG[0m id specified - insert: 4ff47f6d6bb41e469c0beab8
[36m[[0mmongo-db-seeder[36m][0m [32mDEBUG[0m [33mWarning: [0m document with this id already exists: 4ff47f6d6bb41e469c0beab8 collection: ccstandards
[36m[[0mmongo-db-seeder[36m][0m [32mDEBUG[0m id specified - insert: 4ff47f6d6bb41e469c0beab9
[36m[[0mmongo-db-seeder[36m][0m [32mDEBUG[0m id specified - insert: 4ff47f6d6bb41e469c0beab9
[36m[[0mmongo-db-seeder[36m][0m [32mDEBUG[0m id specified - insert: 4ff47f6d6bb41e469c0beaba
[36m[[0mmongo-db-seeder[36m][0m [32mDEBUG[0m id specified - insert: 4ff47f6d6bb41e469c0beaba
[36m[[0mmongo-db-seeder[36m][0m [32mDEBUG[0m id specified - insert: 4ff47f6d6bb41e469c0beabb
[36m[[0mmongo-db-seeder[36m][0m [32mDEBUG[0m id specified - insert: 4ff47f6d6bb41e469c0beabe
[36m[[0mmongo-db-seeder[36m][0m [32mDEBUG[0m [33mWarning: [0m document with this id already exists: 4ff47f6d6bb41e469c0beabb collection: ccstandards
[36m[[0mmongo-db-seeder[36m][0m [32mDEBUG[0m id specified - insert: 4ff47f6d6bb41e469c0beabe
[36m[[0mmongo-db-seeder[36m][0m [32mDEBUG[0m id specified - insert: 4ff47f6d6bb41e469c0beabf
[36m[[0mmongo-db-seeder[36m][0m [32mDEBUG[0m id specified - insert: 4ff47f6d6bb41e469c0beac0
[36m[[0mmongo-db-seeder[36m][0m [32mDEBUG[0m [33mWarning: [0m document with this id already exists: 4ff47f6d6bb41e469c0beabf collection: ccstandards
[36m[[0mmongo-db-seeder[36m][0m [32mDEBUG[0m [33mWarning: [0m document with this id already exists: 4ff47f6d6bb41e469c0beac0 collection: ccstandards
[36m[[0mmongo-db-seeder[36m][0m [32mDEBUG[0m id specified - insert: 4ff47f6d6bb41e469c0beac1
[36m[[0mmongo-db-seeder[36m][0m [32mDEBUG[0m id specified - insert: 4ff47f6d6bb41e469c0beac1
[36m[[0mmongo-db-seeder[36m][0m [32mDEBUG[0m id specified - insert: 4ff47f6d6bb41e469c0beac2
[36m[[0mmongo-db-seeder[36m][0m [32mDEBUG[0m [33mWarning: [0m document with this id already exists: 4ff47f6d6bb41e469c0beac2 collection: ccstandards
[36m[[0mmongo-db-seeder[36m][0m [32mDEBUG[0m id specified - insert: 4ff47f6d6bb41e469c0beac3
[36m[[0mmongo-db-seeder[36m][0m [32mDEBUG[0m id specified - insert: 4ff47f6d6bb41e469c0beac3
[36m[[0mmongo-db-seeder[36m][0m [32mDEBUG[0m id specified - insert: 4ff47f6d6bb41e469c0beac4
[36m[[0mmongo-db-seeder[36m][0m [32mDEBUG[0m id specified - insert: 4ff47f6d6bb41e469c0beac5
[36m[[0mmongo-db-seeder[36m][0m [32mDEBUG[0m [33mWarning: [0m document with this id already exists: 4ff47f6d6bb41e469c0beac4 collection: ccstandards
[36m[[0mmongo-db-seeder[36m][0m [32mDEBUG[0m id specified - insert: 4ff47f6d6bb41e469c0beac6
[36m[[0mmongo-db-seeder[36m][0m [32mDEBUG[0m [33mWarning: [0m document with this id already exists: 4ff47f6d6bb41e469c0beac5 collection: ccstandards
[36m[[0mmongo-db-seeder[36m][0m [32mDEBUG[0m [33mWarning: [0m document with this id already exists: 4ff47f6d6bb41e469c0beac6 collection: ccstandards
[36m[[0mmongo-db-seeder[36m][0m [32mDEBUG[0m id specified - insert: 4ff47f6d6bb41e469c0beac7
[36m[[0mmongo-db-seeder[36m][0m [32mDEBUG[0m id specified - insert: 4ff47f6d6bb41e469c0beac8
[36m[[0mmongo-db-seeder[36m][0m [32mDEBUG[0m [33mWarning: [0m document with this id already exists: 4ff47f6d6bb41e469c0beac7 collection: ccstandards
[36m[[0mmongo-db-seeder[36m][0m [32mDEBUG[0m id specified - insert: 4ff47f6d6bb41e469c0beac9
[36m[[0mmongo-db-seeder[36m][0m [32mDEBUG[0m [33mWarning: [0m document with this id already exists: 4ff47f6d6bb41e469c0beac8 collection: ccstandards
[36m[[0mmongo-db-seeder[36m][0m [32mDEBUG[0m [33mWarning: [0m document with this id already exists: 4ff47f6d6bb41e469c0beac9 collection: ccstandards
[36m[[0mmongo-db-seeder[36m][0m [32mDEBUG[0m id specified - insert: 4ff47f6d6bb41e469c0beaca
[36m[[0mmongo-db-seeder[36m][0m [32mDEBUG[0m id specified - insert: 4ff47f6d6bb41e469c0beacb
[36m[[0mmongo-db-seeder[36m][0m [32mDEBUG[0m [33mWarning: [0m document with this id already exists: 4ff47f6d6bb41e469c0beaca collection: ccstandards
[36m[[0mmongo-db-seeder[36m][0m [32mDEBUG[0m id specified - insert: 4ff47f6d6bb41e469c0beacc
[36m[[0mmongo-db-seeder[36m][0m [32mDEBUG[0m [33mWarning: [0m document with this id already exists: 4ff47f6d6bb41e469c0beacb collection: ccstandards
[36m[[0mmongo-db-seeder[36m][0m [32mDEBUG[0m [33mWarning: [0m document with this id already exists: 4ff47f6d6bb41e469c0beacc collection: ccstandards
[36m[[0mmongo-db-seeder[36m][0m [32mDEBUG[0m id specified - insert: 4ff47f6d6bb41e469c0beacd
[36m[[0mmongo-db-seeder[36m][0m [32mDEBUG[0m id specified - insert: 4ff47f6d6bb41e469c0beacd
[36m[[0mmongo-db-seeder[36m][0m [32mDEBUG[0m id specified - insert: 4ff47f6d6bb41e469c0beace
[36m[[0mmongo-db-seeder[36m][0m [32mDEBUG[0m id specified - insert: 4ff47f6d6bb41e469c0beace
[36m[[0mmongo-db-seeder[36m][0m [32mDEBUG[0m id specified - insert: 4ff47f6d6bb41e469c0beacf
[36m[[0mmongo-db-seeder[36m][0m [32mDEBUG[0m [33mWarning: [0m document with this id already exists: 4ff47f6d6bb41e469c0beacf collection: ccstandards
[36m[[0mmongo-db-seeder[36m][0m [32mDEBUG[0m id specified - insert: 4ff47f6d6bb41e469c0bead0
[36m[[0mmongo-db-seeder[36m][0m [32mDEBUG[0m [33mWarning: [0m document with this id already exists: 4ff47f6d6bb41e469c0bead0 collection: ccstandards
[36m[[0mmongo-db-seeder[36m][0m [32mDEBUG[0m id specified - insert: 4ff47f6d6bb41e469c0bead1
[36m[[0mmongo-db-seeder[36m][0m [32mDEBUG[0m id specified - insert: 4ff47f6d6bb41e469c0bead1
[36m[[0mmongo-db-seeder[36m][0m [32mDEBUG[0m id specified - insert: 4ff47f6d6bb41e469c0bead2
[36m[[0mmongo-db-seeder[36m][0m [32mDEBUG[0m id specified - insert: 4ff47f6d6bb41e469c0bead2
[36m[[0mmongo-db-seeder[36m][0m [32mDEBUG[0m id specified - insert: 4ff47f6d6bb41e469c0bead3
[36m[[0mmongo-db-seeder[36m][0m [32mDEBUG[0m [33mWarning: [0m document with this id already exists: 4ff47f6d6bb41e469c0bead3 collection: ccstandards
[36m[[0mmongo-db-seeder[36m][0m [32mDEBUG[0m id specified - insert: 4ff47f6d6bb41e469c0bead4
[36m[[0mmongo-db-seeder[36m][0m [32mDEBUG[0m id specified - insert: 4ff47f6d6bb41e469c0bead4
[36m[[0mmongo-db-seeder[36m][0m [32mDEBUG[0m id specified - insert: 4ff47f6d6bb41e469c0bead5
[36m[[0mmongo-db-seeder[36m][0m [32mDEBUG[0m id specified - insert: 4ff47f6d6bb41e469c0bead6
[36m[[0mmongo-db-seeder[36m][0m [32mDEBUG[0m [33mWarning: [0m document with this id already exists: 4ff47f6d6bb41e469c0bead5 collection: ccstandards
[36m[[0mmongo-db-seeder[36m][0m [32mDEBUG[0m [33mWarning: [0m document with this id already exists: 4ff47f6d6bb41e469c0bead6 collection: ccstandards
[36m[[0mmongo-db-seeder[36m][0m [32mDEBUG[0m id specified - insert: 4ff47f6d6bb41e469c0bead7
[36m[[0mmongo-db-seeder[36m][0m [32mDEBUG[0m id specified - insert: 4ff47f6d6bb41e469c0bead8
[36m[[0mmongo-db-seeder[36m][0m [32mDEBUG[0m [33mWarning: [0m document with this id already exists: 4ff47f6d6bb41e469c0bead7 collection: ccstandards
[36m[[0mmongo-db-seeder[36m][0m [32mDEBUG[0m id specified - insert: 4ff47f6d6bb41e469c0bead9
[36m[[0mmongo-db-seeder[36m][0m [32mDEBUG[0m [33mWarning: [0m document with this id already exists: 4ff47f6d6bb41e469c0bead8 collection: ccstandards
[36m[[0mmongo-db-seeder[36m][0m [32mDEBUG[0m id specified - insert: 4ff47f6d6bb41e469c0beada
[36m[[0mmongo-db-seeder[36m][0m [32mDEBUG[0m [33mWarning: [0m document with this id already exists: 4ff47f6d6bb41e469c0bead9 collection: ccstandards
[36m[[0mmongo-db-seeder[36m][0m [32mDEBUG[0m id specified - insert: 4ff47f6d6bb41e469c0beadc
[36m[[0mmongo-db-seeder[36m][0m [32mDEBUG[0m [33mWarning: [0m document with this id already exists: 4ff47f6d6bb41e469c0beada collection: ccstandards
[36m[[0mmongo-db-seeder[36m][0m [32mDEBUG[0m id specified - insert: 4ff47f6d6bb41e469c0beadd
[36m[[0mmongo-db-seeder[36m][0m [32mDEBUG[0m [33mWarning: [0m document with this id already exists: 4ff47f6d6bb41e469c0beadc collection: ccstandards
[36m[[0mmongo-db-seeder[36m][0m [32mDEBUG[0m id specified - insert: 4ff47f6d6bb41e469c0beade
[36m[[0mmongo-db-seeder[36m][0m [32mDEBUG[0m [33mWarning: [0m document with this id already exists: 4ff47f6d6bb41e469c0beadd collection: ccstandards
[36m[[0mmongo-db-seeder[36m][0m [32mDEBUG[0m id specified - insert: 4ff47f6d6bb41e469c0beadf
[36m[[0mmongo-db-seeder[36m][0m [32mDEBUG[0m [33mWarning: [0m document with this id already exists: 4ff47f6d6bb41e469c0beade collection: ccstandards
[36m[[0mmongo-db-seeder[36m][0m [32mDEBUG[0m id specified - insert: 4ff47f6d6bb41e469c0beae0
[36m[[0mmongo-db-seeder[36m][0m [32mDEBUG[0m [33mWarning: [0m document with this id already exists: 4ff47f6d6bb41e469c0beadf collection: ccstandards
[36m[[0mmongo-db-seeder[36m][0m [32mDEBUG[0m id specified - insert: 4ff47f6d6bb41e469c0beae0
[36m[[0mmongo-db-seeder[36m][0m [32mDEBUG[0m id specified - insert: 4ff47f6d6bb41e469c0beae1
[36m[[0mmongo-db-seeder[36m][0m [32mDEBUG[0m id specified - insert: 4ff47f6e6bb41e469c0beae2
[36m[[0mmongo-db-seeder[36m][0m [32mDEBUG[0m [33mWarning: [0m document with this id already exists: 4ff47f6d6bb41e469c0beae1 collection: ccstandards
[36m[[0mmongo-db-seeder[36m][0m [32mDEBUG[0m [33mWarning: [0m document with this id already exists: 4ff47f6e6bb41e469c0beae2 collection: ccstandards
[36m[[0mmongo-db-seeder[36m][0m [32mDEBUG[0m id specified - insert: 4ff47f6e6bb41e469c0beae3
[36m[[0mmongo-db-seeder[36m][0m [32mDEBUG[0m id specified - insert: 4ff47f6e6bb41e469c0beae3
[36m[[0mmongo-db-seeder[36m][0m [32mDEBUG[0m id specified - insert: 4ff47f6e6bb41e469c0beae4
[36m[[0mmongo-db-seeder[36m][0m [32mDEBUG[0m id specified - insert: 4ff47f6e6bb41e469c0beae4
[36m[[0mmongo-db-seeder[36m][0m [32mDEBUG[0m id specified - insert: 4ff47f6e6bb41e469c0beae5
[36m[[0mmongo-db-seeder[36m][0m [32mDEBUG[0m id specified - insert: 4ff47f6e6bb41e469c0beae6
[36m[[0mmongo-db-seeder[36m][0m [32mDEBUG[0m [33mWarning: [0m document with this id already exists: 4ff47f6e6bb41e469c0beae5 collection: ccstandards
[36m[[0mmongo-db-seeder[36m][0m [32mDEBUG[0m id specified - insert: 4ff47f6e6bb41e469c0beae7
[36m[[0mmongo-db-seeder[36m][0m [32mDEBUG[0m [33mWarning: [0m document with this id already exists: 4ff47f6e6bb41e469c0beae6 collection: ccstandards
[36m[[0mmongo-db-seeder[36m][0m [32mDEBUG[0m id specified - insert: 4ff47f6e6bb41e469c0beae8
[36m[[0mmongo-db-seeder[36m][0m [32mDEBUG[0m [33mWarning: [0m document with this id already exists: 4ff47f6e6bb41e469c0beae7 collection: ccstandards
[36m[[0mmongo-db-seeder[36m][0m [32mDEBUG[0m [33mWarning: [0m document with this id already exists: 4ff47f6e6bb41e469c0beae8 collection: ccstandards
[36m[[0mmongo-db-seeder[36m][0m [32mDEBUG[0m id specified - insert: 4ff47f6e6bb41e469c0beae9
[36m[[0mmongo-db-seeder[36m][0m [32mDEBUG[0m id specified - insert: 4ff47f6e6bb41e469c0beae9
[36m[[0mmongo-db-seeder[36m][0m [32mDEBUG[0m id specified - insert: 4ff47f6e6bb41e469c0beaea
[36m[[0mmongo-db-seeder[36m][0m [32mDEBUG[0m id specified - insert: 4ff47f6e6bb41e469c0beaeb
[36m[[0mmongo-db-seeder[36m][0m [32mDEBUG[0m [33mWarning: [0m document with this id already exists: 4ff47f6e6bb41e469c0beaea collection: ccstandards
[36m[[0mmongo-db-seeder[36m][0m [32mDEBUG[0m [33mWarning: [0m document with this id already exists: 4ff47f6e6bb41e469c0beaeb collection: ccstandards
[36m[[0mmongo-db-seeder[36m][0m [32mDEBUG[0m id specified - insert: 4ff47f6e6bb41e469c0beaec
[36m[[0mmongo-db-seeder[36m][0m [32mDEBUG[0m id specified - insert: 4ff47f6e6bb41e469c0beaed
[36m[[0mmongo-db-seeder[36m][0m [32mDEBUG[0m [33mWarning: [0m document with this id already exists: 4ff47f6e6bb41e469c0beaec collection: ccstandards
[36m[[0mmongo-db-seeder[36m][0m [32mDEBUG[0m id specified - insert: 4ff47f6e6bb41e469c0beaed
[36m[[0mmongo-db-seeder[36m][0m [32mDEBUG[0m id specified - insert: 4ff47f6e6bb41e469c0beaee
[36m[[0mmongo-db-seeder[36m][0m [32mDEBUG[0m [33mWarning: [0m document with this id already exists: 4ff47f6e6bb41e469c0beaee collection: ccstandards
[36m[[0mmongo-db-seeder[36m][0m [32mDEBUG[0m id specified - insert: 4ff47f6e6bb41e469c0beaef
[36m[[0mmongo-db-seeder[36m][0m [32mDEBUG[0m id specified - insert: 4ff47f6e6bb41e469c0beaef
[36m[[0mmongo-db-seeder[36m][0m [32mDEBUG[0m id specified - insert: 4ff47f6e6bb41e469c0beaf0
[36m[[0mmongo-db-seeder[36m][0m [32mDEBUG[0m id specified - insert: 4ff47f6e6bb41e469c0beaf0
[36m[[0mmongo-db-seeder[36m][0m [32mDEBUG[0m id specified - insert: 4ff47f6e6bb41e469c0beaf1
[36m[[0mmongo-db-seeder[36m][0m [32mDEBUG[0m id specified - insert: 4ff47f6e6bb41e469c0beaf1
[36m[[0mmongo-db-seeder[36m][0m [32mDEBUG[0m id specified - insert: 4ff47f6e6bb41e469c0beaf2
[36m[[0mmongo-db-seeder[36m][0m [32mDEBUG[0m [33mWarning: [0m document with this id already exists: 4ff47f6e6bb41e469c0beaf2 collection: ccstandards
[36m[[0mmongo-db-seeder[36m][0m [32mDEBUG[0m id specified - insert: 4ff47f6e6bb41e469c0beaf3
[36m[[0mmongo-db-seeder[36m][0m [32mDEBUG[0m id specified - insert: 4ff47f6e6bb41e469c0beaf5
[36m[[0mmongo-db-seeder[36m][0m [32mDEBUG[0m [33mWarning: [0m document with this id already exists: 4ff47f6e6bb41e469c0beaf3 collection: ccstandards
[36m[[0mmongo-db-seeder[36m][0m [32mDEBUG[0m id specified - insert: 4ff47f6e6bb41e469c0beaf6
[36m[[0mmongo-db-seeder[36m][0m [32mDEBUG[0m [33mWarning: [0m document with this id already exists: 4ff47f6e6bb41e469c0beaf5 collection: ccstandards
[36m[[0mmongo-db-seeder[36m][0m [32mDEBUG[0m [33mWarning: [0m document with this id already exists: 4ff47f6e6bb41e469c0beaf6 collection: ccstandards
[36m[[0mmongo-db-seeder[36m][0m [32mDEBUG[0m id specified - insert: 4ff47f6e6bb41e469c0beaf7
[36m[[0mmongo-db-seeder[36m][0m [32mDEBUG[0m id specified - insert: 4ff47f6e6bb41e469c0beaf7
[36m[[0mmongo-db-seeder[36m][0m [32mDEBUG[0m id specified - insert: 4ff47f6e6bb41e469c0beaf8
[36m[[0mmongo-db-seeder[36m][0m [32mDEBUG[0m id specified - insert: 4ff47f6e6bb41e469c0beaf8
[36m[[0mmongo-db-seeder[36m][0m [32mDEBUG[0m id specified - insert: 4ff47f6e6bb41e469c0beaf9
[36m[[0mmongo-db-seeder[36m][0m [32mDEBUG[0m id specified - insert: 4ff47f6e6bb41e469c0beafa
[36m[[0mmongo-db-seeder[36m][0m [32mDEBUG[0m [33mWarning: [0m document with this id already exists: 4ff47f6e6bb41e469c0beaf9 collection: ccstandards
[36m[[0mmongo-db-seeder[36m][0m [32mDEBUG[0m id specified - insert: 4ff47f6e6bb41e469c0beafb
[36m[[0mmongo-db-seeder[36m][0m [32mDEBUG[0m [33mWarning: [0m document with this id already exists: 4ff47f6e6bb41e469c0beafa collection: ccstandards
[36m[[0mmongo-db-seeder[36m][0m [32mDEBUG[0m id specified - insert: 4ff47f6e6bb41e469c0beafd
[36m[[0mmongo-db-seeder[36m][0m [32mDEBUG[0m [33mWarning: [0m document with this id already exists: 4ff47f6e6bb41e469c0beafb collection: ccstandards
[36m[[0mmongo-db-seeder[36m][0m [32mDEBUG[0m id specified - insert: 4ff47f6e6bb41e469c0beafe
[36m[[0mmongo-db-seeder[36m][0m [32mDEBUG[0m [33mWarning: [0m document with this id already exists: 4ff47f6e6bb41e469c0beafd collection: ccstandards
[36m[[0mmongo-db-seeder[36m][0m [32mDEBUG[0m id specified - insert: 4ff47f6e6bb41e469c0beaff
[36m[[0mmongo-db-seeder[36m][0m [32mDEBUG[0m [33mWarning: [0m document with this id already exists: 4ff47f6e6bb41e469c0beafe collection: ccstandards
[36m[[0mmongo-db-seeder[36m][0m [32mDEBUG[0m id specified - insert: 4ff47f6e6bb41e469c0beb00
[36m[[0mmongo-db-seeder[36m][0m [32mDEBUG[0m [33mWarning: [0m document with this id already exists: 4ff47f6e6bb41e469c0beaff collection: ccstandards
[36m[[0mmongo-db-seeder[36m][0m [32mDEBUG[0m id specified - insert: 4ff47f6e6bb41e469c0beb03
[36m[[0mmongo-db-seeder[36m][0m [32mDEBUG[0m [33mWarning: [0m document with this id already exists: 4ff47f6e6bb41e469c0beb00 collection: ccstandards
[36m[[0mmongo-db-seeder[36m][0m [32mDEBUG[0m [33mWarning: [0m document with this id already exists: 4ff47f6e6bb41e469c0beb03 collection: ccstandards
[36m[[0mmongo-db-seeder[36m][0m [32mDEBUG[0m id specified - insert: 4ff47f6e6bb41e469c0beb04
[36m[[0mmongo-db-seeder[36m][0m [32mDEBUG[0m id specified - insert: 4ff47f6e6bb41e469c0beb05
[36m[[0mmongo-db-seeder[36m][0m [32mDEBUG[0m [33mWarning: [0m document with this id already exists: 4ff47f6e6bb41e469c0beb04 collection: ccstandards
[36m[[0mmongo-db-seeder[36m][0m [32mDEBUG[0m id specified - insert: 4ff47f6e6bb41e469c0beb06
[36m[[0mmongo-db-seeder[36m][0m [32mDEBUG[0m [33mWarning: [0m document with this id already exists: 4ff47f6e6bb41e469c0beb05 collection: ccstandards
[36m[[0mmongo-db-seeder[36m][0m [32mDEBUG[0m id specified - insert: 4ff47f6e6bb41e469c0beb06
[36m[[0mmongo-db-seeder[36m][0m [32mDEBUG[0m id specified - insert: 4ff47f6e6bb41e469c0beb07
[36m[[0mmongo-db-seeder[36m][0m [32mDEBUG[0m id specified - insert: 4ff47f6e6bb41e469c0beb08
[36m[[0mmongo-db-seeder[36m][0m [32mDEBUG[0m [33mWarning: [0m document with this id already exists: 4ff47f6e6bb41e469c0beb07 collection: ccstandards
[36m[[0mmongo-db-seeder[36m][0m [32mDEBUG[0m id specified - insert: 4ff47f6e6bb41e469c0beb09
[36m[[0mmongo-db-seeder[36m][0m [32mDEBUG[0m [33mWarning: [0m document with this id already exists: 4ff47f6e6bb41e469c0beb08 collection: ccstandards
[36m[[0mmongo-db-seeder[36m][0m [32mDEBUG[0m id specified - insert: 4ff47f6e6bb41e469c0beb0b
[36m[[0mmongo-db-seeder[36m][0m [32mDEBUG[0m [33mWarning: [0m document with this id already exists: 4ff47f6e6bb41e469c0beb09 collection: ccstandards
[36m[[0mmongo-db-seeder[36m][0m [32mDEBUG[0m id specified - insert: 4ff47f6e6bb41e469c0beb0c
[36m[[0mmongo-db-seeder[36m][0m [32mDEBUG[0m [33mWarning: [0m document with this id already exists: 4ff47f6e6bb41e469c0beb0b collection: ccstandards
[36m[[0mmongo-db-seeder[36m][0m [32mDEBUG[0m [33mWarning: [0m document with this id already exists: 4ff47f6e6bb41e469c0beb0c collection: ccstandards
[36m[[0mmongo-db-seeder[36m][0m [32mDEBUG[0m id specified - insert: 4ff47f6e6bb41e469c0beb0d
[36m[[0mmongo-db-seeder[36m][0m [32mDEBUG[0m id specified - insert: 4ff47f6e6bb41e469c0beb0d
[36m[[0mmongo-db-seeder[36m][0m [32mDEBUG[0m id specified - insert: 4ff47f6e6bb41e469c0beb0e
[36m[[0mmongo-db-seeder[36m][0m [32mDEBUG[0m id specified - insert: 4ff47f6e6bb41e469c0beb0e
[36m[[0mmongo-db-seeder[36m][0m [32mDEBUG[0m id specified - insert: 4ff47f6e6bb41e469c0beb0f
[36m[[0mmongo-db-seeder[36m][0m [32mDEBUG[0m id specified - insert: 4ff47f6e6bb41e469c0beb0f
[36m[[0mmongo-db-seeder[36m][0m [32mDEBUG[0m id specified - insert: 4ff47f6e6bb41e469c0beb10
[36m[[0mmongo-db-seeder[36m][0m [32mDEBUG[0m id specified - insert: 4ff47f6e6bb41e469c0beb11
[36m[[0mmongo-db-seeder[36m][0m [32mDEBUG[0m [33mWarning: [0m document with this id already exists: 4ff47f6e6bb41e469c0beb10 collection: ccstandards
[36m[[0mmongo-db-seeder[36m][0m [32mDEBUG[0m id specified - insert: 4ff47f6e6bb41e469c0beb12
[36m[[0mmongo-db-seeder[36m][0m [32mDEBUG[0m [33mWarning: [0m document with this id already exists: 4ff47f6e6bb41e469c0beb11 collection: ccstandards
[36m[[0mmongo-db-seeder[36m][0m [32mDEBUG[0m id specified - insert: 4ff47f6e6bb41e469c0beb13
[36m[[0mmongo-db-seeder[36m][0m [32mDEBUG[0m [33mWarning: [0m document with this id already exists: 4ff47f6e6bb41e469c0beb12 collection: ccstandards
[36m[[0mmongo-db-seeder[36m][0m [32mDEBUG[0m id specified - insert: 4ff47f6e6bb41e469c0beb14
[36m[[0mmongo-db-seeder[36m][0m [32mDEBUG[0m [33mWarning: [0m document with this id already exists: 4ff47f6e6bb41e469c0beb13 collection: ccstandards
[36m[[0mmongo-db-seeder[36m][0m [32mDEBUG[0m id specified - insert: 4ff47f6e6bb41e469c0beb15
[36m[[0mmongo-db-seeder[36m][0m [32mDEBUG[0m [33mWarning: [0m document with this id already exists: 4ff47f6e6bb41e469c0beb14 collection: ccstandards
[36m[[0mmongo-db-seeder[36m][0m [32mDEBUG[0m [33mWarning: [0m document with this id already exists: 4ff47f6e6bb41e469c0beb15 collection: ccstandards
[36m[[0mmongo-db-seeder[36m][0m [32mDEBUG[0m id specified - insert: 4ff47f6e6bb41e469c0beb16
[36m[[0mmongo-db-seeder[36m][0m [32mDEBUG[0m id specified - insert: 4ff47f6e6bb41e469c0beb16
[36m[[0mmongo-db-seeder[36m][0m [32mDEBUG[0m id specified - insert: 4ff47f6e6bb41e469c0beb17
[36m[[0mmongo-db-seeder[36m][0m [32mDEBUG[0m id specified - insert: 4ff47f6e6bb41e469c0beb17
[36m[[0mmongo-db-seeder[36m][0m [32mDEBUG[0m id specified - insert: 4ff47f6e6bb41e469c0beb18
[36m[[0mmongo-db-seeder[36m][0m [32mDEBUG[0m id specified - insert: 4ff47f6e6bb41e469c0beb19
[36m[[0mmongo-db-seeder[36m][0m [32mDEBUG[0m [33mWarning: [0m document with this id already exists: 4ff47f6e6bb41e469c0beb18 collection: ccstandards
[36m[[0mmongo-db-seeder[36m][0m [32mDEBUG[0m id specified - insert: 4ff47f6e6bb41e469c0beb19
[36m[[0mmongo-db-seeder[36m][0m [32mDEBUG[0m id specified - insert: 4ff47f6e6bb41e469c0beb1a
[36m[[0mmongo-db-seeder[36m][0m [32mDEBUG[0m id specified - insert: 4ff47f6e6bb41e469c0beb1a
[36m[[0mmongo-db-seeder[36m][0m [32mDEBUG[0m id specified - insert: 4ff47f6e6bb41e469c0beb1b
[36m[[0mmongo-db-seeder[36m][0m [32mDEBUG[0m id specified - insert: 4ff47f6e6bb41e469c0beb1c
[36m[[0mmongo-db-seeder[36m][0m [32mDEBUG[0m [33mWarning: [0m document with this id already exists: 4ff47f6e6bb41e469c0beb1b collection: ccstandards
[36m[[0mmongo-db-seeder[36m][0m [32mDEBUG[0m [33mWarning: [0m document with this id already exists: 4ff47f6e6bb41e469c0beb1c collection: ccstandards
[36m[[0mmongo-db-seeder[36m][0m [32mDEBUG[0m id specified - insert: 4ff47f6e6bb41e469c0beb1d
[36m[[0mmongo-db-seeder[36m][0m [32mDEBUG[0m id specified - insert: 4ff47f6e6bb41e469c0beb1e
[36m[[0mmongo-db-seeder[36m][0m [32mDEBUG[0m [33mWarning: [0m document with this id already exists: 4ff47f6e6bb41e469c0beb1d collection: ccstandards
[36m[[0mmongo-db-seeder[36m][0m [32mDEBUG[0m [33mWarning: [0m document with this id already exists: 4ff47f6e6bb41e469c0beb1e collection: ccstandards
[36m[[0mmongo-db-seeder[36m][0m [32mDEBUG[0m id specified - insert: 4ff47f6e6bb41e469c0beb1f
[36m[[0mmongo-db-seeder[36m][0m [32mDEBUG[0m id specified - insert: 4ff47f6e6bb41e469c0beb1f
[36m[[0mmongo-db-seeder[36m][0m [32mDEBUG[0m id specified - insert: 4ff47f6e6bb41e469c0beb20
[36m[[0mmongo-db-seeder[36m][0m [32mDEBUG[0m id specified - insert: 4ff47f6e6bb41e469c0beb21
[36m[[0mmongo-db-seeder[36m][0m [32mDEBUG[0m [33mWarning: [0m document with this id already exists: 4ff47f6e6bb41e469c0beb20 collection: ccstandards
[36m[[0mmongo-db-seeder[36m][0m [32mDEBUG[0m id specified - insert: 4ff47f6e6bb41e469c0beb22
[36m[[0mmongo-db-seeder[36m][0m [32mDEBUG[0m [33mWarning: [0m document with this id already exists: 4ff47f6e6bb41e469c0beb21 collection: ccstandards
[36m[[0mmongo-db-seeder[36m][0m [32mDEBUG[0m id specified - insert: 4ff47f6e6bb41e469c0beb23
[36m[[0mmongo-db-seeder[36m][0m [32mDEBUG[0m [33mWarning: [0m document with this id already exists: 4ff47f6e6bb41e469c0beb22 collection: ccstandards
[36m[[0mmongo-db-seeder[36m][0m [32mDEBUG[0m [33mWarning: [0m document with this id already exists: 4ff47f6e6bb41e469c0beb23 collection: ccstandards
[36m[[0mmongo-db-seeder[36m][0m [32mDEBUG[0m id specified - insert: 4ff47f6e6bb41e469c0beb25
[36m[[0mmongo-db-seeder[36m][0m [32mDEBUG[0m id specified - insert: 4ff47f6e6bb41e469c0beb25
[36m[[0mmongo-db-seeder[36m][0m [32mDEBUG[0m id specified - insert: 4ff47f6e6bb41e469c0beb28
[36m[[0mmongo-db-seeder[36m][0m [32mDEBUG[0m id specified - insert: 4ff47f6e6bb41e469c0beb29
[36m[[0mmongo-db-seeder[36m][0m [32mDEBUG[0m [33mWarning: [0m document with this id already exists: 4ff47f6e6bb41e469c0beb28 collection: ccstandards
[36m[[0mmongo-db-seeder[36m][0m [32mDEBUG[0m [33mWarning: [0m document with this id already exists: 4ff47f6e6bb41e469c0beb29 collection: ccstandards
[36m[[0mmongo-db-seeder[36m][0m [32mDEBUG[0m id specified - insert: 4ff47f6e6bb41e469c0beb2a
[36m[[0mmongo-db-seeder[36m][0m [32mDEBUG[0m id specified - insert: 4ff47f6e6bb41e469c0beb2a
[36m[[0mmongo-db-seeder[36m][0m [32mDEBUG[0m id specified - insert: 4ff47f6e6bb41e469c0beb2b
[36m[[0mmongo-db-seeder[36m][0m [32mDEBUG[0m id specified - insert: 4ff47f6e6bb41e469c0beb2b
[36m[[0mmongo-db-seeder[36m][0m [32mDEBUG[0m id specified - insert: 4ff47f6e6bb41e469c0beb2c
[36m[[0mmongo-db-seeder[36m][0m [32mDEBUG[0m id specified - insert: 4ff47f6e6bb41e469c0beb2d
[36m[[0mmongo-db-seeder[36m][0m [32mDEBUG[0m [33mWarning: [0m document with this id already exists: 4ff47f6e6bb41e469c0beb2c collection: ccstandards
[36m[[0mmongo-db-seeder[36m][0m [32mDEBUG[0m id specified - insert: 4ff47f6e6bb41e469c0beb2e
[36m[[0mmongo-db-seeder[36m][0m [32mDEBUG[0m [33mWarning: [0m document with this id already exists: 4ff47f6e6bb41e469c0beb2d collection: ccstandards
[36m[[0mmongo-db-seeder[36m][0m [32mDEBUG[0m [33mWarning: [0m document with this id already exists: 4ff47f6e6bb41e469c0beb2e collection: ccstandards
[36m[[0mmongo-db-seeder[36m][0m [32mDEBUG[0m id specified - insert: 4ff47f6e6bb41e469c0beb2f
[36m[[0mmongo-db-seeder[36m][0m [32mDEBUG[0m id specified - insert: 4ff47f6e6bb41e469c0beb2f
[36m[[0mmongo-db-seeder[36m][0m [32mDEBUG[0m id specified - insert: 4ff47f6e6bb41e469c0beb31
[36m[[0mmongo-db-seeder[36m][0m [32mDEBUG[0m id specified - insert: 4ff47f6e6bb41e469c0beb31
[36m[[0mmongo-db-seeder[36m][0m [32mDEBUG[0m id specified - insert: 4ff47f6e6bb41e469c0beb32
[36m[[0mmongo-db-seeder[36m][0m [32mDEBUG[0m id specified - insert: 4ff47f6e6bb41e469c0beb33
[36m[[0mmongo-db-seeder[36m][0m [32mDEBUG[0m [33mWarning: [0m document with this id already exists: 4ff47f6e6bb41e469c0beb32 collection: ccstandards
[36m[[0mmongo-db-seeder[36m][0m [32mDEBUG[0m [33mWarning: [0m document with this id already exists: 4ff47f6e6bb41e469c0beb33 collection: ccstandards
[36m[[0mmongo-db-seeder[36m][0m [32mDEBUG[0m id specified - insert: 4ff47f6e6bb41e469c0beb34
[36m[[0mmongo-db-seeder[36m][0m [32mDEBUG[0m id specified - insert: 4ff47f6e6bb41e469c0beb34
[36m[[0mmongo-db-seeder[36m][0m [32mDEBUG[0m id specified - insert: 4ff47f6e6bb41e469c0beb35
[36m[[0mmongo-db-seeder[36m][0m [32mDEBUG[0m id specified - insert: 4ff47f6e6bb41e469c0beb35
[36m[[0mmongo-db-seeder[36m][0m [32mDEBUG[0m id specified - insert: 4ff47f6e6bb41e469c0beb36
[36m[[0mmongo-db-seeder[36m][0m [32mDEBUG[0m id specified - insert: 4ff47f6e6bb41e469c0beb36
[36m[[0mmongo-db-seeder[36m][0m [32mDEBUG[0m id specified - insert: 4ff47f6e6bb41e469c0beb37
[36m[[0mmongo-db-seeder[36m][0m [32mDEBUG[0m id specified - insert: 4ff47f6e6bb41e469c0beb37
[36m[[0mmongo-db-seeder[36m][0m [32mDEBUG[0m id specified - insert: 4ff47f6e6bb41e469c0beb38
[36m[[0mmongo-db-seeder[36m][0m [32mDEBUG[0m id specified - insert: 4ff47f6e6bb41e469c0beb38
[36m[[0mmongo-db-seeder[36m][0m [32mDEBUG[0m id specified - insert: 4ff47f6e6bb41e469c0beb39
[36m[[0mmongo-db-seeder[36m][0m [32mDEBUG[0m id specified - insert: 4ff47f6e6bb41e469c0beb39
[36m[[0mmongo-db-seeder[36m][0m [32mDEBUG[0m id specified - insert: 4ff47f6e6bb41e469c0beb3a
[36m[[0mmongo-db-seeder[36m][0m [32mDEBUG[0m id specified - insert: 4ff47f6e6bb41e469c0beb3a
[36m[[0mmongo-db-seeder[36m][0m [32mDEBUG[0m id specified - insert: 4ff47f6e6bb41e469c0beb3b
[36m[[0mmongo-db-seeder[36m][0m [32mDEBUG[0m id specified - insert: 4ff47f6e6bb41e469c0beb3b
[36m[[0mmongo-db-seeder[36m][0m [32mDEBUG[0m id specified - insert: 4ff47f6e6bb41e469c0beb3c
[36m[[0mmongo-db-seeder[36m][0m [32mDEBUG[0m id specified - insert: 4ff47f6e6bb41e469c0beb3d
[36m[[0mmongo-db-seeder[36m][0m [32mDEBUG[0m [33mWarning: [0m document with this id already exists: 4ff47f6e6bb41e469c0beb3c collection: ccstandards
[36m[[0mmongo-db-seeder[36m][0m [32mDEBUG[0m [33mWarning: [0m document with this id already exists: 4ff47f6e6bb41e469c0beb3d collection: ccstandards
[36m[[0mmongo-db-seeder[36m][0m [32mDEBUG[0m id specified - insert: 4ff47f6e6bb41e469c0beb3e
[36m[[0mmongo-db-seeder[36m][0m [32mDEBUG[0m id specified - insert: 4ff47f6e6bb41e469c0beb3e
[36m[[0mmongo-db-seeder[36m][0m [32mDEBUG[0m id specified - insert: 4ff47f6e6bb41e469c0beb3f
[36m[[0mmongo-db-seeder[36m][0m [32mDEBUG[0m id specified - insert: 4ff47f6e6bb41e469c0beb3f
[36m[[0mmongo-db-seeder[36m][0m [32mDEBUG[0m id specified - insert: 4ff47f6e6bb41e469c0beb40
[36m[[0mmongo-db-seeder[36m][0m [32mDEBUG[0m id specified - insert: 4ff47f6e6bb41e469c0beb40
[36m[[0mmongo-db-seeder[36m][0m [32mDEBUG[0m id specified - insert: 4ff47f6e6bb41e469c0beb41
[36m[[0mmongo-db-seeder[36m][0m [32mDEBUG[0m id specified - insert: 4ff47f6e6bb41e469c0beb41
[36m[[0mmongo-db-seeder[36m][0m [32mDEBUG[0m id specified - insert: 4ff47f6e6bb41e469c0beb42
[36m[[0mmongo-db-seeder[36m][0m [32mDEBUG[0m id specified - insert: 4ff47f6e6bb41e469c0beb42
[36m[[0mmongo-db-seeder[36m][0m [32mDEBUG[0m id specified - insert: 4ff47f6e6bb41e469c0beb43
[36m[[0mmongo-db-seeder[36m][0m [32mDEBUG[0m id specified - insert: 4ff47f6e6bb41e469c0beb43
[36m[[0mmongo-db-seeder[36m][0m [32mDEBUG[0m id specified - insert: 4ff47f6e6bb41e469c0beb45
[36m[[0mmongo-db-seeder[36m][0m [32mDEBUG[0m id specified - insert: 4ff47f6e6bb41e469c0beb45
[36m[[0mmongo-db-seeder[36m][0m [32mDEBUG[0m id specified - insert: 4ff47f6e6bb41e469c0beb46
[36m[[0mmongo-db-seeder[36m][0m [32mDEBUG[0m id specified - insert: 4ff47f6e6bb41e469c0beb46
[36m[[0mmongo-db-seeder[36m][0m [32mDEBUG[0m id specified - insert: 4ff47f6e6bb41e469c0beb48
[36m[[0mmongo-db-seeder[36m][0m [32mDEBUG[0m id specified - insert: 4ff47f6e6bb41e469c0beb48
[36m[[0mmongo-db-seeder[36m][0m [32mDEBUG[0m id specified - insert: 4ff47f6e6bb41e469c0beb4a
[36m[[0mmongo-db-seeder[36m][0m [32mDEBUG[0m id specified - insert: 4ff47f6e6bb41e469c0beb4b
[36m[[0mmongo-db-seeder[36m][0m [32mDEBUG[0m [33mWarning: [0m document with this id already exists: 4ff47f6e6bb41e469c0beb4a collection: ccstandards
[36m[[0mmongo-db-seeder[36m][0m [32mDEBUG[0m id specified - insert: 4ff47f6e6bb41e469c0beb4c
[36m[[0mmongo-db-seeder[36m][0m [32mDEBUG[0m [33mWarning: [0m document with this id already exists: 4ff47f6e6bb41e469c0beb4b collection: ccstandards
[36m[[0mmongo-db-seeder[36m][0m [32mDEBUG[0m [33mWarning: [0m document with this id already exists: 4ff47f6e6bb41e469c0beb4c collection: ccstandards
[36m[[0mmongo-db-seeder[36m][0m [32mDEBUG[0m id specified - insert: 4ff47f6e6bb41e469c0beb4d
[36m[[0mmongo-db-seeder[36m][0m [32mDEBUG[0m id specified - insert: 4ff47f6e6bb41e469c0beb4d
[36m[[0mmongo-db-seeder[36m][0m [32mDEBUG[0m id specified - insert: 4ff47f6e6bb41e469c0beb4e
[36m[[0mmongo-db-seeder[36m][0m [32mDEBUG[0m id specified - insert: 4ff47f6e6bb41e469c0beb4e
[36m[[0mmongo-db-seeder[36m][0m [32mDEBUG[0m id specified - insert: 4ff47f6e6bb41e469c0beb50
[36m[[0mmongo-db-seeder[36m][0m [32mDEBUG[0m id specified - insert: 4ff47f6e6bb41e469c0beb50
[36m[[0mmongo-db-seeder[36m][0m [32mDEBUG[0m id specified - insert: 4ff47f6e6bb41e469c0beb51
[36m[[0mmongo-db-seeder[36m][0m [32mDEBUG[0m id specified - insert: 4ff47f6e6bb41e469c0beb52
[36m[[0mmongo-db-seeder[36m][0m [32mDEBUG[0m [33mWarning: [0m document with this id already exists: 4ff47f6e6bb41e469c0beb51 collection: ccstandards
[36m[[0mmongo-db-seeder[36m][0m [32mDEBUG[0m [33mWarning: [0m document with this id already exists: 4ff47f6e6bb41e469c0beb52 collection: ccstandards
[36m[[0mmongo-db-seeder[36m][0m [32mDEBUG[0m id specified - insert: 4ff47f6e6bb41e469c0beb53
[36m[[0mmongo-db-seeder[36m][0m [32mDEBUG[0m id specified - insert: 4ff47f6e6bb41e469c0beb53
[36m[[0mmongo-db-seeder[36m][0m [32mDEBUG[0m id specified - insert: 4ff47f6e6bb41e469c0beb54
[36m[[0mmongo-db-seeder[36m][0m [32mDEBUG[0m id specified - insert: 4ff47f6e6bb41e469c0beb54
[36m[[0mmongo-db-seeder[36m][0m [32mDEBUG[0m id specified - insert: 4ff47f6e6bb41e469c0beb55
[36m[[0mmongo-db-seeder[36m][0m [32mDEBUG[0m id specified - insert: 4ff47f6e6bb41e469c0beb55
[36m[[0mmongo-db-seeder[36m][0m [32mDEBUG[0m id specified - insert: 4ff47f6e6bb41e469c0beb56
[36m[[0mmongo-db-seeder[36m][0m [32mDEBUG[0m id specified - insert: 4ff47f6e6bb41e469c0beb56
[36m[[0mmongo-db-seeder[36m][0m [32mDEBUG[0m id specified - insert: 4ff47f6e6bb41e469c0beb57
[36m[[0mmongo-db-seeder[36m][0m [32mDEBUG[0m id specified - insert: 4ff47f6e6bb41e469c0beb57
[36m[[0mmongo-db-seeder[36m][0m [32mDEBUG[0m id specified - insert: 4ff47f6e6bb41e469c0beb58
[36m[[0mmongo-db-seeder[36m][0m [32mDEBUG[0m id specified - insert: 4ff47f6e6bb41e469c0beb58
[36m[[0mmongo-db-seeder[36m][0m [32mDEBUG[0m id specified - insert: 4ff47f6e6bb41e469c0beb5a
[36m[[0mmongo-db-seeder[36m][0m [32mDEBUG[0m id specified - insert: 4ff47f6e6bb41e469c0beb5a
[36m[[0mmongo-db-seeder[36m][0m [32mDEBUG[0m id specified - insert: 4ff47f6e6bb41e469c0beb5b
[36m[[0mmongo-db-seeder[36m][0m [32mDEBUG[0m id specified - insert: 4ff47f6e6bb41e469c0beb5b
[36m[[0mmongo-db-seeder[36m][0m [32mDEBUG[0m id specified - insert: 4ff47f6e6bb41e469c0beb5c
[36m[[0mmongo-db-seeder[36m][0m [32mDEBUG[0m id specified - insert: 4ff47f6e6bb41e469c0beb5c
[36m[[0mmongo-db-seeder[36m][0m [32mDEBUG[0m id specified - insert: 4ff47f6e6bb41e469c0beb5d
[36m[[0mmongo-db-seeder[36m][0m [32mDEBUG[0m id specified - insert: 4ff47f6e6bb41e469c0beb5d
[36m[[0mmongo-db-seeder[36m][0m [32mDEBUG[0m id specified - insert: 4ff47f6e6bb41e469c0beb5e
[36m[[0mmongo-db-seeder[36m][0m [32mDEBUG[0m id specified - insert: 4ff47f6e6bb41e469c0beb5e
[36m[[0mmongo-db-seeder[36m][0m [32mDEBUG[0m id specified - insert: 4ff47f6e6bb41e469c0beb5f
[36m[[0mmongo-db-seeder[36m][0m [32mDEBUG[0m id specified - insert: 4ff47f6e6bb41e469c0beb5f
[36m[[0mmongo-db-seeder[36m][0m [32mDEBUG[0m id specified - insert: 4ff47f6e6bb41e469c0beb60
[36m[[0mmongo-db-seeder[36m][0m [32mDEBUG[0m id specified - insert: 4ff47f6e6bb41e469c0beb60
[36m[[0mmongo-db-seeder[36m][0m [32mDEBUG[0m id specified - insert: 4ff47f6e6bb41e469c0beb62
[36m[[0mmongo-db-seeder[36m][0m [32mDEBUG[0m id specified - insert: 4ff47f6e6bb41e469c0beb62
[36m[[0mmongo-db-seeder[36m][0m [32mDEBUG[0m id specified - insert: 4ff47f6e6bb41e469c0beb63
[36m[[0mmongo-db-seeder[36m][0m [32mDEBUG[0m id specified - insert: 4ff47f6e6bb41e469c0beb64
[36m[[0mmongo-db-seeder[36m][0m [32mDEBUG[0m [33mWarning: [0m document with this id already exists: 4ff47f6e6bb41e469c0beb63 collection: ccstandards
[36m[[0mmongo-db-seeder[36m][0m [32mDEBUG[0m id specified - insert: 4ff47f6e6bb41e469c0beb65
[36m[[0mmongo-db-seeder[36m][0m [32mDEBUG[0m [33mWarning: [0m document with this id already exists: 4ff47f6e6bb41e469c0beb64 collection: ccstandards
[36m[[0mmongo-db-seeder[36m][0m [32mDEBUG[0m id specified - insert: 4ff47f6e6bb41e469c0beb65
[36m[[0mmongo-db-seeder[36m][0m [32mDEBUG[0m id specified - insert: 4ff47f6e6bb41e469c0beb66
[36m[[0mmongo-db-seeder[36m][0m [32mDEBUG[0m id specified - insert: 4ff47f6e6bb41e469c0beb68
[36m[[0mmongo-db-seeder[36m][0m [32mDEBUG[0m [33mWarning: [0m document with this id already exists: 4ff47f6e6bb41e469c0beb66 collection: ccstandards
[36m[[0mmongo-db-seeder[36m][0m [32mDEBUG[0m id specified - insert: 4ff47f6e6bb41e469c0beb68
[36m[[0mmongo-db-seeder[36m][0m [32mDEBUG[0m id specified - insert: 4ff47f6e6bb41e469c0beb69
[36m[[0mmongo-db-seeder[36m][0m [32mDEBUG[0m id specified - insert: 4ff47f6e6bb41e469c0beb69
[36m[[0mmongo-db-seeder[36m][0m [32mDEBUG[0m id specified - insert: 4ff47f6e6bb41e469c0beb6a
[36m[[0mmongo-db-seeder[36m][0m [32mDEBUG[0m id specified - insert: 4ff47f6e6bb41e469c0beb6a
[36m[[0mmongo-db-seeder[36m][0m [32mDEBUG[0m id specified - insert: 4ff47f6e6bb41e469c0beb6b
[36m[[0mmongo-db-seeder[36m][0m [32mDEBUG[0m id specified - insert: 4ff47f6e6bb41e469c0beb6b
[36m[[0mmongo-db-seeder[36m][0m [32mDEBUG[0m id specified - insert: 4ff47f6e6bb41e469c0beb6c
[36m[[0mmongo-db-seeder[36m][0m [32mDEBUG[0m id specified - insert: 4ff47f6e6bb41e469c0beb6d
[36m[[0mmongo-db-seeder[36m][0m [32mDEBUG[0m [33mWarning: [0m document with this id already exists: 4ff47f6e6bb41e469c0beb6c collection: ccstandards
[36m[[0mmongo-db-seeder[36m][0m [32mDEBUG[0m [33mWarning: [0m document with this id already exists: 4ff47f6e6bb41e469c0beb6d collection: ccstandards
[36m[[0mmongo-db-seeder[36m][0m [32mDEBUG[0m id specified - insert: 4ff47f6e6bb41e469c0beb6e
[36m[[0mmongo-db-seeder[36m][0m [32mDEBUG[0m id specified - insert: 4ff47f6e6bb41e469c0beb6e
[36m[[0mmongo-db-seeder[36m][0m [32mDEBUG[0m id specified - insert: 4ff47f6e6bb41e469c0beb6f
[36m[[0mmongo-db-seeder[36m][0m [32mDEBUG[0m id specified - insert: 4ff47f6e6bb41e469c0beb70
[36m[[0mmongo-db-seeder[36m][0m [32mDEBUG[0m [33mWarning: [0m document with this id already exists: 4ff47f6e6bb41e469c0beb6f collection: ccstandards
[36m[[0mmongo-db-seeder[36m][0m [32mDEBUG[0m id specified - insert: 4ff47f6e6bb41e469c0beb71
[36m[[0mmongo-db-seeder[36m][0m [32mDEBUG[0m [33mWarning: [0m document with this id already exists: 4ff47f6e6bb41e469c0beb70 collection: ccstandards
[36m[[0mmongo-db-seeder[36m][0m [32mDEBUG[0m [33mWarning: [0m document with this id already exists: 4ff47f6e6bb41e469c0beb71 collection: ccstandards
[36m[[0mmongo-db-seeder[36m][0m [32mDEBUG[0m id specified - insert: 4ff47f6e6bb41e469c0beb72
[36m[[0mmongo-db-seeder[36m][0m [32mDEBUG[0m id specified - insert: 4ff47f6e6bb41e469c0beb72
[36m[[0mmongo-db-seeder[36m][0m [32mDEBUG[0m id specified - insert: 4ff47f6e6bb41e469c0beb73
[36m[[0mmongo-db-seeder[36m][0m [32mDEBUG[0m id specified - insert: 4ff47f6e6bb41e469c0beb73
[36m[[0mmongo-db-seeder[36m][0m [32mDEBUG[0m id specified - insert: 4ff47f6e6bb41e469c0beb74
[36m[[0mmongo-db-seeder[36m][0m [32mDEBUG[0m id specified - insert: 4ff47f6e6bb41e469c0beb74
[36m[[0mmongo-db-seeder[36m][0m [32mDEBUG[0m id specified - insert: 4ff47f6e6bb41e469c0beb75
[36m[[0mmongo-db-seeder[36m][0m [32mDEBUG[0m id specified - insert: 4ff47f6e6bb41e469c0beb75
[36m[[0mmongo-db-seeder[36m][0m [32mDEBUG[0m id specified - insert: 4ff47f6e6bb41e469c0beb76
[36m[[0mmongo-db-seeder[36m][0m [32mDEBUG[0m id specified - insert: 4ff47f6e6bb41e469c0beb76
[36m[[0mmongo-db-seeder[36m][0m [32mDEBUG[0m id specified - insert: 4ff47f6e6bb41e469c0beb77
[36m[[0mmongo-db-seeder[36m][0m [32mDEBUG[0m id specified - insert: 4ff47f6e6bb41e469c0beb77
[36m[[0mmongo-db-seeder[36m][0m [32mDEBUG[0m id specified - insert: 4ff47f6e6bb41e469c0beb79
[36m[[0mmongo-db-seeder[36m][0m [32mDEBUG[0m id specified - insert: 4ff47f6e6bb41e469c0beb79
[36m[[0mmongo-db-seeder[36m][0m [32mDEBUG[0m id specified - insert: 4ff47f6e6bb41e469c0beb7a
[36m[[0mmongo-db-seeder[36m][0m [32mDEBUG[0m id specified - insert: 4ff47f6e6bb41e469c0beb7b
[36m[[0mmongo-db-seeder[36m][0m [32mDEBUG[0m [33mWarning: [0m document with this id already exists: 4ff47f6e6bb41e469c0beb7a collection: ccstandards
[36m[[0mmongo-db-seeder[36m][0m [32mDEBUG[0m id specified - insert: 4ff47f6e6bb41e469c0beb7c
[36m[[0mmongo-db-seeder[36m][0m [32mDEBUG[0m [33mWarning: [0m document with this id already exists: 4ff47f6e6bb41e469c0beb7b collection: ccstandards
[36m[[0mmongo-db-seeder[36m][0m [32mDEBUG[0m id specified - insert: 4ff47f6e6bb41e469c0beb7d
[36m[[0mmongo-db-seeder[36m][0m [32mDEBUG[0m [33mWarning: [0m document with this id already exists: 4ff47f6e6bb41e469c0beb7c collection: ccstandards
[36m[[0mmongo-db-seeder[36m][0m [32mDEBUG[0m [33mWarning: [0m document with this id already exists: 4ff47f6e6bb41e469c0beb7d collection: ccstandards
[36m[[0mmongo-db-seeder[36m][0m [32mDEBUG[0m id specified - insert: 4ff47f6e6bb41e469c0beb7e
[36m[[0mmongo-db-seeder[36m][0m [32mDEBUG[0m id specified - insert: 4ff47f6e6bb41e469c0beb7e
[36m[[0mmongo-db-seeder[36m][0m [32mDEBUG[0m id specified - insert: 4ff47f6e6bb41e469c0beb7f
[36m[[0mmongo-db-seeder[36m][0m [32mDEBUG[0m id specified - insert: 4ff47f6e6bb41e469c0beb7f
[36m[[0mmongo-db-seeder[36m][0m [32mDEBUG[0m id specified - insert: 4ff47f6e6bb41e469c0beb80
[36m[[0mmongo-db-seeder[36m][0m [32mDEBUG[0m id specified - insert: 4ff47f6e6bb41e469c0beb81
[36m[[0mmongo-db-seeder[36m][0m [32mDEBUG[0m [33mWarning: [0m document with this id already exists: 4ff47f6e6bb41e469c0beb80 collection: ccstandards
[36m[[0mmongo-db-seeder[36m][0m [32mDEBUG[0m [33mWarning: [0m document with this id already exists: 4ff47f6e6bb41e469c0beb81 collection: ccstandards
[36m[[0mmongo-db-seeder[36m][0m [32mDEBUG[0m id specified - insert: 4ff47f6e6bb41e469c0beb82
[36m[[0mmongo-db-seeder[36m][0m [32mDEBUG[0m id specified - insert: 4ff47f6e6bb41e469c0beb83
[36m[[0mmongo-db-seeder[36m][0m [32mDEBUG[0m [33mWarning: [0m document with this id already exists: 4ff47f6e6bb41e469c0beb82 collection: ccstandards
[36m[[0mmongo-db-seeder[36m][0m [32mDEBUG[0m id specified - insert: 4ff47f6e6bb41e469c0beb84
[36m[[0mmongo-db-seeder[36m][0m [32mDEBUG[0m [33mWarning: [0m document with this id already exists: 4ff47f6e6bb41e469c0beb83 collection: ccstandards
[36m[[0mmongo-db-seeder[36m][0m [32mDEBUG[0m id specified - insert: 4ff47f6e6bb41e469c0beb85
[36m[[0mmongo-db-seeder[36m][0m [32mDEBUG[0m [33mWarning: [0m document with this id already exists: 4ff47f6e6bb41e469c0beb84 collection: ccstandards
[36m[[0mmongo-db-seeder[36m][0m [32mDEBUG[0m [33mWarning: [0m document with this id already exists: 4ff47f6e6bb41e469c0beb85 collection: ccstandards
[36m[[0mmongo-db-seeder[36m][0m [32mDEBUG[0m id specified - insert: 4ff47f6e6bb41e469c0beb86
[36m[[0mmongo-db-seeder[36m][0m [32mDEBUG[0m id specified - insert: 4ff47f6e6bb41e469c0beb86
[36m[[0mmongo-db-seeder[36m][0m [32mDEBUG[0m id specified - insert: 4ff47f6e6bb41e469c0beb87
[36m[[0mmongo-db-seeder[36m][0m [32mDEBUG[0m id specified - insert: 4ff47f6e6bb41e469c0beb87
[36m[[0mmongo-db-seeder[36m][0m [32mDEBUG[0m id specified - insert: 4ff47f6e6bb41e469c0beb88
[36m[[0mmongo-db-seeder[36m][0m [32mDEBUG[0m id specified - insert: 4ff47f6e6bb41e469c0beb88
[36m[[0mmongo-db-seeder[36m][0m [32mDEBUG[0m id specified - insert: 4ff47f6e6bb41e469c0beb89
[36m[[0mmongo-db-seeder[36m][0m [32mDEBUG[0m id specified - insert: 4ff47f6e6bb41e469c0beb8a
[36m[[0mmongo-db-seeder[36m][0m [32mDEBUG[0m [33mWarning: [0m document with this id already exists: 4ff47f6e6bb41e469c0beb89 collection: ccstandards
[36m[[0mmongo-db-seeder[36m][0m [32mDEBUG[0m id specified - insert: 4ff47f6e6bb41e469c0beb8c
[36m[[0mmongo-db-seeder[36m][0m [32mDEBUG[0m [33mWarning: [0m document with this id already exists: 4ff47f6e6bb41e469c0beb8a collection: ccstandards
[36m[[0mmongo-db-seeder[36m][0m [32mDEBUG[0m id specified - insert: 4ff47f6e6bb41e469c0beb8c
[36m[[0mmongo-db-seeder[36m][0m [32mDEBUG[0m id specified - insert: 4ff47f6e6bb41e469c0beb8d
[36m[[0mmongo-db-seeder[36m][0m [32mDEBUG[0m id specified - insert: 4ff47f6e6bb41e469c0beb8e
[36m[[0mmongo-db-seeder[36m][0m [32mDEBUG[0m [33mWarning: [0m document with this id already exists: 4ff47f6e6bb41e469c0beb8d collection: ccstandards
[36m[[0mmongo-db-seeder[36m][0m [32mDEBUG[0m [33mWarning: [0m document with this id already exists: 4ff47f6e6bb41e469c0beb8e collection: ccstandards
[36m[[0mmongo-db-seeder[36m][0m [32mDEBUG[0m id specified - insert: 4ff47f6e6bb41e469c0beb90
[36m[[0mmongo-db-seeder[36m][0m [32mDEBUG[0m id specified - insert: 4ff47f6e6bb41e469c0beb90
[36m[[0mmongo-db-seeder[36m][0m [32mDEBUG[0m id specified - insert: 4ff47f6e6bb41e469c0beb91
[36m[[0mmongo-db-seeder[36m][0m [32mDEBUG[0m id specified - insert: 4ff47f6e6bb41e469c0beb91
[36m[[0mmongo-db-seeder[36m][0m [32mDEBUG[0m id specified - insert: 4ff47f6e6bb41e469c0beb93
[36m[[0mmongo-db-seeder[36m][0m [32mDEBUG[0m id specified - insert: 4ff47f6e6bb41e469c0beb94
[36m[[0mmongo-db-seeder[36m][0m [32mDEBUG[0m [33mWarning: [0m document with this id already exists: 4ff47f6e6bb41e469c0beb93 collection: ccstandards
[36m[[0mmongo-db-seeder[36m][0m [32mDEBUG[0m id specified - insert: 4ff47f6e6bb41e469c0beb95
[36m[[0mmongo-db-seeder[36m][0m [32mDEBUG[0m [33mWarning: [0m document with this id already exists: 4ff47f6e6bb41e469c0beb94 collection: ccstandards
[36m[[0mmongo-db-seeder[36m][0m [32mDEBUG[0m id specified - insert: 4ff47f6e6bb41e469c0beb96
[36m[[0mmongo-db-seeder[36m][0m [32mDEBUG[0m [33mWarning: [0m document with this id already exists: 4ff47f6e6bb41e469c0beb95 collection: ccstandards
[36m[[0mmongo-db-seeder[36m][0m [32mDEBUG[0m id specified - insert: 4ff47f6e6bb41e469c0beb97
[36m[[0mmongo-db-seeder[36m][0m [32mDEBUG[0m [33mWarning: [0m document with this id already exists: 4ff47f6e6bb41e469c0beb96 collection: ccstandards
[36m[[0mmongo-db-seeder[36m][0m [32mDEBUG[0m id specified - insert: 4ff47f6e6bb41e469c0beb98
[36m[[0mmongo-db-seeder[36m][0m [32mDEBUG[0m [33mWarning: [0m document with this id already exists: 4ff47f6e6bb41e469c0beb97 collection: ccstandards
[36m[[0mmongo-db-seeder[36m][0m [32mDEBUG[0m id specified - insert: 4ff47f6e6bb41e469c0beb99
[36m[[0mmongo-db-seeder[36m][0m [32mDEBUG[0m [33mWarning: [0m document with this id already exists: 4ff47f6e6bb41e469c0beb98 collection: ccstandards
[36m[[0mmongo-db-seeder[36m][0m [32mDEBUG[0m id specified - insert: 4ff47f6e6bb41e469c0beb9a
[36m[[0mmongo-db-seeder[36m][0m [32mDEBUG[0m [33mWarning: [0m document with this id already exists: 4ff47f6e6bb41e469c0beb99 collection: ccstandards
[36m[[0mmongo-db-seeder[36m][0m [32mDEBUG[0m id specified - insert: 4ff47f6e6bb41e469c0beb9a
[36m[[0mmongo-db-seeder[36m][0m [32mDEBUG[0m id specified - insert: 4ff47f6e6bb41e469c0beb9b
[36m[[0mmongo-db-seeder[36m][0m [32mDEBUG[0m [33mWarning: [0m document with this id already exists: 4ff47f6e6bb41e469c0beb9b collection: ccstandards
[36m[[0mmongo-db-seeder[36m][0m [32mDEBUG[0m id specified - insert: 4ff47f6e6bb41e469c0beb9c
[36m[[0mmongo-db-seeder[36m][0m [32mDEBUG[0m id specified - insert: 4ff47f6e6bb41e469c0beb9c
[36m[[0mmongo-db-seeder[36m][0m [32mDEBUG[0m id specified - insert: 4ff47f6e6bb41e469c0beb9d
[36m[[0mmongo-db-seeder[36m][0m [32mDEBUG[0m id specified - insert: 4ff47f6e6bb41e469c0beb9e
[36m[[0mmongo-db-seeder[36m][0m [32mDEBUG[0m [33mWarning: [0m document with this id already exists: 4ff47f6e6bb41e469c0beb9d collection: ccstandards
[36m[[0mmongo-db-seeder[36m][0m [32mDEBUG[0m id specified - insert: 4ff47f6e6bb41e469c0beb9f
[36m[[0mmongo-db-seeder[36m][0m [32mDEBUG[0m [33mWarning: [0m document with this id already exists: 4ff47f6e6bb41e469c0beb9e collection: ccstandards
[36m[[0mmongo-db-seeder[36m][0m [32mDEBUG[0m id specified - insert: 4ff47f6e6bb41e469c0beb9f
[36m[[0mmongo-db-seeder[36m][0m [32mDEBUG[0m id specified - insert: 4ff47f6e6bb41e469c0beba0
[36m[[0mmongo-db-seeder[36m][0m [32mDEBUG[0m id specified - insert: 4ff47f6e6bb41e469c0beba1
[36m[[0mmongo-db-seeder[36m][0m [32mDEBUG[0m [33mWarning: [0m document with this id already exists: 4ff47f6e6bb41e469c0beba0 collection: ccstandards
[36m[[0mmongo-db-seeder[36m][0m [32mDEBUG[0m [33mWarning: [0m document with this id already exists: 4ff47f6e6bb41e469c0beba1 collection: ccstandards
[36m[[0mmongo-db-seeder[36m][0m [32mDEBUG[0m id specified - insert: 4ff47f6e6bb41e469c0beba3
[36m[[0mmongo-db-seeder[36m][0m [32mDEBUG[0m id specified - insert: 4ff47f6e6bb41e469c0beba3
[36m[[0mmongo-db-seeder[36m][0m [32mDEBUG[0m id specified - insert: 4ff47f6e6bb41e469c0beba4
[36m[[0mmongo-db-seeder[36m][0m [32mDEBUG[0m id specified - insert: 4ff47f6e6bb41e469c0beba4
[36m[[0mmongo-db-seeder[36m][0m [32mDEBUG[0m id specified - insert: 4ff47f6e6bb41e469c0beba5
[36m[[0mmongo-db-seeder[36m][0m [32mDEBUG[0m id specified - insert: 4ff47f6e6bb41e469c0beba5
[36m[[0mmongo-db-seeder[36m][0m [32mDEBUG[0m id specified - insert: 4ff47f6e6bb41e469c0beba8
[36m[[0mmongo-db-seeder[36m][0m [32mDEBUG[0m id specified - insert: 4ff47f6e6bb41e469c0beba9
[36m[[0mmongo-db-seeder[36m][0m [32mDEBUG[0m [33mWarning: [0m document with this id already exists: 4ff47f6e6bb41e469c0beba8 collection: ccstandards
[36m[[0mmongo-db-seeder[36m][0m [32mDEBUG[0m [33mWarning: [0m document with this id already exists: 4ff47f6e6bb41e469c0beba9 collection: ccstandards
[36m[[0mmongo-db-seeder[36m][0m [32mDEBUG[0m id specified - insert: 4ff47f6e6bb41e469c0bebaa
[36m[[0mmongo-db-seeder[36m][0m [32mDEBUG[0m id specified - insert: 4ff47f6e6bb41e469c0bebaa
[36m[[0mmongo-db-seeder[36m][0m [32mDEBUG[0m id specified - insert: 4ff47f6e6bb41e469c0bebab
[36m[[0mmongo-db-seeder[36m][0m [32mDEBUG[0m [33mWarning: [0m document with this id already exists: 4ff47f6e6bb41e469c0bebab collection: ccstandards
[36m[[0mmongo-db-seeder[36m][0m [32mDEBUG[0m id specified - insert: 4ff47f6e6bb41e469c0bebac
[36m[[0mmongo-db-seeder[36m][0m [32mDEBUG[0m id specified - insert: 4ff47f6e6bb41e469c0bebac
[36m[[0mmongo-db-seeder[36m][0m [32mDEBUG[0m id specified - insert: 4ff47f6e6bb41e469c0bebad
[36m[[0mmongo-db-seeder[36m][0m [32mDEBUG[0m id specified - insert: 4ff47f6e6bb41e469c0bebad
[36m[[0mmongo-db-seeder[36m][0m [32mDEBUG[0m id specified - insert: 4ff47f6e6bb41e469c0bebae
[36m[[0mmongo-db-seeder[36m][0m [32mDEBUG[0m id specified - insert: 4ff47f6e6bb41e469c0bebae
[36m[[0mmongo-db-seeder[36m][0m [32mDEBUG[0m id specified - insert: 4ff47f6e6bb41e469c0bebaf
[36m[[0mmongo-db-seeder[36m][0m [32mDEBUG[0m id specified - insert: 4ff47f6e6bb41e469c0bebb0
[36m[[0mmongo-db-seeder[36m][0m [32mDEBUG[0m [33mWarning: [0m document with this id already exists: 4ff47f6e6bb41e469c0bebaf collection: ccstandards
[36m[[0mmongo-db-seeder[36m][0m [32mDEBUG[0m id specified - insert: 4ff47f6e6bb41e469c0bebb1
[36m[[0mmongo-db-seeder[36m][0m [32mDEBUG[0m [33mWarning: [0m document with this id already exists: 4ff47f6e6bb41e469c0bebb0 collection: ccstandards
[36m[[0mmongo-db-seeder[36m][0m [32mDEBUG[0m id specified - insert: 4ff47f6e6bb41e469c0bebb4
[36m[[0mmongo-db-seeder[36m][0m [32mDEBUG[0m [33mWarning: [0m document with this id already exists: 4ff47f6e6bb41e469c0bebb1 collection: ccstandards
[36m[[0mmongo-db-seeder[36m][0m [32mDEBUG[0m [33mWarning: [0m document with this id already exists: 4ff47f6e6bb41e469c0bebb4 collection: ccstandards
[36m[[0mmongo-db-seeder[36m][0m [32mDEBUG[0m id specified - insert: 4ff47f6e6bb41e469c0bebb5
[36m[[0mmongo-db-seeder[36m][0m [32mDEBUG[0m id specified - insert: 4ff47f6e6bb41e469c0bebb5
[36m[[0mmongo-db-seeder[36m][0m [32mDEBUG[0m id specified - insert: 4ff47f6e6bb41e469c0bebb6
[36m[[0mmongo-db-seeder[36m][0m [32mDEBUG[0m id specified - insert: 4ff47f6e6bb41e469c0bebb6
[36m[[0mmongo-db-seeder[36m][0m [32mDEBUG[0m id specified - insert: 4ff47f6e6bb41e469c0bebb7
[36m[[0mmongo-db-seeder[36m][0m [32mDEBUG[0m id specified - insert: 4ff47f6e6bb41e469c0bebb7
[36m[[0mmongo-db-seeder[36m][0m [32mDEBUG[0m id specified - insert: 4ff47f6e6bb41e469c0bebb8
[36m[[0mmongo-db-seeder[36m][0m [32mDEBUG[0m id specified - insert: 4ff47f6e6bb41e469c0bebb8
[36m[[0mmongo-db-seeder[36m][0m [32mDEBUG[0m id specified - insert: 4ff47f6e6bb41e469c0bebb9
[36m[[0mmongo-db-seeder[36m][0m [32mDEBUG[0m id specified - insert: 4ff47f6e6bb41e469c0bebb9
[36m[[0mmongo-db-seeder[36m][0m [32mDEBUG[0m id specified - insert: 4ff47f6e6bb41e469c0bebbd
[36m[[0mmongo-db-seeder[36m][0m [32mDEBUG[0m id specified - insert: 4ff47f6e6bb41e469c0bebbe
[36m[[0mmongo-db-seeder[36m][0m [32mDEBUG[0m [33mWarning: [0m document with this id already exists: 4ff47f6e6bb41e469c0bebbd collection: ccstandards
[36m[[0mmongo-db-seeder[36m][0m [32mDEBUG[0m [33mWarning: [0m document with this id already exists: 4ff47f6e6bb41e469c0bebbe collection: ccstandards
[36m[[0mmongo-db-seeder[36m][0m [32mDEBUG[0m id specified - insert: 4ff47f6e6bb41e469c0bebbf
[36m[[0mmongo-db-seeder[36m][0m [32mDEBUG[0m id specified - insert: 4ff47f6e6bb41e469c0bebbf
[36m[[0mmongo-db-seeder[36m][0m [32mDEBUG[0m id specified - insert: 4ff47f6e6bb41e469c0bebc1
[36m[[0mmongo-db-seeder[36m][0m [32mDEBUG[0m id specified - insert: 4ff47f6e6bb41e469c0bebc2
[36m[[0mmongo-db-seeder[36m][0m [32mDEBUG[0m [33mWarning: [0m document with this id already exists: 4ff47f6e6bb41e469c0bebc1 collection: ccstandards
[36m[[0mmongo-db-seeder[36m][0m [32mDEBUG[0m [33mWarning: [0m document with this id already exists: 4ff47f6e6bb41e469c0bebc2 collection: ccstandards
[36m[[0mmongo-db-seeder[36m][0m [32mDEBUG[0m id specified - insert: 4ff47f6e6bb41e469c0bebc3
[36m[[0mmongo-db-seeder[36m][0m [32mDEBUG[0m id specified - insert: 4ff47f6e6bb41e469c0bebc3
[36m[[0mmongo-db-seeder[36m][0m [32mDEBUG[0m id specified - insert: 4ff47f6e6bb41e469c0bebc4
[36m[[0mmongo-db-seeder[36m][0m [32mDEBUG[0m id specified - insert: 4ff47f6e6bb41e469c0bebc6
[36m[[0mmongo-db-seeder[36m][0m [32mDEBUG[0m [33mWarning: [0m document with this id already exists: 4ff47f6e6bb41e469c0bebc4 collection: ccstandards
[36m[[0mmongo-db-seeder[36m][0m [32mDEBUG[0m id specified - insert: 4ff47f6e6bb41e469c0bebc7
[36m[[0mmongo-db-seeder[36m][0m [32mDEBUG[0m [33mWarning: [0m document with this id already exists: 4ff47f6e6bb41e469c0bebc6 collection: ccstandards
[36m[[0mmongo-db-seeder[36m][0m [32mDEBUG[0m id specified - insert: 4ff47f6e6bb41e469c0bebc7
[36m[[0mmongo-db-seeder[36m][0m [32mDEBUG[0m id specified - insert: 4ff47f6e6bb41e469c0bebc8
[36m[[0mmongo-db-seeder[36m][0m [32mDEBUG[0m id specified - insert: 4ff47f6e6bb41e469c0bebc8
[36m[[0mmongo-db-seeder[36m][0m [32mDEBUG[0m id specified - insert: 4ff47f6e6bb41e469c0bebc9
[36m[[0mmongo-db-seeder[36m][0m [32mDEBUG[0m [33mWarning: [0m document with this id already exists: 4ff47f6e6bb41e469c0bebc9 collection: ccstandards
[36m[[0mmongo-db-seeder[36m][0m [32mDEBUG[0m id specified - insert: 4ff47f6e6bb41e469c0bebca
[36m[[0mmongo-db-seeder[36m][0m [32mDEBUG[0m id specified - insert: 4ff47f6e6bb41e469c0bebca
[36m[[0mmongo-db-seeder[36m][0m [32mDEBUG[0m id specified - insert: 4ff47f6e6bb41e469c0bebcb
[36m[[0mmongo-db-seeder[36m][0m [32mDEBUG[0m [33mWarning: [0m document with this id already exists: 4ff47f6e6bb41e469c0bebcb collection: ccstandards
[36m[[0mmongo-db-seeder[36m][0m [32mDEBUG[0m id specified - insert: 4ff47f6e6bb41e469c0bebcd
[36m[[0mmongo-db-seeder[36m][0m [32mDEBUG[0m id specified - insert: 4ff47f6e6bb41e469c0bebcd
[36m[[0mmongo-db-seeder[36m][0m [32mDEBUG[0m id specified - insert: 4ff47f6e6bb41e469c0bebce
[36m[[0mmongo-db-seeder[36m][0m [32mDEBUG[0m id specified - insert: 4ff47f6e6bb41e469c0bebcf
[36m[[0mmongo-db-seeder[36m][0m [32mDEBUG[0m [33mWarning: [0m document with this id already exists: 4ff47f6e6bb41e469c0bebce collection: ccstandards
[36m[[0mmongo-db-seeder[36m][0m [32mDEBUG[0m id specified - insert: 4ff47f6e6bb41e469c0bebd1
[36m[[0mmongo-db-seeder[36m][0m [32mDEBUG[0m [33mWarning: [0m document with this id already exists: 4ff47f6e6bb41e469c0bebcf collection: ccstandards
[36m[[0mmongo-db-seeder[36m][0m [32mDEBUG[0m id specified - insert: 4ff47f6e6bb41e469c0bebd2
[36m[[0mmongo-db-seeder[36m][0m [32mDEBUG[0m [33mWarning: [0m document with this id already exists: 4ff47f6e6bb41e469c0bebd1 collection: ccstandards
[36m[[0mmongo-db-seeder[36m][0m [32mDEBUG[0m id specified - insert: 4ff47f6e6bb41e469c0bebd2
[36m[[0mmongo-db-seeder[36m][0m [32mDEBUG[0m id specified - insert: 4ff47f6e6bb41e469c0bebd3
[36m[[0mmongo-db-seeder[36m][0m [32mDEBUG[0m id specified - insert: 4ff47f6e6bb41e469c0bebd4
[36m[[0mmongo-db-seeder[36m][0m [32mDEBUG[0m [33mWarning: [0m document with this id already exists: 4ff47f6e6bb41e469c0bebd3 collection: ccstandards
[36m[[0mmongo-db-seeder[36m][0m [32mDEBUG[0m id specified - insert: 4ff47f6e6bb41e469c0bebd5
[36m[[0mmongo-db-seeder[36m][0m [32mDEBUG[0m [33mWarning: [0m document with this id already exists: 4ff47f6e6bb41e469c0bebd4 collection: ccstandards
[36m[[0mmongo-db-seeder[36m][0m [32mDEBUG[0m [33mWarning: [0m document with this id already exists: 4ff47f6e6bb41e469c0bebd5 collection: ccstandards
[36m[[0mmongo-db-seeder[36m][0m [32mDEBUG[0m id specified - insert: 4ff47f6e6bb41e469c0bebd6
[36m[[0mmongo-db-seeder[36m][0m [32mDEBUG[0m id specified - insert: 4ff47f6e6bb41e469c0bebd6
[36m[[0mmongo-db-seeder[36m][0m [32mDEBUG[0m id specified - insert: 4ff47f6e6bb41e469c0bebd7
[36m[[0mmongo-db-seeder[36m][0m [32mDEBUG[0m [33mWarning: [0m document with this id already exists: 4ff47f6e6bb41e469c0bebd7 collection: ccstandards
[36m[[0mmongo-db-seeder[36m][0m [32mDEBUG[0m id specified - insert: 4ff47f6e6bb41e469c0bebd8
[36m[[0mmongo-db-seeder[36m][0m [32mDEBUG[0m id specified - insert: 4ff47f6e6bb41e469c0bebd8
[36m[[0mmongo-db-seeder[36m][0m [32mDEBUG[0m id specified - insert: 4ff47f6e6bb41e469c0bebd9
[36m[[0mmongo-db-seeder[36m][0m [32mDEBUG[0m id specified - insert: 4ff47f6e6bb41e469c0bebd9
[36m[[0mmongo-db-seeder[36m][0m [32mDEBUG[0m id specified - insert: 4ff47f6e6bb41e469c0bebda
[36m[[0mmongo-db-seeder[36m][0m [32mDEBUG[0m id specified - insert: 4ff47f6e6bb41e469c0bebda
[36m[[0mmongo-db-seeder[36m][0m [32mDEBUG[0m id specified - insert: 4ff47f6e6bb41e469c0bebdb
[36m[[0mmongo-db-seeder[36m][0m [32mDEBUG[0m id specified - insert: 4ff47f6e6bb41e469c0bebdb
[36m[[0mmongo-db-seeder[36m][0m [32mDEBUG[0m id specified - insert: 4ff47f6e6bb41e469c0bebdc
[36m[[0mmongo-db-seeder[36m][0m [32mDEBUG[0m id specified - insert: 4ff47f6e6bb41e469c0bebdc
[36m[[0mmongo-db-seeder[36m][0m [32mDEBUG[0m id specified - insert: 4ff47f6e6bb41e469c0bebdd
[36m[[0mmongo-db-seeder[36m][0m [32mDEBUG[0m id specified - insert: 4ff47f6e6bb41e469c0bebdd
[36m[[0mmongo-db-seeder[36m][0m [32mDEBUG[0m id specified - insert: 4ff47f6e6bb41e469c0bebde
[36m[[0mmongo-db-seeder[36m][0m [32mDEBUG[0m id specified - insert: 4ff47f6e6bb41e469c0bebde
[36m[[0mmongo-db-seeder[36m][0m [32mDEBUG[0m id specified - insert: 4ff47f6e6bb41e469c0bebe0
[36m[[0mmongo-db-seeder[36m][0m [32mDEBUG[0m id specified - insert: 4ff47f6e6bb41e469c0bebe1
[36m[[0mmongo-db-seeder[36m][0m [32mDEBUG[0m [33mWarning: [0m document with this id already exists: 4ff47f6e6bb41e469c0bebe0 collection: ccstandards
[36m[[0mmongo-db-seeder[36m][0m [32mDEBUG[0m id specified - insert: 4ff47f6e6bb41e469c0bebe1
[36m[[0mmongo-db-seeder[36m][0m [32mDEBUG[0m id specified - insert: 4ff47f6e6bb41e469c0bebe2
[36m[[0mmongo-db-seeder[36m][0m [32mDEBUG[0m id specified - insert: 4ff47f6e6bb41e469c0bebe3
[36m[[0mmongo-db-seeder[36m][0m [32mDEBUG[0m [33mWarning: [0m document with this id already exists: 4ff47f6e6bb41e469c0bebe2 collection: ccstandards
[36m[[0mmongo-db-seeder[36m][0m [32mDEBUG[0m id specified - insert: 4ff47f6e6bb41e469c0bebe3
[36m[[0mmongo-db-seeder[36m][0m [32mDEBUG[0m id specified - insert: 4ff47f6e6bb41e469c0bebe5
[36m[[0mmongo-db-seeder[36m][0m [32mDEBUG[0m id specified - insert: 4ff47f6e6bb41e469c0bebe6
[36m[[0mmongo-db-seeder[36m][0m [32mDEBUG[0m [33mWarning: [0m document with this id already exists: 4ff47f6e6bb41e469c0bebe5 collection: ccstandards
[36m[[0mmongo-db-seeder[36m][0m [32mDEBUG[0m id specified - insert: 4ff47f6e6bb41e469c0bebe6
[36m[[0mmongo-db-seeder[36m][0m [32mDEBUG[0m id specified - insert: 4ff47f6e6bb41e469c0bebe7
[36m[[0mmongo-db-seeder[36m][0m [32mDEBUG[0m id specified - insert: 4ff47f6e6bb41e469c0bebe7
[36m[[0mmongo-db-seeder[36m][0m [32mDEBUG[0m id specified - insert: 4ff47f6e6bb41e469c0bebe9
[36m[[0mmongo-db-seeder[36m][0m [32mDEBUG[0m id specified - insert: 4ff47f6e6bb41e469c0bebe9
[36m[[0mmongo-db-seeder[36m][0m [32mDEBUG[0m id specified - insert: 4ff47f6e6bb41e469c0bebea
[36m[[0mmongo-db-seeder[36m][0m [32mDEBUG[0m id specified - insert: 4ff47f6e6bb41e469c0bebea
[36m[[0mmongo-db-seeder[36m][0m [32mDEBUG[0m id specified - insert: 4ff47f6e6bb41e469c0bebeb
[36m[[0mmongo-db-seeder[36m][0m [32mDEBUG[0m id specified - insert: 4ff47f6e6bb41e469c0bebeb
[36m[[0mmongo-db-seeder[36m][0m [32mDEBUG[0m id specified - insert: 4ff47f6f6bb41e469c0bebed
[36m[[0mmongo-db-seeder[36m][0m [32mDEBUG[0m id specified - insert: 4ff47f6f6bb41e469c0bebed
[36m[[0mmongo-db-seeder[36m][0m [32mDEBUG[0m id specified - insert: 4ff47f6f6bb41e469c0bebee
[36m[[0mmongo-db-seeder[36m][0m [32mDEBUG[0m id specified - insert: 4ff47f6f6bb41e469c0bebee
[36m[[0mmongo-db-seeder[36m][0m [32mDEBUG[0m id specified - insert: 4ff47f6f6bb41e469c0bebef
[36m[[0mmongo-db-seeder[36m][0m [32mDEBUG[0m id specified - insert: 4ff47f6f6bb41e469c0bebef
[36m[[0mmongo-db-seeder[36m][0m [32mDEBUG[0m id specified - insert: 4ff47f6f6bb41e469c0bebf0
[36m[[0mmongo-db-seeder[36m][0m [32mDEBUG[0m id specified - insert: 4ff47f6f6bb41e469c0bebf0
[36m[[0mmongo-db-seeder[36m][0m [32mDEBUG[0m id specified - insert: 4ff47f6f6bb41e469c0bebf1
[36m[[0mmongo-db-seeder[36m][0m [32mDEBUG[0m id specified - insert: 4ff47f6f6bb41e469c0bebf1
[36m[[0mmongo-db-seeder[36m][0m [32mDEBUG[0m id specified - insert: 4ff47f6f6bb41e469c0bebf2
[36m[[0mmongo-db-seeder[36m][0m [32mDEBUG[0m id specified - insert: 4ff47f6f6bb41e469c0bebf5
[36m[[0mmongo-db-seeder[36m][0m [32mDEBUG[0m [33mWarning: [0m document with this id already exists: 4ff47f6f6bb41e469c0bebf2 collection: ccstandards
[36m[[0mmongo-db-seeder[36m][0m [32mDEBUG[0m [33mWarning: [0m document with this id already exists: 4ff47f6f6bb41e469c0bebf5 collection: ccstandards
[36m[[0mmongo-db-seeder[36m][0m [32mDEBUG[0m id specified - insert: 4ff47f6f6bb41e469c0bebf6
[36m[[0mmongo-db-seeder[36m][0m [32mDEBUG[0m id specified - insert: 4ff47f6f6bb41e469c0bebf6
[36m[[0mmongo-db-seeder[36m][0m [32mDEBUG[0m id specified - insert: 4ff47f6f6bb41e469c0bebf7
[36m[[0mmongo-db-seeder[36m][0m [32mDEBUG[0m id specified - insert: 4ff47f6f6bb41e469c0bebf7
[36m[[0mmongo-db-seeder[36m][0m [32mDEBUG[0m id specified - insert: 4ff47f6f6bb41e469c0bebf8
[36m[[0mmongo-db-seeder[36m][0m [32mDEBUG[0m [33mWarning: [0m document with this id already exists: 4ff47f6f6bb41e469c0bebf8 collection: ccstandards
[36m[[0mmongo-db-seeder[36m][0m [32mDEBUG[0m id specified - insert: 4ff47f6f6bb41e469c0bebf9
[36m[[0mmongo-db-seeder[36m][0m [32mDEBUG[0m id specified - insert: 4ff47f6f6bb41e469c0bebf9
[36m[[0mmongo-db-seeder[36m][0m [32mDEBUG[0m id specified - insert: 50bca79330047de5a0f5066f
[36m[[0mmongo-db-seeder[36m][0m [32mDEBUG[0m id specified - insert: 50bca79330047de5a0f5066f
[36m[[0mmongo-db-seeder[36m][0m [32mDEBUG[0m id specified - insert: 50bca79430047de5a0f50670
[36m[[0mmongo-db-seeder[36m][0m [32mDEBUG[0m id specified - insert: 50bca79430047de5a0f50670
[36m[[0mmongo-db-seeder[36m][0m [32mDEBUG[0m id specified - insert: 50bca79930047de5a0f50671
[36m[[0mmongo-db-seeder[36m][0m [32mDEBUG[0m id specified - insert: 50bca79930047de5a0f50671
[36m[[0mmongo-db-seeder[36m][0m [32mDEBUG[0m id specified - insert: 50bca79c30047de5a0f50672
[36m[[0mmongo-db-seeder[36m][0m [32mDEBUG[0m [33mWarning: [0m document with this id already exists: 50bca79c30047de5a0f50672 collection: ccstandards
[36m[[0mmongo-db-seeder[36m][0m [32mDEBUG[0m id specified - insert: 50bca79c30047de5a0f50673
[36m[[0mmongo-db-seeder[36m][0m [32mDEBUG[0m id specified - insert: 50bca79c30047de5a0f50673
[36m[[0mmongo-db-seeder[36m][0m [32mDEBUG[0m id specified - insert: 50bca7a130047de5a0f50674
[36m[[0mmongo-db-seeder[36m][0m [32mDEBUG[0m id specified - insert: 50bca7a130047de5a0f50674
[36m[[0mmongo-db-seeder[36m][0m [32mDEBUG[0m id specified - insert: 50bca7a130047de5a0f50675
[36m[[0mmongo-db-seeder[36m][0m [32mDEBUG[0m id specified - insert: 50bca7a130047de5a0f50675
[36m[[0mmongo-db-seeder[36m][0m [32mDEBUG[0m id specified - insert: 50bca7a330047de5a0f50676
[36m[[0mmongo-db-seeder[36m][0m [32mDEBUG[0m id specified - insert: 50bca7aa30047de5a0f50677
[36m[[0mmongo-db-seeder[36m][0m [32mDEBUG[0m [33mWarning: [0m document with this id already exists: 50bca7a330047de5a0f50676 collection: ccstandards
[36m[[0mmongo-db-seeder[36m][0m [32mDEBUG[0m id specified - insert: 50bca7aa30047de5a0f50678
[36m[[0mmongo-db-seeder[36m][0m [32mDEBUG[0m [33mWarning: [0m document with this id already exists: 50bca7aa30047de5a0f50677 collection: ccstandards
[36m[[0mmongo-db-seeder[36m][0m [32mDEBUG[0m id specified - insert: 50bca7aa30047de5a0f50678
[36m[[0mmongo-db-seeder[36m][0m [32mDEBUG[0m id specified - insert: 50bca7af30047de5a0f50679
[36m[[0mmongo-db-seeder[36m][0m [32mDEBUG[0m [33mWarning: [0m document with this id already exists: 50bca7af30047de5a0f50679 collection: ccstandards
[36m[[0mmongo-db-seeder[36m][0m [32mDEBUG[0m id specified - insert: 50bca7af30047de5a0f5067a
[36m[[0mmongo-db-seeder[36m][0m [32mDEBUG[0m id specified - insert: 50bca7af30047de5a0f5067a
[36m[[0mmongo-db-seeder[36m][0m [32mDEBUG[0m id specified - insert: 50bca7b330047de5a0f5067b
[36m[[0mmongo-db-seeder[36m][0m [32mDEBUG[0m id specified - insert: 50bca7b330047de5a0f5067b
[36m[[0mmongo-db-seeder[36m][0m [32mDEBUG[0m id specified - insert: 50bca7b830047de5a0f5067c
[36m[[0mmongo-db-seeder[36m][0m [32mDEBUG[0m id specified - insert: 50bca7b830047de5a0f5067c
[36m[[0mmongo-db-seeder[36m][0m [32mDEBUG[0m id specified - insert: 50bca7b830047de5a0f5067d
[36m[[0mmongo-db-seeder[36m][0m [32mDEBUG[0m id specified - insert: 50bca7b830047de5a0f5067d
[36m[[0mmongo-db-seeder[36m][0m [32mDEBUG[0m id specified - insert: 50bca7bf30047de5a0f5067e
[36m[[0mmongo-db-seeder[36m][0m [32mDEBUG[0m [33mWarning: [0m document with this id already exists: 50bca7bf30047de5a0f5067e collection: ccstandards
[36m[[0mmongo-db-seeder[36m][0m [32mDEBUG[0m id specified - insert: 50bca7bf30047de5a0f5067f
[36m[[0mmongo-db-seeder[36m][0m [32mDEBUG[0m id specified - insert: 50bca7bf30047de5a0f5067f
[36m[[0mmongo-db-seeder[36m][0m [32mDEBUG[0m id specified - insert: 50bca7bf30047de5a0f50680
[36m[[0mmongo-db-seeder[36m][0m [32mDEBUG[0m [33mWarning: [0m document with this id already exists: 50bca7bf30047de5a0f50680 collection: ccstandards
[36m[[0mmongo-db-seeder[36m][0m [32mDEBUG[0m id specified - insert: 50bca7bf30047de5a0f50681
[36m[[0mmongo-db-seeder[36m][0m [32mDEBUG[0m id specified - insert: 50bca7bf30047de5a0f50681
[36m[[0mmongo-db-seeder[36m][0m [32mDEBUG[0m id specified - insert: 50bca7c130047de5a0f50682
[36m[[0mmongo-db-seeder[36m][0m [32mDEBUG[0m id specified - insert: 50bca7c130047de5a0f50682
[36m[[0mmongo-db-seeder[36m][0m [32mDEBUG[0m id specified - insert: 50bca7c230047de5a0f50683
[36m[[0mmongo-db-seeder[36m][0m [32mDEBUG[0m id specified - insert: 50bca7c430047de5a0f50684
[36m[[0mmongo-db-seeder[36m][0m [32mDEBUG[0m [33mWarning: [0m document with this id already exists: 50bca7c230047de5a0f50683 collection: ccstandards
[36m[[0mmongo-db-seeder[36m][0m [32mDEBUG[0m [33mWarning: [0m document with this id already exists: 50bca7c430047de5a0f50684 collection: ccstandards
[36m[[0mmongo-db-seeder[36m][0m [32mDEBUG[0m id specified - insert: 50bca7c630047de5a0f50685
[36m[[0mmongo-db-seeder[36m][0m [32mDEBUG[0m id specified - insert: 50bca7c630047de5a0f50685
[36m[[0mmongo-db-seeder[36m][0m [32mDEBUG[0m id specified - insert: 50bca7c830047de5a0f50686
[36m[[0mmongo-db-seeder[36m][0m [32mDEBUG[0m [33mWarning: [0m document with this id already exists: 50bca7c830047de5a0f50686 collection: ccstandards
[36m[[0mmongo-db-seeder[36m][0m [32mDEBUG[0m id specified - insert: 50bca7cd30047de5a0f50687
[36m[[0mmongo-db-seeder[36m][0m [32mDEBUG[0m id specified - insert: 50bca7cd30047de5a0f50687
[36m[[0mmongo-db-seeder[36m][0m [32mDEBUG[0m id specified - insert: 50bca7cd30047de5a0f50688
[36m[[0mmongo-db-seeder[36m][0m [32mDEBUG[0m id specified - insert: 50bca7ce30047de5a0f50689
[36m[[0mmongo-db-seeder[36m][0m [32mDEBUG[0m [33mWarning: [0m document with this id already exists: 50bca7cd30047de5a0f50688 collection: ccstandards
[36m[[0mmongo-db-seeder[36m][0m [32mDEBUG[0m [33mWarning: [0m document with this id already exists: 50bca7ce30047de5a0f50689 collection: ccstandards
[36m[[0mmongo-db-seeder[36m][0m [32mDEBUG[0m id specified - insert: 50bca7ce30047de5a0f5068a
[36m[[0mmongo-db-seeder[36m][0m [32mDEBUG[0m id specified - insert: 50bca7ce30047de5a0f5068a
[36m[[0mmongo-db-seeder[36m][0m [32mDEBUG[0m id specified - insert: 50bca7d130047de5a0f5068b
[36m[[0mmongo-db-seeder[36m][0m [32mDEBUG[0m id specified - insert: 50bca7d130047de5a0f5068b
[36m[[0mmongo-db-seeder[36m][0m [32mDEBUG[0m id specified - insert: 50bca7d430047de5a0f5068c
[36m[[0mmongo-db-seeder[36m][0m [32mDEBUG[0m id specified - insert: 50bca7d730047de5a0f5068d
[36m[[0mmongo-db-seeder[36m][0m [32mDEBUG[0m [33mWarning: [0m document with this id already exists: 50bca7d430047de5a0f5068c collection: ccstandards
[36m[[0mmongo-db-seeder[36m][0m [32mDEBUG[0m id specified - insert: 50bca7d730047de5a0f5068d
[36m[[0mmongo-db-seeder[36m][0m [32mDEBUG[0m id specified - insert: 50bca7d730047de5a0f5068e
[36m[[0mmongo-db-seeder[36m][0m [32mDEBUG[0m id specified - insert: 50bca7d930047de5a0f5068f
[36m[[0mmongo-db-seeder[36m][0m [32mDEBUG[0m [33mWarning: [0m document with this id already exists: 50bca7d730047de5a0f5068e collection: ccstandards
[36m[[0mmongo-db-seeder[36m][0m [32mDEBUG[0m id specified - insert: 50bca7d930047de5a0f5068f
[36m[[0mmongo-db-seeder[36m][0m [32mDEBUG[0m id specified - insert: 50bca7e130047de5a0f50690
[36m[[0mmongo-db-seeder[36m][0m [32mDEBUG[0m id specified - insert: 50bca7e130047de5a0f50690
[36m[[0mmongo-db-seeder[36m][0m [32mDEBUG[0m id specified - insert: 50bca7e130047de5a0f50691
[36m[[0mmongo-db-seeder[36m][0m [32mDEBUG[0m id specified - insert: 50bca7e130047de5a0f50692
[36m[[0mmongo-db-seeder[36m][0m [32mDEBUG[0m [33mWarning: [0m document with this id already exists: 50bca7e130047de5a0f50691 collection: ccstandards
[36m[[0mmongo-db-seeder[36m][0m [32mDEBUG[0m id specified - insert: 50bca7e130047de5a0f50692
[36m[[0mmongo-db-seeder[36m][0m [32mDEBUG[0m id specified - insert: 50bca7e330047de5a0f50693
[36m[[0mmongo-db-seeder[36m][0m [32mDEBUG[0m id specified - insert: 50bca7e330047de5a0f50694
[36m[[0mmongo-db-seeder[36m][0m [32mDEBUG[0m [33mWarning: [0m document with this id already exists: 50bca7e330047de5a0f50693 collection: ccstandards
[36m[[0mmongo-db-seeder[36m][0m [32mDEBUG[0m id specified - insert: 50bca7e530047de5a0f50695
[36m[[0mmongo-db-seeder[36m][0m [32mDEBUG[0m [33mWarning: [0m document with this id already exists: 50bca7e330047de5a0f50694 collection: ccstandards
[36m[[0mmongo-db-seeder[36m][0m [32mDEBUG[0m [33mWarning: [0m document with this id already exists: 50bca7e530047de5a0f50695 collection: ccstandards
[36m[[0mmongo-db-seeder[36m][0m [32mDEBUG[0m id specified - insert: 50bca7e730047de5a0f50696
[36m[[0mmongo-db-seeder[36m][0m [32mDEBUG[0m id specified - insert: 50bca7e730047de5a0f50696
[36m[[0mmongo-db-seeder[36m][0m [32mDEBUG[0m id specified - insert: 50bca7ea30047de5a0f50697
[36m[[0mmongo-db-seeder[36m][0m [32mDEBUG[0m id specified - insert: 50bca7ec30047de5a0f50698
[36m[[0mmongo-db-seeder[36m][0m [32mDEBUG[0m [33mWarning: [0m document with this id already exists: 50bca7ea30047de5a0f50697 collection: ccstandards
[36m[[0mmongo-db-seeder[36m][0m [32mDEBUG[0m id specified - insert: 50bca7ee30047de5a0f50699
[36m[[0mmongo-db-seeder[36m][0m [32mDEBUG[0m [33mWarning: [0m document with this id already exists: 50bca7ec30047de5a0f50698 collection: ccstandards
[36m[[0mmongo-db-seeder[36m][0m [32mDEBUG[0m id specified - insert: 50bca7ee30047de5a0f5069a
[36m[[0mmongo-db-seeder[36m][0m [32mDEBUG[0m [33mWarning: [0m document with this id already exists: 50bca7ee30047de5a0f50699 collection: ccstandards
[36m[[0mmongo-db-seeder[36m][0m [32mDEBUG[0m id specified - insert: 50bca7f030047de5a0f5069b
[36m[[0mmongo-db-seeder[36m][0m [32mDEBUG[0m [33mWarning: [0m document with this id already exists: 50bca7ee30047de5a0f5069a collection: ccstandards
[36m[[0mmongo-db-seeder[36m][0m [32mDEBUG[0m id specified - insert: 50bca7f030047de5a0f5069c
[36m[[0mmongo-db-seeder[36m][0m [32mDEBUG[0m [33mWarning: [0m document with this id already exists: 50bca7f030047de5a0f5069b collection: ccstandards
[36m[[0mmongo-db-seeder[36m][0m [32mDEBUG[0m id specified - insert: 50bca7f030047de5a0f5069d
[36m[[0mmongo-db-seeder[36m][0m [32mDEBUG[0m [33mWarning: [0m document with this id already exists: 50bca7f030047de5a0f5069c collection: ccstandards
[36m[[0mmongo-db-seeder[36m][0m [32mDEBUG[0m id specified - insert: 50bca7f130047de5a0f5069e
[36m[[0mmongo-db-seeder[36m][0m [32mDEBUG[0m [33mWarning: [0m document with this id already exists: 50bca7f030047de5a0f5069d collection: ccstandards
[36m[[0mmongo-db-seeder[36m][0m [32mDEBUG[0m id specified - insert: 50bca7f130047de5a0f5069f
[36m[[0mmongo-db-seeder[36m][0m [32mDEBUG[0m [33mWarning: [0m document with this id already exists: 50bca7f130047de5a0f5069e collection: ccstandards
[36m[[0mmongo-db-seeder[36m][0m [32mDEBUG[0m [33mWarning: [0m document with this id already exists: 50bca7f130047de5a0f5069f collection: ccstandards
[36m[[0mmongo-db-seeder[36m][0m [32mDEBUG[0m id specified - insert: 50bca7f430047de5a0f506a0
[36m[[0mmongo-db-seeder[36m][0m [32mDEBUG[0m id specified - insert: 50bca7f430047de5a0f506a0
[36m[[0mmongo-db-seeder[36m][0m [32mDEBUG[0m id specified - insert: 50bca7f430047de5a0f506a1
[36m[[0mmongo-db-seeder[36m][0m [32mDEBUG[0m id specified - insert: 50bca7f430047de5a0f506a2
[36m[[0mmongo-db-seeder[36m][0m [32mDEBUG[0m [33mWarning: [0m document with this id already exists: 50bca7f430047de5a0f506a1 collection: ccstandards
[36m[[0mmongo-db-seeder[36m][0m [32mDEBUG[0m [33mWarning: [0m document with this id already exists: 50bca7f430047de5a0f506a2 collection: ccstandards
[36m[[0mmongo-db-seeder[36m][0m [32mDEBUG[0m id specified - insert: 50bca7f430047de5a0f506a3
[36m[[0mmongo-db-seeder[36m][0m [32mDEBUG[0m id specified - insert: 50bca7f430047de5a0f506a3
[36m[[0mmongo-db-seeder[36m][0m [32mDEBUG[0m id specified - insert: 50bca7f530047de5a0f506a4
[36m[[0mmongo-db-seeder[36m][0m [32mDEBUG[0m id specified - insert: 50bca7f530047de5a0f506a4
[36m[[0mmongo-db-seeder[36m][0m [32mDEBUG[0m id specified - insert: 50bca7f730047de5a0f506a5
[36m[[0mmongo-db-seeder[36m][0m [32mDEBUG[0m id specified - insert: 50bca7f730047de5a0f506a5
[36m[[0mmongo-db-seeder[36m][0m [32mDEBUG[0m id specified - insert: 50bca7f830047de5a0f506a6
[36m[[0mmongo-db-seeder[36m][0m [32mDEBUG[0m id specified - insert: 50bca7fd30047de5a0f506a7
[36m[[0mmongo-db-seeder[36m][0m [32mDEBUG[0m [33mWarning: [0m document with this id already exists: 50bca7f830047de5a0f506a6 collection: ccstandards
[36m[[0mmongo-db-seeder[36m][0m [32mDEBUG[0m [33mWarning: [0m document with this id already exists: 50bca7fd30047de5a0f506a7 collection: ccstandards
[36m[[0mmongo-db-seeder[36m][0m [32mDEBUG[0m id specified - insert: 50bca7ff30047de5a0f506a8
[36m[[0mmongo-db-seeder[36m][0m [32mDEBUG[0m id specified - insert: 50bca7ff30047de5a0f506a8
[36m[[0mmongo-db-seeder[36m][0m [32mDEBUG[0m id specified - insert: 50bca7ff30047de5a0f506a9
[36m[[0mmongo-db-seeder[36m][0m [32mDEBUG[0m id specified - insert: 50bca80130047de5a0f506aa
[36m[[0mmongo-db-seeder[36m][0m [32mDEBUG[0m [33mWarning: [0m document with this id already exists: 50bca7ff30047de5a0f506a9 collection: ccstandards
[36m[[0mmongo-db-seeder[36m][0m [32mDEBUG[0m [33mWarning: [0m document with this id already exists: 50bca80130047de5a0f506aa collection: ccstandards
[36m[[0mmongo-db-seeder[36m][0m [32mDEBUG[0m id specified - insert: 50bca80230047de5a0f506ab
[36m[[0mmongo-db-seeder[36m][0m [32mDEBUG[0m id specified - insert: 50bca80230047de5a0f506ab
[36m[[0mmongo-db-seeder[36m][0m [32mDEBUG[0m id specified - insert: 50bca80230047de5a0f506ac
[36m[[0mmongo-db-seeder[36m][0m [32mDEBUG[0m id specified - insert: 50bca80230047de5a0f506ac
[36m[[0mmongo-db-seeder[36m][0m [32mDEBUG[0m id specified - insert: 50bca80630047de5a0f506b5
[36m[[0mmongo-db-seeder[36m][0m [32mDEBUG[0m id specified - insert: 50bca80630047de5a0f506b5
[36m[[0mmongo-db-seeder[36m][0m [32mDEBUG[0m id specified - insert: 50bca80730047de5a0f506b6
[36m[[0mmongo-db-seeder[36m][0m [32mDEBUG[0m id specified - insert: 50bca80730047de5a0f506b7
[36m[[0mmongo-db-seeder[36m][0m [32mDEBUG[0m [33mWarning: [0m document with this id already exists: 50bca80730047de5a0f506b6 collection: ccstandards
[36m[[0mmongo-db-seeder[36m][0m [32mDEBUG[0m id specified - insert: 50bca80730047de5a0f506b8
[36m[[0mmongo-db-seeder[36m][0m [32mDEBUG[0m [33mWarning: [0m document with this id already exists: 50bca80730047de5a0f506b7 collection: ccstandards
[36m[[0mmongo-db-seeder[36m][0m [32mDEBUG[0m [33mWarning: [0m document with this id already exists: 50bca80730047de5a0f506b8 collection: ccstandards
[36m[[0mmongo-db-seeder[36m][0m [32mDEBUG[0m id specified - insert: 50bca80730047de5a0f506b9
[36m[[0mmongo-db-seeder[36m][0m [32mDEBUG[0m id specified - insert: 50bca80730047de5a0f506b9
[36m[[0mmongo-db-seeder[36m][0m [32mDEBUG[0m id specified - insert: 50bca80730047de5a0f506ba
[36m[[0mmongo-db-seeder[36m][0m [32mDEBUG[0m id specified - insert: 50bca80730047de5a0f506bb
[36m[[0mmongo-db-seeder[36m][0m [32mDEBUG[0m [33mWarning: [0m document with this id already exists: 50bca80730047de5a0f506ba collection: ccstandards
[36m[[0mmongo-db-seeder[36m][0m [32mDEBUG[0m id specified - insert: 50bca80730047de5a0f506bc
[36m[[0mmongo-db-seeder[36m][0m [32mDEBUG[0m [33mWarning: [0m document with this id already exists: 50bca80730047de5a0f506bb collection: ccstandards
[36m[[0mmongo-db-seeder[36m][0m [32mDEBUG[0m id specified - insert: 50bca80730047de5a0f506bd
[36m[[0mmongo-db-seeder[36m][0m [32mDEBUG[0m [33mWarning: [0m document with this id already exists: 50bca80730047de5a0f506bc collection: ccstandards
[36m[[0mmongo-db-seeder[36m][0m [32mDEBUG[0m id specified - insert: 50bca80730047de5a0f506be
[36m[[0mmongo-db-seeder[36m][0m [32mDEBUG[0m [33mWarning: [0m document with this id already exists: 50bca80730047de5a0f506bd collection: ccstandards
[36m[[0mmongo-db-seeder[36m][0m [32mDEBUG[0m id specified - insert: 50bca80930047de5a0f506bf
[36m[[0mmongo-db-seeder[36m][0m [32mDEBUG[0m [33mWarning: [0m document with this id already exists: 50bca80730047de5a0f506be collection: ccstandards
[36m[[0mmongo-db-seeder[36m][0m [32mDEBUG[0m id specified - insert: 50bca80930047de5a0f506c0
[36m[[0mmongo-db-seeder[36m][0m [32mDEBUG[0m [33mWarning: [0m document with this id already exists: 50bca80930047de5a0f506bf collection: ccstandards
[36m[[0mmongo-db-seeder[36m][0m [32mDEBUG[0m id specified - insert: 50bca80930047de5a0f506c1
[36m[[0mmongo-db-seeder[36m][0m [32mDEBUG[0m [33mWarning: [0m document with this id already exists: 50bca80930047de5a0f506c0 collection: ccstandards
[36m[[0mmongo-db-seeder[36m][0m [32mDEBUG[0m id specified - insert: 50bca80930047de5a0f506c2
[36m[[0mmongo-db-seeder[36m][0m [32mDEBUG[0m [33mWarning: [0m document with this id already exists: 50bca80930047de5a0f506c1 collection: ccstandards
[36m[[0mmongo-db-seeder[36m][0m [32mDEBUG[0m id specified - insert: 50bca80930047de5a0f506c3
[36m[[0mmongo-db-seeder[36m][0m [32mDEBUG[0m [33mWarning: [0m document with this id already exists: 50bca80930047de5a0f506c2 collection: ccstandards
[36m[[0mmongo-db-seeder[36m][0m [32mDEBUG[0m id specified - insert: 50bca80930047de5a0f506c4
[36m[[0mmongo-db-seeder[36m][0m [32mDEBUG[0m [33mWarning: [0m document with this id already exists: 50bca80930047de5a0f506c3 collection: ccstandards
[36m[[0mmongo-db-seeder[36m][0m [32mDEBUG[0m id specified - insert: 50bca80930047de5a0f506c5
[36m[[0mmongo-db-seeder[36m][0m [32mDEBUG[0m [33mWarning: [0m document with this id already exists: 50bca80930047de5a0f506c4 collection: ccstandards
[36m[[0mmongo-db-seeder[36m][0m [32mDEBUG[0m id specified - insert: 50bca80a30047de5a0f506c6
[36m[[0mmongo-db-seeder[36m][0m [32mDEBUG[0m [33mWarning: [0m document with this id already exists: 50bca80930047de5a0f506c5 collection: ccstandards
[36m[[0mmongo-db-seeder[36m][0m [32mDEBUG[0m id specified - insert: 50bca80a30047de5a0f506c7
[36m[[0mmongo-db-seeder[36m][0m [32mDEBUG[0m [33mWarning: [0m document with this id already exists: 50bca80a30047de5a0f506c6 collection: ccstandards
[36m[[0mmongo-db-seeder[36m][0m [32mDEBUG[0m id specified - insert: 50bca80a30047de5a0f506c8
[36m[[0mmongo-db-seeder[36m][0m [32mDEBUG[0m [33mWarning: [0m document with this id already exists: 50bca80a30047de5a0f506c7 collection: ccstandards
[36m[[0mmongo-db-seeder[36m][0m [32mDEBUG[0m id specified - insert: 50bca80a30047de5a0f506c9
[36m[[0mmongo-db-seeder[36m][0m [32mDEBUG[0m [33mWarning: [0m document with this id already exists: 50bca80a30047de5a0f506c8 collection: ccstandards
[36m[[0mmongo-db-seeder[36m][0m [32mDEBUG[0m id specified - insert: 50bca80a30047de5a0f506ca
[36m[[0mmongo-db-seeder[36m][0m [32mDEBUG[0m [33mWarning: [0m document with this id already exists: 50bca80a30047de5a0f506c9 collection: ccstandards
[36m[[0mmongo-db-seeder[36m][0m [32mDEBUG[0m [33mWarning: [0m document with this id already exists: 50bca80a30047de5a0f506ca collection: ccstandards
[36m[[0mmongo-db-seeder[36m][0m [32mDEBUG[0m id specified - insert: 50bca80c30047de5a0f506cb
[36m[[0mmongo-db-seeder[36m][0m [32mDEBUG[0m id specified - insert: 50bca80c30047de5a0f506cb
[36m[[0mmongo-db-seeder[36m][0m [32mDEBUG[0m id specified - insert: 50bca80c30047de5a0f506cc
[36m[[0mmongo-db-seeder[36m][0m [32mDEBUG[0m id specified - insert: 50bca80c30047de5a0f506cc
[36m[[0mmongo-db-seeder[36m][0m [32mDEBUG[0m id specified - insert: 50bca80c30047de5a0f506cd
[36m[[0mmongo-db-seeder[36m][0m [32mDEBUG[0m id specified - insert: 50bca80f30047de5a0f506d0
[36m[[0mmongo-db-seeder[36m][0m [32mDEBUG[0m [33mWarning: [0m document with this id already exists: 50bca80c30047de5a0f506cd collection: ccstandards
[36m[[0mmongo-db-seeder[36m][0m [32mDEBUG[0m id specified - insert: 50bca81030047de5a0f506d2
[36m[[0mmongo-db-seeder[36m][0m [32mDEBUG[0m [33mWarning: [0m document with this id already exists: 50bca80f30047de5a0f506d0 collection: ccstandards
[36m[[0mmongo-db-seeder[36m][0m [32mDEBUG[0m id specified - insert: 50bca81130047de5a0f506d4
[36m[[0mmongo-db-seeder[36m][0m [32mDEBUG[0m [33mWarning: [0m document with this id already exists: 50bca81030047de5a0f506d2 collection: ccstandards
[36m[[0mmongo-db-seeder[36m][0m [32mDEBUG[0m id specified - insert: 50bca81230047de5a0f506d5
[36m[[0mmongo-db-seeder[36m][0m [32mDEBUG[0m [33mWarning: [0m document with this id already exists: 50bca81130047de5a0f506d4 collection: ccstandards
[36m[[0mmongo-db-seeder[36m][0m [32mDEBUG[0m id specified - insert: 50bca81330047de5a0f506d7
[36m[[0mmongo-db-seeder[36m][0m [32mDEBUG[0m [33mWarning: [0m document with this id already exists: 50bca81230047de5a0f506d5 collection: ccstandards
[36m[[0mmongo-db-seeder[36m][0m [32mDEBUG[0m id specified - insert: 50bca81430047de5a0f506d8
[36m[[0mmongo-db-seeder[36m][0m [32mDEBUG[0m [33mWarning: [0m document with this id already exists: 50bca81330047de5a0f506d7 collection: ccstandards
[36m[[0mmongo-db-seeder[36m][0m [32mDEBUG[0m id specified - insert: 50bca81430047de5a0f506da
[36m[[0mmongo-db-seeder[36m][0m [32mDEBUG[0m [33mWarning: [0m document with this id already exists: 50bca81430047de5a0f506d8 collection: ccstandards
[36m[[0mmongo-db-seeder[36m][0m [32mDEBUG[0m id specified - insert: 50bca81630047de5a0f506db
[36m[[0mmongo-db-seeder[36m][0m [32mDEBUG[0m [33mWarning: [0m document with this id already exists: 50bca81430047de5a0f506da collection: ccstandards
[36m[[0mmongo-db-seeder[36m][0m [32mDEBUG[0m id specified - insert: 50bca81630047de5a0f506dc
[36m[[0mmongo-db-seeder[36m][0m [32mDEBUG[0m [33mWarning: [0m document with this id already exists: 50bca81630047de5a0f506db collection: ccstandards
[36m[[0mmongo-db-seeder[36m][0m [32mDEBUG[0m id specified - insert: 50bca81830047de5a0f506de
[36m[[0mmongo-db-seeder[36m][0m [32mDEBUG[0m [33mWarning: [0m document with this id already exists: 50bca81630047de5a0f506dc collection: ccstandards
[36m[[0mmongo-db-seeder[36m][0m [32mDEBUG[0m id specified - insert: 50bca81830047de5a0f506e0
[36m[[0mmongo-db-seeder[36m][0m [32mDEBUG[0m [33mWarning: [0m document with this id already exists: 50bca81830047de5a0f506de collection: ccstandards
[36m[[0mmongo-db-seeder[36m][0m [32mDEBUG[0m id specified - insert: 50bca81930047de5a0f506e1
[36m[[0mmongo-db-seeder[36m][0m [32mDEBUG[0m [33mWarning: [0m document with this id already exists: 50bca81830047de5a0f506e0 collection: ccstandards
[36m[[0mmongo-db-seeder[36m][0m [32mDEBUG[0m id specified - insert: 50bca81930047de5a0f506e3
[36m[[0mmongo-db-seeder[36m][0m [32mDEBUG[0m [33mWarning: [0m document with this id already exists: 50bca81930047de5a0f506e1 collection: ccstandards
[36m[[0mmongo-db-seeder[36m][0m [32mDEBUG[0m id specified - insert: 50bca81a30047de5a0f506e4
[36m[[0mmongo-db-seeder[36m][0m [32mDEBUG[0m [33mWarning: [0m document with this id already exists: 50bca81930047de5a0f506e3 collection: ccstandards
[36m[[0mmongo-db-seeder[36m][0m [32mDEBUG[0m id specified - insert: 50bca81a30047de5a0f506e6
[36m[[0mmongo-db-seeder[36m][0m [32mDEBUG[0m [33mWarning: [0m document with this id already exists: 50bca81a30047de5a0f506e4 collection: ccstandards
[36m[[0mmongo-db-seeder[36m][0m [32mDEBUG[0m id specified - insert: 50bca81b30047de5a0f506e7
[36m[[0mmongo-db-seeder[36m][0m [32mDEBUG[0m [33mWarning: [0m document with this id already exists: 50bca81a30047de5a0f506e6 collection: ccstandards
[36m[[0mmongo-db-seeder[36m][0m [32mDEBUG[0m id specified - insert: 50bca81b30047de5a0f506e8
[36m[[0mmongo-db-seeder[36m][0m [32mDEBUG[0m [33mWarning: [0m document with this id already exists: 50bca81b30047de5a0f506e7 collection: ccstandards
[36m[[0mmongo-db-seeder[36m][0m [32mDEBUG[0m id specified - insert: 50bca81b30047de5a0f506ea
[36m[[0mmongo-db-seeder[36m][0m [32mDEBUG[0m [33mWarning: [0m document with this id already exists: 50bca81b30047de5a0f506e8 collection: ccstandards
[36m[[0mmongo-db-seeder[36m][0m [32mDEBUG[0m id specified - insert: 50bca81f30047de5a0f506eb
[36m[[0mmongo-db-seeder[36m][0m [32mDEBUG[0m [33mWarning: [0m document with this id already exists: 50bca81b30047de5a0f506ea collection: ccstandards
[36m[[0mmongo-db-seeder[36m][0m [32mDEBUG[0m id specified - insert: 50bca82030047de5a0f506ec
[36m[[0mmongo-db-seeder[36m][0m [32mDEBUG[0m [33mWarning: [0m document with this id already exists: 50bca81f30047de5a0f506eb collection: ccstandards
[36m[[0mmongo-db-seeder[36m][0m [32mDEBUG[0m id specified - insert: 50bca82030047de5a0f506ed
[36m[[0mmongo-db-seeder[36m][0m [32mDEBUG[0m [33mWarning: [0m document with this id already exists: 50bca82030047de5a0f506ec collection: ccstandards
[36m[[0mmongo-db-seeder[36m][0m [32mDEBUG[0m [33mWarning: [0m document with this id already exists: 50bca82030047de5a0f506ed collection: ccstandards
[36m[[0mmongo-db-seeder[36m][0m [32mDEBUG[0m id specified - insert: 50bca82230047de5a0f506ee
[36m[[0mmongo-db-seeder[36m][0m [32mDEBUG[0m id specified - insert: 50bca82230047de5a0f506ee
[36m[[0mmongo-db-seeder[36m][0m [32mDEBUG[0m id specified - insert: 50bca82230047de5a0f506ef
[36m[[0mmongo-db-seeder[36m][0m [32mDEBUG[0m id specified - insert: 50bca82230047de5a0f506ef
[36m[[0mmongo-db-seeder[36m][0m [32mDEBUG[0m id specified - insert: 50bca82330047de5a0f506f0
[36m[[0mmongo-db-seeder[36m][0m [32mDEBUG[0m id specified - insert: 50bca82330047de5a0f506f1
[36m[[0mmongo-db-seeder[36m][0m [32mDEBUG[0m [33mWarning: [0m document with this id already exists: 50bca82330047de5a0f506f0 collection: ccstandards
[36m[[0mmongo-db-seeder[36m][0m [32mDEBUG[0m id specified - insert: 50bca82430047de5a0f506f2
[36m[[0mmongo-db-seeder[36m][0m [32mDEBUG[0m [33mWarning: [0m document with this id already exists: 50bca82330047de5a0f506f1 collection: ccstandards
[36m[[0mmongo-db-seeder[36m][0m [32mDEBUG[0m [33mWarning: [0m document with this id already exists: 50bca82430047de5a0f506f2 collection: ccstandards
[36m[[0mmongo-db-seeder[36m][0m [32mDEBUG[0m id specified - insert: 50bca82430047de5a0f506f3
[36m[[0mmongo-db-seeder[36m][0m [32mDEBUG[0m id specified - insert: 50bca82430047de5a0f506f3
[36m[[0mmongo-db-seeder[36m][0m [32mDEBUG[0m id specified - insert: 50bca82630047de5a0f506f4
[36m[[0mmongo-db-seeder[36m][0m [32mDEBUG[0m [33mWarning: [0m document with this id already exists: 50bca82630047de5a0f506f4 collection: ccstandards
[36m[[0mmongo-db-seeder[36m][0m [32mDEBUG[0m id specified - insert: 50bca82630047de5a0f506f5
[36m[[0mmongo-db-seeder[36m][0m [32mDEBUG[0m id specified - insert: 50bca82630047de5a0f506f5
[36m[[0mmongo-db-seeder[36m][0m [32mDEBUG[0m id specified - insert: 50bca82630047de5a0f506f6
[36m[[0mmongo-db-seeder[36m][0m [32mDEBUG[0m id specified - insert: 50bca82630047de5a0f506f6
[36m[[0mmongo-db-seeder[36m][0m [32mDEBUG[0m id specified - insert: 50bca82730047de5a0f506f7
[36m[[0mmongo-db-seeder[36m][0m [32mDEBUG[0m id specified - insert: 50bca82730047de5a0f506f8
[36m[[0mmongo-db-seeder[36m][0m [32mDEBUG[0m [33mWarning: [0m document with this id already exists: 50bca82730047de5a0f506f7 collection: ccstandards
[36m[[0mmongo-db-seeder[36m][0m [32mDEBUG[0m [33mWarning: [0m document with this id already exists: 50bca82730047de5a0f506f8 collection: ccstandards
[36m[[0mmongo-db-seeder[36m][0m [32mDEBUG[0m id specified - insert: 50bca82930047de5a0f506f9
[36m[[0mmongo-db-seeder[36m][0m [32mDEBUG[0m id specified - insert: 50bca82930047de5a0f506f9
[36m[[0mmongo-db-seeder[36m][0m [32mDEBUG[0m id specified - insert: 50bca82930047de5a0f506fa
[36m[[0mmongo-db-seeder[36m][0m [32mDEBUG[0m id specified - insert: 50bca82b30047de5a0f506fb
[36m[[0mmongo-db-seeder[36m][0m [32mDEBUG[0m [33mWarning: [0m document with this id already exists: 50bca82930047de5a0f506fa collection: ccstandards
[36m[[0mmongo-db-seeder[36m][0m [32mDEBUG[0m [33mWarning: [0m document with this id already exists: 50bca82b30047de5a0f506fb collection: ccstandards
[36m[[0mmongo-db-seeder[36m][0m [32mDEBUG[0m id specified - insert: 50bca82b30047de5a0f506fc
[36m[[0mmongo-db-seeder[36m][0m [32mDEBUG[0m id specified - insert: 50bca82b30047de5a0f506fc
[36m[[0mmongo-db-seeder[36m][0m [32mDEBUG[0m id specified - insert: 50bca82c30047de5a0f506fd
[36m[[0mmongo-db-seeder[36m][0m [32mDEBUG[0m id specified - insert: 50bca82c30047de5a0f506fe
[36m[[0mmongo-db-seeder[36m][0m [32mDEBUG[0m [33mWarning: [0m document with this id already exists: 50bca82c30047de5a0f506fd collection: ccstandards
[36m[[0mmongo-db-seeder[36m][0m [32mDEBUG[0m id specified - insert: 50bca82c30047de5a0f506ff
[36m[[0mmongo-db-seeder[36m][0m [32mDEBUG[0m [33mWarning: [0m document with this id already exists: 50bca82c30047de5a0f506fe collection: ccstandards
[36m[[0mmongo-db-seeder[36m][0m [32mDEBUG[0m id specified - insert: 50bca82e30047de5a0f50700
[36m[[0mmongo-db-seeder[36m][0m [32mDEBUG[0m [33mWarning: [0m document with this id already exists: 50bca82c30047de5a0f506ff collection: ccstandards
[36m[[0mmongo-db-seeder[36m][0m [32mDEBUG[0m id specified - insert: 50bca83030047de5a0f50701
[36m[[0mmongo-db-seeder[36m][0m [32mDEBUG[0m [33mWarning: [0m document with this id already exists: 50bca82e30047de5a0f50700 collection: ccstandards
[36m[[0mmongo-db-seeder[36m][0m [32mDEBUG[0m id specified - insert: 50bca83030047de5a0f50702
[36m[[0mmongo-db-seeder[36m][0m [32mDEBUG[0m [33mWarning: [0m document with this id already exists: 50bca83030047de5a0f50701 collection: ccstandards
[36m[[0mmongo-db-seeder[36m][0m [32mDEBUG[0m id specified - insert: 50bca83130047de5a0f50703
[36m[[0mmongo-db-seeder[36m][0m [32mDEBUG[0m [33mWarning: [0m document with this id already exists: 50bca83030047de5a0f50702 collection: ccstandards
[36m[[0mmongo-db-seeder[36m][0m [32mDEBUG[0m id specified - insert: 50bca83130047de5a0f50704
[36m[[0mmongo-db-seeder[36m][0m [32mDEBUG[0m [33mWarning: [0m document with this id already exists: 50bca83130047de5a0f50703 collection: ccstandards
[36m[[0mmongo-db-seeder[36m][0m [32mDEBUG[0m id specified - insert: 50bca83230047de5a0f50705
[36m[[0mmongo-db-seeder[36m][0m [32mDEBUG[0m [33mWarning: [0m document with this id already exists: 50bca83130047de5a0f50704 collection: ccstandards
[36m[[0mmongo-db-seeder[36m][0m [32mDEBUG[0m [33mWarning: [0m document with this id already exists: 50bca83230047de5a0f50705 collection: ccstandards
[36m[[0mmongo-db-seeder[36m][0m [32mDEBUG[0m id specified - insert: 50bca83230047de5a0f50706
[36m[[0mmongo-db-seeder[36m][0m [32mDEBUG[0m id specified - insert: 50bca83230047de5a0f50706
[36m[[0mmongo-db-seeder[36m][0m [32mDEBUG[0m id specified - insert: 50bca83430047de5a0f50707
[36m[[0mmongo-db-seeder[36m][0m [32mDEBUG[0m id specified - insert: 50bca83430047de5a0f50708
[36m[[0mmongo-db-seeder[36m][0m [32mDEBUG[0m [33mWarning: [0m document with this id already exists: 50bca83430047de5a0f50707 collection: ccstandards
[36m[[0mmongo-db-seeder[36m][0m [32mDEBUG[0m [33mWarning: [0m document with this id already exists: 50bca83430047de5a0f50708 collection: ccstandards
[36m[[0mmongo-db-seeder[36m][0m [32mDEBUG[0m id specified - insert: 50bca83530047de5a0f50709
[36m[[0mmongo-db-seeder[36m][0m [32mDEBUG[0m id specified - insert: 50bca83530047de5a0f50709
[36m[[0mmongo-db-seeder[36m][0m [32mDEBUG[0m id specified - insert: 50bca83530047de5a0f5070a
[36m[[0mmongo-db-seeder[36m][0m [32mDEBUG[0m id specified - insert: 50bca83530047de5a0f5070a
[36m[[0mmongo-db-seeder[36m][0m [32mDEBUG[0m id specified - insert: 50bca83530047de5a0f5070b
[36m[[0mmongo-db-seeder[36m][0m [32mDEBUG[0m id specified - insert: 50bca83830047de5a0f50710
[36m[[0mmongo-db-seeder[36m][0m [32mDEBUG[0m [33mWarning: [0m document with this id already exists: 50bca83530047de5a0f5070b collection: ccstandards
[36m[[0mmongo-db-seeder[36m][0m [32mDEBUG[0m [33mWarning: [0m document with this id already exists: 50bca83830047de5a0f50710 collection: ccstandards
[36m[[0mmongo-db-seeder[36m][0m [32mDEBUG[0m id specified - insert: 50bca83830047de5a0f50713
[36m[[0mmongo-db-seeder[36m][0m [32mDEBUG[0m id specified - insert: 50bca83830047de5a0f50713
[36m[[0mmongo-db-seeder[36m][0m [32mDEBUG[0m id specified - insert: 50bca83a30047de5a0f50717
[36m[[0mmongo-db-seeder[36m][0m [32mDEBUG[0m id specified - insert: 50bca83a30047de5a0f50718
[36m[[0mmongo-db-seeder[36m][0m [32mDEBUG[0m [33mWarning: [0m document with this id already exists: 50bca83a30047de5a0f50717 collection: ccstandards
[36m[[0mmongo-db-seeder[36m][0m [32mDEBUG[0m id specified - insert: 50bca83a30047de5a0f50719
[36m[[0mmongo-db-seeder[36m][0m [32mDEBUG[0m [33mWarning: [0m document with this id already exists: 50bca83a30047de5a0f50718 collection: ccstandards
[36m[[0mmongo-db-seeder[36m][0m [32mDEBUG[0m id specified - insert: 50bca83c30047de5a0f5071b
[36m[[0mmongo-db-seeder[36m][0m [32mDEBUG[0m [33mWarning: [0m document with this id already exists: 50bca83a30047de5a0f50719 collection: ccstandards
[36m[[0mmongo-db-seeder[36m][0m [32mDEBUG[0m id specified - insert: 50bca83c30047de5a0f5071c
[36m[[0mmongo-db-seeder[36m][0m [32mDEBUG[0m [33mWarning: [0m document with this id already exists: 50bca83c30047de5a0f5071b collection: ccstandards
[36m[[0mmongo-db-seeder[36m][0m [32mDEBUG[0m id specified - insert: 50bca83c30047de5a0f5071d
[36m[[0mmongo-db-seeder[36m][0m [32mDEBUG[0m [33mWarning: [0m document with this id already exists: 50bca83c30047de5a0f5071c collection: ccstandards
[36m[[0mmongo-db-seeder[36m][0m [32mDEBUG[0m [33mWarning: [0m document with this id already exists: 50bca83c30047de5a0f5071d collection: ccstandards
[36m[[0mmongo-db-seeder[36m][0m [32mDEBUG[0m id specified - insert: 50bca83c30047de5a0f5071e
[36m[[0mmongo-db-seeder[36m][0m [32mDEBUG[0m id specified - insert: 50bca83c30047de5a0f5071e
[36m[[0mmongo-db-seeder[36m][0m [32mDEBUG[0m id specified - insert: 50bca83c30047de5a0f5071f
[36m[[0mmongo-db-seeder[36m][0m [32mDEBUG[0m id specified - insert: 50bca83c30047de5a0f5071f
[36m[[0mmongo-db-seeder[36m][0m [32mDEBUG[0m id specified - insert: 50bca83d30047de5a0f50720
[36m[[0mmongo-db-seeder[36m][0m [32mDEBUG[0m id specified - insert: 50bca83d30047de5a0f50720
[36m[[0mmongo-db-seeder[36m][0m [32mDEBUG[0m id specified - insert: 50bca83d30047de5a0f50721
[36m[[0mmongo-db-seeder[36m][0m [32mDEBUG[0m id specified - insert: 50bca83d30047de5a0f50722
[36m[[0mmongo-db-seeder[36m][0m [32mDEBUG[0m [33mWarning: [0m document with this id already exists: 50bca83d30047de5a0f50721 collection: ccstandards
[36m[[0mmongo-db-seeder[36m][0m [32mDEBUG[0m [33mWarning: [0m document with this id already exists: 50bca83d30047de5a0f50722 collection: ccstandards
[36m[[0mmongo-db-seeder[36m][0m [32mDEBUG[0m id specified - insert: 50bca83d30047de5a0f50723
[36m[[0mmongo-db-seeder[36m][0m [32mDEBUG[0m id specified - insert: 50bca83d30047de5a0f50723
[36m[[0mmongo-db-seeder[36m][0m [32mDEBUG[0m id specified - insert: 50bca83d30047de5a0f50724
[36m[[0mmongo-db-seeder[36m][0m [32mDEBUG[0m id specified - insert: 50bca83d30047de5a0f50724
[36m[[0mmongo-db-seeder[36m][0m [32mDEBUG[0m id specified - insert: 50bca83f30047de5a0f50725
[36m[[0mmongo-db-seeder[36m][0m [32mDEBUG[0m id specified - insert: 50bca83f30047de5a0f50726
[36m[[0mmongo-db-seeder[36m][0m [32mDEBUG[0m [33mWarning: [0m document with this id already exists: 50bca83f30047de5a0f50725 collection: ccstandards
[36m[[0mmongo-db-seeder[36m][0m [32mDEBUG[0m id specified - insert: 50bca83f30047de5a0f50727
[36m[[0mmongo-db-seeder[36m][0m [32mDEBUG[0m [33mWarning: [0m document with this id already exists: 50bca83f30047de5a0f50726 collection: ccstandards
[36m[[0mmongo-db-seeder[36m][0m [32mDEBUG[0m id specified - insert: 50bca84130047de5a0f50728
[36m[[0mmongo-db-seeder[36m][0m [32mDEBUG[0m [33mWarning: [0m document with this id already exists: 50bca83f30047de5a0f50727 collection: ccstandards
[36m[[0mmongo-db-seeder[36m][0m [32mDEBUG[0m id specified - insert: 50bca84130047de5a0f50729
[36m[[0mmongo-db-seeder[36m][0m [32mDEBUG[0m [33mWarning: [0m document with this id already exists: 50bca84130047de5a0f50728 collection: ccstandards
[36m[[0mmongo-db-seeder[36m][0m [32mDEBUG[0m id specified - insert: 50bca84130047de5a0f5072a
[36m[[0mmongo-db-seeder[36m][0m [32mDEBUG[0m [33mWarning: [0m document with this id already exists: 50bca84130047de5a0f50729 collection: ccstandards
[36m[[0mmongo-db-seeder[36m][0m [32mDEBUG[0m id specified - insert: 50bca84130047de5a0f5072b
[36m[[0mmongo-db-seeder[36m][0m [32mDEBUG[0m [33mWarning: [0m document with this id already exists: 50bca84130047de5a0f5072a collection: ccstandards
[36m[[0mmongo-db-seeder[36m][0m [32mDEBUG[0m id specified - insert: 50bca84230047de5a0f5072c
[36m[[0mmongo-db-seeder[36m][0m [32mDEBUG[0m [33mWarning: [0m document with this id already exists: 50bca84130047de5a0f5072b collection: ccstandards
[36m[[0mmongo-db-seeder[36m][0m [32mDEBUG[0m id specified - insert: 50bca84230047de5a0f5072d
[36m[[0mmongo-db-seeder[36m][0m [32mDEBUG[0m [33mWarning: [0m document with this id already exists: 50bca84230047de5a0f5072c collection: ccstandards
[36m[[0mmongo-db-seeder[36m][0m [32mDEBUG[0m id specified - insert: 50bca84230047de5a0f5072e
[36m[[0mmongo-db-seeder[36m][0m [32mDEBUG[0m [33mWarning: [0m document with this id already exists: 50bca84230047de5a0f5072d collection: ccstandards
[36m[[0mmongo-db-seeder[36m][0m [32mDEBUG[0m id specified - insert: 50bca84230047de5a0f5072f
[36m[[0mmongo-db-seeder[36m][0m [32mDEBUG[0m [33mWarning: [0m document with this id already exists: 50bca84230047de5a0f5072e collection: ccstandards
[36m[[0mmongo-db-seeder[36m][0m [32mDEBUG[0m [33mWarning: [0m document with this id already exists: 50bca84230047de5a0f5072f collection: ccstandards
[36m[[0mmongo-db-seeder[36m][0m [32mDEBUG[0m id specified - insert: 50bca84430047de5a0f50730
[36m[[0mmongo-db-seeder[36m][0m [32mDEBUG[0m id specified - insert: 50bca84430047de5a0f50731
[36m[[0mmongo-db-seeder[36m][0m [32mDEBUG[0m [33mWarning: [0m document with this id already exists: 50bca84430047de5a0f50730 collection: ccstandards
[36m[[0mmongo-db-seeder[36m][0m [32mDEBUG[0m id specified - insert: 50bca84430047de5a0f50732
[36m[[0mmongo-db-seeder[36m][0m [32mDEBUG[0m [33mWarning: [0m document with this id already exists: 50bca84430047de5a0f50731 collection: ccstandards
[36m[[0mmongo-db-seeder[36m][0m [32mDEBUG[0m [33mWarning: [0m document with this id already exists: 50bca84430047de5a0f50732 collection: ccstandards
[36m[[0mmongo-db-seeder[36m][0m [32mDEBUG[0m id specified - insert: 50bca84430047de5a0f50733
[36m[[0mmongo-db-seeder[36m][0m [32mDEBUG[0m id specified - insert: 50bca84430047de5a0f50733
[36m[[0mmongo-db-seeder[36m][0m [32mDEBUG[0m id specified - insert: 50bca84430047de5a0f50734
[36m[[0mmongo-db-seeder[36m][0m [32mDEBUG[0m id specified - insert: 50bca84430047de5a0f50735
[36m[[0mmongo-db-seeder[36m][0m [32mDEBUG[0m [33mWarning: [0m document with this id already exists: 50bca84430047de5a0f50734 collection: ccstandards
[36m[[0mmongo-db-seeder[36m][0m [32mDEBUG[0m [33mWarning: [0m document with this id already exists: 50bca84430047de5a0f50735 collection: ccstandards
[36m[[0mmongo-db-seeder[36m][0m [32mDEBUG[0m id specified - insert: 50bca84530047de5a0f50736
[36m[[0mmongo-db-seeder[36m][0m [32mDEBUG[0m id specified - insert: 50bca84530047de5a0f50736
[36m[[0mmongo-db-seeder[36m][0m [32mDEBUG[0m id specified - insert: 50bca84530047de5a0f50737
[36m[[0mmongo-db-seeder[36m][0m [32mDEBUG[0m id specified - insert: 50bca84530047de5a0f50737
[36m[[0mmongo-db-seeder[36m][0m [32mDEBUG[0m id specified - insert: 50bca84530047de5a0f50738
[36m[[0mmongo-db-seeder[36m][0m [32mDEBUG[0m id specified - insert: 50bca84530047de5a0f50739
[36m[[0mmongo-db-seeder[36m][0m [32mDEBUG[0m [33mWarning: [0m document with this id already exists: 50bca84530047de5a0f50738 collection: ccstandards
[36m[[0mmongo-db-seeder[36m][0m [32mDEBUG[0m [33mWarning: [0m document with this id already exists: 50bca84530047de5a0f50739 collection: ccstandards
[36m[[0mmongo-db-seeder[36m][0m [32mDEBUG[0m id specified - insert: 50bca84530047de5a0f5073a
[36m[[0mmongo-db-seeder[36m][0m [32mDEBUG[0m id specified - insert: 50bca84530047de5a0f5073a
[36m[[0mmongo-db-seeder[36m][0m [32mDEBUG[0m id specified - insert: 50bca84530047de5a0f5073b
[36m[[0mmongo-db-seeder[36m][0m [32mDEBUG[0m [33mWarning: [0m document with this id already exists: 50bca84530047de5a0f5073b collection: ccstandards
[36m[[0mmongo-db-seeder[36m][0m [32mDEBUG[0m id specified - insert: 50bca84630047de5a0f5073c
[36m[[0mmongo-db-seeder[36m][0m [32mDEBUG[0m id specified - insert: 50bca84630047de5a0f5073c
[36m[[0mmongo-db-seeder[36m][0m [32mDEBUG[0m id specified - insert: 50bca84630047de5a0f5073d
[36m[[0mmongo-db-seeder[36m][0m [32mDEBUG[0m [33mWarning: [0m document with this id already exists: 50bca84630047de5a0f5073d collection: ccstandards
[36m[[0mmongo-db-seeder[36m][0m [32mDEBUG[0m id specified - insert: 50bca84630047de5a0f5073e
[36m[[0mmongo-db-seeder[36m][0m [32mDEBUG[0m id specified - insert: 50bca84630047de5a0f5073e
[36m[[0mmongo-db-seeder[36m][0m [32mDEBUG[0m id specified - insert: 50bca84830047de5a0f5073f
[36m[[0mmongo-db-seeder[36m][0m [32mDEBUG[0m id specified - insert: 50bca84830047de5a0f50740
[36m[[0mmongo-db-seeder[36m][0m [32mDEBUG[0m [33mWarning: [0m document with this id already exists: 50bca84830047de5a0f5073f collection: ccstandards
[36m[[0mmongo-db-seeder[36m][0m [32mDEBUG[0m id specified - insert: 50bca84930047de5a0f50741
[36m[[0mmongo-db-seeder[36m][0m [32mDEBUG[0m [33mWarning: [0m document with this id already exists: 50bca84830047de5a0f50740 collection: ccstandards
[36m[[0mmongo-db-seeder[36m][0m [32mDEBUG[0m id specified - insert: 50bca84930047de5a0f50742
[36m[[0mmongo-db-seeder[36m][0m [32mDEBUG[0m [33mWarning: [0m document with this id already exists: 50bca84930047de5a0f50741 collection: ccstandards
[36m[[0mmongo-db-seeder[36m][0m [32mDEBUG[0m [33mWarning: [0m document with this id already exists: 50bca84930047de5a0f50742 collection: ccstandards
[36m[[0mmongo-db-seeder[36m][0m [32mDEBUG[0m id specified - insert: 50bca84a30047de5a0f50743
[36m[[0mmongo-db-seeder[36m][0m [32mDEBUG[0m id specified - insert: 50bca84a30047de5a0f50743
[36m[[0mmongo-db-seeder[36m][0m [32mDEBUG[0m id specified - insert: 50bca84c30047de5a0f50744
[36m[[0mmongo-db-seeder[36m][0m [32mDEBUG[0m id specified - insert: 50bca84d30047de5a0f50745
[36m[[0mmongo-db-seeder[36m][0m [32mDEBUG[0m [33mWarning: [0m document with this id already exists: 50bca84c30047de5a0f50744 collection: ccstandards
[36m[[0mmongo-db-seeder[36m][0m [32mDEBUG[0m [33mWarning: [0m document with this id already exists: 50bca84d30047de5a0f50745 collection: ccstandards
[36m[[0mmongo-db-seeder[36m][0m [32mDEBUG[0m id specified - insert: 50bca84e30047de5a0f50746
[36m[[0mmongo-db-seeder[36m][0m [32mDEBUG[0m id specified - insert: 50bca84e30047de5a0f50746
[36m[[0mmongo-db-seeder[36m][0m [32mDEBUG[0m id specified - insert: 50bca84e30047de5a0f50747
[36m[[0mmongo-db-seeder[36m][0m [32mDEBUG[0m id specified - insert: 50bca84f30047de5a0f50748
[36m[[0mmongo-db-seeder[36m][0m [32mDEBUG[0m [33mWarning: [0m document with this id already exists: 50bca84e30047de5a0f50747 collection: ccstandards
[36m[[0mmongo-db-seeder[36m][0m [32mDEBUG[0m id specified - insert: 50bca84f30047de5a0f50749
[36m[[0mmongo-db-seeder[36m][0m [32mDEBUG[0m [33mWarning: [0m document with this id already exists: 50bca84f30047de5a0f50748 collection: ccstandards
[36m[[0mmongo-db-seeder[36m][0m [32mDEBUG[0m [33mWarning: [0m document with this id already exists: 50bca84f30047de5a0f50749 collection: ccstandards
[36m[[0mmongo-db-seeder[36m][0m [32mDEBUG[0m id specified - insert: 50bca85130047de5a0f5074a
[36m[[0mmongo-db-seeder[36m][0m [32mDEBUG[0m id specified - insert: 50bca85130047de5a0f5074a
[36m[[0mmongo-db-seeder[36m][0m [32mDEBUG[0m id specified - insert: 50bca85130047de5a0f5074b
[36m[[0mmongo-db-seeder[36m][0m [32mDEBUG[0m id specified - insert: 50bca85230047de5a0f5074c
[36m[[0mmongo-db-seeder[36m][0m [32mDEBUG[0m [33mWarning: [0m document with this id already exists: 50bca85130047de5a0f5074b collection: ccstandards
[36m[[0mmongo-db-seeder[36m][0m [32mDEBUG[0m [33mWarning: [0m document with this id already exists: 50bca85230047de5a0f5074c collection: ccstandards
[36m[[0mmongo-db-seeder[36m][0m [32mDEBUG[0m id specified - insert: 50bca85230047de5a0f5074d
[36m[[0mmongo-db-seeder[36m][0m [32mDEBUG[0m id specified - insert: 50bca85230047de5a0f5074d
[36m[[0mmongo-db-seeder[36m][0m [32mDEBUG[0m id specified - insert: 50bca85430047de5a0f5074e
[36m[[0mmongo-db-seeder[36m][0m [32mDEBUG[0m id specified - insert: 50bca85430047de5a0f5074e
[36m[[0mmongo-db-seeder[36m][0m [32mDEBUG[0m id specified - insert: 50bca85530047de5a0f5074f
[36m[[0mmongo-db-seeder[36m][0m [32mDEBUG[0m id specified - insert: 50bca85530047de5a0f50751
[36m[[0mmongo-db-seeder[36m][0m [32mDEBUG[0m [33mWarning: [0m document with this id already exists: 50bca85530047de5a0f5074f collection: ccstandards
[36m[[0mmongo-db-seeder[36m][0m [32mDEBUG[0m id specified - insert: 50bca85530047de5a0f50752
[36m[[0mmongo-db-seeder[36m][0m [32mDEBUG[0m [33mWarning: [0m document with this id already exists: 50bca85530047de5a0f50751 collection: ccstandards
[36m[[0mmongo-db-seeder[36m][0m [32mDEBUG[0m [33mWarning: [0m document with this id already exists: 50bca85530047de5a0f50752 collection: ccstandards
[36m[[0mmongo-db-seeder[36m][0m [32mDEBUG[0m id specified - insert: 50bca85630047de5a0f50754
[36m[[0mmongo-db-seeder[36m][0m [32mDEBUG[0m id specified - insert: 50bca85630047de5a0f50754
[36m[[0mmongo-db-seeder[36m][0m [32mDEBUG[0m id specified - insert: 50bca85630047de5a0f50755
[36m[[0mmongo-db-seeder[36m][0m [32mDEBUG[0m id specified - insert: 50bca85630047de5a0f50756
[36m[[0mmongo-db-seeder[36m][0m [32mDEBUG[0m [33mWarning: [0m document with this id already exists: 50bca85630047de5a0f50755 collection: ccstandards
[36m[[0mmongo-db-seeder[36m][0m [32mDEBUG[0m id specified - insert: 50bca85630047de5a0f50757
[36m[[0mmongo-db-seeder[36m][0m [32mDEBUG[0m [33mWarning: [0m document with this id already exists: 50bca85630047de5a0f50756 collection: ccstandards
[36m[[0mmongo-db-seeder[36m][0m [32mDEBUG[0m id specified - insert: 50bca85630047de5a0f50758
[36m[[0mmongo-db-seeder[36m][0m [32mDEBUG[0m [33mWarning: [0m document with this id already exists: 50bca85630047de5a0f50757 collection: ccstandards
[36m[[0mmongo-db-seeder[36m][0m [32mDEBUG[0m id specified - insert: 50bca85730047de5a0f50759
[36m[[0mmongo-db-seeder[36m][0m [32mDEBUG[0m [33mWarning: [0m document with this id already exists: 50bca85630047de5a0f50758 collection: ccstandards
[36m[[0mmongo-db-seeder[36m][0m [32mDEBUG[0m id specified - insert: 50bca85730047de5a0f5075a
[36m[[0mmongo-db-seeder[36m][0m [32mDEBUG[0m [33mWarning: [0m document with this id already exists: 50bca85730047de5a0f50759 collection: ccstandards
[36m[[0mmongo-db-seeder[36m][0m [32mDEBUG[0m id specified - insert: 50bca85730047de5a0f5075b
[36m[[0mmongo-db-seeder[36m][0m [32mDEBUG[0m [33mWarning: [0m document with this id already exists: 50bca85730047de5a0f5075a collection: ccstandards
[36m[[0mmongo-db-seeder[36m][0m [32mDEBUG[0m id specified - insert: 50bca85730047de5a0f5075c
[36m[[0mmongo-db-seeder[36m][0m [32mDEBUG[0m [33mWarning: [0m document with this id already exists: 50bca85730047de5a0f5075b collection: ccstandards
[36m[[0mmongo-db-seeder[36m][0m [32mDEBUG[0m [33mWarning: [0m document with this id already exists: 50bca85730047de5a0f5075c collection: ccstandards
[36m[[0mmongo-db-seeder[36m][0m [32mDEBUG[0m id specified - insert: 50bca85730047de5a0f5075d
[36m[[0mmongo-db-seeder[36m][0m [32mDEBUG[0m id specified - insert: 50bca85730047de5a0f5075d
[36m[[0mmongo-db-seeder[36m][0m [32mDEBUG[0m id specified - insert: 50bca85730047de5a0f5075e
[36m[[0mmongo-db-seeder[36m][0m [32mDEBUG[0m id specified - insert: 50bca85730047de5a0f5075f
[36m[[0mmongo-db-seeder[36m][0m [32mDEBUG[0m [33mWarning: [0m document with this id already exists: 50bca85730047de5a0f5075e collection: ccstandards
[36m[[0mmongo-db-seeder[36m][0m [32mDEBUG[0m id specified - insert: 50bca85930047de5a0f50760
[36m[[0mmongo-db-seeder[36m][0m [32mDEBUG[0m [33mWarning: [0m document with this id already exists: 50bca85730047de5a0f5075f collection: ccstandards
[36m[[0mmongo-db-seeder[36m][0m [32mDEBUG[0m [33mWarning: [0m document with this id already exists: 50bca85930047de5a0f50760 collection: ccstandards
[36m[[0mmongo-db-seeder[36m][0m [32mDEBUG[0m id specified - insert: 50bca85930047de5a0f50761
[36m[[0mmongo-db-seeder[36m][0m [32mDEBUG[0m id specified - insert: 50bca85930047de5a0f50762
[36m[[0mmongo-db-seeder[36m][0m [32mDEBUG[0m [33mWarning: [0m document with this id already exists: 50bca85930047de5a0f50761 collection: ccstandards
[36m[[0mmongo-db-seeder[36m][0m [32mDEBUG[0m id specified - insert: 50bca85930047de5a0f50763
[36m[[0mmongo-db-seeder[36m][0m [32mDEBUG[0m [33mWarning: [0m document with this id already exists: 50bca85930047de5a0f50762 collection: ccstandards
[36m[[0mmongo-db-seeder[36m][0m [32mDEBUG[0m [33mWarning: [0m document with this id already exists: 50bca85930047de5a0f50763 collection: ccstandards
[36m[[0mmongo-db-seeder[36m][0m [32mDEBUG[0m id specified - insert: 50bca85930047de5a0f50764
[36m[[0mmongo-db-seeder[36m][0m [32mDEBUG[0m id specified - insert: 50bca85930047de5a0f50764
[36m[[0mmongo-db-seeder[36m][0m [32mDEBUG[0m id specified - insert: 50bca85a30047de5a0f50765
[36m[[0mmongo-db-seeder[36m][0m [32mDEBUG[0m [33mWarning: [0m document with this id already exists: 50bca85a30047de5a0f50765 collection: ccstandards
[36m[[0mmongo-db-seeder[36m][0m [32mDEBUG[0m id specified - insert: 50bca85a30047de5a0f50766
[36m[[0mmongo-db-seeder[36m][0m [32mDEBUG[0m id specified - insert: 50bca85a30047de5a0f50766
[36m[[0mmongo-db-seeder[36m][0m [32mDEBUG[0m id specified - insert: 50bca85a30047de5a0f50767
[36m[[0mmongo-db-seeder[36m][0m [32mDEBUG[0m id specified - insert: 50bca85a30047de5a0f50767
[36m[[0mmongo-db-seeder[36m][0m [32mDEBUG[0m id specified - insert: 50bca85a30047de5a0f50768
[36m[[0mmongo-db-seeder[36m][0m [32mDEBUG[0m id specified - insert: 50bca85c30047de5a0f50769
[36m[[0mmongo-db-seeder[36m][0m [32mDEBUG[0m [33mWarning: [0m document with this id already exists: 50bca85a30047de5a0f50768 collection: ccstandards
[36m[[0mmongo-db-seeder[36m][0m [32mDEBUG[0m id specified - insert: 50bca85c30047de5a0f5076a
[36m[[0mmongo-db-seeder[36m][0m [32mDEBUG[0m [33mWarning: [0m document with this id already exists: 50bca85c30047de5a0f50769 collection: ccstandards
[36m[[0mmongo-db-seeder[36m][0m [32mDEBUG[0m id specified - insert: 50bca85c30047de5a0f5076b
[36m[[0mmongo-db-seeder[36m][0m [32mDEBUG[0m [33mWarning: [0m document with this id already exists: 50bca85c30047de5a0f5076a collection: ccstandards
[36m[[0mmongo-db-seeder[36m][0m [32mDEBUG[0m id specified - insert: 50bca85c30047de5a0f5076c
[36m[[0mmongo-db-seeder[36m][0m [32mDEBUG[0m [33mWarning: [0m document with this id already exists: 50bca85c30047de5a0f5076b collection: ccstandards
[36m[[0mmongo-db-seeder[36m][0m [32mDEBUG[0m id specified - insert: 50bca85c30047de5a0f5076d
[36m[[0mmongo-db-seeder[36m][0m [32mDEBUG[0m [33mWarning: [0m document with this id already exists: 50bca85c30047de5a0f5076c collection: ccstandards
[36m[[0mmongo-db-seeder[36m][0m [32mDEBUG[0m id specified - insert: 50bca85c30047de5a0f5076e
[36m[[0mmongo-db-seeder[36m][0m [32mDEBUG[0m [33mWarning: [0m document with this id already exists: 50bca85c30047de5a0f5076d collection: ccstandards
[36m[[0mmongo-db-seeder[36m][0m [32mDEBUG[0m id specified - insert: 50bca85c30047de5a0f5076f
[36m[[0mmongo-db-seeder[36m][0m [32mDEBUG[0m [33mWarning: [0m document with this id already exists: 50bca85c30047de5a0f5076e collection: ccstandards
[36m[[0mmongo-db-seeder[36m][0m [32mDEBUG[0m id specified - insert: 50bca85c30047de5a0f50770
[36m[[0mmongo-db-seeder[36m][0m [32mDEBUG[0m [33mWarning: [0m document with this id already exists: 50bca85c30047de5a0f5076f collection: ccstandards
[36m[[0mmongo-db-seeder[36m][0m [32mDEBUG[0m id specified - insert: 50bca85c30047de5a0f50771
[36m[[0mmongo-db-seeder[36m][0m [32mDEBUG[0m [33mWarning: [0m document with this id already exists: 50bca85c30047de5a0f50770 collection: ccstandards
[36m[[0mmongo-db-seeder[36m][0m [32mDEBUG[0m id specified - insert: 50bca85d30047de5a0f50772
[36m[[0mmongo-db-seeder[36m][0m [32mDEBUG[0m [33mWarning: [0m document with this id already exists: 50bca85c30047de5a0f50771 collection: ccstandards
[36m[[0mmongo-db-seeder[36m][0m [32mDEBUG[0m [33mWarning: [0m document with this id already exists: 50bca85d30047de5a0f50772 collection: ccstandards
[36m[[0mmongo-db-seeder[36m][0m [32mDEBUG[0m id specified - insert: 50bca85d30047de5a0f50773
[36m[[0mmongo-db-seeder[36m][0m [32mDEBUG[0m id specified - insert: 50bca85d30047de5a0f50774
[36m[[0mmongo-db-seeder[36m][0m [32mDEBUG[0m [33mWarning: [0m document with this id already exists: 50bca85d30047de5a0f50773 collection: ccstandards
[36m[[0mmongo-db-seeder[36m][0m [32mDEBUG[0m id specified - insert: 50bca85d30047de5a0f50775
[36m[[0mmongo-db-seeder[36m][0m [32mDEBUG[0m [33mWarning: [0m document with this id already exists: 50bca85d30047de5a0f50774 collection: ccstandards
[36m[[0mmongo-db-seeder[36m][0m [32mDEBUG[0m id specified - insert: 50bca85d30047de5a0f50776
[36m[[0mmongo-db-seeder[36m][0m [32mDEBUG[0m [33mWarning: [0m document with this id already exists: 50bca85d30047de5a0f50775 collection: ccstandards
[36m[[0mmongo-db-seeder[36m][0m [32mDEBUG[0m id specified - insert: 50bca85d30047de5a0f50777
[36m[[0mmongo-db-seeder[36m][0m [32mDEBUG[0m [33mWarning: [0m document with this id already exists: 50bca85d30047de5a0f50776 collection: ccstandards
[36m[[0mmongo-db-seeder[36m][0m [32mDEBUG[0m id specified - insert: 50bca85d30047de5a0f50778
[36m[[0mmongo-db-seeder[36m][0m [32mDEBUG[0m [33mWarning: [0m document with this id already exists: 50bca85d30047de5a0f50777 collection: ccstandards
[36m[[0mmongo-db-seeder[36m][0m [32mDEBUG[0m id specified - insert: 50bca85d30047de5a0f50779
[36m[[0mmongo-db-seeder[36m][0m [32mDEBUG[0m [33mWarning: [0m document with this id already exists: 50bca85d30047de5a0f50778 collection: ccstandards
[36m[[0mmongo-db-seeder[36m][0m [32mDEBUG[0m id specified - insert: 50bca85d30047de5a0f5077a
[36m[[0mmongo-db-seeder[36m][0m [32mDEBUG[0m [33mWarning: [0m document with this id already exists: 50bca85d30047de5a0f50779 collection: ccstandards
[36m[[0mmongo-db-seeder[36m][0m [32mDEBUG[0m id specified - insert: 50bca85d30047de5a0f5077b
[36m[[0mmongo-db-seeder[36m][0m [32mDEBUG[0m [33mWarning: [0m document with this id already exists: 50bca85d30047de5a0f5077a collection: ccstandards
[36m[[0mmongo-db-seeder[36m][0m [32mDEBUG[0m id specified - insert: 50bca85d30047de5a0f5077c
[36m[[0mmongo-db-seeder[36m][0m [32mDEBUG[0m [33mWarning: [0m document with this id already exists: 50bca85d30047de5a0f5077b collection: ccstandards
[36m[[0mmongo-db-seeder[36m][0m [32mDEBUG[0m [33mWarning: [0m document with this id already exists: 50bca85d30047de5a0f5077c collection: ccstandards
[36m[[0mmongo-db-seeder[36m][0m [32mDEBUG[0m id specified - insert: 50bca85d30047de5a0f5077d
[36m[[0mmongo-db-seeder[36m][0m [32mDEBUG[0m id specified - insert: 50bca85d30047de5a0f5077d
[36m[[0mmongo-db-seeder[36m][0m [32mDEBUG[0m id specified - insert: 50bca85d30047de5a0f5077e
[36m[[0mmongo-db-seeder[36m][0m [32mDEBUG[0m id specified - insert: 50bca85e30047de5a0f5077f
[36m[[0mmongo-db-seeder[36m][0m [32mDEBUG[0m [33mWarning: [0m document with this id already exists: 50bca85d30047de5a0f5077e collection: ccstandards
[36m[[0mmongo-db-seeder[36m][0m [32mDEBUG[0m id specified - insert: 50bca85e30047de5a0f50780
[36m[[0mmongo-db-seeder[36m][0m [32mDEBUG[0m [33mWarning: [0m document with this id already exists: 50bca85e30047de5a0f5077f collection: ccstandards
[36m[[0mmongo-db-seeder[36m][0m [32mDEBUG[0m id specified - insert: 50bca85e30047de5a0f50781
[36m[[0mmongo-db-seeder[36m][0m [32mDEBUG[0m [33mWarning: [0m document with this id already exists: 50bca85e30047de5a0f50780 collection: ccstandards
[36m[[0mmongo-db-seeder[36m][0m [32mDEBUG[0m id specified - insert: 50bca85e30047de5a0f50782
[36m[[0mmongo-db-seeder[36m][0m [32mDEBUG[0m [33mWarning: [0m document with this id already exists: 50bca85e30047de5a0f50781 collection: ccstandards
[36m[[0mmongo-db-seeder[36m][0m [32mDEBUG[0m id specified - insert: 50bca85e30047de5a0f50783
[36m[[0mmongo-db-seeder[36m][0m [32mDEBUG[0m [33mWarning: [0m document with this id already exists: 50bca85e30047de5a0f50782 collection: ccstandards
[36m[[0mmongo-db-seeder[36m][0m [32mDEBUG[0m id specified - insert: 50bca85f30047de5a0f50784
[36m[[0mmongo-db-seeder[36m][0m [32mDEBUG[0m [33mWarning: [0m document with this id already exists: 50bca85e30047de5a0f50783 collection: ccstandards
[36m[[0mmongo-db-seeder[36m][0m [32mDEBUG[0m [33mWarning: [0m document with this id already exists: 50bca85f30047de5a0f50784 collection: ccstandards
[36m[[0mmongo-db-seeder[36m][0m [32mDEBUG[0m id specified - insert: 50bca85f30047de5a0f50785
[36m[[0mmongo-db-seeder[36m][0m [32mDEBUG[0m id specified - insert: 50bca85f30047de5a0f50785
[36m[[0mmongo-db-seeder[36m][0m [32mDEBUG[0m id specified - insert: 50bca85f30047de5a0f50786
[36m[[0mmongo-db-seeder[36m][0m [32mDEBUG[0m [33mWarning: [0m document with this id already exists: 50bca85f30047de5a0f50786 collection: ccstandards
[36m[[0mmongo-db-seeder[36m][0m [32mDEBUG[0m id specified - insert: 50bca85f30047de5a0f50787
[36m[[0mmongo-db-seeder[36m][0m [32mDEBUG[0m id specified - insert: 50bca85f30047de5a0f50787
[36m[[0mmongo-db-seeder[36m][0m [32mDEBUG[0m id specified - insert: 50bca85f30047de5a0f50788
[36m[[0mmongo-db-seeder[36m][0m [32mDEBUG[0m id specified - insert: 50bca86130047de5a0f50789
[36m[[0mmongo-db-seeder[36m][0m [32mDEBUG[0m [33mWarning: [0m document with this id already exists: 50bca85f30047de5a0f50788 collection: ccstandards
[36m[[0mmongo-db-seeder[36m][0m [32mDEBUG[0m id specified - insert: 50bca86130047de5a0f5078a
[36m[[0mmongo-db-seeder[36m][0m [32mDEBUG[0m [33mWarning: [0m document with this id already exists: 50bca86130047de5a0f50789 collection: ccstandards
[36m[[0mmongo-db-seeder[36m][0m [32mDEBUG[0m [33mWarning: [0m document with this id already exists: 50bca86130047de5a0f5078a collection: ccstandards
[36m[[0mmongo-db-seeder[36m][0m [32mDEBUG[0m id specified - insert: 50bca86130047de5a0f5078b
[36m[[0mmongo-db-seeder[36m][0m [32mDEBUG[0m id specified - insert: 50bca86130047de5a0f5078b
[36m[[0mmongo-db-seeder[36m][0m [32mDEBUG[0m id specified - insert: 50bca86230047de5a0f5078c
[36m[[0mmongo-db-seeder[36m][0m [32mDEBUG[0m id specified - insert: 50bca86230047de5a0f5078c
[36m[[0mmongo-db-seeder[36m][0m [32mDEBUG[0m id specified - insert: 50bca86230047de5a0f5078d
[36m[[0mmongo-db-seeder[36m][0m [32mDEBUG[0m id specified - insert: 50bca86230047de5a0f5078d
[36m[[0mmongo-db-seeder[36m][0m [32mDEBUG[0m id specified - insert: 50bca86230047de5a0f5078e
[36m[[0mmongo-db-seeder[36m][0m [32mDEBUG[0m id specified - insert: 50bca86330047de5a0f5078f
[36m[[0mmongo-db-seeder[36m][0m [32mDEBUG[0m [33mWarning: [0m document with this id already exists: 50bca86230047de5a0f5078e collection: ccstandards
[36m[[0mmongo-db-seeder[36m][0m [32mDEBUG[0m id specified - insert: 50bca86530047de5a0f50790
[36m[[0mmongo-db-seeder[36m][0m [32mDEBUG[0m [33mWarning: [0m document with this id already exists: 50bca86330047de5a0f5078f collection: ccstandards
[36m[[0mmongo-db-seeder[36m][0m [32mDEBUG[0m id specified - insert: 50bca86530047de5a0f50791
[36m[[0mmongo-db-seeder[36m][0m [32mDEBUG[0m [33mWarning: [0m document with this id already exists: 50bca86530047de5a0f50790 collection: ccstandards
[36m[[0mmongo-db-seeder[36m][0m [32mDEBUG[0m id specified - insert: 50bca86630047de5a0f50792
[36m[[0mmongo-db-seeder[36m][0m [32mDEBUG[0m [33mWarning: [0m document with this id already exists: 50bca86530047de5a0f50791 collection: ccstandards
[36m[[0mmongo-db-seeder[36m][0m [32mDEBUG[0m id specified - insert: 50bca86630047de5a0f50792
[36m[[0mmongo-db-seeder[36m][0m [32mDEBUG[0m id specified - insert: 50bca86630047de5a0f50793
[36m[[0mmongo-db-seeder[36m][0m [32mDEBUG[0m id specified - insert: 50bca86630047de5a0f50794
[36m[[0mmongo-db-seeder[36m][0m [32mDEBUG[0m [33mWarning: [0m document with this id already exists: 50bca86630047de5a0f50793 collection: ccstandards
[36m[[0mmongo-db-seeder[36m][0m [32mDEBUG[0m [33mWarning: [0m document with this id already exists: 50bca86630047de5a0f50794 collection: ccstandards
[36m[[0mmongo-db-seeder[36m][0m [32mDEBUG[0m id specified - insert: 50bca86630047de5a0f50795
[36m[[0mmongo-db-seeder[36m][0m [32mDEBUG[0m id specified - insert: 50bca86630047de5a0f50796
[36m[[0mmongo-db-seeder[36m][0m [32mDEBUG[0m [33mWarning: [0m document with this id already exists: 50bca86630047de5a0f50795 collection: ccstandards
[36m[[0mmongo-db-seeder[36m][0m [32mDEBUG[0m [33mWarning: [0m document with this id already exists: 50bca86630047de5a0f50796 collection: ccstandards
[36m[[0mmongo-db-seeder[36m][0m [32mDEBUG[0m id specified - insert: 50bca86730047de5a0f50797
[36m[[0mmongo-db-seeder[36m][0m [32mDEBUG[0m id specified - insert: 50bca86730047de5a0f50797
[36m[[0mmongo-db-seeder[36m][0m [32mDEBUG[0m id specified - insert: 50bca86730047de5a0f50798
[36m[[0mmongo-db-seeder[36m][0m [32mDEBUG[0m id specified - insert: 50bca86730047de5a0f50799
[36m[[0mmongo-db-seeder[36m][0m [32mDEBUG[0m [33mWarning: [0m document with this id already exists: 50bca86730047de5a0f50798 collection: ccstandards
[36m[[0mmongo-db-seeder[36m][0m [32mDEBUG[0m id specified - insert: 50bca86830047de5a0f5079a
[36m[[0mmongo-db-seeder[36m][0m [32mDEBUG[0m [33mWarning: [0m document with this id already exists: 50bca86730047de5a0f50799 collection: ccstandards
[36m[[0mmongo-db-seeder[36m][0m [32mDEBUG[0m id specified - insert: 50bca86830047de5a0f5079a
[36m[[0mmongo-db-seeder[36m][0m [32mDEBUG[0m id specified - insert: 50bca86830047de5a0f5079b
[36m[[0mmongo-db-seeder[36m][0m [32mDEBUG[0m id specified - insert: 50bca86830047de5a0f5079b
[36m[[0mmongo-db-seeder[36m][0m [32mDEBUG[0m id specified - insert: 50bca86830047de5a0f5079c
[36m[[0mmongo-db-seeder[36m][0m [32mDEBUG[0m id specified - insert: 50bca86830047de5a0f5079c
[36m[[0mmongo-db-seeder[36m][0m [32mDEBUG[0m id specified - insert: 50bca86830047de5a0f5079d
[36m[[0mmongo-db-seeder[36m][0m [32mDEBUG[0m id specified - insert: 50bca86830047de5a0f5079d
[36m[[0mmongo-db-seeder[36m][0m [32mDEBUG[0m id specified - insert: 50bca86830047de5a0f5079e
[36m[[0mmongo-db-seeder[36m][0m [32mDEBUG[0m id specified - insert: 50bca86830047de5a0f5079f
[36m[[0mmongo-db-seeder[36m][0m [32mDEBUG[0m [33mWarning: [0m document with this id already exists: 50bca86830047de5a0f5079e collection: ccstandards
[36m[[0mmongo-db-seeder[36m][0m [32mDEBUG[0m id specified - insert: 50bca86930047de5a0f507a0
[36m[[0mmongo-db-seeder[36m][0m [32mDEBUG[0m [33mWarning: [0m document with this id already exists: 50bca86830047de5a0f5079f collection: ccstandards
[36m[[0mmongo-db-seeder[36m][0m [32mDEBUG[0m id specified - insert: 50bca86930047de5a0f507a1
[36m[[0mmongo-db-seeder[36m][0m [32mDEBUG[0m [33mWarning: [0m document with this id already exists: 50bca86930047de5a0f507a0 collection: ccstandards
[36m[[0mmongo-db-seeder[36m][0m [32mDEBUG[0m [33mWarning: [0m document with this id already exists: 50bca86930047de5a0f507a1 collection: ccstandards
[36m[[0mmongo-db-seeder[36m][0m [32mDEBUG[0m id specified - insert: 50bca86930047de5a0f507a2
[36m[[0mmongo-db-seeder[36m][0m [32mDEBUG[0m id specified - insert: 50bca86930047de5a0f507a2
[36m[[0mmongo-db-seeder[36m][0m [32mDEBUG[0m id specified - insert: 50bca86930047de5a0f507a3
[36m[[0mmongo-db-seeder[36m][0m [32mDEBUG[0m id specified - insert: 50bca86930047de5a0f507a3
[36m[[0mmongo-db-seeder[36m][0m [32mDEBUG[0m id specified - insert: 50bca86b30047de5a0f507a4
[36m[[0mmongo-db-seeder[36m][0m [32mDEBUG[0m [33mWarning: [0m document with this id already exists: 50bca86b30047de5a0f507a4 collection: ccstandards
[36m[[0mmongo-db-seeder[36m][0m [32mDEBUG[0m id specified - insert: 50bca86c30047de5a0f507a5
[36m[[0mmongo-db-seeder[36m][0m [32mDEBUG[0m id specified - insert: 50bca86c30047de5a0f507a5
[36m[[0mmongo-db-seeder[36m][0m [32mDEBUG[0m id specified - insert: 50bca86c30047de5a0f507a6
[36m[[0mmongo-db-seeder[36m][0m [32mDEBUG[0m id specified - insert: 50bca86c30047de5a0f507a7
[36m[[0mmongo-db-seeder[36m][0m [32mDEBUG[0m [33mWarning: [0m document with this id already exists: 50bca86c30047de5a0f507a6 collection: ccstandards
[36m[[0mmongo-db-seeder[36m][0m [32mDEBUG[0m [33mWarning: [0m document with this id already exists: 50bca86c30047de5a0f507a7 collection: ccstandards
[36m[[0mmongo-db-seeder[36m][0m [32mDEBUG[0m id specified - insert: 50bca86c30047de5a0f507a8
[36m[[0mmongo-db-seeder[36m][0m [32mDEBUG[0m id specified - insert: 50bca86c30047de5a0f507a8
[36m[[0mmongo-db-seeder[36m][0m [32mDEBUG[0m id specified - insert: 50bca86e30047de5a0f507a9
[36m[[0mmongo-db-seeder[36m][0m [32mDEBUG[0m id specified - insert: 50bca86e30047de5a0f507a9
[36m[[0mmongo-db-seeder[36m][0m [32mDEBUG[0m id specified - insert: 50bca86e30047de5a0f507aa
[36m[[0mmongo-db-seeder[36m][0m [32mDEBUG[0m id specified - insert: 50bca86e30047de5a0f507aa
[36m[[0mmongo-db-seeder[36m][0m [32mDEBUG[0m id specified - insert: 50bca86e30047de5a0f507ab
[36m[[0mmongo-db-seeder[36m][0m [32mDEBUG[0m id specified - insert: 50bca86e30047de5a0f507ac
[36m[[0mmongo-db-seeder[36m][0m [32mDEBUG[0m [33mWarning: [0m document with this id already exists: 50bca86e30047de5a0f507ab collection: ccstandards
[36m[[0mmongo-db-seeder[36m][0m [32mDEBUG[0m id specified - insert: 50bca86e30047de5a0f507ad
[36m[[0mmongo-db-seeder[36m][0m [32mDEBUG[0m [33mWarning: [0m document with this id already exists: 50bca86e30047de5a0f507ac collection: ccstandards
[36m[[0mmongo-db-seeder[36m][0m [32mDEBUG[0m id specified - insert: 50bca86e30047de5a0f507ae
[36m[[0mmongo-db-seeder[36m][0m [32mDEBUG[0m [33mWarning: [0m document with this id already exists: 50bca86e30047de5a0f507ad collection: ccstandards
[36m[[0mmongo-db-seeder[36m][0m [32mDEBUG[0m id specified - insert: 50bca86e30047de5a0f507af
[36m[[0mmongo-db-seeder[36m][0m [32mDEBUG[0m [33mWarning: [0m document with this id already exists: 50bca86e30047de5a0f507ae collection: ccstandards
[36m[[0mmongo-db-seeder[36m][0m [32mDEBUG[0m id specified - insert: 50bca86e30047de5a0f507b0
[36m[[0mmongo-db-seeder[36m][0m [32mDEBUG[0m [33mWarning: [0m document with this id already exists: 50bca86e30047de5a0f507af collection: ccstandards
[36m[[0mmongo-db-seeder[36m][0m [32mDEBUG[0m id specified - insert: 50bca86e30047de5a0f507b1
[36m[[0mmongo-db-seeder[36m][0m [32mDEBUG[0m [33mWarning: [0m document with this id already exists: 50bca86e30047de5a0f507b0 collection: ccstandards
[36m[[0mmongo-db-seeder[36m][0m [32mDEBUG[0m id specified - insert: 50bca86e30047de5a0f507b2
[36m[[0mmongo-db-seeder[36m][0m [32mDEBUG[0m [33mWarning: [0m document with this id already exists: 50bca86e30047de5a0f507b1 collection: ccstandards
[36m[[0mmongo-db-seeder[36m][0m [32mDEBUG[0m id specified - insert: 50bca86e30047de5a0f507b3
[36m[[0mmongo-db-seeder[36m][0m [32mDEBUG[0m [33mWarning: [0m document with this id already exists: 50bca86e30047de5a0f507b2 collection: ccstandards
[36m[[0mmongo-db-seeder[36m][0m [32mDEBUG[0m [33mWarning: [0m document with this id already exists: 50bca86e30047de5a0f507b3 collection: ccstandards
[36m[[0mmongo-db-seeder[36m][0m [32mDEBUG[0m id specified - insert: 50bca86e30047de5a0f507b4
[36m[[0mmongo-db-seeder[36m][0m [32mDEBUG[0m [33mWarning: [0m document with this id already exists: 50bca86e30047de5a0f507b4 collection: ccstandards
[36m[[0mmongo-db-seeder[36m][0m [32mDEBUG[0m id specified - insert: 50bca86e30047de5a0f507b5
[36m[[0mmongo-db-seeder[36m][0m [32mDEBUG[0m id specified - insert: 50bca86e30047de5a0f507b5
[36m[[0mmongo-db-seeder[36m][0m [32mDEBUG[0m id specified - insert: 50bca86e30047de5a0f507b6
[36m[[0mmongo-db-seeder[36m][0m [32mDEBUG[0m [33mWarning: [0m document with this id already exists: 50bca86e30047de5a0f507b6 collection: ccstandards
[36m[[0mmongo-db-seeder[36m][0m [32mDEBUG[0m id specified - insert: 50bca86e30047de5a0f507b7
[36m[[0mmongo-db-seeder[36m][0m [32mDEBUG[0m id specified - insert: 50bca86e30047de5a0f507b7
[36m[[0mmongo-db-seeder[36m][0m [32mDEBUG[0m id specified - insert: 50bca86e30047de5a0f507b8
[36m[[0mmongo-db-seeder[36m][0m [32mDEBUG[0m [33mWarning: [0m document with this id already exists: 50bca86e30047de5a0f507b8 collection: ccstandards
[36m[[0mmongo-db-seeder[36m][0m [32mDEBUG[0m id specified - insert: 50bca86e30047de5a0f507b9
[36m[[0mmongo-db-seeder[36m][0m [32mDEBUG[0m id specified - insert: 50bca86e30047de5a0f507b9
[36m[[0mmongo-db-seeder[36m][0m [32mDEBUG[0m id specified - insert: 50bca86e30047de5a0f507ba
[36m[[0mmongo-db-seeder[36m][0m [32mDEBUG[0m [33mWarning: [0m document with this id already exists: 50bca86e30047de5a0f507ba collection: ccstandards
[36m[[0mmongo-db-seeder[36m][0m [32mDEBUG[0m id specified - insert: 50bca86e30047de5a0f507bb
[36m[[0mmongo-db-seeder[36m][0m [32mDEBUG[0m id specified - insert: 50bca86e30047de5a0f507bb
[36m[[0mmongo-db-seeder[36m][0m [32mDEBUG[0m id specified - insert: 50bca86e30047de5a0f507bc
[36m[[0mmongo-db-seeder[36m][0m [32mDEBUG[0m id specified - insert: 50bca86e30047de5a0f507bc
[36m[[0mmongo-db-seeder[36m][0m [32mDEBUG[0m id specified - insert: 50bca86e30047de5a0f507bd
[36m[[0mmongo-db-seeder[36m][0m [32mDEBUG[0m [33mWarning: [0m document with this id already exists: 50bca86e30047de5a0f507bd collection: ccstandards
[36m[[0mmongo-db-seeder[36m][0m [32mDEBUG[0m id specified - insert: 50bca86e30047de5a0f507be
[36m[[0mmongo-db-seeder[36m][0m [32mDEBUG[0m id specified - insert: 50bca86e30047de5a0f507be
[36m[[0mmongo-db-seeder[36m][0m [32mDEBUG[0m id specified - insert: 50bca86e30047de5a0f507bf
[36m[[0mmongo-db-seeder[36m][0m [32mDEBUG[0m id specified - insert: 50bca86e30047de5a0f507c0
[36m[[0mmongo-db-seeder[36m][0m [32mDEBUG[0m [33mWarning: [0m document with this id already exists: 50bca86e30047de5a0f507bf collection: ccstandards
[36m[[0mmongo-db-seeder[36m][0m [32mDEBUG[0m [33mWarning: [0m document with this id already exists: 50bca86e30047de5a0f507c0 collection: ccstandards
[36m[[0mmongo-db-seeder[36m][0m [32mDEBUG[0m id specified - insert: 50bca86e30047de5a0f507c1
[36m[[0mmongo-db-seeder[36m][0m [32mDEBUG[0m id specified - insert: 50bca86e30047de5a0f507c1
[36m[[0mmongo-db-seeder[36m][0m [32mDEBUG[0m id specified - insert: 50bca86e30047de5a0f507c2
[36m[[0mmongo-db-seeder[36m][0m [32mDEBUG[0m id specified - insert: 50bca86e30047de5a0f507c3
[36m[[0mmongo-db-seeder[36m][0m [32mDEBUG[0m [33mWarning: [0m document with this id already exists: 50bca86e30047de5a0f507c2 collection: ccstandards
[36m[[0mmongo-db-seeder[36m][0m [32mDEBUG[0m id specified - insert: 50bca86e30047de5a0f507c4
[36m[[0mmongo-db-seeder[36m][0m [32mDEBUG[0m [33mWarning: [0m document with this id already exists: 50bca86e30047de5a0f507c3 collection: ccstandards
[36m[[0mmongo-db-seeder[36m][0m [32mDEBUG[0m [33mWarning: [0m document with this id already exists: 50bca86e30047de5a0f507c4 collection: ccstandards
[36m[[0mmongo-db-seeder[36m][0m [32mDEBUG[0m id specified - insert: 50bca86e30047de5a0f507c5
[36m[[0mmongo-db-seeder[36m][0m [32mDEBUG[0m id specified - insert: 50bca86e30047de5a0f507c5
[36m[[0mmongo-db-seeder[36m][0m [32mDEBUG[0m id specified - insert: 50bca86e30047de5a0f507c6
[36m[[0mmongo-db-seeder[36m][0m [32mDEBUG[0m id specified - insert: 50bca86e30047de5a0f507c6
[36m[[0mmongo-db-seeder[36m][0m [32mDEBUG[0m id specified - insert: 50bca86e30047de5a0f507c7
[36m[[0mmongo-db-seeder[36m][0m [32mDEBUG[0m [33mWarning: [0m document with this id already exists: 50bca86e30047de5a0f507c7 collection: ccstandards
[36m[[0mmongo-db-seeder[36m][0m [32mDEBUG[0m id specified - insert: 50bca86e30047de5a0f507c8
[36m[[0mmongo-db-seeder[36m][0m [32mDEBUG[0m id specified - insert: 50bca86e30047de5a0f507c8
[36m[[0mmongo-db-seeder[36m][0m [32mDEBUG[0m id specified - insert: 50bca86e30047de5a0f507c9
[36m[[0mmongo-db-seeder[36m][0m [32mDEBUG[0m id specified - insert: 50bca86e30047de5a0f507ca
[36m[[0mmongo-db-seeder[36m][0m [32mDEBUG[0m [33mWarning: [0m document with this id already exists: 50bca86e30047de5a0f507c9 collection: ccstandards
[36m[[0mmongo-db-seeder[36m][0m [32mDEBUG[0m [33mWarning: [0m document with this id already exists: 50bca86e30047de5a0f507ca collection: ccstandards
[36m[[0mmongo-db-seeder[36m][0m [32mDEBUG[0m id specified - insert: 50bca86e30047de5a0f507cb
[36m[[0mmongo-db-seeder[36m][0m [32mDEBUG[0m id specified - insert: 50bca86e30047de5a0f507cb
[36m[[0mmongo-db-seeder[36m][0m [32mDEBUG[0m id specified - insert: 50bca86e30047de5a0f507cc
[36m[[0mmongo-db-seeder[36m][0m [32mDEBUG[0m id specified - insert: 50bca86e30047de5a0f507cc
[36m[[0mmongo-db-seeder[36m][0m [32mDEBUG[0m id specified - insert: 50bca86e30047de5a0f507cd
[36m[[0mmongo-db-seeder[36m][0m [32mDEBUG[0m id specified - insert: 50bca86e30047de5a0f507ce
[36m[[0mmongo-db-seeder[36m][0m [32mDEBUG[0m [33mWarning: [0m document with this id already exists: 50bca86e30047de5a0f507cd collection: ccstandards
[36m[[0mmongo-db-seeder[36m][0m [32mDEBUG[0m [33mWarning: [0m document with this id already exists: 50bca86e30047de5a0f507ce collection: ccstandards
[36m[[0mmongo-db-seeder[36m][0m [32mDEBUG[0m id specified - insert: 50bca86e30047de5a0f507cf
[36m[[0mmongo-db-seeder[36m][0m [32mDEBUG[0m id specified - insert: 50bca86e30047de5a0f507cf
[36m[[0mmongo-db-seeder[36m][0m [32mDEBUG[0m id specified - insert: 50bca86e30047de5a0f507d0
[36m[[0mmongo-db-seeder[36m][0m [32mDEBUG[0m id specified - insert: 50bca86e30047de5a0f507d1
[36m[[0mmongo-db-seeder[36m][0m [32mDEBUG[0m [33mWarning: [0m document with this id already exists: 50bca86e30047de5a0f507d0 collection: ccstandards
[36m[[0mmongo-db-seeder[36m][0m [32mDEBUG[0m id specified - insert: 50bca86e30047de5a0f507d2
[36m[[0mmongo-db-seeder[36m][0m [32mDEBUG[0m [33mWarning: [0m document with this id already exists: 50bca86e30047de5a0f507d1 collection: ccstandards
[36m[[0mmongo-db-seeder[36m][0m [32mDEBUG[0m id specified - insert: 50bca86e30047de5a0f507d3
[36m[[0mmongo-db-seeder[36m][0m [32mDEBUG[0m [33mWarning: [0m document with this id already exists: 50bca86e30047de5a0f507d2 collection: ccstandards
[36m[[0mmongo-db-seeder[36m][0m [32mDEBUG[0m id specified - insert: 50bca86e30047de5a0f507d4
[36m[[0mmongo-db-seeder[36m][0m [32mDEBUG[0m [33mWarning: [0m document with this id already exists: 50bca86e30047de5a0f507d3 collection: ccstandards
[36m[[0mmongo-db-seeder[36m][0m [32mDEBUG[0m id specified - insert: 50bca86e30047de5a0f507d5
[36m[[0mmongo-db-seeder[36m][0m [32mDEBUG[0m [33mWarning: [0m document with this id already exists: 50bca86e30047de5a0f507d4 collection: ccstandards
[36m[[0mmongo-db-seeder[36m][0m [32mDEBUG[0m [33mWarning: [0m document with this id already exists: 50bca86e30047de5a0f507d5 collection: ccstandards
[36m[[0mmongo-db-seeder[36m][0m [32mDEBUG[0m id specified - insert: 50bca86e30047de5a0f507d6
[36m[[0mmongo-db-seeder[36m][0m [32mDEBUG[0m id specified - insert: 50bca86e30047de5a0f507d6
[36m[[0mmongo-db-seeder[36m][0m [32mDEBUG[0m id specified - insert: 50bca86e30047de5a0f507d7
[36m[[0mmongo-db-seeder[36m][0m [32mDEBUG[0m id specified - insert: 50bca86e30047de5a0f507d8
[36m[[0mmongo-db-seeder[36m][0m [32mDEBUG[0m [33mWarning: [0m document with this id already exists: 50bca86e30047de5a0f507d7 collection: ccstandards
[36m[[0mmongo-db-seeder[36m][0m [32mDEBUG[0m id specified - insert: 50bca86e30047de5a0f507d9
[36m[[0mmongo-db-seeder[36m][0m [32mDEBUG[0m [33mWarning: [0m document with this id already exists: 50bca86e30047de5a0f507d8 collection: ccstandards
[36m[[0mmongo-db-seeder[36m][0m [32mDEBUG[0m [33mWarning: [0m document with this id already exists: 50bca86e30047de5a0f507d9 collection: ccstandards
[36m[[0mmongo-db-seeder[36m][0m [32mDEBUG[0m id specified - insert: 50bca86e30047de5a0f507da
[36m[[0mmongo-db-seeder[36m][0m [32mDEBUG[0m id specified - insert: 50bca86e30047de5a0f507da
[36m[[0mmongo-db-seeder[36m][0m [32mDEBUG[0m id specified - insert: 50bca86e30047de5a0f507db
[36m[[0mmongo-db-seeder[36m][0m [32mDEBUG[0m id specified - insert: 50bca86e30047de5a0f507db
[36m[[0mmongo-db-seeder[36m][0m [32mDEBUG[0m id specified - insert: 50bca86e30047de5a0f507dc
[36m[[0mmongo-db-seeder[36m][0m [32mDEBUG[0m [33mWarning: [0m document with this id already exists: 50bca86e30047de5a0f507dc collection: ccstandards
[36m[[0mmongo-db-seeder[36m][0m [32mDEBUG[0m id specified - insert: 50bca86e30047de5a0f507dd
[36m[[0mmongo-db-seeder[36m][0m [32mDEBUG[0m id specified - insert: 50bca86e30047de5a0f507dd
[36m[[0mmongo-db-seeder[36m][0m [32mDEBUG[0m id specified - insert: 50bca86e30047de5a0f507de
[36m[[0mmongo-db-seeder[36m][0m [32mDEBUG[0m id specified - insert: 50bca86e30047de5a0f507df
[36m[[0mmongo-db-seeder[36m][0m [32mDEBUG[0m [33mWarning: [0m document with this id already exists: 50bca86e30047de5a0f507de collection: ccstandards
[36m[[0mmongo-db-seeder[36m][0m [32mDEBUG[0m [33mWarning: [0m document with this id already exists: 50bca86e30047de5a0f507df collection: ccstandards
[36m[[0mmongo-db-seeder[36m][0m [32mDEBUG[0m id specified - insert: 50bca86e30047de5a0f507e0
[36m[[0mmongo-db-seeder[36m][0m [32mDEBUG[0m id specified - insert: 50bca86e30047de5a0f507e0
[36m[[0mmongo-db-seeder[36m][0m [32mDEBUG[0m id specified - insert: 50bca86e30047de5a0f507e1
[36m[[0mmongo-db-seeder[36m][0m [32mDEBUG[0m id specified - insert: 50bca86e30047de5a0f507e2
[36m[[0mmongo-db-seeder[36m][0m [32mDEBUG[0m [33mWarning: [0m document with this id already exists: 50bca86e30047de5a0f507e1 collection: ccstandards
[36m[[0mmongo-db-seeder[36m][0m [32mDEBUG[0m id specified - insert: 50bca86e30047de5a0f507e3
[36m[[0mmongo-db-seeder[36m][0m [32mDEBUG[0m [33mWarning: [0m document with this id already exists: 50bca86e30047de5a0f507e2 collection: ccstandards
[36m[[0mmongo-db-seeder[36m][0m [32mDEBUG[0m id specified - insert: 50bca86e30047de5a0f507e4
[36m[[0mmongo-db-seeder[36m][0m [32mDEBUG[0m [33mWarning: [0m document with this id already exists: 50bca86e30047de5a0f507e3 collection: ccstandards
[36m[[0mmongo-db-seeder[36m][0m [32mDEBUG[0m [33mWarning: [0m document with this id already exists: 50bca86e30047de5a0f507e4 collection: ccstandards
[36m[[0mmongo-db-seeder[36m][0m [32mDEBUG[0m id specified - insert: 50bca86e30047de5a0f507e5
[36m[[0mmongo-db-seeder[36m][0m [32mDEBUG[0m id specified - insert: 50bca86e30047de5a0f507e5
[36m[[0mmongo-db-seeder[36m][0m [32mDEBUG[0m id specified - insert: 50bca86e30047de5a0f507e6
[36m[[0mmongo-db-seeder[36m][0m [32mDEBUG[0m id specified - insert: 50bca86e30047de5a0f507e7
[36m[[0mmongo-db-seeder[36m][0m [32mDEBUG[0m [33mWarning: [0m document with this id already exists: 50bca86e30047de5a0f507e6 collection: ccstandards
[36m[[0mmongo-db-seeder[36m][0m [32mDEBUG[0m [33mWarning: [0m document with this id already exists: 50bca86e30047de5a0f507e7 collection: ccstandards
[36m[[0mmongo-db-seeder[36m][0m [32mDEBUG[0m id specified - insert: 50bca86e30047de5a0f507e8
[36m[[0mmongo-db-seeder[36m][0m [32mDEBUG[0m id specified - insert: 50bca86e30047de5a0f507e8
[36m[[0mmongo-db-seeder[36m][0m [32mDEBUG[0m id specified - insert: 50bca86e30047de5a0f507e9
[36m[[0mmongo-db-seeder[36m][0m [32mDEBUG[0m id specified - insert: 50bca86e30047de5a0f507e9
[36m[[0mmongo-db-seeder[36m][0m [32mDEBUG[0m id specified - insert: 50bca86e30047de5a0f507ea
[36m[[0mmongo-db-seeder[36m][0m [32mDEBUG[0m id specified - insert: 50bca86e30047de5a0f507ea
[36m[[0mmongo-db-seeder[36m][0m [32mDEBUG[0m id specified - insert: 50bca86e30047de5a0f507eb
[36m[[0mmongo-db-seeder[36m][0m [32mDEBUG[0m id specified - insert: 50bca86e30047de5a0f507ec
[36m[[0mmongo-db-seeder[36m][0m [32mDEBUG[0m [33mWarning: [0m document with this id already exists: 50bca86e30047de5a0f507eb collection: ccstandards
[36m[[0mmongo-db-seeder[36m][0m [32mDEBUG[0m id specified - insert: 50bca86e30047de5a0f507ed
[36m[[0mmongo-db-seeder[36m][0m [32mDEBUG[0m [33mWarning: [0m document with this id already exists: 50bca86e30047de5a0f507ec collection: ccstandards
[36m[[0mmongo-db-seeder[36m][0m [32mDEBUG[0m [33mWarning: [0m document with this id already exists: 50bca86e30047de5a0f507ed collection: ccstandards
[36m[[0mmongo-db-seeder[36m][0m [32mDEBUG[0m id specified - insert: 50bca86e30047de5a0f507ee
[36m[[0mmongo-db-seeder[36m][0m [32mDEBUG[0m id specified - insert: 50bca86e30047de5a0f507ef
[36m[[0mmongo-db-seeder[36m][0m [32mDEBUG[0m [33mWarning: [0m document with this id already exists: 50bca86e30047de5a0f507ee collection: ccstandards
[36m[[0mmongo-db-seeder[36m][0m [32mDEBUG[0m id specified - insert: 50bca86e30047de5a0f507f0
[36m[[0mmongo-db-seeder[36m][0m [32mDEBUG[0m [33mWarning: [0m document with this id already exists: 50bca86e30047de5a0f507ef collection: ccstandards
[36m[[0mmongo-db-seeder[36m][0m [32mDEBUG[0m id specified - insert: 50bca86e30047de5a0f507f1
[36m[[0mmongo-db-seeder[36m][0m [32mDEBUG[0m [33mWarning: [0m document with this id already exists: 50bca86e30047de5a0f507f0 collection: ccstandards
[36m[[0mmongo-db-seeder[36m][0m [32mDEBUG[0m [33mWarning: [0m document with this id already exists: 50bca86e30047de5a0f507f1 collection: ccstandards
[36m[[0mmongo-db-seeder[36m][0m [32mDEBUG[0m id specified - insert: 50bca86e30047de5a0f507f2
[36m[[0mmongo-db-seeder[36m][0m [32mDEBUG[0m id specified - insert: 50bca86e30047de5a0f507f2
[36m[[0mmongo-db-seeder[36m][0m [32mDEBUG[0m id specified - insert: 50bca86e30047de5a0f507f3
[36m[[0mmongo-db-seeder[36m][0m [32mDEBUG[0m id specified - insert: 50bca86e30047de5a0f507f3
[36m[[0mmongo-db-seeder[36m][0m [32mDEBUG[0m id specified - insert: 50bca86e30047de5a0f507f4
[36m[[0mmongo-db-seeder[36m][0m [32mDEBUG[0m id specified - insert: 50bca86e30047de5a0f507f4
[36m[[0mmongo-db-seeder[36m][0m [32mDEBUG[0m id specified - insert: 50bca86e30047de5a0f507f5
[36m[[0mmongo-db-seeder[36m][0m [32mDEBUG[0m id specified - insert: 50bca86e30047de5a0f507f6
[36m[[0mmongo-db-seeder[36m][0m [32mDEBUG[0m [33mWarning: [0m document with this id already exists: 50bca86e30047de5a0f507f5 collection: ccstandards
[36m[[0mmongo-db-seeder[36m][0m [32mDEBUG[0m id specified - insert: 50bca86e30047de5a0f507f7
[36m[[0mmongo-db-seeder[36m][0m [32mDEBUG[0m [33mWarning: [0m document with this id already exists: 50bca86e30047de5a0f507f6 collection: ccstandards
[36m[[0mmongo-db-seeder[36m][0m [32mDEBUG[0m id specified - insert: 50bca86e30047de5a0f507f8
[36m[[0mmongo-db-seeder[36m][0m [32mDEBUG[0m [33mWarning: [0m document with this id already exists: 50bca86e30047de5a0f507f7 collection: ccstandards
[36m[[0mmongo-db-seeder[36m][0m [32mDEBUG[0m [33mWarning: [0m document with this id already exists: 50bca86e30047de5a0f507f8 collection: ccstandards
[36m[[0mmongo-db-seeder[36m][0m [32mDEBUG[0m id specified - insert: 50bca86e30047de5a0f507f9
[36m[[0mmongo-db-seeder[36m][0m [32mDEBUG[0m id specified - insert: 50bca86e30047de5a0f507f9
[36m[[0mmongo-db-seeder[36m][0m [32mDEBUG[0m id specified - insert: 50bca86e30047de5a0f507fa
[36m[[0mmongo-db-seeder[36m][0m [32mDEBUG[0m id specified - insert: 50bca86e30047de5a0f507fa
[36m[[0mmongo-db-seeder[36m][0m [32mDEBUG[0m id specified - insert: 50bca86e30047de5a0f507fb
[36m[[0mmongo-db-seeder[36m][0m [32mDEBUG[0m id specified - insert: 50bca86e30047de5a0f507fc
[36m[[0mmongo-db-seeder[36m][0m [32mDEBUG[0m [33mWarning: [0m document with this id already exists: 50bca86e30047de5a0f507fb collection: ccstandards
[36m[[0mmongo-db-seeder[36m][0m [32mDEBUG[0m id specified - insert: 50bca86e30047de5a0f507fd
[36m[[0mmongo-db-seeder[36m][0m [32mDEBUG[0m [33mWarning: [0m document with this id already exists: 50bca86e30047de5a0f507fc collection: ccstandards
[36m[[0mmongo-db-seeder[36m][0m [32mDEBUG[0m id specified - insert: 50bca86e30047de5a0f507fe
[36m[[0mmongo-db-seeder[36m][0m [32mDEBUG[0m [33mWarning: [0m document with this id already exists: 50bca86e30047de5a0f507fd collection: ccstandards
[36m[[0mmongo-db-seeder[36m][0m [32mDEBUG[0m [33mWarning: [0m document with this id already exists: 50bca86e30047de5a0f507fe collection: ccstandards
[36m[[0mmongo-db-seeder[36m][0m [32mDEBUG[0m id specified - insert: 50bca86e30047de5a0f507ff
[36m[[0mmongo-db-seeder[36m][0m [32mDEBUG[0m id specified - insert: 50bca86e30047de5a0f507ff
[36m[[0mmongo-db-seeder[36m][0m [32mDEBUG[0m id specified - insert: 50bca86e30047de5a0f50800
[36m[[0mmongo-db-seeder[36m][0m [32mDEBUG[0m id specified - insert: 50bca86e30047de5a0f50800
[36m[[0mmongo-db-seeder[36m][0m [32mDEBUG[0m id specified - insert: 50bca86e30047de5a0f50801
[36m[[0mmongo-db-seeder[36m][0m [32mDEBUG[0m id specified - insert: 50bca86e30047de5a0f50801
[36m[[0mmongo-db-seeder[36m][0m [32mDEBUG[0m id specified - insert: 50bca86e30047de5a0f50802
[36m[[0mmongo-db-seeder[36m][0m [32mDEBUG[0m id specified - insert: 50bca86e30047de5a0f50802
[36m[[0mmongo-db-seeder[36m][0m [32mDEBUG[0m id specified - insert: 50bca86e30047de5a0f50803
[36m[[0mmongo-db-seeder[36m][0m [32mDEBUG[0m id specified - insert: 50bca86e30047de5a0f50804
[36m[[0mmongo-db-seeder[36m][0m [32mDEBUG[0m [33mWarning: [0m document with this id already exists: 50bca86e30047de5a0f50803 collection: ccstandards
[36m[[0mmongo-db-seeder[36m][0m [32mDEBUG[0m id specified - insert: 50bca86e30047de5a0f50804
[36m[[0mmongo-db-seeder[36m][0m [32mDEBUG[0m id specified - insert: 50bca86e30047de5a0f50805
[36m[[0mmongo-db-seeder[36m][0m [32mDEBUG[0m id specified - insert: 50bca86e30047de5a0f50806
[36m[[0mmongo-db-seeder[36m][0m [32mDEBUG[0m [33mWarning: [0m document with this id already exists: 50bca86e30047de5a0f50805 collection: ccstandards
[36m[[0mmongo-db-seeder[36m][0m [32mDEBUG[0m id specified - insert: 50bca86e30047de5a0f50807
[36m[[0mmongo-db-seeder[36m][0m [32mDEBUG[0m [33mWarning: [0m document with this id already exists: 50bca86e30047de5a0f50806 collection: ccstandards
[36m[[0mmongo-db-seeder[36m][0m [32mDEBUG[0m [33mWarning: [0m document with this id already exists: 50bca86e30047de5a0f50807 collection: ccstandards
[36m[[0mmongo-db-seeder[36m][0m [32mDEBUG[0m id specified - insert: 50bca86e30047de5a0f50808
[36m[[0mmongo-db-seeder[36m][0m [32mDEBUG[0m id specified - insert: 50bca86e30047de5a0f50808
[36m[[0mmongo-db-seeder[36m][0m [32mDEBUG[0m id specified - insert: 50bca86e30047de5a0f50809
[36m[[0mmongo-db-seeder[36m][0m [32mDEBUG[0m id specified - insert: 50bca86e30047de5a0f5080a
[36m[[0mmongo-db-seeder[36m][0m [32mDEBUG[0m [33mWarning: [0m document with this id already exists: 50bca86e30047de5a0f50809 collection: ccstandards
[36m[[0mmongo-db-seeder[36m][0m [32mDEBUG[0m [33mWarning: [0m document with this id already exists: 50bca86e30047de5a0f5080a collection: ccstandards
[36m[[0mmongo-db-seeder[36m][0m [32mDEBUG[0m id specified - insert: 50bca86e30047de5a0f5080b
[36m[[0mmongo-db-seeder[36m][0m [32mDEBUG[0m id specified - insert: 50bca86e30047de5a0f5080b
[36m[[0mmongo-db-seeder[36m][0m [32mDEBUG[0m id specified - insert: 50bca86e30047de5a0f5080c
[36m[[0mmongo-db-seeder[36m][0m [32mDEBUG[0m id specified - insert: 50bca86e30047de5a0f5080d
[36m[[0mmongo-db-seeder[36m][0m [32mDEBUG[0m [33mWarning: [0m document with this id already exists: 50bca86e30047de5a0f5080c collection: ccstandards
[36m[[0mmongo-db-seeder[36m][0m [32mDEBUG[0m id specified - insert: 50bca86e30047de5a0f5080e
[36m[[0mmongo-db-seeder[36m][0m [32mDEBUG[0m [33mWarning: [0m document with this id already exists: 50bca86e30047de5a0f5080d collection: ccstandards
[36m[[0mmongo-db-seeder[36m][0m [32mDEBUG[0m id specified - insert: 50bca86e30047de5a0f5080e
[36m[[0mmongo-db-seeder[36m][0m [32mDEBUG[0m id specified - insert: 50bca86e30047de5a0f5080f
[36m[[0mmongo-db-seeder[36m][0m [32mDEBUG[0m id specified - insert: 50bca86e30047de5a0f50810
[36m[[0mmongo-db-seeder[36m][0m [32mDEBUG[0m [33mWarning: [0m document with this id already exists: 50bca86e30047de5a0f5080f collection: ccstandards
[36m[[0mmongo-db-seeder[36m][0m [32mDEBUG[0m [33mWarning: [0m document with this id already exists: 50bca86e30047de5a0f50810 collection: ccstandards
[36m[[0mmongo-db-seeder[36m][0m [32mDEBUG[0m id specified - insert: 50bca86e30047de5a0f50811
[36m[[0mmongo-db-seeder[36m][0m [32mDEBUG[0m id specified - insert: 50bca86e30047de5a0f50811
[36m[[0mmongo-db-seeder[36m][0m [32mDEBUG[0m id specified - insert: 50bca86e30047de5a0f50812
[36m[[0mmongo-db-seeder[36m][0m [32mDEBUG[0m id specified - insert: 50bca86e30047de5a0f50813
[36m[[0mmongo-db-seeder[36m][0m [32mDEBUG[0m [33mWarning: [0m document with this id already exists: 50bca86e30047de5a0f50812 collection: ccstandards
[36m[[0mmongo-db-seeder[36m][0m [32mDEBUG[0m id specified - insert: 50bca86e30047de5a0f50814
[36m[[0mmongo-db-seeder[36m][0m [32mDEBUG[0m [33mWarning: [0m document with this id already exists: 50bca86e30047de5a0f50813 collection: ccstandards
[36m[[0mmongo-db-seeder[36m][0m [32mDEBUG[0m id specified - insert: 50bca86e30047de5a0f50814
[36m[[0mmongo-db-seeder[36m][0m [32mDEBUG[0m id specified - insert: 50bca86e30047de5a0f50815
[36m[[0mmongo-db-seeder[36m][0m [32mDEBUG[0m id specified - insert: 50bca86e30047de5a0f50816
[36m[[0mmongo-db-seeder[36m][0m [32mDEBUG[0m [33mWarning: [0m document with this id already exists: 50bca86e30047de5a0f50815 collection: ccstandards
[36m[[0mmongo-db-seeder[36m][0m [32mDEBUG[0m [33mWarning: [0m document with this id already exists: 50bca86e30047de5a0f50816 collection: ccstandards
[36m[[0mmongo-db-seeder[36m][0m [32mDEBUG[0m id specified - insert: 50bca86f30047de5a0f50817
[36m[[0mmongo-db-seeder[36m][0m [32mDEBUG[0m id specified - insert: 50bca86f30047de5a0f50817
[36m[[0mmongo-db-seeder[36m][0m [32mDEBUG[0m id specified - insert: 50bca86f30047de5a0f50818
[36m[[0mmongo-db-seeder[36m][0m [32mDEBUG[0m id specified - insert: 50bca86f30047de5a0f50818
[36m[[0mmongo-db-seeder[36m][0m [32mDEBUG[0m id specified - insert: 50bca86f30047de5a0f50819
[36m[[0mmongo-db-seeder[36m][0m [32mDEBUG[0m id specified - insert: 50bca86f30047de5a0f50819
[36m[[0mmongo-db-seeder[36m][0m [32mDEBUG[0m id specified - insert: 50bca86f30047de5a0f5081a
[36m[[0mmongo-db-seeder[36m][0m [32mDEBUG[0m [33mWarning: [0m document with this id already exists: 50bca86f30047de5a0f5081a collection: ccstandards
[36m[[0mmongo-db-seeder[36m][0m [32mDEBUG[0m id specified - insert: 50bca86f30047de5a0f5081b
[36m[[0mmongo-db-seeder[36m][0m [32mDEBUG[0m id specified - insert: 50bca86f30047de5a0f5081b
[36m[[0mmongo-db-seeder[36m][0m [32mDEBUG[0m id specified - insert: 50bca86f30047de5a0f5081c
[36m[[0mmongo-db-seeder[36m][0m [32mDEBUG[0m id specified - insert: 50bca86f30047de5a0f5081d
[36m[[0mmongo-db-seeder[36m][0m [32mDEBUG[0m [33mWarning: [0m document with this id already exists: 50bca86f30047de5a0f5081c collection: ccstandards
[36m[[0mmongo-db-seeder[36m][0m [32mDEBUG[0m id specified - insert: 50bca86f30047de5a0f5081e
[36m[[0mmongo-db-seeder[36m][0m [32mDEBUG[0m [33mWarning: [0m document with this id already exists: 50bca86f30047de5a0f5081d collection: ccstandards
[36m[[0mmongo-db-seeder[36m][0m [32mDEBUG[0m id specified - insert: 50bca86f30047de5a0f5081f
[36m[[0mmongo-db-seeder[36m][0m [32mDEBUG[0m [33mWarning: [0m document with this id already exists: 50bca86f30047de5a0f5081e collection: ccstandards
[36m[[0mmongo-db-seeder[36m][0m [32mDEBUG[0m id specified - insert: 50bca86f30047de5a0f50820
[36m[[0mmongo-db-seeder[36m][0m [32mDEBUG[0m [33mWarning: [0m document with this id already exists: 50bca86f30047de5a0f5081f collection: ccstandards
[36m[[0mmongo-db-seeder[36m][0m [32mDEBUG[0m id specified - insert: 50bca86f30047de5a0f50821
[36m[[0mmongo-db-seeder[36m][0m [32mDEBUG[0m [33mWarning: [0m document with this id already exists: 50bca86f30047de5a0f50820 collection: ccstandards
[36m[[0mmongo-db-seeder[36m][0m [32mDEBUG[0m id specified - insert: 50bca86f30047de5a0f50822
[36m[[0mmongo-db-seeder[36m][0m [32mDEBUG[0m [33mWarning: [0m document with this id already exists: 50bca86f30047de5a0f50821 collection: ccstandards
[36m[[0mmongo-db-seeder[36m][0m [32mDEBUG[0m [33mWarning: [0m document with this id already exists: 50bca86f30047de5a0f50822 collection: ccstandards
[36m[[0mmongo-db-seeder[36m][0m [32mDEBUG[0m id specified - insert: 50bca86f30047de5a0f50823
[36m[[0mmongo-db-seeder[36m][0m [32mDEBUG[0m [33mWarning: [0m document with this id already exists: 50bca86f30047de5a0f50823 collection: ccstandards
[36m[[0mmongo-db-seeder[36m][0m [32mDEBUG[0m id specified - insert: 50bca86f30047de5a0f50824
[36m[[0mmongo-db-seeder[36m][0m [32mDEBUG[0m id specified - insert: 50bca86f30047de5a0f50824
[36m[[0mmongo-db-seeder[36m][0m [32mDEBUG[0m id specified - insert: 50bca86f30047de5a0f50825
[36m[[0mmongo-db-seeder[36m][0m [32mDEBUG[0m [33mWarning: [0m document with this id already exists: 50bca86f30047de5a0f50825 collection: ccstandards
[36m[[0mmongo-db-seeder[36m][0m [32mDEBUG[0m id specified - insert: 50bca86f30047de5a0f50826
[36m[[0mmongo-db-seeder[36m][0m [32mDEBUG[0m id specified - insert: 50bca86f30047de5a0f50826
[36m[[0mmongo-db-seeder[36m][0m [32mDEBUG[0m id specified - insert: 50bca86f30047de5a0f50827
[36m[[0mmongo-db-seeder[36m][0m [32mDEBUG[0m [33mWarning: [0m document with this id already exists: 50bca86f30047de5a0f50827 collection: ccstandards
[36m[[0mmongo-db-seeder[36m][0m [32mDEBUG[0m id specified - insert: 50bca86f30047de5a0f50828
[36m[[0mmongo-db-seeder[36m][0m [32mDEBUG[0m id specified - insert: 50bca86f30047de5a0f50828
[36m[[0mmongo-db-seeder[36m][0m [32mDEBUG[0m id specified - insert: 50bca86f30047de5a0f50829
[36m[[0mmongo-db-seeder[36m][0m [32mDEBUG[0m id specified - insert: 50bca86f30047de5a0f5082a
[36m[[0mmongo-db-seeder[36m][0m [32mDEBUG[0m [33mWarning: [0m document with this id already exists: 50bca86f30047de5a0f50829 collection: ccstandards
[36m[[0mmongo-db-seeder[36m][0m [32mDEBUG[0m id specified - insert: 50bca86f30047de5a0f5082b
[36m[[0mmongo-db-seeder[36m][0m [32mDEBUG[0m [33mWarning: [0m document with this id already exists: 50bca86f30047de5a0f5082a collection: ccstandards
[36m[[0mmongo-db-seeder[36m][0m [32mDEBUG[0m id specified - insert: 50bca86f30047de5a0f5082c
[36m[[0mmongo-db-seeder[36m][0m [32mDEBUG[0m [33mWarning: [0m document with this id already exists: 50bca86f30047de5a0f5082b collection: ccstandards
[36m[[0mmongo-db-seeder[36m][0m [32mDEBUG[0m id specified - insert: 50bca86f30047de5a0f5082d
[36m[[0mmongo-db-seeder[36m][0m [32mDEBUG[0m [33mWarning: [0m document with this id already exists: 50bca86f30047de5a0f5082c collection: ccstandards
[36m[[0mmongo-db-seeder[36m][0m [32mDEBUG[0m id specified - insert: 50bca86f30047de5a0f5082e
[36m[[0mmongo-db-seeder[36m][0m [32mDEBUG[0m [33mWarning: [0m document with this id already exists: 50bca86f30047de5a0f5082d collection: ccstandards
[36m[[0mmongo-db-seeder[36m][0m [32mDEBUG[0m id specified - insert: 50bca86f30047de5a0f5082f
[36m[[0mmongo-db-seeder[36m][0m [32mDEBUG[0m [33mWarning: [0m document with this id already exists: 50bca86f30047de5a0f5082e collection: ccstandards
[36m[[0mmongo-db-seeder[36m][0m [32mDEBUG[0m id specified - insert: 50bca86f30047de5a0f50830
[36m[[0mmongo-db-seeder[36m][0m [32mDEBUG[0m [33mWarning: [0m document with this id already exists: 50bca86f30047de5a0f5082f collection: ccstandards
[36m[[0mmongo-db-seeder[36m][0m [32mDEBUG[0m [33mWarning: [0m document with this id already exists: 50bca86f30047de5a0f50830 collection: ccstandards
[36m[[0mmongo-db-seeder[36m][0m [32mDEBUG[0m id specified - insert: 50bca86f30047de5a0f50831
[36m[[0mmongo-db-seeder[36m][0m [32mDEBUG[0m id specified - insert: 50bca86f30047de5a0f50831
[36m[[0mmongo-db-seeder[36m][0m [32mDEBUG[0m id specified - insert: 50bca86f30047de5a0f50832
[36m[[0mmongo-db-seeder[36m][0m [32mDEBUG[0m id specified - insert: 50bca86f30047de5a0f50833
[36m[[0mmongo-db-seeder[36m][0m [32mDEBUG[0m [33mWarning: [0m document with this id already exists: 50bca86f30047de5a0f50832 collection: ccstandards
[36m[[0mmongo-db-seeder[36m][0m [32mDEBUG[0m id specified - insert: 50bca86f30047de5a0f50834
[36m[[0mmongo-db-seeder[36m][0m [32mDEBUG[0m [33mWarning: [0m document with this id already exists: 50bca86f30047de5a0f50833 collection: ccstandards
[36m[[0mmongo-db-seeder[36m][0m [32mDEBUG[0m id specified - insert: 50bca86f30047de5a0f50835
[36m[[0mmongo-db-seeder[36m][0m [32mDEBUG[0m [33mWarning: [0m document with this id already exists: 50bca86f30047de5a0f50834 collection: ccstandards
[36m[[0mmongo-db-seeder[36m][0m [32mDEBUG[0m [33mWarning: [0m document with this id already exists: 50bca86f30047de5a0f50835 collection: ccstandards
[36m[[0mmongo-db-seeder[36m][0m [32mDEBUG[0m id specified - insert: 50bca86f30047de5a0f50836
[36m[[0mmongo-db-seeder[36m][0m [32mDEBUG[0m id specified - insert: 50bca86f30047de5a0f50837
[36m[[0mmongo-db-seeder[36m][0m [32mDEBUG[0m [33mWarning: [0m document with this id already exists: 50bca86f30047de5a0f50836 collection: ccstandards
[36m[[0mmongo-db-seeder[36m][0m [32mDEBUG[0m id specified - insert: 50bca86f30047de5a0f50838
[36m[[0mmongo-db-seeder[36m][0m [32mDEBUG[0m [33mWarning: [0m document with this id already exists: 50bca86f30047de5a0f50837 collection: ccstandards
[36m[[0mmongo-db-seeder[36m][0m [32mDEBUG[0m id specified - insert: 50bca86f30047de5a0f50839
[36m[[0mmongo-db-seeder[36m][0m [32mDEBUG[0m [33mWarning: [0m document with this id already exists: 50bca86f30047de5a0f50838 collection: ccstandards
[36m[[0mmongo-db-seeder[36m][0m [32mDEBUG[0m id specified - insert: 50bca86f30047de5a0f5083a
[36m[[0mmongo-db-seeder[36m][0m [32mDEBUG[0m [33mWarning: [0m document with this id already exists: 50bca86f30047de5a0f50839 collection: ccstandards
[36m[[0mmongo-db-seeder[36m][0m [32mDEBUG[0m id specified - insert: 50bca86f30047de5a0f5083b
[36m[[0mmongo-db-seeder[36m][0m [32mDEBUG[0m [33mWarning: [0m document with this id already exists: 50bca86f30047de5a0f5083a collection: ccstandards
[36m[[0mmongo-db-seeder[36m][0m [32mDEBUG[0m id specified - insert: 50bca86f30047de5a0f5083c
[36m[[0mmongo-db-seeder[36m][0m [32mDEBUG[0m [33mWarning: [0m document with this id already exists: 50bca86f30047de5a0f5083b collection: ccstandards
[36m[[0mmongo-db-seeder[36m][0m [32mDEBUG[0m id specified - insert: 50bca86f30047de5a0f5083d
[36m[[0mmongo-db-seeder[36m][0m [32mDEBUG[0m [33mWarning: [0m document with this id already exists: 50bca86f30047de5a0f5083c collection: ccstandards
[36m[[0mmongo-db-seeder[36m][0m [32mDEBUG[0m id specified - insert: 50bca86f30047de5a0f5083e
[36m[[0mmongo-db-seeder[36m][0m [32mDEBUG[0m [33mWarning: [0m document with this id already exists: 50bca86f30047de5a0f5083d collection: ccstandards
[36m[[0mmongo-db-seeder[36m][0m [32mDEBUG[0m id specified - insert: 50bca86f30047de5a0f5083f
[36m[[0mmongo-db-seeder[36m][0m [32mDEBUG[0m [33mWarning: [0m document with this id already exists: 50bca86f30047de5a0f5083e collection: ccstandards
[36m[[0mmongo-db-seeder[36m][0m [32mDEBUG[0m id specified - insert: 50bca86f30047de5a0f50840
[36m[[0mmongo-db-seeder[36m][0m [32mDEBUG[0m [33mWarning: [0m document with this id already exists: 50bca86f30047de5a0f5083f collection: ccstandards
[36m[[0mmongo-db-seeder[36m][0m [32mDEBUG[0m [33mWarning: [0m document with this id already exists: 50bca86f30047de5a0f50840 collection: ccstandards
[36m[[0mmongo-db-seeder[36m][0m [32mDEBUG[0m id specified - insert: 50bca86f30047de5a0f50841
[36m[[0mmongo-db-seeder[36m][0m [32mDEBUG[0m id specified - insert: 50bca86f30047de5a0f50841
[36m[[0mmongo-db-seeder[36m][0m [32mDEBUG[0m id specified - insert: 50bca86f30047de5a0f50842
[36m[[0mmongo-db-seeder[36m][0m [32mDEBUG[0m id specified - insert: 50bca86f30047de5a0f50843
[36m[[0mmongo-db-seeder[36m][0m [32mDEBUG[0m [33mWarning: [0m document with this id already exists: 50bca86f30047de5a0f50842 collection: ccstandards
[36m[[0mmongo-db-seeder[36m][0m [32mDEBUG[0m [33mWarning: [0m document with this id already exists: 50bca86f30047de5a0f50843 collection: ccstandards
[36m[[0mmongo-db-seeder[36m][0m [32mDEBUG[0m id specified - insert: 50bca86f30047de5a0f50844
[36m[[0mmongo-db-seeder[36m][0m [32mDEBUG[0m id specified - insert: 50bca86f30047de5a0f50845
[36m[[0mmongo-db-seeder[36m][0m [32mDEBUG[0m [33mWarning: [0m document with this id already exists: 50bca86f30047de5a0f50844 collection: ccstandards
[36m[[0mmongo-db-seeder[36m][0m [32mDEBUG[0m [33mWarning: [0m document with this id already exists: 50bca86f30047de5a0f50845 collection: ccstandards
[36m[[0mmongo-db-seeder[36m][0m [32mDEBUG[0m id specified - insert: 50bca86f30047de5a0f50846
[36m[[0mmongo-db-seeder[36m][0m [32mDEBUG[0m id specified - insert: 50bca86f30047de5a0f50846
[36m[[0mmongo-db-seeder[36m][0m [32mDEBUG[0m id specified - insert: 50bca86f30047de5a0f50847
[36m[[0mmongo-db-seeder[36m][0m [32mDEBUG[0m id specified - insert: 50bca86f30047de5a0f50848
[36m[[0mmongo-db-seeder[36m][0m [32mDEBUG[0m [33mWarning: [0m document with this id already exists: 50bca86f30047de5a0f50847 collection: ccstandards
[36m[[0mmongo-db-seeder[36m][0m [32mDEBUG[0m [33mWarning: [0m document with this id already exists: 50bca86f30047de5a0f50848 collection: ccstandards
[36m[[0mmongo-db-seeder[36m][0m [32mDEBUG[0m id specified - insert: 50bca86f30047de5a0f50849
[36m[[0mmongo-db-seeder[36m][0m [32mDEBUG[0m id specified - insert: 50bca86f30047de5a0f50849
[36m[[0mmongo-db-seeder[36m][0m [32mDEBUG[0m id specified - insert: 50bca86f30047de5a0f5084a
[36m[[0mmongo-db-seeder[36m][0m [32mDEBUG[0m [33mWarning: [0m document with this id already exists: 50bca86f30047de5a0f5084a collection: ccstandards
[36m[[0mmongo-db-seeder[36m][0m [32mDEBUG[0m id specified - insert: 50bca86f30047de5a0f5084b
[36m[[0mmongo-db-seeder[36m][0m [32mDEBUG[0m id specified - insert: 50bca86f30047de5a0f5084c
[36m[[0mmongo-db-seeder[36m][0m [32mDEBUG[0m [33mWarning: [0m document with this id already exists: 50bca86f30047de5a0f5084b collection: ccstandards
[36m[[0mmongo-db-seeder[36m][0m [32mDEBUG[0m id specified - insert: 50bca86f30047de5a0f5084d
[36m[[0mmongo-db-seeder[36m][0m [32mDEBUG[0m [33mWarning: [0m document with this id already exists: 50bca86f30047de5a0f5084c collection: ccstandards
[36m[[0mmongo-db-seeder[36m][0m [32mDEBUG[0m [33mWarning: [0m document with this id already exists: 50bca86f30047de5a0f5084d collection: ccstandards
[36m[[0mmongo-db-seeder[36m][0m [32mDEBUG[0m id specified - insert: 50bca86f30047de5a0f5084e
[36m[[0mmongo-db-seeder[36m][0m [32mDEBUG[0m id specified - insert: 50bca86f30047de5a0f5084e
[36m[[0mmongo-db-seeder[36m][0m [32mDEBUG[0m id specified - insert: 50bca86f30047de5a0f5084f
[36m[[0mmongo-db-seeder[36m][0m [32mDEBUG[0m id specified - insert: 50bca86f30047de5a0f50850
[36m[[0mmongo-db-seeder[36m][0m [32mDEBUG[0m [33mWarning: [0m document with this id already exists: 50bca86f30047de5a0f5084f collection: ccstandards
[36m[[0mmongo-db-seeder[36m][0m [32mDEBUG[0m id specified - insert: 50bca86f30047de5a0f50851
[36m[[0mmongo-db-seeder[36m][0m [32mDEBUG[0m [33mWarning: [0m document with this id already exists: 50bca86f30047de5a0f50850 collection: ccstandards
[36m[[0mmongo-db-seeder[36m][0m [32mDEBUG[0m [33mWarning: [0m document with this id already exists: 50bca86f30047de5a0f50851 collection: ccstandards
[36m[[0mmongo-db-seeder[36m][0m [32mDEBUG[0m id specified - insert: 50bca86f30047de5a0f50852
[36m[[0mmongo-db-seeder[36m][0m [32mDEBUG[0m id specified - insert: 50bca86f30047de5a0f50852
[36m[[0mmongo-db-seeder[36m][0m [32mDEBUG[0m id specified - insert: 50bca86f30047de5a0f50853
[36m[[0mmongo-db-seeder[36m][0m [32mDEBUG[0m id specified - insert: 50bca86f30047de5a0f50853
[36m[[0mmongo-db-seeder[36m][0m [32mDEBUG[0m id specified - insert: 50bca86f30047de5a0f50854
[36m[[0mmongo-db-seeder[36m][0m [32mDEBUG[0m id specified - insert: 50bca86f30047de5a0f50855
[36m[[0mmongo-db-seeder[36m][0m [32mDEBUG[0m [33mWarning: [0m document with this id already exists: 50bca86f30047de5a0f50854 collection: ccstandards
[36m[[0mmongo-db-seeder[36m][0m [32mDEBUG[0m id specified - insert: 50bca86f30047de5a0f50856
[36m[[0mmongo-db-seeder[36m][0m [32mDEBUG[0m [33mWarning: [0m document with this id already exists: 50bca86f30047de5a0f50855 collection: ccstandards
[36m[[0mmongo-db-seeder[36m][0m [32mDEBUG[0m [33mWarning: [0m document with this id already exists: 50bca86f30047de5a0f50856 collection: ccstandards
[36m[[0mmongo-db-seeder[36m][0m [32mDEBUG[0m id specified - insert: 50bca86f30047de5a0f50857
[36m[[0mmongo-db-seeder[36m][0m [32mDEBUG[0m id specified - insert: 50bca86f30047de5a0f50857
[36m[[0mmongo-db-seeder[36m][0m [32mDEBUG[0m id specified - insert: 50bca86f30047de5a0f50858
[36m[[0mmongo-db-seeder[36m][0m [32mDEBUG[0m [33mWarning: [0m document with this id already exists: 50bca86f30047de5a0f50858 collection: ccstandards
[36m[[0mmongo-db-seeder[36m][0m [32mDEBUG[0m id specified - insert: 50bca86f30047de5a0f50859
[36m[[0mmongo-db-seeder[36m][0m [32mDEBUG[0m id specified - insert: 50bca86f30047de5a0f50859
[36m[[0mmongo-db-seeder[36m][0m [32mDEBUG[0m id specified - insert: 50bca86f30047de5a0f5085a
[36m[[0mmongo-db-seeder[36m][0m [32mDEBUG[0m id specified - insert: 50bca86f30047de5a0f5085a
[36m[[0mmongo-db-seeder[36m][0m [32mDEBUG[0m id specified - insert: 50bca86f30047de5a0f5085b
[36m[[0mmongo-db-seeder[36m][0m [32mDEBUG[0m id specified - insert: 50bca86f30047de5a0f5085b
[36m[[0mmongo-db-seeder[36m][0m [32mDEBUG[0m id specified - insert: 50bca86f30047de5a0f5085c
[36m[[0mmongo-db-seeder[36m][0m [32mDEBUG[0m id specified - insert: 50bca86f30047de5a0f5085c
[36m[[0mmongo-db-seeder[36m][0m [32mDEBUG[0m id specified - insert: 50bca86f30047de5a0f5085d
[36m[[0mmongo-db-seeder[36m][0m [32mDEBUG[0m id specified - insert: 50bca86f30047de5a0f5085d
[36m[[0mmongo-db-seeder[36m][0m [32mDEBUG[0m id specified - insert: 50bca86f30047de5a0f5085e
[36m[[0mmongo-db-seeder[36m][0m [32mDEBUG[0m id specified - insert: 50bca86f30047de5a0f5085e
[36m[[0mmongo-db-seeder[36m][0m [32mDEBUG[0m id specified - insert: 50bca86f30047de5a0f5085f
[36m[[0mmongo-db-seeder[36m][0m [32mDEBUG[0m id specified - insert: 50bca86f30047de5a0f5085f
[36m[[0mmongo-db-seeder[36m][0m [32mDEBUG[0m id specified - insert: 50bca86f30047de5a0f50860
[36m[[0mmongo-db-seeder[36m][0m [32mDEBUG[0m id specified - insert: 50bca86f30047de5a0f50860
[36m[[0mmongo-db-seeder[36m][0m [32mDEBUG[0m id specified - insert: 50bca86f30047de5a0f50861
[36m[[0mmongo-db-seeder[36m][0m [32mDEBUG[0m id specified - insert: 50bca86f30047de5a0f50861
[36m[[0mmongo-db-seeder[36m][0m [32mDEBUG[0m id specified - insert: 50bca86f30047de5a0f50862
[36m[[0mmongo-db-seeder[36m][0m [32mDEBUG[0m id specified - insert: 50bca86f30047de5a0f50862
[36m[[0mmongo-db-seeder[36m][0m [32mDEBUG[0m id specified - insert: 50bca86f30047de5a0f50863
[36m[[0mmongo-db-seeder[36m][0m [32mDEBUG[0m id specified - insert: 50bca86f30047de5a0f50863
[36m[[0mmongo-db-seeder[36m][0m [32mDEBUG[0m id specified - insert: 50bca86f30047de5a0f50864
[36m[[0mmongo-db-seeder[36m][0m [32mDEBUG[0m id specified - insert: 50bca86f30047de5a0f50864
[36m[[0mmongo-db-seeder[36m][0m [32mDEBUG[0m id specified - insert: 50bca86f30047de5a0f50865
[36m[[0mmongo-db-seeder[36m][0m [32mDEBUG[0m id specified - insert: 50bca86f30047de5a0f50865
[36m[[0mmongo-db-seeder[36m][0m [32mDEBUG[0m id specified - insert: 50bca86f30047de5a0f50866
[36m[[0mmongo-db-seeder[36m][0m [32mDEBUG[0m id specified - insert: 50bca86f30047de5a0f50866
[36m[[0mmongo-db-seeder[36m][0m [32mDEBUG[0m id specified - insert: 50bca86f30047de5a0f50867
[36m[[0mmongo-db-seeder[36m][0m [32mDEBUG[0m id specified - insert: 50bca86f30047de5a0f50867
[36m[[0mmongo-db-seeder[36m][0m [32mDEBUG[0m id specified - insert: 50bca86f30047de5a0f50868
[36m[[0mmongo-db-seeder[36m][0m [32mDEBUG[0m id specified - insert: 50bca86f30047de5a0f50869
[36m[[0mmongo-db-seeder[36m][0m [32mDEBUG[0m [33mWarning: [0m document with this id already exists: 50bca86f30047de5a0f50868 collection: ccstandards
[36m[[0mmongo-db-seeder[36m][0m [32mDEBUG[0m id specified - insert: 50bca86f30047de5a0f5086a
[36m[[0mmongo-db-seeder[36m][0m [32mDEBUG[0m [33mWarning: [0m document with this id already exists: 50bca86f30047de5a0f50869 collection: ccstandards
[36m[[0mmongo-db-seeder[36m][0m [32mDEBUG[0m [33mWarning: [0m document with this id already exists: 50bca86f30047de5a0f5086a collection: ccstandards
[36m[[0mmongo-db-seeder[36m][0m [32mDEBUG[0m id specified - insert: 50bca86f30047de5a0f5086b
[36m[[0mmongo-db-seeder[36m][0m [32mDEBUG[0m id specified - insert: 50bca86f30047de5a0f5086b
[36m[[0mmongo-db-seeder[36m][0m [32mDEBUG[0m id specified - insert: 50bca86f30047de5a0f5086c
[36m[[0mmongo-db-seeder[36m][0m [32mDEBUG[0m id specified - insert: 50bca86f30047de5a0f5086c
[36m[[0mmongo-db-seeder[36m][0m [32mDEBUG[0m id specified - insert: 50bca86f30047de5a0f5086d
[36m[[0mmongo-db-seeder[36m][0m [32mDEBUG[0m id specified - insert: 50bca86f30047de5a0f5086e
[36m[[0mmongo-db-seeder[36m][0m [32mDEBUG[0m [33mWarning: [0m document with this id already exists: 50bca86f30047de5a0f5086d collection: ccstandards
[36m[[0mmongo-db-seeder[36m][0m [32mDEBUG[0m [33mWarning: [0m document with this id already exists: 50bca86f30047de5a0f5086e collection: ccstandards
[36m[[0mmongo-db-seeder[36m][0m [32mDEBUG[0m After --> seed: ccstandards 1530
[36m[[0mmongo-db-seeder[36m][0m [32mDEBUG[0m After --> seed: ccstandards 1530
[36m[[0mmongo-db-seeder[36m][0m [34mINFO[0m collection: content
[36m[[0mmongo-db-seeder[36m][0m [34mINFO[0m collection: content
[36m[[0mmongo-db-seeder[36m][0m [32mDEBUG[0m Before collection: content
[36m[[0mmongo-db-seeder[36m][0m [32mDEBUG[0m Before collection: content
[36m[[0mmongo-db-seeder[36m][0m [32mDEBUG[0m id specified - insert: { "_id" : { "$oid" : "50098908e4b0f123a2d54c98"} , "version" : 0}
[36m[[0mmongo-db-seeder[36m][0m [32mDEBUG[0m id specified - insert: { "_id" : { "$oid" : "50098908e4b0f123a2d54c98"} , "version" : 0}
[36m[[0mmongo-db-seeder[36m][0m [32mDEBUG[0m id specified - insert: { "_id" : { "$oid" : "50180807e4b0b89ebc0153b0"} , "version" : 0}
[36m[[0mmongo-db-seeder[36m][0m [32mDEBUG[0m id specified - insert: { "_id" : { "$oid" : "50180807e4b0b89ebc0153b0"} , "version" : 0}
[36m[[0mmongo-db-seeder[36m][0m [32mDEBUG[0m id specified - insert: { "_id" : { "$oid" : "50192d0de4b04d97fbff6a17"} , "version" : 0}
[36m[[0mmongo-db-seeder[36m][0m [32mDEBUG[0m id specified - insert: { "_id" : { "$oid" : "50192d0de4b04d97fbff6a17"} , "version" : 0}
[36m[[0mmongo-db-seeder[36m][0m [32mDEBUG[0m id specified - insert: { "_id" : { "$oid" : "5020025fe4b0b0fa073aa3d7"} , "version" : 0}
[36m[[0mmongo-db-seeder[36m][0m [32mDEBUG[0m id specified - insert: { "_id" : { "$oid" : "5020025fe4b0b0fa073aa3d7"} , "version" : 0}
[36m[[0mmongo-db-seeder[36m][0m [32mDEBUG[0m id specified - insert: { "_id" : { "$oid" : "502282bce4b05b57849d303b"} , "version" : 0}
[36m[[0mmongo-db-seeder[36m][0m [32mDEBUG[0m id specified - insert: { "_id" : { "$oid" : "502282bce4b05b57849d303b"} , "version" : 0}
[36m[[0mmongo-db-seeder[36m][0m [32mDEBUG[0m id specified - insert: { "_id" : { "$oid" : "5023cbb6e4b08be40d045d58"} , "version" : 0}
[36m[[0mmongo-db-seeder[36m][0m [32mDEBUG[0m id specified - insert: { "_id" : { "$oid" : "5023cbb6e4b08be40d045d58"} , "version" : 0}
[36m[[0mmongo-db-seeder[36m][0m [32mDEBUG[0m id specified - insert: { "_id" : { "$oid" : "5023fbe8e4b08be40d045d7c"} , "version" : 0}
[36m[[0mmongo-db-seeder[36m][0m [32mDEBUG[0m id specified - insert: { "_id" : { "$oid" : "5023fbe8e4b08be40d045d7c"} , "version" : 0}
[36m[[0mmongo-db-seeder[36m][0m [32mDEBUG[0m id specified - insert: { "_id" : { "$oid" : "502927e7e4b005a3bb6bc0a0"} , "version" : 0}
[36m[[0mmongo-db-seeder[36m][0m [32mDEBUG[0m id specified - insert: { "_id" : { "$oid" : "502927e7e4b005a3bb6bc0a0"} , "version" : 0}
[36m[[0mmongo-db-seeder[36m][0m [32mDEBUG[0m id specified - insert: { "_id" : { "$oid" : "50324faae4b0383443ab9bce"} , "version" : 0}
[36m[[0mmongo-db-seeder[36m][0m [32mDEBUG[0m [33mWarning: [0m document with this id already exists: { "_id" : { "$oid" : "50324faae4b0383443ab9bce"} , "version" : 0} collection: content
[36m[[0mmongo-db-seeder[36m][0m [32mDEBUG[0m id specified - insert: { "_id" : { "$oid" : "5033daa3e4b02c4aa1428e91"} , "version" : 0}
[36m[[0mmongo-db-seeder[36m][0m [32mDEBUG[0m [33mWarning: [0m document with this id already exists: { "_id" : { "$oid" : "5033daa3e4b02c4aa1428e91"} , "version" : 0} collection: content
[36m[[0mmongo-db-seeder[36m][0m [32mDEBUG[0m id specified - insert: { "_id" : { "$oid" : "503c2e91e4b00f3f0a9a7a6a"} , "version" : 0}
[36m[[0mmongo-db-seeder[36m][0m [32mDEBUG[0m [33mWarning: [0m document with this id already exists: { "_id" : { "$oid" : "503c2e91e4b00f3f0a9a7a6a"} , "version" : 0} collection: content
[36m[[0mmongo-db-seeder[36m][0m [32mDEBUG[0m id specified - insert: { "_id" : { "$oid" : "503cbfa1e4b0747df815243a"} , "version" : 0}
[36m[[0mmongo-db-seeder[36m][0m [32mDEBUG[0m [33mWarning: [0m document with this id already exists: { "_id" : { "$oid" : "503cbfa1e4b0747df815243a"} , "version" : 0} collection: content
[36m[[0mmongo-db-seeder[36m][0m [32mDEBUG[0m id specified - insert: { "_id" : { "$oid" : "503cc1b2e4b0747df815243b"} , "version" : 0}
[36m[[0mmongo-db-seeder[36m][0m [32mDEBUG[0m [33mWarning: [0m document with this id already exists: { "_id" : { "$oid" : "503cc1b2e4b0747df815243b"} , "version" : 0} collection: content
[36m[[0mmongo-db-seeder[36m][0m [32mDEBUG[0m id specified - insert: { "_id" : { "$oid" : "504e9571e4b07f3e2e432371"} , "version" : 0}
[36m[[0mmongo-db-seeder[36m][0m [32mDEBUG[0m [33mWarning: [0m document with this id already exists: { "_id" : { "$oid" : "504e9571e4b07f3e2e432371"} , "version" : 0} collection: content
[36m[[0mmongo-db-seeder[36m][0m [32mDEBUG[0m id specified - insert: { "_id" : { "$oid" : "5051ff68e4b0deb1e1d5e5e7"} , "version" : 0}
[36m[[0mmongo-db-seeder[36m][0m [32mDEBUG[0m [33mWarning: [0m document with this id already exists: { "_id" : { "$oid" : "5051ff68e4b0deb1e1d5e5e7"} , "version" : 0} collection: content
[36m[[0mmongo-db-seeder[36m][0m [32mDEBUG[0m id specified - insert: { "_id" : { "$oid" : "505898a8e4b0b16db41bc80c"} , "version" : 0}
[36m[[0mmongo-db-seeder[36m][0m [32mDEBUG[0m [33mWarning: [0m document with this id already exists: { "_id" : { "$oid" : "505898a8e4b0b16db41bc80c"} , "version" : 0} collection: content
[36m[[0mmongo-db-seeder[36m][0m [32mDEBUG[0m id specified - insert: { "_id" : { "$oid" : "50b653a1e4b0ec03f29344b0"} , "version" : 0}
[36m[[0mmongo-db-seeder[36m][0m [32mDEBUG[0m id specified - insert: { "_id" : { "$oid" : "50d755c6e4b0ebcda4e2fbb6"} , "version" : 0}
[36m[[0mmongo-db-seeder[36m][0m [32mDEBUG[0m [33mWarning: [0m document with this id already exists: { "_id" : { "$oid" : "50b653a1e4b0ec03f29344b0"} , "version" : 0} collection: content
[36m[[0mmongo-db-seeder[36m][0m [32mDEBUG[0m [33mWarning: [0m document with this id already exists: { "_id" : { "$oid" : "50d755c6e4b0ebcda4e2fbb6"} , "version" : 0} collection: content
[36m[[0mmongo-db-seeder[36m][0m [32mDEBUG[0m id specified - insert: { "_id" : { "$oid" : "50ee136ee4b00448c0368e0e"} , "version" : 0}
[36m[[0mmongo-db-seeder[36m][0m [32mDEBUG[0m [33mWarning: [0m document with this id already exists: { "_id" : { "$oid" : "50ee136ee4b00448c0368e0e"} , "version" : 0} collection: content
[36m[[0mmongo-db-seeder[36m][0m [32mDEBUG[0m id specified - insert: { "_id" : { "$oid" : "511154e48604c9f77da9739b"} , "version" : 0}
[36m[[0mmongo-db-seeder[36m][0m [32mDEBUG[0m id specified - insert: { "_id" : { "$oid" : "51116a8ba14f7b657a083c1c"} , "version" : 0}
[36m[[0mmongo-db-seeder[36m][0m [32mDEBUG[0m [33mWarning: [0m document with this id already exists: { "_id" : { "$oid" : "511154e48604c9f77da9739b"} , "version" : 0} collection: content
[36m[[0mmongo-db-seeder[36m][0m [32mDEBUG[0m [33mWarning: [0m document with this id already exists: { "_id" : { "$oid" : "51116a8ba14f7b657a083c1c"} , "version" : 0} collection: content
[36m[[0mmongo-db-seeder[36m][0m [32mDEBUG[0m id specified - insert: { "_id" : { "$oid" : "511156d38604c9f77da9739d"} , "version" : 0}
[36m[[0mmongo-db-seeder[36m][0m [32mDEBUG[0m [33mWarning: [0m document with this id already exists: { "_id" : { "$oid" : "511156d38604c9f77da9739d"} , "version" : 0} collection: content
[36m[[0mmongo-db-seeder[36m][0m [32mDEBUG[0m id specified - insert: { "_id" : { "$oid" : "511274a34924c9ca07b97042"} , "version" : 0}
[36m[[0mmongo-db-seeder[36m][0m [32mDEBUG[0m [33mWarning: [0m document with this id already exists: { "_id" : { "$oid" : "511274a34924c9ca07b97042"} , "version" : 0} collection: content
[36m[[0mmongo-db-seeder[36m][0m [32mDEBUG[0m id specified - insert: { "_id" : { "$oid" : "51559c385c2a32164f2d5045"} , "version" : 0}
[36m[[0mmongo-db-seeder[36m][0m [32mDEBUG[0m [33mWarning: [0m document with this id already exists: { "_id" : { "$oid" : "51559c385c2a32164f2d5045"} , "version" : 0} collection: content
[36m[[0mmongo-db-seeder[36m][0m [32mDEBUG[0m id specified - insert: { "_id" : { "$oid" : "50083ba9e4b071cb5ef79101"} , "version" : 0}
[36m[[0mmongo-db-seeder[36m][0m [32mDEBUG[0m id specified - insert: { "_id" : { "$oid" : "511275564924c9ca07b97043"} , "version" : 0}
[36m[[0mmongo-db-seeder[36m][0m [32mDEBUG[0m [33mWarning: [0m document with this id already exists: { "_id" : { "$oid" : "50083ba9e4b071cb5ef79101"} , "version" : 0} collection: content
[36m[[0mmongo-db-seeder[36m][0m [32mDEBUG[0m [33mWarning: [0m document with this id already exists: { "_id" : { "$oid" : "511275564924c9ca07b97043"} , "version" : 0} collection: content
[36m[[0mmongo-db-seeder[36m][0m [32mDEBUG[0m id specified - insert: { "_id" : { "$oid" : "5153eee1aa2eefdc1b7a5570"} , "version" : 0}
[36m[[0mmongo-db-seeder[36m][0m [32mDEBUG[0m [33mWarning: [0m document with this id already exists: { "_id" : { "$oid" : "5153eee1aa2eefdc1b7a5570"} , "version" : 0} collection: content
[36m[[0mmongo-db-seeder[36m][0m [32mDEBUG[0m id specified - insert: { "_id" : { "$oid" : "518d78a78bea44b51014e4bf"} , "version" : 0}
[36m[[0mmongo-db-seeder[36m][0m [32mDEBUG[0m After --> seed: content 28
[36m[[0mmongo-db-seeder[36m][0m [34mINFO[0m collection: contentcolls
[36m[[0mmongo-db-seeder[36m][0m [32mDEBUG[0m Before collection: contentcolls
[36m[[0mmongo-db-seeder[36m][0m [32mDEBUG[0m id specified - insert: 505777f5e4b05f7845735bc1
[36m[[0mmongo-db-seeder[36m][0m [32mDEBUG[0m id specified - insert: 51114b127fc1eaa866444647
[36m[[0mmongo-db-seeder[36m][0m [32mDEBUG[0m id specified - insert: 511276834924c9ca07b97044
[36m[[0mmongo-db-seeder[36m][0m [32mDEBUG[0m After --> seed: contentcolls 3
[36m[[0mmongo-db-seeder[36m][0m [34mINFO[0m collection: fieldValues
[36m[[0mmongo-db-seeder[36m][0m [32mDEBUG[0m Before collection: fieldValues
[36m[[0mmongo-db-seeder[36m][0m [32mDEBUG[0m [33mWarning: [0m document with this id already exists: { "_id" : { "$oid" : "518d78a78bea44b51014e4bf"} , "version" : 0} collection: content
[36m[[0mmongo-db-seeder[36m][0m [32mDEBUG[0m After --> seed: content 28
[36m[[0mmongo-db-seeder[36m][0m [34mINFO[0m collection: contentcolls
[36m[[0mmongo-db-seeder[36m][0m [32mDEBUG[0m Before collection: contentcolls
[36m[[0mmongo-db-seeder[36m][0m [32mDEBUG[0m [33mWarning: [0m document with this id already exists: 505777f5e4b05f7845735bc1 collection: contentcolls
[36m[[0mmongo-db-seeder[36m][0m [32mDEBUG[0m [33mWarning: [0m document with this id already exists: 51114b127fc1eaa866444647 collection: contentcolls
[36m[[0mmongo-db-seeder[36m][0m [32mDEBUG[0m No id specified - just insert
[36m[[0mmongo-db-seeder[36m][0m [32mDEBUG[0m [33mWarning: [0m document with this id already exists: 511276834924c9ca07b97044 collection: contentcolls
[36m[[0mmongo-db-seeder[36m][0m [32mDEBUG[0m After --> seed: contentcolls 3
[36m[[0mmongo-db-seeder[36m][0m [34mINFO[0m collection: fieldValues
[36m[[0mmongo-db-seeder[36m][0m [32mDEBUG[0m Before collection: fieldValues
[36m[[0mmongo-db-seeder[36m][0m [32mDEBUG[0m After --> seed: fieldValues 1
[36m[[0mmongo-db-seeder[36m][0m [34mINFO[0m collection: itemsessions
[36m[[0mmongo-db-seeder[36m][0m [32mDEBUG[0m Before collection: itemsessions
[36m[[0mmongo-db-seeder[36m][0m [32mDEBUG[0m id specified - insert: 51116bc7a14f7b657a083c1d
[36m[[0mmongo-db-seeder[36m][0m [32mDEBUG[0m id specified - insert: 51116c6287eb055332a2f8e4
[36m[[0mmongo-db-seeder[36m][0m [32mDEBUG[0m No id specified - just insert
[36m[[0mmongo-db-seeder[36m][0m [32mDEBUG[0m id specified - insert: 51116cbb87eb055332a2f8e5
[36m[[0mmongo-db-seeder[36m][0m [32mDEBUG[0m id specified - insert: 5153effbaa2eefdc1b7a5571
[36m[[0mmongo-db-seeder[36m][0m [32mDEBUG[0m After --> seed: fieldValues 2
[36m[[0mmongo-db-seeder[36m][0m [34mINFO[0m collection: itemsessions
[36m[[0mmongo-db-seeder[36m][0m [32mDEBUG[0m Before collection: itemsessions
[36m[[0mmongo-db-seeder[36m][0m [32mDEBUG[0m id specified - insert: 51541d93eea49124561ee824
[36m[[0mmongo-db-seeder[36m][0m [32mDEBUG[0m [33mWarning: [0m document with this id already exists: 51116bc7a14f7b657a083c1d collection: itemsessions
[36m[[0mmongo-db-seeder[36m][0m [32mDEBUG[0m id specified - insert: 5154236deea49124561ee825
[36m[[0mmongo-db-seeder[36m][0m [32mDEBUG[0m [33mWarning: [0m document with this id already exists: 51116c6287eb055332a2f8e4 collection: itemsessions
[36m[[0mmongo-db-seeder[36m][0m [32mDEBUG[0m id specified - insert: 5155a5965c2a32164f2d5046
[36m[[0mmongo-db-seeder[36m][0m [32mDEBUG[0m [33mWarning: [0m document with this id already exists: 51116cbb87eb055332a2f8e5 collection: itemsessions
[36m[[0mmongo-db-seeder[36m][0m [32mDEBUG[0m [33mWarning: [0m document with this id already exists: 5153effbaa2eefdc1b7a5571 collection: itemsessions
[36m[[0mmongo-db-seeder[36m][0m [32mDEBUG[0m id specified - insert: 5155a8e6ed0db8d2dd136e85
[36m[[0mmongo-db-seeder[36m][0m [32mDEBUG[0m [33mWarning: [0m document with this id already exists: 51541d93eea49124561ee824 collection: itemsessions
[36m[[0mmongo-db-seeder[36m][0m [32mDEBUG[0m id specified - insert: 515594f4e4b05a52e550d41a
[36m[[0mmongo-db-seeder[36m][0m [32mDEBUG[0m After --> seed: itemsessions 9
[36m[[0mmongo-db-seeder[36m][0m [32mDEBUG[0m [33mWarning: [0m document with this id already exists: 5154236deea49124561ee825 collection: itemsessions
[36m[[0mmongo-db-seeder[36m][0m [34mINFO[0m collection: metadataSets
[36m[[0mmongo-db-seeder[36m][0m [32mDEBUG[0m Before collection: metadataSets
[36m[[0mmongo-db-seeder[36m][0m [32mDEBUG[0m id specified - insert: 5209323f2c18c74e18c8dcbe
[36m[[0mmongo-db-seeder[36m][0m [32mDEBUG[0m [33mWarning: [0m document with this id already exists: 5155a5965c2a32164f2d5046 collection: itemsessions
[36m[[0mmongo-db-seeder[36m][0m [32mDEBUG[0m [33mWarning: [0m document with this id already exists: 5155a8e6ed0db8d2dd136e85 collection: itemsessions
[36m[[0mmongo-db-seeder[36m][0m [32mDEBUG[0m After --> seed: metadataSets 1
[36m[[0mmongo-db-seeder[36m][0m [34mINFO[0m collection: orgs
[36m[[0mmongo-db-seeder[36m][0m [32mDEBUG[0m Before collection: orgs
[36m[[0mmongo-db-seeder[36m][0m [32mDEBUG[0m [33mWarning: [0m document with this id already exists: 515594f4e4b05a52e550d41a collection: itemsessions
[36m[[0mmongo-db-seeder[36m][0m [32mDEBUG[0m id specified - insert: 51114b307fc1eaa866444648
[36m[[0mmongo-db-seeder[36m][0m [32mDEBUG[0m After --> seed: itemsessions 9
[36m[[0mmongo-db-seeder[36m][0m [34mINFO[0m collection: metadataSets
[36m[[0mmongo-db-seeder[36m][0m [32mDEBUG[0m Before collection: metadataSets
[36m[[0mmongo-db-seeder[36m][0m [32mDEBUG[0m id specified - insert: 5112b1d1ef0e8fd55d57ad02
[36m[[0mmongo-db-seeder[36m][0m [32mDEBUG[0m [33mWarning: [0m document with this id already exists: 5209323f2c18c74e18c8dcbe collection: metadataSets
[36m[[0mmongo-db-seeder[36m][0m [32mDEBUG[0m After --> seed: metadataSets 1
[36m[[0mmongo-db-seeder[36m][0m [34mINFO[0m collection: orgs
[36m[[0mmongo-db-seeder[36m][0m [32mDEBUG[0m Before collection: orgs
[36m[[0mmongo-db-seeder[36m][0m [32mDEBUG[0m id specified - insert: 5112b132ef0e8fd55d57ad01
[36m[[0mmongo-db-seeder[36m][0m [32mDEBUG[0m After --> seed: orgs 3
[36m[[0mmongo-db-seeder[36m][0m [34mINFO[0m collection: subjects
[36m[[0mmongo-db-seeder[36m][0m [32mDEBUG[0m Before collection: subjects
[36m[[0mmongo-db-seeder[36m][0m [32mDEBUG[0m [33mWarning: [0m document with this id already exists: 51114b307fc1eaa866444648 collection: orgs
[36m[[0mmongo-db-seeder[36m][0m [32mDEBUG[0m [33mWarning: [0m document with this id already exists: 5112b1d1ef0e8fd55d57ad02 collection: orgs
[36m[[0mmongo-db-seeder[36m][0m [32mDEBUG[0m [33mWarning: [0m document with this id already exists: 5112b132ef0e8fd55d57ad01 collection: orgs
[36m[[0mmongo-db-seeder[36m][0m [32mDEBUG[0m After --> seed: orgs 3
[36m[[0mmongo-db-seeder[36m][0m [34mINFO[0m collection: subjects
[36m[[0mmongo-db-seeder[36m][0m [32mDEBUG[0m Before collection: subjects
[36m[[0mmongo-db-seeder[36m][0m [32mDEBUG[0m After --> seed: subjects 81
[36m[[0mmongo-db-seeder[36m][0m [34mINFO[0m collection: users
[36m[[0mmongo-db-seeder[36m][0m [32mDEBUG[0m Before collection: users
[36m[[0mmongo-db-seeder[36m][0m [32mDEBUG[0m id specified - insert: 511293b6ef0e8fd55d57ad00
[36m[[0mmongo-db-seeder[36m][0m [32mDEBUG[0m After --> seed: subjects 81
[36m[[0mmongo-db-seeder[36m][0m [34mINFO[0m collection: users
[36m[[0mmongo-db-seeder[36m][0m [32mDEBUG[0m Before collection: users
[36m[[0mmongo-db-seeder[36m][0m [32mDEBUG[0m id specified - insert: 5112b375ef0e8fd55d57ad03
[36m[[0mmongo-db-seeder[36m][0m [32mDEBUG[0m id specified - insert: 5112b395ef0e8fd55d57ad04
[36m[[0mmongo-db-seeder[36m][0m [32mDEBUG[0m After --> seed: users 3
[36m[[0mmongo-db-seeder[36m][0m [32mDEBUG[0m [33mWarning: [0m document with this id already exists: 511293b6ef0e8fd55d57ad00 collection: users
[36m[[0mmongo-db-seeder[36m][0m [32mDEBUG[0m [33mWarning: [0m document with this id already exists: 5112b375ef0e8fd55d57ad03 collection: users
[36m[[0mmongo-db-seeder[36m][0m [32mDEBUG[0m [33mWarning: [0m document with this id already exists: 5112b395ef0e8fd55d57ad04 collection: users
[36m[[0mmongo-db-seeder[36m][0m [32mDEBUG[0m After --> seed: users 3
[0m[[32msuccess[0m] [0mTotal time: 1 s, completed Jun 23, 2014 7:50:06 PM[0m
[0m[[0minfo[0m] [0mPassed: Total 0, Failed 0, Errors 0, Passed 0[0m
[0m[[0minfo[0m] [0mNo tests to run for corespring-test-helpers/test:test[0m
[0m[[0minfo[0m] [0morg.corespring.web.common.controllers.deployment.S3DeployerTest[0m
[0m[[0minfo[0m] [0morg.corespring.reporting.services.ReportGeneratorTest[0m
[0m[[0minfo[0m] [0morg.corespring.clientlogging.ClientLoggerTest[0m
19:50:10,943 |-INFO in ch.qos.logback.classic.LoggerContext[default] - Could NOT find resource [logback.groovy]
19:50:10,944 |-INFO in ch.qos.logback.classic.LoggerContext[default] - Could NOT find resource [logback-test.xml]
19:50:10,944 |-INFO in ch.qos.logback.classic.LoggerContext[default] - Found resource [logback.xml] at [jar:file:/Users/edeustace/dev/frameworks/play/play-2.2.1/repository/local/com.typesafe.play/play_2.10/2.2.1/jars/play_2.10.jar!/logback.xml]
19:50:10,947 |-WARN in ch.qos.logback.classic.LoggerContext[default] - Resource [logback.xml] occurs multiple times on the classpath.
19:50:10,947 |-WARN in ch.qos.logback.classic.LoggerContext[default] - Resource [logback.xml] occurs at [jar:file:/Users/edeustace/dev/frameworks/play/play-2.2.1/framework/../repository/cache/com.ee/assets-loader_2.10/jars/assets-loader_2.10-0.12.0.jar!/logback.xml]
19:50:10,947 |-WARN in ch.qos.logback.classic.LoggerContext[default] - Resource [logback.xml] occurs at [jar:file:/Users/edeustace/dev/frameworks/play/play-2.2.1/repository/local/com.typesafe.play/play_2.10/2.2.1/jars/play_2.10.jar!/logback.xml]
19:50:11,022 |-INFO in ch.qos.logback.core.joran.spi.ConfigurationWatchList@1eb3c90 - URL [jar:file:/Users/edeustace/dev/frameworks/play/play-2.2.1/repository/local/com.typesafe.play/play_2.10/2.2.1/jars/play_2.10.jar!/logback.xml] is not of type file
19:50:11,366 |-INFO in ch.qos.logback.classic.joran.action.ConfigurationAction - debug attribute not set
19:50:11,370 |-INFO in ch.qos.logback.core.joran.action.AppenderAction - About to instantiate appender of type [ch.qos.logback.core.ConsoleAppender]
19:50:11,396 |-INFO in ch.qos.logback.core.joran.action.AppenderAction - Naming appender as [STDOUT]
19:50:11,474 |-INFO in ch.qos.logback.core.joran.action.NestedComplexPropertyIA - Assuming default type [ch.qos.logback.classic.encoder.PatternLayoutEncoder] for [encoder] property
19:50:11,635 |-INFO in ch.qos.logback.classic.joran.action.RootLoggerAction - Setting level of ROOT logger to ERROR
19:50:11,635 |-INFO in ch.qos.logback.core.joran.action.AppenderRefAction - Attaching appender named [STDOUT] to Logger[ROOT]
19:50:11,637 |-INFO in ch.qos.logback.classic.joran.action.ConfigurationAction - End of configuration.
19:50:11,639 |-INFO in ch.qos.logback.classic.joran.JoranConfigurator@7905cc93 - Registering current configuration as safe fallback point

 ----------------------------> Starting app /Users/edeustace/dev/github/corespring/corespring-api/.
19:50:11,212 |-INFO in ch.qos.logback.classic.LoggerContext[default] - Could NOT find resource [logback.groovy]
19:50:11,212 |-INFO in ch.qos.logback.classic.LoggerContext[default] - Could NOT find resource [logback-test.xml]
19:50:11,213 |-INFO in ch.qos.logback.classic.LoggerContext[default] - Found resource [logback.xml] at [jar:file:/Users/edeustace/dev/frameworks/play/play-2.2.1/repository/local/com.typesafe.play/play_2.10/2.2.1/jars/play_2.10.jar!/logback.xml]
19:50:11,214 |-WARN in ch.qos.logback.classic.LoggerContext[default] - Resource [logback.xml] occurs multiple times on the classpath.
19:50:11,214 |-WARN in ch.qos.logback.classic.LoggerContext[default] - Resource [logback.xml] occurs at [jar:file:/Users/edeustace/dev/frameworks/play/play-2.2.1/framework/../repository/cache/com.ee/assets-loader_2.10/jars/assets-loader_2.10-0.12.0.jar!/logback.xml]
19:50:11,214 |-WARN in ch.qos.logback.classic.LoggerContext[default] - Resource [logback.xml] occurs at [jar:file:/Users/edeustace/dev/frameworks/play/play-2.2.1/repository/local/com.typesafe.play/play_2.10/2.2.1/jars/play_2.10.jar!/logback.xml]
19:50:11,262 |-INFO in ch.qos.logback.core.joran.spi.ConfigurationWatchList@41f95daa - URL [jar:file:/Users/edeustace/dev/frameworks/play/play-2.2.1/repository/local/com.typesafe.play/play_2.10/2.2.1/jars/play_2.10.jar!/logback.xml] is not of type file
19:50:11,632 |-INFO in ch.qos.logback.classic.joran.action.ConfigurationAction - debug attribute not set
19:50:11,636 |-INFO in ch.qos.logback.core.joran.action.AppenderAction - About to instantiate appender of type [ch.qos.logback.core.ConsoleAppender]
19:50:11,665 |-INFO in ch.qos.logback.core.joran.action.AppenderAction - Naming appender as [STDOUT]
19:50:11,710 |-INFO in ch.qos.logback.core.joran.action.NestedComplexPropertyIA - Assuming default type [ch.qos.logback.classic.encoder.PatternLayoutEncoder] for [encoder] property
19:50:11,980 |-INFO in ch.qos.logback.classic.joran.action.RootLoggerAction - Setting level of ROOT logger to ERROR
19:50:11,980 |-INFO in ch.qos.logback.core.joran.action.AppenderRefAction - Attaching appender named [STDOUT] to Logger[ROOT]
19:50:11,982 |-INFO in ch.qos.logback.classic.joran.action.ConfigurationAction - End of configuration.
19:50:11,986 |-INFO in ch.qos.logback.classic.joran.JoranConfigurator@7a62d10c - Registering current configuration as safe fallback point

 ----------------------------> Starting app /Users/edeustace/dev/github/corespring/corespring-api/.
19:50:11,184 |-INFO in ch.qos.logback.classic.LoggerContext[default] - Could NOT find resource [logback.groovy]
19:50:11,184 |-INFO in ch.qos.logback.classic.LoggerContext[default] - Could NOT find resource [logback-test.xml]
19:50:11,184 |-INFO in ch.qos.logback.classic.LoggerContext[default] - Found resource [logback.xml] at [jar:file:/Users/edeustace/dev/frameworks/play/play-2.2.1/repository/local/com.typesafe.play/play_2.10/2.2.1/jars/play_2.10.jar!/logback.xml]
19:50:11,186 |-WARN in ch.qos.logback.classic.LoggerContext[default] - Resource [logback.xml] occurs multiple times on the classpath.
19:50:11,186 |-WARN in ch.qos.logback.classic.LoggerContext[default] - Resource [logback.xml] occurs at [jar:file:/Users/edeustace/dev/frameworks/play/play-2.2.1/framework/../repository/cache/com.ee/assets-loader_2.10/jars/assets-loader_2.10-0.12.0.jar!/logback.xml]
19:50:11,186 |-WARN in ch.qos.logback.classic.LoggerContext[default] - Resource [logback.xml] occurs at [jar:file:/Users/edeustace/dev/frameworks/play/play-2.2.1/repository/local/com.typesafe.play/play_2.10/2.2.1/jars/play_2.10.jar!/logback.xml]
19:50:11,238 |-INFO in ch.qos.logback.core.joran.spi.ConfigurationWatchList@264142e4 - URL [jar:file:/Users/edeustace/dev/frameworks/play/play-2.2.1/repository/local/com.typesafe.play/play_2.10/2.2.1/jars/play_2.10.jar!/logback.xml] is not of type file
19:50:11,628 |-INFO in ch.qos.logback.classic.joran.action.ConfigurationAction - debug attribute not set
19:50:11,636 |-INFO in ch.qos.logback.core.joran.action.AppenderAction - About to instantiate appender of type [ch.qos.logback.core.ConsoleAppender]
19:50:11,661 |-INFO in ch.qos.logback.core.joran.action.AppenderAction - Naming appender as [STDOUT]
19:50:11,712 |-INFO in ch.qos.logback.core.joran.action.NestedComplexPropertyIA - Assuming default type [ch.qos.logback.classic.encoder.PatternLayoutEncoder] for [encoder] property
19:50:12,001 |-INFO in ch.qos.logback.classic.joran.action.RootLoggerAction - Setting level of ROOT logger to ERROR
19:50:12,001 |-INFO in ch.qos.logback.core.joran.action.AppenderRefAction - Attaching appender named [STDOUT] to Logger[ROOT]
19:50:12,002 |-INFO in ch.qos.logback.classic.joran.action.ConfigurationAction - End of configuration.
19:50:12,005 |-INFO in ch.qos.logback.classic.joran.JoranConfigurator@142ce4ba - Registering current configuration as safe fallback point

19:50:11,216 |-INFO in ch.qos.logback.classic.LoggerContext[default] - Could NOT find resource [logback.groovy]
19:50:11,216 |-INFO in ch.qos.logback.classic.LoggerContext[default] - Could NOT find resource [logback-test.xml]
19:50:11,217 |-INFO in ch.qos.logback.classic.LoggerContext[default] - Found resource [logback.xml] at [jar:file:/Users/edeustace/dev/frameworks/play/play-2.2.1/repository/local/com.typesafe.play/play_2.10/2.2.1/jars/play_2.10.jar!/logback.xml]
19:50:11,218 |-WARN in ch.qos.logback.classic.LoggerContext[default] - Resource [logback.xml] occurs multiple times on the classpath.
19:50:11,218 |-WARN in ch.qos.logback.classic.LoggerContext[default] - Resource [logback.xml] occurs at [jar:file:/Users/edeustace/dev/frameworks/play/play-2.2.1/framework/../repository/cache/com.ee/assets-loader_2.10/jars/assets-loader_2.10-0.12.0.jar!/logback.xml]
19:50:11,218 |-WARN in ch.qos.logback.classic.LoggerContext[default] - Resource [logback.xml] occurs at [jar:file:/Users/edeustace/dev/frameworks/play/play-2.2.1/repository/local/com.typesafe.play/play_2.10/2.2.1/jars/play_2.10.jar!/logback.xml]
19:50:11,264 |-INFO in ch.qos.logback.core.joran.spi.ConfigurationWatchList@47ec40c5 - URL [jar:file:/Users/edeustace/dev/frameworks/play/play-2.2.1/repository/local/com.typesafe.play/play_2.10/2.2.1/jars/play_2.10.jar!/logback.xml] is not of type file
19:50:11,642 |-INFO in ch.qos.logback.classic.joran.action.ConfigurationAction - debug attribute not set
19:50:11,648 |-INFO in ch.qos.logback.core.joran.action.AppenderAction - About to instantiate appender of type [ch.qos.logback.core.ConsoleAppender]
19:50:11,669 |-INFO in ch.qos.logback.core.joran.action.AppenderAction - Naming appender as [STDOUT]
19:50:11,716 |-INFO in ch.qos.logback.core.joran.action.NestedComplexPropertyIA - Assuming default type [ch.qos.logback.classic.encoder.PatternLayoutEncoder] for [encoder] property
19:50:12,004 |-INFO in ch.qos.logback.classic.joran.action.RootLoggerAction - Setting level of ROOT logger to ERROR
19:50:12,004 |-INFO in ch.qos.logback.core.joran.action.AppenderRefAction - Attaching appender named [STDOUT] to Logger[ROOT]
19:50:12,006 |-INFO in ch.qos.logback.classic.joran.action.ConfigurationAction - End of configuration.
19:50:12,009 |-INFO in ch.qos.logback.classic.joran.JoranConfigurator@59a6c2b7 - Registering current configuration as safe fallback point

 ----------------------------> Starting app /Users/edeustace/dev/github/corespring/corespring-api/.
 ----------------------------> Starting app /Users/edeustace/dev/github/corespring/corespring-api/.
[0m[[0minfo[0m] [0mResponseDeclarationTest[0m
[0m[[0minfo[0m] [0mA single cardinality response declaration should[0m
[0m[[0minfo[0m] [0m[32m+[0m parse identifier[0m
[0m[[0minfo[0m] [0m[32m+[0m parse exactMatch[0m
[0m[[0minfo[0m] [0m[32m+[0m single cardinality[0m
[0m[[0minfo[0m] [0m[32m+[0m validate correct response[0m
[0m[[0minfo[0m] [0mA multiple cardinality response declaration should[0m
[0m[[0minfo[0m] [0m[32m+[0m provide default for unmapped keys[0m
[0m[[0minfo[0m] [0m[32m+[0m calculate response values correctly[0m
[0m[[0minfo[0m] [0mhasDefaultCorrectResponse should[0m
[0m[[0minfo[0m] [0m[32m+[0m return true when correctResponse is defined[0m
[0m[[0minfo[0m] [0m[32m+[0m return false when correctResponse is not defined[0m
[0m[[0minfo[0m] [0mTotal for specification ResponseDeclarationTest[0m
[0m[[0minfo[0m] [0m[34mFinished in 48 ms[0m[0m
[0m[[0minfo[0m] [0m[34m8 examples, 0 failure, 0 error[0m[0m
[0m[[0minfo[0m] [0mAESCryptoTest[0m
[0m[[0minfo[0m] [0mAES Crypto should[0m
[0m[[0minfo[0m] [0m[32m+[0m result in cipher text and iv delimeted by '--' when encrypting[0m
[0m[[0minfo[0m] [0m[32m+[0m result in same as clear text when decrypting[0m
[0m[[0minfo[0m] [0mTotal for specification AESCryptoTest[0m
[0m[[0minfo[0m] [0m[34mFinished in 55 ms[0m[0m
[0m[[0minfo[0m] [0m[34m2 examples, 0 failure, 0 error[0m[0m
[0m[[0minfo[0m] [0morg.corespring.api.v2.ItemApiTest[0m
[0m[[0minfo[0m] [0mConstraintGranterTest[0m
[0m[[0minfo[0m] [0mconstraint granter should[0m
[0m[[0minfo[0m] [0m  when in administer[0m
[0m[[0minfo[0m] [0m  [32m+[0m session wildcard, item wildcard[0m
[0m[[0minfo[0m] [0m  [32m+[0m session bound, item wildcard[0m
[0m[[0minfo[0m] [0m  [32m+[0m item bound, session wildcard[0m
[0m[[0minfo[0m] [0m  [32m+[0m item bound, session bound[0m
[0m[[0minfo[0m] [0m  and a session is requested[0m
[0m[[0minfo[0m] [0m  [32m+[0m don't allow access[0m
[0m[[0minfo[0m] [0m  and when not bound to a assessment[0m
[0m[[0minfo[0m] [0m  [32m+[0m allow access to any item[0m
[0m[[0minfo[0m] [0m  and when bound to a assessment[0m
[0m[[0minfo[0m] [0m  [32m+[0m only allow access to that assessment id[0m
[0m[[0minfo[0m] [0m  [32m+[0m bound assessment id, bound item id[0m
[0m[[0minfo[0m] [0m  [32m+[0m wildcard assessment id - bound item id[0m
[0m[[0minfo[0m] [0m  when in preview[0m
[0m[[0minfo[0m] [0m  [32m+[0m no access when no item id is specified[0m
[0m[[0minfo[0m] [0m  [32m+[0m allow access if item id is specified and options has *[0m
[0m[[0minfo[0m] [0m  [32m+[0m allow access if item id is specified and options has specificId[0m
[0m[[0minfo[0m] [0m  [32m+[0m no access if item doesn't match specific id[0m
[0m[[0minfo[0m] [0m  [32m+[0m access if item and session id are specified[0m
[0m[[0minfo[0m] [0m  and not bound to an itemId[0m
[0m[[0minfo[0m] [0m  [32m+[0m no access if a session isn't defined[0m
[0m[[0minfo[0m] [0m  and bound to a sessionId AND an itemId[0m
[0m[[0minfo[0m] [0m  [32m+[0m only allow access to the session if it contains that item id[0m
[0m[[0minfo[0m] [0m  and bound only to a sessionId[0m
[0m[[0minfo[0m] [0m  [32m+[0m only allow access to the session if it contains that item id[0m
[0m[[0minfo[0m] [0m  and bound only to an itemId[0m
[0m[[0minfo[0m] [0m  [32m+[0m only allow access to the session if it contains that item id[0m
[0m[[0minfo[0m] [0mTotal for specification ConstraintGranterTest[0m
[0m[[0minfo[0m] [0m[34mFinished in 478 ms[0m[0m
[0m[[0minfo[0m] [0m[34m18 examples, 0 failure, 0 error[0m[0m
Map(cs_2 -> correct response feedback, cs_3 -> incorrect response feedback, cs_1 -> Super!)
Map(2 -> Q_03 : incorrect, 4 -> Q_04 : incorrect, 6 -> Q_05 : incorrect, 8 -> Q_06 : incorrect)
[0m[[0minfo[0m] [0mSafariWorkaroundTest[0m
[0m[[0minfo[0m] [0misSafari should[0m
[0m[[0minfo[0m] [0m[32m+[0m identify Safari as Safari[0m
[0m[[0minfo[0m] [0m[32m+[0m not identify Firefox as Safari[0m
[0m[[0minfo[0m] [0m[32m+[0m not identify Chrome as Safari[0m
[0m[[0minfo[0m] [0m[32m+[0m not identify Internet Explorer as Safari[0m
[0m[[0minfo[0m] [0mTotal for specification SafariWorkaroundTest[0m
[0m[[0minfo[0m] [0m[34mFinished in 47 ms[0m[0m
[0m[[0minfo[0m] [0m[34m4 examples, 28 expectations, 0 failure, 0 error[0m[0m
[0m[[0minfo[0m] [0mPassed: Total 2, Failed 0, Errors 0, Passed 2[0m
[0m[[0minfo[0m] [0mPassed: Total 22, Failed 0, Errors 0, Passed 22[0m
[0m[[0minfo[0m] [0mPassed: Total 0, Failed 0, Errors 0, Passed 0[0m
[0m[[0minfo[0m] [0mNo tests to run for corespring-v1-api/test:test[0m
[0m[[0minfo[0m] [0morg.corespring.player.v1.views.qti.ScriptResolverTest[0m
[0m[[0minfo[0m] [0mSessionDataTest[0m
[0m[[0minfo[0m] [0mnew session data should[0m
[0m[[0minfo[0m] [0m[32m+[0m be empty for empty qti and session[0m
[0m[[0minfo[0m] [0msession data json output should[0m
[0m[[0minfo[0m] [0m[32m+[0m work[0m
[0m[[0minfo[0m] [0msession data correct responses should[0m
[0m[[0minfo[0m] [0m[32m+[0m only show correct responses if highlightCorrectResponses is true[0m
[0m[[0minfo[0m] [0msession data feedback should[0m
[0m[[0minfo[0m] [0m[32m+[0m only show feedback if showFeedback is true and there is a response for that item[0m
[0m[[0minfo[0m] [0m[32m+[0m show feedback for correct responses even though it wasn't selected[0m
[0m[[0minfo[0m] [0m[32m+[0m show feedback for correct responses even though it wasn't selected and correct responses are not shown[0m
[0m[[0minfo[0m] [0m[32m+[0m show the correct feedback string[0m
[0m[[0minfo[0m] [0m[32m+[0m show default feedback[0m
[0m[[0minfo[0m] [0m[32m+[0m show feedback for multiple choice items[0m
[0m[[0minfo[0m] [0m[32m+[0m show custom correct 1 feedback for text entry interaction[0m
[0m[[0minfo[0m] [0m[32m+[0m show custom correct 2 feedback for text entry interaction[0m
[0m[[0minfo[0m] [0m[32m+[0m show incorrect feedback for text entry interaction[0m
[0m[[0minfo[0m] [0mlegacy tests should[0m
[0m[[0minfo[0m] [0m[32m+[0m return correct feedback for inline item[0m
[0m[[0minfo[0m] [0msession data feedback for item with multiple feedback blocks should[0m
[0m[[0minfo[0m] [0m[32m+[0m return all the incorrect feedback[0m
[0m[[0minfo[0m] [0mTotal for specification SessionDataTest[0m
[0m[[0minfo[0m] [0m[34mFinished in 93 ms[0m[0m
[0m[[0minfo[0m] [0m[34m14 examples, 0 failure, 0 error[0m[0m
[0m[[0minfo[0m] [0mScoreTest[0m
[0m[[0minfo[0m] [0mscore should[0m
[0m[[0minfo[0m] [0m[32m+[0m score single responses[0m
[0m[[0minfo[0m] [0m[32m+[0m score a sequence of responses with one item[0m
[0m[[0minfo[0m] [0m[32m+[0m score an array item response[0m
[0m[[0minfo[0m] [0m[32m+[0m score a sequence of responses with one item[0m
[0m[[0minfo[0m] [0mTotal for specification ScoreTest[0m
[0m[[0minfo[0m] [0m[34mFinished in 0 ms[0m[0m
[0m[[0minfo[0m] [0m[34m4 examples, 0 failure, 0 error[0m[0m
[0m[[0minfo[0m] [0mBaseFileTest[0m
[0m[[0minfo[0m] [0mBaseFile should[0m
[0m[[0minfo[0m] [0m[32m+[0m files with no suffix have an unknown type[0m
[0m[[0minfo[0m] [0m[32m+[0m files with an unknown suffix have an unknown type[0m
[0m[[0minfo[0m] [0m[32m+[0m accept all known file types[0m
[0m[[0minfo[0m] [0mTotal for specification BaseFileTest[0m
[0m[[0minfo[0m] [0m[34mFinished in 1 ms[0m[0m
[0m[[0minfo[0m] [0m[34m3 examples, 0 failure, 0 error[0m[0m
[0m[[0minfo[0m] [0mResponseProcessingTest[0m
[0m[[0minfo[0m] [0mResponseProcessing should[0m
[0m[[0minfo[0m] [0m[32m+[0m ignore script without type='script' attribute[0m
[0m[[0minfo[0m] [0m[32m+[0m have script with type='script' attribute[0m
[0m[[0minfo[0m] [0m  process should[0m
[0m[[0minfo[0m] [0m  [32m+[0m do nothing without script[0m
[0m[[0minfo[0m] [0m  [32m+[0m return something with script[0m
[0m[[0minfo[0m] [0m  [32m+[0m return JsObject with correct value from script[0m
[0m[[0minfo[0m] [0m  [32m+[0m provide response variables for DragAndDropInteraction[0m
[0m[[0minfo[0m] [0m  [32m+[0m provide response variables for InlineChoiceInteraction[0m
[0m[[0minfo[0m] [0m  [32m+[0m provide response variables for LineInteraction[0m
[0m[[0minfo[0m] [0m  [32m+[0m provides response variables for FocusTaskInteraction[0m
[0m[[0minfo[0m] [0m  [32m+[0m provides response variables for PointInteraction[0m
[0m[[0minfo[0m] [0m  [32m+[0m provides response variables for OrderInteraction[0m
[0m[[0minfo[0m] [0m  [32m+[0m provides response variables for ChoiceInteraction[0m
[0m[[0minfo[0m] [0m  [32m+[0m provides response variables for SelectTextInteraction[0m
[0m[[0minfo[0m] [0m  [32m+[0m merge variables and outcomes[0m
[0m[[0minfo[0m] [0mTotal for specification ResponseProcessingTest[0m
[0m[[0minfo[0m] [0m[34mFinished in 3 ms[0m[0m
[0m[[0minfo[0m] [0m[34m14 examples, 0 failure, 0 error[0m[0m
19:50:14,088 |-INFO in ch.qos.logback.classic.LoggerContext[default] - Could NOT find resource [logback.groovy]
19:50:14,089 |-INFO in ch.qos.logback.classic.LoggerContext[default] - Could NOT find resource [logback-test.xml]
19:50:14,089 |-INFO in ch.qos.logback.classic.LoggerContext[default] - Found resource [logback.xml] at [jar:file:/Users/edeustace/dev/frameworks/play/play-2.2.1/repository/local/com.typesafe.play/play_2.10/2.2.1/jars/play_2.10.jar!/logback.xml]
19:50:14,090 |-WARN in ch.qos.logback.classic.LoggerContext[default] - Resource [logback.xml] occurs multiple times on the classpath.
19:50:14,090 |-WARN in ch.qos.logback.classic.LoggerContext[default] - Resource [logback.xml] occurs at [jar:file:/Users/edeustace/dev/frameworks/play/play-2.2.1/framework/../repository/cache/com.ee/assets-loader_2.10/jars/assets-loader_2.10-0.12.0.jar!/logback.xml]
19:50:14,090 |-WARN in ch.qos.logback.classic.LoggerContext[default] - Resource [logback.xml] occurs at [jar:file:/Users/edeustace/dev/frameworks/play/play-2.2.1/repository/local/com.typesafe.play/play_2.10/2.2.1/jars/play_2.10.jar!/logback.xml]
19:50:14,153 |-INFO in ch.qos.logback.core.joran.spi.ConfigurationWatchList@680c9531 - URL [jar:file:/Users/edeustace/dev/frameworks/play/play-2.2.1/repository/local/com.typesafe.play/play_2.10/2.2.1/jars/play_2.10.jar!/logback.xml] is not of type file
19:50:14,227 |-INFO in ch.qos.logback.classic.joran.action.ConfigurationAction - debug attribute not set
19:50:14,232 |-INFO in ch.qos.logback.core.joran.action.AppenderAction - About to instantiate appender of type [ch.qos.logback.core.ConsoleAppender]
19:50:14,251 |-INFO in ch.qos.logback.core.joran.action.AppenderAction - Naming appender as [STDOUT]
19:50:14,316 |-INFO in ch.qos.logback.core.joran.action.NestedComplexPropertyIA - Assuming default type [ch.qos.logback.classic.encoder.PatternLayoutEncoder] for [encoder] property
19:50:14,452 |-INFO in ch.qos.logback.classic.joran.action.RootLoggerAction - Setting level of ROOT logger to ERROR
19:50:14,452 |-INFO in ch.qos.logback.core.joran.action.AppenderRefAction - Attaching appender named [STDOUT] to Logger[ROOT]
19:50:14,453 |-INFO in ch.qos.logback.classic.joran.action.ConfigurationAction - End of configuration.
19:50:14,456 |-INFO in ch.qos.logback.classic.joran.JoranConfigurator@30a048dc - Registering current configuration as safe fallback point

 ----------------------------> Starting app /Users/edeustace/dev/github/corespring/corespring-api/.
[0m[[0minfo[0m] [0mDragAndDropInteractionTest[0m
[0m[[0minfo[0m] [0mDrag and Drop Interaction should[0m
[0m[[0minfo[0m] [0m[32m+[0m parses[0m
[0m[[0minfo[0m] [0m[32m+[0m collects answers[0m
[0m[[0minfo[0m] [0m[32m+[0m collects ordered nodes[0m
[0m[[0minfo[0m] [0m[32m+[0m validate drag and drop interaction[0m
[0m[[0minfo[0m] [0m[32m+[0m populates responseCorrect[0m
[0m[[0minfo[0m] [0m[32m+[0m populates responseIncorrect[0m
[0m[[0minfo[0m] [0m[32m+[0m drag and drop interaction answer validation[0m
[0m[[0minfo[0m] [0m[32m+[0m drag and drop interaction target validation #1[0m
[0m[[0minfo[0m] [0m[32m+[0m drag and drop interaction target validation #2[0m
[0m[[0minfo[0m] [0misTrue should[0m
[0m[[0minfo[0m] [0m[32m+[0m test boolean[0m
[0m[[0minfo[0m] [0m[32m+[0m test string[0m
[0m[[0minfo[0m] [0m[32m+[0m test node[0m
[0m[[0minfo[0m] [0m[32m+[0m test option[0m
[0m[[0minfo[0m] [0m[32m+[0m test option node[0m
[0m[[0minfo[0m] [0mshuffle should[0m
[0m[[0minfo[0m] [0m[32m+[0m not touch fixed elements[0m
[0m[[0minfo[0m] [0m[32m+[0m distribute evenly[0m
[0m[[0minfo[0m] [0mTotal for specification DragAndDropInteractionTest[0m
[0m[[0minfo[0m] [0m[34mFinished in 2 ms[0m[0m
[0m[[0minfo[0m] [0m[34m16 examples, 0 failure, 0 error[0m[0m
[0m[[0minfo[0m] [0mCorrectResponseTargetedTest[0m
[0m[[0minfo[0m] [0m[32m+[0m targeted correctness[0m
[0m[[0minfo[0m] [0mTotal for specification CorrectResponseTargetedTest[0m
[0m[[0minfo[0m] [0m[34mFinished in 0 ms[0m[0m
[0m[[0minfo[0m] [0m[34m1 example, 0 failure, 0 error[0m[0m
[0m[[0minfo[0m] [0mS3DeployerTest[0m
[0m[[0minfo[0m] [0ms3 deployer should[0m
[0m[[0minfo[0m] [0m[34m*[0m deploy files broken?. Pending until fixed[0m
[0m[[0minfo[0m] [0m[34m*[0m deploy gz file broken?. Pending until fixed[0m
[0m[[0minfo[0m] [0mTotal for specification S3DeployerTest[0m
[0m[[0minfo[0m] [0m[34mFinished in 95 ms[0m[0m
[0m[[0minfo[0m] [0m[34m2 examples, 0 failure, 0 error, 2 pending[0m[0m
[0m[[0minfo[0m] [0m[33mo[0m broken?. Pending until fixed[0m
[0m[[0minfo[0m] [0m[33mo[0m broken?. Pending until fixed[0m
[0m[[0minfo[0m] [0m[0m
[0m[[0minfo[0m] [0m[0m
[0m[[0minfo[0m] [0mTotal for test org.corespring.web.common.controllers.deployment.S3DeployerTest[0m
[0m[[0minfo[0m] [0m[34mFinished in 5.71 seconds[0m[0m
[0m[[0minfo[0m] [0m[34m2 tests, 0 failures, 0 errors[0m[0m
[0m[[0minfo[0m] [0mLineInteractionTest[0m
[0m[[0minfo[0m] [0mqti item 1 should[0m
[0m[[0minfo[0m] [0m[32m+[0m contain line interaction[0m
[0m[[0minfo[0m] [0m[32m+[0m contain response declaration[0m
[0m[[0minfo[0m] [0mline interaction 1 should[0m
[0m[[0minfo[0m] [0m[32m+[0m not be locked[0m
[0m[[0minfo[0m] [0m[32m+[0m not contain significant figures[0m
[0m[[0minfo[0m] [0m[32m+[0m be answered correctly[0m
[0m[[0minfo[0m] [0m[32m+[0m be answered correctly with different coordinates[0m
[0m[[0minfo[0m] [0mline interaction 2 should[0m
[0m[[0minfo[0m] [0m[32m+[0m be locked[0m
[0m[[0minfo[0m] [0mline interaction 3 should[0m
[0m[[0minfo[0m] [0m[32m+[0m contain significant figures[0m
[0m[[0minfo[0m] [0m[32m+[0m be answered correctly when slope matches significant figures[0m
[0m[[0minfo[0m] [0mline interaction 4 should[0m
[0m[[0minfo[0m] [0m[32m+[0m be non-interactive[0m
[0m[[0minfo[0m] [0mTotal for specification LineInteractionTest[0m
[0m[[0minfo[0m] [0m[34mFinished in 1 ms[0m[0m
[0m[[0minfo[0m] [0m[34m10 examples, 0 failure, 0 error[0m[0m
[0m[[0minfo[0m] [0mPassed: Total 2, Failed 0, Errors 0, Passed 0, Skipped 2[0m
[0m[[0minfo[0m] [0mCorrectResponseSingleTest[0m
[0m[[0minfo[0m] [0misCorrect should[0m
[0m[[0minfo[0m] [0m[32m+[0m return true for correct[0m
[0m[[0minfo[0m] [0m[32m+[0m return false for correct with whitespace[0m
[0m[[0minfo[0m] [0m[32m+[0m return false for incorrect[0m
[0m[[0minfo[0m] [0misValueCorrect should[0m
[0m[[0minfo[0m] [0m[32m+[0m return true for correct for any index[0m
[0m[[0minfo[0m] [0m[32m+[0m return false for correct with whitespace for any index[0m
[0m[[0minfo[0m] [0m[32m+[0m return false for incorrect for any index[0m
[0m[[0minfo[0m] [0mTotal for specification CorrectResponseSingleTest[0m
[0m[[0minfo[0m] [0m[34mFinished in 2 ms[0m[0m
[0m[[0minfo[0m] [0m[34m6 examples, 0 failure, 0 error[0m[0m
19:50:14,111 |-INFO in ch.qos.logback.classic.LoggerContext[default] - Could NOT find resource [logback.groovy]
19:50:14,111 |-INFO in ch.qos.logback.classic.LoggerContext[default] - Could NOT find resource [logback-test.xml]
19:50:14,111 |-INFO in ch.qos.logback.classic.LoggerContext[default] - Found resource [logback.xml] at [jar:file:/Users/edeustace/dev/frameworks/play/play-2.2.1/repository/local/com.typesafe.play/play_2.10/2.2.1/jars/play_2.10.jar!/logback.xml]
19:50:14,115 |-WARN in ch.qos.logback.classic.LoggerContext[default] - Resource [logback.xml] occurs multiple times on the classpath.
19:50:14,115 |-WARN in ch.qos.logback.classic.LoggerContext[default] - Resource [logback.xml] occurs at [jar:file:/Users/edeustace/dev/frameworks/play/play-2.2.1/framework/../repository/cache/com.ee/assets-loader_2.10/jars/assets-loader_2.10-0.12.0.jar!/logback.xml]
19:50:14,115 |-WARN in ch.qos.logback.classic.LoggerContext[default] - Resource [logback.xml] occurs at [jar:file:/Users/edeustace/dev/frameworks/play/play-2.2.1/repository/local/com.typesafe.play/play_2.10/2.2.1/jars/play_2.10.jar!/logback.xml]
19:50:14,186 |-INFO in ch.qos.logback.core.joran.spi.ConfigurationWatchList@4f9a481b - URL [jar:file:/Users/edeustace/dev/frameworks/play/play-2.2.1/repository/local/com.typesafe.play/play_2.10/2.2.1/jars/play_2.10.jar!/logback.xml] is not of type file
19:50:14,581 |-INFO in ch.qos.logback.classic.joran.action.ConfigurationAction - debug attribute not set
19:50:14,586 |-INFO in ch.qos.logback.core.joran.action.AppenderAction - About to instantiate appender of type [ch.qos.logback.core.ConsoleAppender]
19:50:14,610 |-INFO in ch.qos.logback.core.joran.action.AppenderAction - Naming appender as [STDOUT]
19:50:14,657 |-INFO in ch.qos.logback.core.joran.action.NestedComplexPropertyIA - Assuming default type [ch.qos.logback.classic.encoder.PatternLayoutEncoder] for [encoder] property
19:50:14,813 |-INFO in ch.qos.logback.classic.joran.action.RootLoggerAction - Setting level of ROOT logger to ERROR
19:50:14,814 |-INFO in ch.qos.logback.core.joran.action.AppenderRefAction - Attaching appender named [STDOUT] to Logger[ROOT]
19:50:14,815 |-INFO in ch.qos.logback.classic.joran.action.ConfigurationAction - End of configuration.
19:50:14,818 |-INFO in ch.qos.logback.classic.joran.JoranConfigurator@47237183 - Registering current configuration as safe fallback point

 ----------------------------> Starting app /Users/edeustace/dev/github/corespring/corespring-api/.
[0m[[0minfo[0m] [0mCompiling 1 Scala source to /Users/edeustace/dev/github/corespring/corespring-api/modules/lib/v2-player-integration/target/scala-2.10/test-classes...[0m
[0m[[0minfo[0m] [0mCorrectResponseEquationTest[0m
[0m[[0minfo[0m] [0mcorrect response equation should[0m
[0m[[0minfo[0m] [0m[32m+[0m evaluate the same equation as correct[0m
[0m[[0minfo[0m] [0m[32m+[0m evaluate an equivalent equation as correct[0m
[0m[[0minfo[0m] [0m[32m+[0m evaluate an equation with incorrect slope as incorrect[0m
[0m[[0minfo[0m] [0m[32m+[0m evaluate an equation with incorrect y-intercept as incorrect[0m
[0m[[0minfo[0m] [0m[32m+[0m evaluate an equivalent equation with a fraction as a slope as correct[0m
[0m[[0minfo[0m] [0m[32m+[0m be able to parse line attributes and evaluate correct response[0m
[0m[[0minfo[0m] [0m[32m+[0m evaluate the same equation as correct[0m
[0m[[0minfo[0m] [0m[32m+[0m evaluate an equivalent equation as correct[0m
[0m[[0minfo[0m] [0m[32m+[0m evaluate an equation with incorrect slope as incorrect[0m
[0m[[0minfo[0m] [0m[32m+[0m evaluate an equation with incorrect y-intercept as incorrect[0m
[0m[[0minfo[0m] [0m[32m+[0m evaluate an equivalent equation with a fraction as a slope as correct[0m
[0m[[0minfo[0m] [0m[32m+[0m evaluate a polynomial equation as correct[0m
[0m[[0minfo[0m] [0m[32m+[0m evaluate an equivalent equation as correct[0m
[0m[[0minfo[0m] [0m[32m+[0m evaluate an incorrect equation as incorrect[0m
[0m[[0minfo[0m] [0m[32m+[0m evaluate another incorrect equation as incorrect[0m
[0m[[0minfo[0m] [0m[32m+[0m evaluate an equivalent equation with fractions as correct[0m
[0m[[0minfo[0m] [0m[32m+[0m evaluate an equivalent equation with weird exponents as correct[0m
[0m[[0minfo[0m] [0m[32m+[0m evaluate another polynomial equation as correct[0m
[0m[[0minfo[0m] [0m[32m+[0m evaluate another equivalent equation as correct[0m
[0m[[0minfo[0m] [0m[32m+[0m evaluate another incorrect equation as incorrect[0m
[0m[[0minfo[0m] [0m[32m+[0m evaluate another equivalent equation with fractions as correct[0m
[0m[[0minfo[0m] [0m[32m+[0m evaluate another equivalent equation with weird exponents as correct[0m
[0m[[0minfo[0m] [0mTotal for specification CorrectResponseEquationTest[0m
[0m[[0minfo[0m] [0m[34mFinished in 1 ms[0m[0m
[0m[[0minfo[0m] [0m[34m22 examples, 0 failure, 0 error[0m[0m
[0m[[0minfo[0m] [0mCorrectResponseMultipleTest[0m
[0m[[0minfo[0m] [0misCorrect should[0m
[0m[[0minfo[0m] [0m[32m+[0m return true for correct[0m
[0m[[0minfo[0m] [0m[32m+[0m return false for correct with whitespace[0m
[0m[[0minfo[0m] [0m[32m+[0m return false for incorrect[0m
[0m[[0minfo[0m] [0misPartOfCorrect should[0m
[0m[[0minfo[0m] [0m[32m+[0m return true for correct[0m
[0m[[0minfo[0m] [0m[32m+[0m return false for correct with whitespace[0m
[0m[[0minfo[0m] [0m[32m+[0m return false for incorrect[0m
[0m[[0minfo[0m] [0misValueCorrect should[0m
[0m[[0minfo[0m] [0m[32m+[0m return true for correct element for any index[0m
[0m[[0minfo[0m] [0m[32m+[0m return false for correct element with whitespace for any index[0m
[0m[[0minfo[0m] [0m[32m+[0m return false for incorrect element for any index[0m
[0m[[0minfo[0m] [0mTotal for specification CorrectResponseMultipleTest[0m
[0m[[0minfo[0m] [0m[34mFinished in 2 ms[0m[0m
[0m[[0minfo[0m] [0m[34m9 examples, 0 failure, 0 error[0m[0m
[[37minfo[0m] play - Starting application default Akka system.
[0m[[0minfo[0m] [0mFocusTaskInteractionTest[0m
[0m[[0minfo[0m] [0mFocus Task Interaction should[0m
[0m[[0minfo[0m] [0m[32m+[0m parses[0m
[0m[[0minfo[0m] [0m[32m+[0m too few selection is reflected in response object for non checked[0m
[0m[[0minfo[0m] [0m[32m+[0m too few selection is reflected in response object for checked[0m
[0m[[0minfo[0m] [0m[32m+[0m too many selection is reflected in response object for non checked[0m
[0m[[0minfo[0m] [0m[32m+[0m too many selection is reflected in response object for checked[0m
[0m[[0minfo[0m] [0m[32m+[0m selection is correct if number of selected is correct if not checking for selection correctness[0m
[0m[[0minfo[0m] [0m[32m+[0m selection is correct if checking for selection correctness[0m
[0m[[0minfo[0m] [0m[32m+[0m selection is incorrect if checking for selection correctness[0m
[0m[[0minfo[0m] [0m[32m+[0m selection is not incorrect if checking for selection correctness but response number is incorrect[0m
[0m[[0minfo[0m] [0mTotal for specification FocusTaskInteractionTest[0m
[0m[[0minfo[0m] [0m[34mFinished in 2 ms[0m[0m
[0m[[0minfo[0m] [0m[34m9 examples, 0 failure, 0 error[0m[0m
[0m[[0minfo[0m] [0mInlineChoiceInteractionTest[0m
[0m[[0minfo[0m] [0mtoJs should[0m
[0m[[0minfo[0m] [0m[32m+[0m convert to JsObject[0m
[0m[[0minfo[0m] [0mTotal for specification InlineChoiceInteractionTest[0m
[0m[[0minfo[0m] [0m[34mFinished in 1 ms[0m[0m
[0m[[0minfo[0m] [0m[34m1 example, 0 failure, 0 error[0m[0m
[0m[[0minfo[0m] [0mScriptTest[0m
[0m[[0minfo[0m] [0mScript should[0m
[0m[[0minfo[0m] [0m[32m+[0m throw exception for script of unknown type[0m
[0m[[0minfo[0m] [0m  execute should[0m
[0m[[0minfo[0m] [0m  [32m+[0m throw EcmaError for script with invalid Javascript[0m
[0m[[0minfo[0m] [0m  [32m+[0m return doubles properly[0m
[0m[[0minfo[0m] [0m  [32m+[0m return strings properly[0m
[0m[[0minfo[0m] [0m  [32m+[0m return JSObject properly[0m
[0m[[0minfo[0m] [0m    with variables should[0m
[0m[[0minfo[0m] [0m    [32m+[0m make strings available in scope[0m
[0m[[0minfo[0m] [0m    [32m+[0m make integers available in scope[0m
[0m[[0minfo[0m] [0m    [32m+[0m make arrays available in scope[0m
[0m[[0minfo[0m] [0m    [32m+[0m make objects available in scope[0m
[0m[[0minfo[0m] [0mTotal for specification ScriptTest[0m
[0m[[0minfo[0m] [0m[34mFinished in 3 ms[0m[0m
[0m[[0minfo[0m] [0m[34m9 examples, 0 failure, 0 error[0m[0m
[[37minfo[0m] application - Starting to generate report collection
[[37minfo[0m] application - Starting to generate report contributor
[[37minfo[0m] application - Starting to generate report standards
[[37minfo[0m] application - Starting to generate report primarySubject
[[37minfo[0m] application - Starting to generate report standardsByCollection
[[37minfo[0m] application - Generated primarySubject report
[[37minfo[0m] application - Generated contributor report
[[37minfo[0m] application - Generated standardsByCollection report
[[37minfo[0m] application - Generated collection report
[[37minfo[0m] application - Generated standards report
[[37minfo[0m] application - Finished attempt to generate primarySubject report
[[37minfo[0m] application - Finished attempt to generate contributor report
[[37minfo[0m] application - Finished attempt to generate collection report
[[37minfo[0m] application - Finished attempt to generate standardsByCollection report
[[37minfo[0m] application - Finished attempt to generate standards report
[[37minfo[0m] application - Starting to generate report primarySubject
[[37minfo[0m] application - Generated primarySubject report
[[37minfo[0m] application - Finished attempt to generate primarySubject report
[[37minfo[0m] application - Starting to generate report standards
[[37minfo[0m] application - Generated standards report
[[37minfo[0m] application - Finished attempt to generate standards report
[[37minfo[0m] application - Starting to generate report collection
[[37minfo[0m] application - Generated collection report
[[37minfo[0m] application - Finished attempt to generate collection report
[[37minfo[0m] application - Starting to generate report contributor
[[37minfo[0m] application - Generated contributor report
[[37minfo[0m] application - Finished attempt to generate contributor report
[0m[[0minfo[0m] [0mQtiItemTest[0m
[0m[[0minfo[0m] [0mQtiItem should[0m
[0m[[0minfo[0m] [0m[32m+[0m parse a response that is for a textEntryInteraction as a CorrectResponseAny[0m
[0m[[0minfo[0m] [0m[32m+[0m parse a response that is for a selectTextInteraction as a CorrectResponseAny[0m
[0m[[0minfo[0m] [0m[32m+[0m parse a correctResponse single[0m
[0m[[0minfo[0m] [0m[32m+[0m parse a correct response multiple[0m
[0m[[0minfo[0m] [0m[32m+[0m parse a correct response ordered[0m
[0m[[0minfo[0m] [0m[32m+[0m parse a correct response targeted[0m
[0m[[0minfo[0m] [0m[32m+[0m parse an inline choice interaction even though its nested[0m
[0m[[0minfo[0m] [0mQtiItem xml parsing should[0m
[0m[[0minfo[0m] [0m[32m+[0m parse xml with multiple feedback ids[0m
[0m[[0minfo[0m] [0m[32m+[0m find a feedback block for an incorrect response[0m
[0m[[0minfo[0m] [0m[32m+[0m find all interactions[0m
[0m[[0minfo[0m] [0m[32m+[0m is correct response applicable is false for text interactions[0m
[0m[[0minfo[0m] [0mQtiItem iscorrect should[0m
[0m[[0minfo[0m] [0m[32m+[0m return correct scores[0m
[0m[[0minfo[0m] [0m[32m+[0m return correct for multiple choice[0m
[0m[[0minfo[0m] [0m[32m+[0m return correct for text interaction[0m
[0m[[0minfo[0m] [0m[32m+[0m return unknown for long answer[0m
[0m[[0minfo[0m] [0m[32m+[0m return correct when ignoring whitespace[0m
[0m[[0minfo[0m] [0m[32m+[0m return correct when correct answer contains whitespace[0m
[0m[[0minfo[0m] [0mQtiItem get feedback should[0m
[0m[[0minfo[0m] [0m[32m+[0m find simple choice feedback inline[0m
[0m[[0minfo[0m] [0m[32m+[0m find feedback blocks[0m
[0m[[0minfo[0m] [0mTotal for specification QtiItemTest[0m
[0m[[0minfo[0m] [0m[34mFinished in 3 ms[0m[0m
[0m[[0minfo[0m] [0m[34m19 examples, 0 failure, 0 error[0m[0m
[0m[[0minfo[0m] [0mItemBodyTest[0m
[0m[[0minfo[0m] [0mItemBody should[0m
[0m[[0minfo[0m] [0m[32m+[0m find a TextEntryInteraction[0m
[0m[[0minfo[0m] [0mTotal for specification ItemBodyTest[0m
[0m[[0minfo[0m] [0m[34mFinished in 1 ms[0m[0m
[0m[[0minfo[0m] [0m[34m1 example, 0 failure, 0 error[0m[0m
[0m[[0minfo[0m] [0mFeedbackElementTest[0m
[0m[[0minfo[0m] [0mA feedback element should[0m
[0m[[0minfo[0m] [0m[32m+[0m parse identifier and outcome identifier[0m
[0m[[0minfo[0m] [0m[32m+[0m return body xml[0m
[0m[[0minfo[0m] [0mTotal for specification FeedbackElementTest[0m
[0m[[0minfo[0m] [0m[34mFinished in 0 ms[0m[0m
[0m[[0minfo[0m] [0m[34m2 examples, 0 failure, 0 error[0m[0m
[0m[[0minfo[0m] [0mCorrectResponseAnyTest[0m
[0m[[0minfo[0m] [0misCorrect should[0m
[0m[[0minfo[0m] [0m[32m+[0m return true for correct[0m
[0m[[0minfo[0m] [0m[32m+[0m return false for incorrect[0m
[0m[[0minfo[0m] [0m[32m+[0m return false for correct with whitepsace[0m
[0m[[0minfo[0m] [0misValueCorrect should[0m
[0m[[0minfo[0m] [0m[32m+[0m return true for correct for any index[0m
[0m[[0minfo[0m] [0m[32m+[0m return false for correct with whitespace for any index[0m
[0m[[0minfo[0m] [0m[32m+[0m return false for incorrect for any index[0m
[0m[[0minfo[0m] [0mTotal for specification CorrectResponseAnyTest[0m
[0m[[0minfo[0m] [0m[34mFinished in 2 ms[0m[0m
[0m[[0minfo[0m] [0m[34m6 examples, 0 failure, 0 error[0m[0m
[0m[[0minfo[0m] [0mClientLoggerTest[0m
[0m[[0minfo[0m] [0mlogging should[0m
[0m[[0minfo[0m] [0m[32m+[0m work[0m
[0m[[0minfo[0m] [0mTotal for specification ClientLoggerTest[0m
[0m[[0minfo[0m] [0m[34mFinished in 1 second, 595 ms[0m[0m
[0m[[0minfo[0m] [0m[34m1 example, 0 failure, 0 error[0m[0m
[0m[[0minfo[0m] [0m[32m+[0m There are 10 successes[0m
[0m[[0minfo[0m] [0mfatal -> {"message":"message"} // 200 <-> 200: [0m
[0m[[0minfo[0m] [0mfatal -> {"message":"message","stacktrace":"stacktrace"} // 200 <-> 200: [0m
[0m[[0minfo[0m] [0merror -> {"message":"message"} // 200 <-> 200: [0m
[0m[[0minfo[0m] [0merror -> {"message":"message","stacktrace":"stacktrace"} // 200 <-> 200: [0m
[0m[[0minfo[0m] [0mwarn -> {"message":"message"} // 200 <-> 200: [0m
[0m[[0minfo[0m] [0mwarn -> {"message":"message","stacktrace":"stacktrace"} // 200 <-> 200: [0m
[0m[[0minfo[0m] [0mdebug -> {"message":"message"} // 200 <-> 200: [0m
[0m[[0minfo[0m] [0mdebug -> {"message":"message","stacktrace":"stacktrace"} // 200 <-> 200: [0m
[0m[[0minfo[0m] [0minfo -> {"message":"message"} // 200 <-> 200: [0m
[0m[[0minfo[0m] [0minfo -> {"message":"message","stacktrace":"stacktrace"} // 200 <-> 200: [0m
[0m[[0minfo[0m] [0m[0m
[0m[[0minfo[0m] [0m[0m
[0m[[0minfo[0m] [0mTotal for test org.corespring.clientlogging.ClientLoggerTest[0m
[0m[[0minfo[0m] [0m[34mFinished in 7.383 seconds[0m[0m
[0m[[0minfo[0m] [0m[34m1 tests, 0 failures, 0 errors[0m[0m
[0m[[0minfo[0m] [0mExtendedTextInteractionTest[0m
[0m[[0minfo[0m] [0mExtendedTextInteraction should[0m
[0m[[0minfo[0m] [0m  toJs should[0m
[0m[[0minfo[0m] [0m  [32m+[0m convert to JsObject[0m
[0m[[0minfo[0m] [0mTotal for specification ExtendedTextInteractionTest[0m
[0m[[0minfo[0m] [0m[34mFinished in 1 ms[0m[0m
[0m[[0minfo[0m] [0m[34m1 example, 0 failure, 0 error[0m[0m
[0m[[0minfo[0m] [0morg.corespring.web.publicsite.controllers.ExampleContentTest[0m
<body>
          <feedbackInline wow="this" has="a" lot="of" attributes="yeah?" csFeedbackId="101"/>
          <modalFeedback we="should" check="modal" feedback="too" csFeedbackId="300"></modalFeedback>
        </body>
[0m[[0minfo[0m] [0mFeedbackProcessorSpec[0m
[0m[[0minfo[0m] [0mFeedbackProcessor should[0m
[0m[[0minfo[0m] [0m[32m+[0m add feedback ids to xml and create map of feedbackIds -> identifiers[0m
[0m[[0minfo[0m] [0m[32m+[0m add the csFeedbackId to the node that is declared in the map[0m
[0m[[0minfo[0m] [0m[32m+[0m filter all feedback info other than csFeedbackId[0m
[0m[[0minfo[0m] [0mTotal for specification FeedbackProcessorSpec[0m
[0m[[0minfo[0m] [0m[34mFinished in 1 ms[0m[0m
[0m[[0minfo[0m] [0m[34m3 examples, 0 failure, 0 error[0m[0m
[0m[[0minfo[0m] [0mCorrectResponseOrderedTest[0m
[0m[[0minfo[0m] [0misCorrect should[0m
[0m[[0minfo[0m] [0m[32m+[0m return true for correct[0m
[0m[[0minfo[0m] [0m[32m+[0m return false for incorrect[0m
[0m[[0minfo[0m] [0m[32m+[0m return false for correct with whitespace[0m
[0m[[0minfo[0m] [0misValueCorrect should[0m
[0m[[0minfo[0m] [0m[32m+[0m return true for correct element matching index[0m
[0m[[0minfo[0m] [0m[32m+[0m return false for correct element not matching index[0m
[0m[[0minfo[0m] [0m[32m+[0m return false for correct element with whitespace matching index[0m
[0m[[0minfo[0m] [0mTotal for specification CorrectResponseOrderedTest[0m
[0m[[0minfo[0m] [0m[34mFinished in 5 ms[0m[0m
[0m[[0minfo[0m] [0m[34m6 examples, 0 failure, 0 error[0m[0m
[0m[[0minfo[0m] [0mSelectTextInteractionTest[0m
[0m[[0minfo[0m] [0mSelect Text Interaction should[0m
[0m[[0minfo[0m] [0m[32m+[0m parses[0m
[0m[[0minfo[0m] [0m[32m+[0m tags sentences correctly[0m
[0m[[0minfo[0m] [0m[32m+[0m tags words correctly[0m
[0m[[0minfo[0m] [0m[32m+[0m validates[0m
[0m[[0minfo[0m] [0m[32m+[0m too few selection is reflected in response object[0m
[0m[[0minfo[0m] [0m[32m+[0m too many selection is reflected in response object[0m
[0m[[0minfo[0m] [0m[32m+[0m correct selection is reflected in response object[0m
[0m[[0minfo[0m] [0m[32m+[0m if no correctness checking then response should be correct regardless of answer[0m
[0m[[0minfo[0m] [0m[32m+[0m correct number of selection is reflected in response object[0m
[0m[[0minfo[0m] [0m[32m+[0m correct number of selection with some incorrect anwsers is reflected in response object[0m
[0m[[0minfo[0m] [0m[32m+[0m incorrect selection is reflected in response object[0m
[0m[[0minfo[0m] [0m[32m+[0m incorrect selection and incorrent number of selection should both be reflected in response object[0m
[0m[[0minfo[0m] [0m[32m+[0m parse correct responses correctly[0m
[0m[[0minfo[0m] [0mTotal for specification SelectTextInteractionTest[0m
[0m[[0minfo[0m] [0m[34mFinished in 5 ms[0m[0m
[0m[[0minfo[0m] [0m[34m13 examples, 0 failure, 0 error[0m[0m
[0m[[0minfo[0m] [0mTextEntryInteractionTest[0m
[0m[[0minfo[0m] [0mqti item 1 should[0m
[0m[[0minfo[0m] [0m[32m+[0m contain text entry interaction[0m
[0m[[0minfo[0m] [0m[32m+[0m contain response declaration[0m
[0m[[0minfo[0m] [0m[32m+[0m retrieves correct response for exact match[0m
[0m[[0minfo[0m] [0m[32m+[0m retrieves correct response with spaces[0m
[0m[[0minfo[0m] [0m[32m+[0m retrieves correct response with different case[0m
[0m[[0minfo[0m] [0m[32m+[0m retrieves correct response with outcome properties when necessary[0m
[0m[[0minfo[0m] [0mTotal for specification TextEntryInteractionTest[0m
[0m[[0minfo[0m] [0m[34mFinished in 2 ms[0m[0m
[0m[[0minfo[0m] [0m[34m6 examples, 0 failure, 0 error[0m[0m
[0m[[0minfo[0m] [0morg.corespring.lti.web.accessControl.auth.ValidateAssessmentIdAndOrgIdTest[0m
[0m[[0minfo[0m] [0mReportGeneratorTest[0m
[0m[[0minfo[0m] [0mgenerateAllReports should[0m
[0m[[0minfo[0m] [0m[32m+[0m call all generator functions[0m
[0m[[0minfo[0m] [0mgenerateReport should[0m
[0m[[0minfo[0m] [0m[32m+[0m call generator function for primarySubject[0m
[0m[[0minfo[0m] [0m[32m+[0m call generator function for standards[0m
[0m[[0minfo[0m] [0m[32m+[0m call generator function for collection[0m
[0m[[0minfo[0m] [0m[32m+[0m call generator function for contributor[0m
[0m[[0minfo[0m] [0mTotal for specification ReportGeneratorTest[0m
[0m[[0minfo[0m] [0m[34mFinished in 1 second, 689 ms[0m[0m
[0m[[0minfo[0m] [0m[34m5 examples, 0 failure, 0 error[0m[0m
[0m[[0minfo[0m] [0m[32m+[0m The mock was called as expected[0m
[0m[[0minfo[0m] [0m[32m+[0m The mock was called as expected[0m
[0m[[0minfo[0m] [0m[32m+[0m The mock was called as expected[0m
[0m[[0minfo[0m] [0m[32m+[0m The mock was called as expected[0m
[0m[[0minfo[0m] [0m[32m+[0m The mock was called as expected[0m
[0m[[0minfo[0m] [0m[0m
[0m[[0minfo[0m] [0m[0m
[0m[[0minfo[0m] [0mTotal for test org.corespring.reporting.services.ReportGeneratorTest[0m
[0m[[0minfo[0m] [0m[34mFinished in 8.066 seconds[0m[0m
[0m[[0minfo[0m] [0m[34m5 tests, 0 failures, 0 errors[0m[0m
[0m[[0minfo[0m] [0mPassed: Total 1, Failed 0, Errors 0, Passed 1[0m
[0m[[0minfo[0m] [0mPassed: Total 162, Failed 0, Errors 0, Passed 162[0m
[0m[[0minfo[0m] [0mPassed: Total 5, Failed 0, Errors 0, Passed 5[0m
[0m[[0minfo[0m] [0mPassed: Total 0, Failed 0, Errors 0, Passed 0[0m
[0m[[0minfo[0m] [0mNo tests to run for corespring-scorm-web/test:test[0m
[0m[[0minfo[0m] [0mScriptResolverTest[0m
[0m[[0minfo[0m] [0mscript resolver should[0m
[0m[[0minfo[0m] [0m[32m+[0m work with local paths[0m
[0m[[0minfo[0m] [0m[32m+[0m work with remote paths[0m
[0m[[0minfo[0m] [0mTotal for specification ScriptResolverTest[0m
[0m[[0minfo[0m] [0m[34mFinished in 333 ms[0m[0m
[0m[[0minfo[0m] [0m[34m2 examples, 0 failure, 0 error[0m[0m
[0m[[0minfo[0m] [0m[32m+[0m List(path/choiceInteraction.js, path/lib.js)[0m
[0m[[0minfo[0m] [0m is equal to [0m
[0m[[0minfo[0m] [0mList(path/choiceInteraction.js, path/lib.js)[0m
[0m[[0minfo[0m] [0m[32m+[0m List(http://some.com/app.js) is equal to List(http://some.com/app.js)[0m
[0m[[0minfo[0m] [0m[0m
[0m[[0minfo[0m] [0m[0m
[0m[[0minfo[0m] [0mTotal for test org.corespring.player.v1.views.qti.ScriptResolverTest[0m
[0m[[0minfo[0m] [0m[34mFinished in 3.882 seconds[0m[0m
[0m[[0minfo[0m] [0m[34m2 tests, 0 failures, 0 errors[0m[0m
[0m[[0minfo[0m] [0morg.corespring.player.v1.controllers.SessionTest[0m
[0m[[0minfo[0m] [0mLtiAssessmentTest[0m
[0m[[0minfo[0m] [0mlaunch config should[0m
[0m[[0minfo[0m] [0m[32m+[0m add assignments[0m
[0m[[0minfo[0m] [0m[32m+[0m can update works[0m
[0m[[0minfo[0m] [0m[32m+[0m can't update the settings if somebody has participated with an item[0m
[0m[[0minfo[0m] [0m[32m+[0m can't remove itemId if the config has assignments[0m
[0m[[0minfo[0m] [0mTotal for specification LtiAssessmentTest[0m
[0m[[0minfo[0m] [0m[34mFinished in 129 ms[0m[0m
[0m[[0minfo[0m] [0m[34m4 examples, 0 failure, 0 error[0m[0m
[0m[[0minfo[0m] [0mPassed: Total 4, Failed 0, Errors 0, Passed 4[0m
[0m[[0minfo[0m] [0mtests.developer.models.RegistrationTokenTest[0m
19:50:17,436 |-INFO in ch.qos.logback.classic.LoggerContext[default] - Could NOT find resource [logback.groovy]
19:50:17,436 |-INFO in ch.qos.logback.classic.LoggerContext[default] - Could NOT find resource [logback-test.xml]
19:50:17,437 |-INFO in ch.qos.logback.classic.LoggerContext[default] - Found resource [logback.xml] at [jar:file:/Users/edeustace/dev/frameworks/play/play-2.2.1/repository/local/com.typesafe.play/play_2.10/2.2.1/jars/play_2.10.jar!/logback.xml]
19:50:17,439 |-WARN in ch.qos.logback.classic.LoggerContext[default] - Resource [logback.xml] occurs multiple times on the classpath.
19:50:17,439 |-WARN in ch.qos.logback.classic.LoggerContext[default] - Resource [logback.xml] occurs at [jar:file:/Users/edeustace/dev/frameworks/play/play-2.2.1/framework/../repository/cache/com.ee/assets-loader_2.10/jars/assets-loader_2.10-0.12.0.jar!/logback.xml]
19:50:17,439 |-WARN in ch.qos.logback.classic.LoggerContext[default] - Resource [logback.xml] occurs at [jar:file:/Users/edeustace/dev/frameworks/play/play-2.2.1/repository/local/com.typesafe.play/play_2.10/2.2.1/jars/play_2.10.jar!/logback.xml]
19:50:17,487 |-INFO in ch.qos.logback.core.joran.spi.ConfigurationWatchList@dee4143 - URL [jar:file:/Users/edeustace/dev/frameworks/play/play-2.2.1/repository/local/com.typesafe.play/play_2.10/2.2.1/jars/play_2.10.jar!/logback.xml] is not of type file
19:50:17,776 |-INFO in ch.qos.logback.classic.joran.action.ConfigurationAction - debug attribute not set
19:50:17,780 |-INFO in ch.qos.logback.core.joran.action.AppenderAction - About to instantiate appender of type [ch.qos.logback.core.ConsoleAppender]
19:50:17,809 |-INFO in ch.qos.logback.core.joran.action.AppenderAction - Naming appender as [STDOUT]
19:50:17,849 |-INFO in ch.qos.logback.core.joran.action.NestedComplexPropertyIA - Assuming default type [ch.qos.logback.classic.encoder.PatternLayoutEncoder] for [encoder] property
19:50:17,959 |-INFO in ch.qos.logback.classic.joran.action.RootLoggerAction - Setting level of ROOT logger to ERROR
19:50:17,959 |-INFO in ch.qos.logback.core.joran.action.AppenderRefAction - Attaching appender named [STDOUT] to Logger[ROOT]
19:50:17,960 |-INFO in ch.qos.logback.classic.joran.action.ConfigurationAction - End of configuration.
19:50:17,962 |-INFO in ch.qos.logback.classic.joran.JoranConfigurator@311fc1d9 - Registering current configuration as safe fallback point

 ----------------------------> Starting app /Users/edeustace/dev/github/corespring/corespring-api/.
finish = true
{"id":"53a876ea3004da4932238bfe","itemId":"53a876ea3004da4932238bfd","responses":[{"id":"RESPONSE","value":"ChoiceB","outcome":{"score":0.0,"isCorrect":false}}],"settings":{"maxNoOfAttempts":1,"highlightUserResponse":true,"highlightCorrectResponse":true,"showFeedback":true,"allowEmptyResponses":false,"submitCompleteMessage":"Ok! Your response was submitted.","submitIncorrectMessage":"You may revise your work before you submit your final response."},"sessionData":{"correctResponses":[{"id":"RESPONSE","value":"ChoiceC"}],"feedbackContents":{"5":"Your answer.","6":"Correct!"}},"dateModified":1403549418493,"start":1403549418494,"isStarted":true,"finish":1403549418493,"isFinished":true,"outcome":{"score":0.0,"isCorrect":false,"isComplete":true,"identifierOutcomes":{"RESPONSE":{"score":0.0,"isCorrect":false,"isComplete":true}}}}
[[31merror[0m] CorespringInternalError - The session is finished
{"id":"53a876ea3004da4932238c14","itemId":"53a876ea3004da4932238c13","responses":[{"id":"winterDiscontent","value":"blergl"}],"settings":{"maxNoOfAttempts":0,"highlightUserResponse":true,"highlightCorrectResponse":true,"showFeedback":true,"allowEmptyResponses":true,"submitCompleteMessage":"Ok! Your response was submitted.","submitIncorrectMessage":"You may revise your work before you submit your final response."},"dateModified":1403549418994,"start":1403549418986,"isStarted":true}
19:50:18,374 |-INFO in ch.qos.logback.classic.LoggerContext[default] - Could NOT find resource [logback.groovy]
19:50:18,374 |-INFO in ch.qos.logback.classic.LoggerContext[default] - Could NOT find resource [logback-test.xml]
19:50:18,375 |-INFO in ch.qos.logback.classic.LoggerContext[default] - Found resource [logback.xml] at [jar:file:/Users/edeustace/dev/frameworks/play/play-2.2.1/repository/local/com.typesafe.play/play_2.10/2.2.1/jars/play_2.10.jar!/logback.xml]
19:50:18,378 |-WARN in ch.qos.logback.classic.LoggerContext[default] - Resource [logback.xml] occurs multiple times on the classpath.
19:50:18,378 |-WARN in ch.qos.logback.classic.LoggerContext[default] - Resource [logback.xml] occurs at [jar:file:/Users/edeustace/dev/frameworks/play/play-2.2.1/framework/../repository/cache/com.ee/assets-loader_2.10/jars/assets-loader_2.10-0.12.0.jar!/logback.xml]
19:50:18,378 |-WARN in ch.qos.logback.classic.LoggerContext[default] - Resource [logback.xml] occurs at [jar:file:/Users/edeustace/dev/frameworks/play/play-2.2.1/repository/local/com.typesafe.play/play_2.10/2.2.1/jars/play_2.10.jar!/logback.xml]
19:50:18,427 |-INFO in ch.qos.logback.core.joran.spi.ConfigurationWatchList@4e28d640 - URL [jar:file:/Users/edeustace/dev/frameworks/play/play-2.2.1/repository/local/com.typesafe.play/play_2.10/2.2.1/jars/play_2.10.jar!/logback.xml] is not of type file
19:50:18,814 |-INFO in ch.qos.logback.classic.joran.action.ConfigurationAction - debug attribute not set
19:50:18,828 |-INFO in ch.qos.logback.core.joran.action.AppenderAction - About to instantiate appender of type [ch.qos.logback.core.ConsoleAppender]
19:50:18,854 |-INFO in ch.qos.logback.core.joran.action.AppenderAction - Naming appender as [STDOUT]
19:50:18,898 |-INFO in ch.qos.logback.core.joran.action.NestedComplexPropertyIA - Assuming default type [ch.qos.logback.classic.encoder.PatternLayoutEncoder] for [encoder] property
19:50:19,066 |-INFO in ch.qos.logback.classic.joran.action.RootLoggerAction - Setting level of ROOT logger to ERROR
19:50:19,066 |-INFO in ch.qos.logback.core.joran.action.AppenderRefAction - Attaching appender named [STDOUT] to Logger[ROOT]
19:50:19,067 |-INFO in ch.qos.logback.classic.joran.action.ConfigurationAction - End of configuration.
19:50:19,070 |-INFO in ch.qos.logback.classic.joran.JoranConfigurator@3281d07d - Registering current configuration as safe fallback point

 ----------------------------> Starting app /Users/edeustace/dev/github/corespring/corespring-api/.
19:50:18,649 |-INFO in ch.qos.logback.classic.LoggerContext[default] - Could NOT find resource [logback.groovy]
19:50:18,650 |-INFO in ch.qos.logback.classic.LoggerContext[default] - Could NOT find resource [logback-test.xml]
19:50:18,650 |-INFO in ch.qos.logback.classic.LoggerContext[default] - Found resource [logback.xml] at [jar:file:/Users/edeustace/dev/frameworks/play/play-2.2.1/repository/local/com.typesafe.play/play_2.10/2.2.1/jars/play_2.10.jar!/logback.xml]
19:50:18,653 |-WARN in ch.qos.logback.classic.LoggerContext[default] - Resource [logback.xml] occurs multiple times on the classpath.
19:50:18,653 |-WARN in ch.qos.logback.classic.LoggerContext[default] - Resource [logback.xml] occurs at [jar:file:/Users/edeustace/dev/frameworks/play/play-2.2.1/framework/../repository/cache/com.ee/assets-loader_2.10/jars/assets-loader_2.10-0.12.0.jar!/logback.xml]
19:50:18,653 |-WARN in ch.qos.logback.classic.LoggerContext[default] - Resource [logback.xml] occurs at [jar:file:/Users/edeustace/dev/frameworks/play/play-2.2.1/repository/local/com.typesafe.play/play_2.10/2.2.1/jars/play_2.10.jar!/logback.xml]
19:50:18,707 |-INFO in ch.qos.logback.core.joran.spi.ConfigurationWatchList@4dba62df - URL [jar:file:/Users/edeustace/dev/frameworks/play/play-2.2.1/repository/local/com.typesafe.play/play_2.10/2.2.1/jars/play_2.10.jar!/logback.xml] is not of type file
19:50:19,081 |-INFO in ch.qos.logback.classic.joran.action.ConfigurationAction - debug attribute not set
19:50:19,084 |-INFO in ch.qos.logback.core.joran.action.AppenderAction - About to instantiate appender of type [ch.qos.logback.core.ConsoleAppender]
19:50:19,112 |-INFO in ch.qos.logback.core.joran.action.AppenderAction - Naming appender as [STDOUT]
19:50:19,190 |-INFO in ch.qos.logback.core.joran.action.NestedComplexPropertyIA - Assuming default type [ch.qos.logback.classic.encoder.PatternLayoutEncoder] for [encoder] property
19:50:19,332 |-INFO in ch.qos.logback.classic.joran.action.RootLoggerAction - Setting level of ROOT logger to ERROR
19:50:19,332 |-INFO in ch.qos.logback.core.joran.action.AppenderRefAction - Attaching appender named [STDOUT] to Logger[ROOT]
19:50:19,334 |-INFO in ch.qos.logback.classic.joran.action.ConfigurationAction - End of configuration.
19:50:19,337 |-INFO in ch.qos.logback.classic.joran.JoranConfigurator@2529e9d4 - Registering current configuration as safe fallback point

 ----------------------------> Starting app /Users/edeustace/dev/github/corespring/corespring-api/.
[[31merror[0m] CorespringInternalError - can't find item session: 53a876eb3004da4932238c1a
[0m[[0minfo[0m] [0mItemSessionTest[0m
[0m[[0minfo[0m] [0mjson parsing should[0m
[0m[[0minfo[0m] [0m[32m+[0m work[0m
[0m[[0minfo[0m] [0mitemSession should[0m
[0m[[0minfo[0m] [0m[32m+[0m be saveable[0m
[0m[[0minfo[0m] [0m[32m+[0m be deletable[0m
[0m[[0minfo[0m] [0m[32m+[0m throw an IllegalArgumentException if a feedbackInline node has no identifier[0m
[0m[[0minfo[0m] [0mupdate item session should[0m
[0m[[0minfo[0m] [0m[32m+[0m update item settings[0m
[0m[[0minfo[0m] [0mprocess should[0m
[0m[[0minfo[0m] [0m[32m+[0m return feedback contents for an incorrect answer if settings are set and item is finished[0m
[0m[[0minfo[0m] [0m[32m+[0m automatically finish an item if only one attempt is allowed[0m
[0m[[0minfo[0m] [0m[32m+[0m automatically finish an item if the max number of attempts has been reached[0m
[0m[[0minfo[0m] [0m[32m+[0m automatically finish a session if all responses are correct[0m
[0m[[0minfo[0m] [0m[32m+[0m don't automatically finish an item if there is any incorrect responses[0m
[0m[[0minfo[0m] [0m[32m+[0m automatically start an item if its not started[0m
[0m[[0minfo[0m] [0m[32m+[0m return a finish after the first attempt if only one attempt is allowed[0m
[0m[[0minfo[0m] [0m[32m+[0m return scores for item responses[0m
[0m[[0minfo[0m] [0m[32m+[0m return scores for full qti item[0m
[0m[[0minfo[0m] [0m[32m+[0m return session outcome with overall score[0m
[0m[[0minfo[0m] [0m[32m+[0m add a dateModified value[0m
[0m[[0minfo[0m] [0m[32m+[0m if isAttempt is set to false, don't count as a submission[0m
[0m[[0minfo[0m] [0mnew item session should[0m
[0m[[0minfo[0m] [0m[32m+[0m return an unstarted item session[0m
[0m[[0minfo[0m] [0mstart item session should[0m
[0m[[0minfo[0m] [0m[32m+[0m start the session[0m
[0m[[0minfo[0m] [0mget total score should[0m
[0m[[0minfo[0m] [0m[32m+[0m return the correct score[0m
[0m[[0minfo[0m] [0m[32m+[0m return correct score from full assessment[0m
[0m[[0minfo[0m] [0mreopen should[0m
[0m[[0minfo[0m] [0m[32m+[0m reopen a session[0m
[0m[[0minfo[0m] [0mTotal for specification ItemSessionTest[0m
[0m[[0minfo[0m] [0m[34mFinished in 2 seconds, 186 ms[0m[0m
[0m[[0minfo[0m] [0m[34m22 examples, 0 failure, 0 error[0m[0m
json value: ["a","b"]
[0m[[0minfo[0m] [0mResponseTest[0m
[0m[[0minfo[0m] [0mResponse should[0m
[0m[[0minfo[0m] [0m[32m+[0m generate json correctly with an array of values[0m
[0m[[0minfo[0m] [0m[32m+[0m not parse the outcome from the json[0m
[0m[[0minfo[0m] [0m[32m+[0m generate json correctly with a value string[0m
[0m[[0minfo[0m] [0mTotal for specification ResponseTest[0m
[0m[[0minfo[0m] [0m[34mFinished in 1 ms[0m[0m
[0m[[0minfo[0m] [0m[34m3 examples, 0 failure, 0 error[0m[0m
19:50:19,273 |-INFO in ch.qos.logback.classic.LoggerContext[default] - Could NOT find resource [logback.groovy]
19:50:19,274 |-INFO in ch.qos.logback.classic.LoggerContext[default] - Could NOT find resource [logback-test.xml]
19:50:19,274 |-INFO in ch.qos.logback.classic.LoggerContext[default] - Found resource [logback.xml] at [jar:file:/Users/edeustace/dev/frameworks/play/play-2.2.1/repository/local/com.typesafe.play/play_2.10/2.2.1/jars/play_2.10.jar!/logback.xml]
19:50:19,278 |-WARN in ch.qos.logback.classic.LoggerContext[default] - Resource [logback.xml] occurs multiple times on the classpath.
19:50:19,278 |-WARN in ch.qos.logback.classic.LoggerContext[default] - Resource [logback.xml] occurs at [jar:file:/Users/edeustace/dev/frameworks/play/play-2.2.1/framework/../repository/cache/com.ee/assets-loader_2.10/jars/assets-loader_2.10-0.12.0.jar!/logback.xml]
19:50:19,278 |-WARN in ch.qos.logback.classic.LoggerContext[default] - Resource [logback.xml] occurs at [jar:file:/Users/edeustace/dev/frameworks/play/play-2.2.1/repository/local/com.typesafe.play/play_2.10/2.2.1/jars/play_2.10.jar!/logback.xml]
19:50:19,342 |-INFO in ch.qos.logback.core.joran.spi.ConfigurationWatchList@14a5a728 - URL [jar:file:/Users/edeustace/dev/frameworks/play/play-2.2.1/repository/local/com.typesafe.play/play_2.10/2.2.1/jars/play_2.10.jar!/logback.xml] is not of type file
19:50:19,744 |-INFO in ch.qos.logback.classic.joran.action.ConfigurationAction - debug attribute not set
19:50:19,752 |-INFO in ch.qos.logback.core.joran.action.AppenderAction - About to instantiate appender of type [ch.qos.logback.core.ConsoleAppender]
19:50:19,792 |-INFO in ch.qos.logback.core.joran.action.AppenderAction - Naming appender as [STDOUT]
19:50:19,842 |-INFO in ch.qos.logback.core.joran.action.NestedComplexPropertyIA - Assuming default type [ch.qos.logback.classic.encoder.PatternLayoutEncoder] for [encoder] property
19:50:20,047 |-INFO in ch.qos.logback.classic.joran.action.RootLoggerAction - Setting level of ROOT logger to ERROR
19:50:20,048 |-INFO in ch.qos.logback.core.joran.action.AppenderRefAction - Attaching appender named [STDOUT] to Logger[ROOT]
19:50:20,052 |-INFO in ch.qos.logback.classic.joran.action.ConfigurationAction - End of configuration.
19:50:20,055 |-INFO in ch.qos.logback.classic.joran.JoranConfigurator@5481029c - Registering current configuration as safe fallback point

 ----------------------------> Starting app /Users/edeustace/dev/github/corespring/corespring-api/.
[0m[[0minfo[0m] [0mTaskInfoTest[0m
[0m[[0minfo[0m] [0mTaskInfo should[0m
[0m[[0minfo[0m] [0m[32m+[0m parses gradeLevel[0m
[0m[[0minfo[0m] [0m[32m+[0m does not parse invalid gradeLevel[0m
[0m[[0minfo[0m] [0m[32m+[0m parse itemType[0m
[0m[[0minfo[0m] [0mTotal for specification TaskInfoTest[0m
[0m[[0minfo[0m] [0m[34mFinished in 1 ms[0m[0m
[0m[[0minfo[0m] [0m[34m3 examples, 0 failure, 0 error[0m[0m
[0m[[0minfo[0m] [0mPermissionTest[0m
[0m[[0minfo[0m] [0mPermission should[0m
[0m[[0minfo[0m] [0m[32m+[0m work[0m
[0m[[0minfo[0m] [0mTotal for specification PermissionTest[0m
[0m[[0minfo[0m] [0m[34mFinished in 0 ms[0m[0m
[0m[[0minfo[0m] [0m[34m1 example, 0 failure, 0 error[0m[0m
[0m[[0minfo[0m] [0mOrganizationServiceTest[0m
[0m[[0minfo[0m] [0morg service should[0m
[0m[[0minfo[0m] [0m[32m+[0m return an error string if the set doesn't exist[0m
[0m[[0minfo[0m] [0m[32m+[0m not return an error string if the set doesn't exist but check existence is false[0m
[0m[[0minfo[0m] [0m[32m+[0m add a metadataset[0m
[0m[[0minfo[0m] [0m[32m+[0m remove a metadataset[0m
[0m[[0minfo[0m] [0mTotal for specification OrganizationServiceTest[0m
[0m[[0minfo[0m] [0m[34mFinished in 1 ms[0m[0m
[0m[[0minfo[0m] [0m[34m4 examples, 0 failure, 0 error[0m[0m
[0m[[0minfo[0m] [0mFileTest[0m
[0m[[0minfo[0m] [0mStoredFile should[0m
[0m[[0minfo[0m] [0m[32m+[0m return a storage key for id with no version[0m
[0m[[0minfo[0m] [0m[32m+[0m return a storage key for id with a version[0m
[0m[[0minfo[0m] [0mTotal for specification FileTest[0m
[0m[[0minfo[0m] [0m[34mFinished in 1 ms[0m[0m
[0m[[0minfo[0m] [0m[34m2 examples, 0 failure, 0 error[0m[0m
[0m[[0minfo[0m] [0mAdditionalCopyrightTest[0m
[0m[[0minfo[0m] [0mAdditionalCopyright should[0m
[0m[[0minfo[0m] [0m[32m+[0m be serialized properly[0m
[0m[[0minfo[0m] [0m[32m+[0m be serialized properly to a collection[0m
[0m[[0minfo[0m] [0m[32m+[0m be deserialized properly[0m
[0m[[0minfo[0m] [0m[32m+[0m be deserialized properly to Seq[0m
[0m[[0minfo[0m] [0mTotal for specification AdditionalCopyrightTest[0m
[0m[[0minfo[0m] [0m[34mFinished in 1 ms[0m[0m
[0m[[0minfo[0m] [0m[34m4 examples, 0 failure, 0 error[0m[0m
[0m[[0minfo[0m] [0mTokenReaderTest[0m
[0m[[0minfo[0m] [0mTokenReader should[0m
[0m[[0minfo[0m] [0m[32m+[0m read - no token[0m
[0m[[0minfo[0m] [0m[32m+[0m read - query token[0m
[0m[[0minfo[0m] [0m[32m+[0m read - session token[0m
[0m[[0minfo[0m] [0m[32m+[0m read - header token[0m
[0m[[0minfo[0m] [0m[32m+[0m read - header token error[0m
[0m[[0minfo[0m] [0mTotal for specification TokenReaderTest[0m
[0m[[0minfo[0m] [0m[34mFinished in 1 ms[0m[0m
[0m[[0minfo[0m] [0m[34m5 examples, 0 failure, 0 error[0m[0m
 ----------------------------> Starting app /Users/edeustace/dev/github/corespring/corespring-api/.
[0m[[0minfo[0m] [0mStandardOrderingTest[0m
[0m[[0minfo[0m] [0mcompare should[0m
[0m[[0minfo[0m] [0m[32m+[0m order by subject[0m
[0m[[0minfo[0m] [0m[32m+[0m order by grades when subjects are equal[0m
[0m[[0minfo[0m] [0m[32m+[0m order by category when subject and grade are equal[0m
[0m[[0minfo[0m] [0m[32m+[0m order by code when subject, grade, and category are equal[0m
[0m[[0minfo[0m] [0mTotal for specification StandardOrderingTest[0m
[0m[[0minfo[0m] [0m[34mFinished in 2 ms[0m[0m
[0m[[0minfo[0m] [0m[34m4 examples, 0 failure, 0 error[0m[0m
[0m[[0minfo[0m] [0mCDataHandlerTest[0m
[0m[[0minfo[0m] [0maddCDataTags should[0m
[0m[[0minfo[0m] [0m[32m+[0m replace <script/> with <script><![CDATA[]]></script>[0m
[0m[[0minfo[0m] [0m[32m+[0m do nothing to <script><![CDATA[]]></script>[0m
[0m[[0minfo[0m] [0m[32m+[0m replace multiple <script/> with <script><![CDATA[]]></script>[0m
[0m[[0minfo[0m] [0mTotal for specification CDataHandlerTest[0m
[0m[[0minfo[0m] [0m[34mFinished in 1 ms[0m[0m
[0m[[0minfo[0m] [0m[34m3 examples, 0 failure, 0 error[0m[0m
[0m[[0minfo[0m] [0mVersionedIdImplicitsTest[0m
[0m[[0minfo[0m] [0mBinder should[0m
[0m[[0minfo[0m] [0m[32m+[0m convert string to versioned id[0m
[0m[[0minfo[0m] [0m[32m+[0m convert versioned id to string[0m
[0m[[0minfo[0m] [0mReads should[0m
[0m[[0minfo[0m] [0m[32m+[0m read json[0m
[0m[[0minfo[0m] [0mWrites should[0m
[0m[[0minfo[0m] [0m[32m+[0m write json[0m
[0m[[0minfo[0m] [0mTotal for specification VersionedIdImplicitsTest[0m
[0m[[0minfo[0m] [0m[34mFinished in 2 ms[0m[0m
[0m[[0minfo[0m] [0m[34m4 examples, 0 failure, 0 error[0m[0m
[0m[[0minfo[0m] [0mUserTest[0m
[0m[[0minfo[0m] [0muser should[0m
[0m[[0minfo[0m] [0m[34m*[0m insert PENDING[0m
[0m[[0minfo[0m] [0m[34m*[0m update PENDING[0m
[0m[[0minfo[0m] [0m[34m*[0m add organization PENDING[0m
[0m[[0minfo[0m] [0m[34m*[0m get organization PENDING[0m
[0m[[0minfo[0m] [0m[34m*[0m get PENDING[0m
[0m[[0minfo[0m] [0m[34m*[0m write json PENDING[0m
[0m[[0minfo[0m] [0m[32m+[0m get permissions[0m
[0m[[0minfo[0m] [0mTotal for specification UserTest[0m
[0m[[0minfo[0m] [0m[34mFinished in 109 ms[0m[0m
[0m[[0minfo[0m] [0m[34m7 examples, 0 failure, 0 error, 6 pending[0m[0m
[[37minfo[0m] application - [securesocial] loaded templates plugin: developer.controllers.CoreSpringViews
[0m[[0minfo[0m] [0mAssessmentServiceTest[0m
[0m[[0minfo[0m] [0mAssessment should[0m
[0m[[0minfo[0m] [0m[32m+[0m save[0m
[0m[[0minfo[0m] [0m[32m+[0m parse json[0m
[0m[[0minfo[0m] [0m[32m+[0m add answer[0m
[0m[[0minfo[0m] [0m[32m+[0m find by ids[0m
[0m[[0minfo[0m] [0m[32m+[0m update adds item info[0m
[0m[[0minfo[0m] [0m[32m+[0m json generation works[0m
[0m[[0minfo[0m] [0mTotal for specification AssessmentServiceTest[0m
[0m[[0minfo[0m] [0m[34mFinished in 806 ms[0m[0m
[0m[[0minfo[0m] [0m[34m6 examples, 0 failure, 0 error[0m[0m
Generated json: {"metadataKey":"one","editorUrl":"url","editorLabel":"label","isPublic":true,"schema":[{"key":"apple"}],"id":"53a876ee3004da4932238c43"}

          {
            "id" : "53a876ee3004da4932238c43",
            "metadataKey" : "one",
            "editorLabel" : "label",
            "editorUrl" : "url",
            "isPublic" : true,
            "schema" : [  {"key" : "apple"} ]
            
          }
        
Generated json: {"metadataKey":"one","editorUrl":"url","editorLabel":"label","isPublic":true,"schema":[{"key":"apple"}],"id":"53a876ee3004da4932238c42","data":{"apple":"Granny Smith"}}

          {
            "id" : "53a876ee3004da4932238c42",
            "metadataKey" : "one",
            "editorLabel" : "label",
            "editorUrl" : "url",
            "isPublic" : true,
            "schema" : [  {"key" : "apple"} ]
            , "data" : {  "apple" : "Granny Smith" }
          }
        
[0m[[0minfo[0m] [0mSetJsonTest[0m
[0m[[0minfo[0m] [0mSetJson should[0m
[0m[[0minfo[0m] [0m[32m+[0m create some json[0m
[0m[[0minfo[0m] [0m[32m+[0m create some json[0m
[0m[[0minfo[0m] [0mTotal for specification SetJsonTest[0m
[0m[[0minfo[0m] [0m[34mFinished in 0 ms[0m[0m
[0m[[0minfo[0m] [0m[34m2 examples, 0 failure, 0 error[0m[0m
[0m[[0minfo[0m] [0mItemTest[0m
[0m[[0minfo[0m] [0mparse should[0m
[0m[[0minfo[0m] [0m[32m+[0m work[0m
[0m[[0minfo[0m] [0m[32m+[0m parse player definition[0m
[0m[[0minfo[0m] [0m[32m+[0m parse workflow[0m
[0m[[0minfo[0m] [0m[32m+[0m parse standards[0m
[0m[[0minfo[0m] [0m[32m+[0m parse priorGradeLevel[0m
[0m[[0minfo[0m] [0m[32m+[0m not parse invalid priorGradeLevel[0m
[0m[[0minfo[0m] [0m[32m+[0m parse subjects with only primary[0m
[0m[[0minfo[0m] [0m[32m+[0m parse subjects with primary and related[0m
[0m[[0minfo[0m] [0m[32m+[0m parse contributor details[0m
[0m[[0minfo[0m] [0m[34m*[0m item properties are validated when saving PENDING[0m
[0m[[0minfo[0m] [0mclone should[0m
[0m[[0minfo[0m] [0m[32m+[0m work[0m
[0m[[0minfo[0m] [0m[32m+[0m prepend [copy] to title[0m
[0m[[0minfo[0m] [0m[32m+[0m prepend [copy] to empty taskinfo[0m
[0m[[0minfo[0m] [0m[32m+[0m prepend [copy] to empty title[0m
[0m[[0minfo[0m] [0mTotal for specification ItemTest[0m
[0m[[0minfo[0m] [0m[34mFinished in 2 ms[0m[0m
[0m[[0minfo[0m] [0m[34m14 examples, 0 failure, 0 error, 1 pending[0m[0m
[0m[[0minfo[0m] [0mValidateAssessmentIdAndOrgIdTest[0m
[0m[[0minfo[0m] [0mvalidate assessment id and org id should[0m
[0m[[0minfo[0m] [0m[32m+[0m fail for nothing[0m
[0m[[0minfo[0m] [0m[32m+[0m fail for no assessment id[0m
[0m[[0minfo[0m] [0m[32m+[0m fail for no org id[0m
[0m[[0minfo[0m] [0m[32m+[0m ok for assessment id and org id[0m
[0m[[0minfo[0m] [0mTotal for specification ValidateAssessmentIdAndOrgIdTest[0m
[0m[[0minfo[0m] [0m[34mFinished in 1 second, 8 ms[0m[0m
[0m[[0minfo[0m] [0m[34m4 examples, 0 failure, 0 error[0m[0m
[0m[[0minfo[0m] [0m[32m+[0m '401' is equal to '401'[0m
[0m[[0minfo[0m] [0m[32m+[0m '401' is equal to '401'[0m
[0m[[0minfo[0m] [0m[32m+[0m '401' is equal to '401'[0m
[0m[[0minfo[0m] [0m[32m+[0m '200' is equal to '200'[0m
[0m[[0minfo[0m] [0m[0m
[0m[[0minfo[0m] [0m[0m
[0m[[0minfo[0m] [0mTotal for test org.corespring.lti.web.accessControl.auth.ValidateAssessmentIdAndOrgIdTest[0m
[0m[[0minfo[0m] [0m[34mFinished in 6.099 seconds[0m[0m
[0m[[0minfo[0m] [0m[34m4 tests, 0 failures, 0 errors[0m[0m
[0m[[0minfo[0m] [0morg.corespring.lti.web.controllers.LaunchConfigTest[0m
[0m[[0minfo[0m] [0mMetadataSetServiceImplTest[0m
[0m[[0minfo[0m] [0mmetadata set service should[0m
[0m[[0minfo[0m] [0m[32m+[0m create[0m
[0m[[0minfo[0m] [0m[32m+[0m list[0m
[0m[[0minfo[0m] [0m[32m+[0m update[0m
[0m[[0minfo[0m] [0m[32m+[0m delete[0m
[0m[[0minfo[0m] [0mTotal for specification MetadataSetServiceImplTest[0m
[0m[[0minfo[0m] [0m[34mFinished in 186 ms[0m[0m
[0m[[0minfo[0m] [0m[34m4 examples, 0 failure, 0 error[0m[0m
[0m[[0minfo[0m] [0mItemApiTest[0m
[0m[[0minfo[0m] [0mV2 - ItemApi should[0m
[0m[[0minfo[0m] [0m[32m+[0m create - ignores the id in the request[0m
[0m[[0minfo[0m] [0m[32m+[0m create - if there's no json in the body - it uses the default json[0m
[0m[[0minfo[0m] [0m[32m+[0m create - if there's no player definition in the json body - it adds the default player definition[0m
[0m[[0minfo[0m] [0m[32m+[0m create - returns 200 - it ignores bad json, if it can't be pared[0m
[0m[[0minfo[0m] [0m[32m+[0m returns 401 - if permisssion denied[0m
[0m[[0minfo[0m] [0m[32m+[0m create - returns error with a bad save[0m
[0m[[0minfo[0m] [0mTotal for specification ItemApiTest[0m
[0m[[0minfo[0m] [0m[34mFinished in 4 seconds, 927 ms[0m[0m
[0m[[0minfo[0m] [0m[34m6 examples, 0 failure, 0 error[0m[0m
[0m[[0minfo[0m] [0m[32m+[0m [0m
[0m[[0minfo[0m] [0m[32m+[0m [0m
[0m[[0minfo[0m] [0m[32m+[0m [0m
[0m[[0minfo[0m] [0m[32m+[0m [0m
[0m[[0minfo[0m] [0m[32m+[0m [0m
[0m[[0minfo[0m] [0m[32m+[0m [0m
[0m[[0minfo[0m] [0m[0m
[0m[[0minfo[0m] [0m[0m
[0m[[0minfo[0m] [0mTotal for test org.corespring.api.v2.ItemApiTest[0m
[0m[[0minfo[0m] [0m[34mFinished in 11.153 seconds[0m[0m
[0m[[0minfo[0m] [0m[34m6 tests, 0 failures, 0 errors[0m[0m
[0m[[0minfo[0m] [0morg.corespring.api.v2.services.ItemPermissionServiceTest[0m
[0m[[0minfo[0m] [0mItemPermissionServiceTest[0m
[0m[[0minfo[0m] [0mItemPermissionService should[0m
[0m[[0minfo[0m] [0m[32m+[0m denied - if no collection id[0m
[0m[[0minfo[0m] [0m[32m+[0m denied [0m
[0m[[0minfo[0m] [0m[32m+[0m denied if read only [0m
[0m[[0minfo[0m] [0m[32m+[0m denied if read only [0m
[0m[[0minfo[0m] [0mTotal for specification ItemPermissionServiceTest[0m
[0m[[0minfo[0m] [0m[34mFinished in 43 ms[0m[0m
[0m[[0minfo[0m] [0m[34m4 examples, 0 failure, 0 error[0m[0m
[0m[[0minfo[0m] [0m[32m+[0m the value is equal to 'false'[0m
[0m[[0minfo[0m] [0m[32m+[0m the value is equal to 'false'[0m
[0m[[0minfo[0m] [0m[32m+[0m the value is equal to 'false'[0m
[0m[[0minfo[0m] [0m[32m+[0m the value is equal to 'true'[0m
[0m[[0minfo[0m] [0m[0m
[0m[[0minfo[0m] [0m[0m
[0m[[0minfo[0m] [0mTotal for test org.corespring.api.v2.services.ItemPermissionServiceTest[0m
[0m[[0minfo[0m] [0m[34mFinished in 0.094 seconds[0m[0m
[0m[[0minfo[0m] [0m[34m4 tests, 0 failures, 0 errors[0m[0m
[0m[[0minfo[0m] [0mPassed: Total 10, Failed 0, Errors 0, Passed 10[0m
[[36mdebug[0m] application - StoredFile(cute-puppy.jpg,image/jpg,false,test_images/cute-kittens1.jpg)
[[36mdebug[0m] application - VirtualFile(index.html,text/html,true,<html><head><link rel="stylesheet" href="my.css"/></head><body><div class="blue">hello world, here is a cute puppy<br/><img src="cute-puppy.jpg"/></body></html>)
[0m[[0minfo[0m] [0mAssetResourceTest[0m
[0m[[0minfo[0m] [0mshow resource should[0m
[0m[[0minfo[0m] [0m[32m+[0m return an asset[0m
[0m[[0minfo[0m] [0m[32m+[0m return an asset[0m
[0m[[0minfo[0m] [0m[32m+[0m give correct error message[0m
[0m[[0minfo[0m] [0mTotal for specification AssetResourceTest[0m
[0m[[0minfo[0m] [0m[34mFinished in 1 ms[0m[0m
[0m[[0minfo[0m] [0m[34m3 examples, 0 failure, 0 error[0m[0m
[0m[[0minfo[0m] [0mItemSessionSettingsTest[0m
[0m[[0minfo[0m] [0mitem session settings  should[0m
[0m[[0minfo[0m] [0m[32m+[0m parse json[0m
[0m[[0minfo[0m] [0m[32m+[0m parse settings in ItemSession[0m
[0m[[0minfo[0m] [0mTotal for specification ItemSessionSettingsTest[0m
[0m[[0minfo[0m] [0m[34mFinished in 1 ms[0m[0m
[0m[[0minfo[0m] [0m[34m2 examples, 0 failure, 0 error[0m[0m
[[37minfo[0m] play - Starting application default Akka system.
[0m[[0minfo[0m] [0mPlayerDefinitionTransformerTest[0m
[0m[[0minfo[0m] [0mtransformer should[0m
[0m[[0minfo[0m] [0m[32m+[0m serialize + deserialize with virtual files[0m
[0m[[0minfo[0m] [0m[32m+[0m serialize + deserialize with stored files[0m
[0m[[0minfo[0m] [0m[32m+[0m serialize + deserialize json[0m
[0m[[0minfo[0m] [0m[32m+[0m serialize + deserialize xhtml[0m
[0m[[0minfo[0m] [0m[32m+[0m serialize + deserialize summaryFeedback[0m
[0m[[0minfo[0m] [0mTotal for specification PlayerDefinitionTransformerTest[0m
[0m[[0minfo[0m] [0m[34mFinished in 2 ms[0m[0m
[0m[[0minfo[0m] [0m[34m5 examples, 0 failure, 0 error[0m[0m
[[37minfo[0m] akka.event.slf4j.Slf4jLogger - Slf4jLogger started
[[37minfo[0m] application - [securesocial] loaded user service: class developer.controllers.CoreSpringUserService
[[37minfo[0m] application - [securesocial] loaded password hasher bcrypt
[[37minfo[0m] application - [securesocial] loaded identity provider: userpass
[0m[[0minfo[0m] [0mItemFilesTest[0m
[0m[[0minfo[0m] [0mitem files should[0m
[0m[[0minfo[0m] [0m[32m+[0m clone[0m
[0m[[0minfo[0m] [0m[32m+[0m if clone fails for a file then the list of clone file results are returned[0m
[0m[[0minfo[0m] [0mTotal for specification ItemFilesTest[0m
[0m[[0minfo[0m] [0m[34mFinished in 1 ms[0m[0m
[0m[[0minfo[0m] [0m[34m2 examples, 0 failure, 0 error[0m[0m
expecting version: 1
expecting version: 0
[0m[[0minfo[0m] [0mItemServiceImplTest[0m
[0m[[0minfo[0m] [0msave should[0m
[0m[[0minfo[0m] [0m[32m+[0m revert the version if a failure occurred when cloning stored files[0m
[0m[[0minfo[0m] [0m[32m+[0m update the version if no failure occurred when cloning stored files[0m
[0m[[0minfo[0m] [0msession count should[0m
[0m[[0minfo[0m] [0m[32m+[0m count[0m
[0m[[0minfo[0m] [0mTotal for specification ItemServiceImplTest[0m
[0m[[0minfo[0m] [0m[34mFinished in 1 ms[0m[0m
[0m[[0minfo[0m] [0m[34m3 examples, 0 failure, 0 error[0m[0m
[0m[[0minfo[0m] [0mPassed: Total 124, Failed 0, Errors 0, Passed 117, Skipped 7[0m
[[33mwarn[0m] assets.loader.new-loader - Note: deployer is currently disabled
[[33mwarn[0m] assets.loader.new-loader - Note: deployer is currently disabled
[[37minfo[0m] application - [securesocial] loaded identity provider: twitter
[[37minfo[0m] application - [securesocial] loaded identity provider: google
[[37minfo[0m] application - [securesocial] loaded event listener corespring_user_event_listener
[0m[[0minfo[0m] [0mSessionTest[0m
[0m[[0minfo[0m] [0msession should[0m
[0m[[0minfo[0m] [0m  use the preview collection for preview mode only[0m
[0m[[0minfo[0m] [0m  [32m+[0m create[0m
[0m[[0minfo[0m] [0mTotal for specification SessionTest[0m
[0m[[0minfo[0m] [0m[34mFinished in 3 seconds, 807 ms[0m[0m
[0m[[0minfo[0m] [0m[34m1 example, 0 failure, 0 error[0m[0m
[0m[[0minfo[0m] [0m[32m+[0m There are 3 successes[0m
[0m[[0minfo[0m] [0mthe value is equal to 'true'[0m
[0m[[0minfo[0m] [0mthe value is equal to 'true'[0m
[0m[[0minfo[0m] [0mthe value is equal to 'true'[0m
[0m[[0minfo[0m] [0m[0m
[0m[[0minfo[0m] [0m[0m
[0m[[0minfo[0m] [0mTotal for test org.corespring.player.v1.controllers.SessionTest[0m
[0m[[0minfo[0m] [0m[34mFinished in 7.272 seconds[0m[0m
[0m[[0minfo[0m] [0m[34m1 tests, 0 failures, 0 errors[0m[0m
[0m[[0minfo[0m] [0morg.corespring.player.v1.controllers.ViewsTest[0m
[[33mwarn[0m] a.l.new-loader - Note: deployer is currently disabled
[[33mwarn[0m] a.l.new-loader - [toElements] Can't find resource: js/corespring/common/services/ItemFormattingUtils.js
[[33mwarn[0m] a.l.new-loader - [toElements] Can't find resource: js/corespring/common/services/MessageBridge.js
[[33mwarn[0m] a.l.new-loader - [toElements] Can't find resource: js/corespring/common/directives/ResultPager.js
[[33mwarn[0m] a.l.new-loader - [toElements] Can't find resource: js/corespring/common/directives/IframeAutoHeight.js
[[33mwarn[0m] a.l.new-loader - [toElements] Can't find resource: js/corespring/common/services/Logger.js
[[33mwarn[0m] a.l.new-loader - [toElements] Can't find resource: js/corespring/qti/controllers
[[33mwarn[0m] a.l.new-loader - [toElements] Can't find resource: js/corespring/qti/app.js
[[33mwarn[0m] a.l.new-loader - [toElements] Can't find resource: js/corespring/qti/services/qtiServices.js
[[33mwarn[0m] a.l.new-loader - [toElements] Can't find resource: js/corespring/qti/services/Canvas.js
[[33mwarn[0m] a.l.new-loader - [toElements] Can't find resource: js/corespring/qti/directives/DimensionsChecker.js
[[33mwarn[0m] a.l.new-loader - [toElements] Can't find resource: js/corespring/qti/directives/correctAnswer.js
[[33mwarn[0m] a.l.new-loader - [toElements] Can't find resource: js/corespring/qti/directives/feedbackInline.js
[[33mwarn[0m] a.l.new-loader - [toElements] Can't find resource: js/corespring/qti/prototype.extensions/Array.js
[[33mwarn[0m] a.l.new-loader - [toElements] Can't find resource: js/corespring/qti/prototype.extensions/Function.js
[[33mwarn[0m] a.l.new-loader - [toElements] Can't find resource: js/corespring/qti/directives/web/textEntryInteraction.js
[[33mwarn[0m] a.l.new-loader - [toElements] Can't find resource: js/corespring/qti/directives/web/inlineChoiceInteraction.js
[[33mwarn[0m] a.l.new-loader - [toElements] Can't find resource: js/corespring/qti/directives/web/choiceInteraction.js
[[33mwarn[0m] a.l.new-loader - [toElements] Can't find resource: js/corespring/qti/directives/web/simpleChoice.js
[[33mwarn[0m] a.l.new-loader - [toElements] Can't find resource: js/corespring/qti/directives/web/orderInteraction.js
[[33mwarn[0m] a.l.new-loader - [toElements] Can't find resource: js/corespring/qti/directives/web/extendedTextInteraction.js
[[33mwarn[0m] a.l.new-loader - [toElements] Can't find resource: stylesheets/qti/directives/web/textEntryInteraction.css
[[33mwarn[0m] a.l.new-loader - [toElements] Can't find resource: stylesheets/qti/directives/web/inlineChoiceInteraction.css
[[33mwarn[0m] a.l.new-loader - [toElements] Can't find resource: stylesheets/qti/directives/web/choiceInteraction.css
[[33mwarn[0m] a.l.new-loader - [toElements] Can't find resource: stylesheets/qti/directives/web/simpleChoice.css
[[33mwarn[0m] a.l.new-loader - [toElements] Can't find resource: stylesheets/qti/directives/web/orderInteraction.css
[[33mwarn[0m] a.l.new-loader - [toElements] Can't find resource: stylesheets/qti/directives/web/extendedTextInteraction.css
[0m[[0minfo[0m] [0mRegistrationTokenTest[0m
[0m[[0minfo[0m] [0mtoken should[0m
[0m[[0minfo[0m] [0mLaunchConfigTest[0m
[0m[[0minfo[0m] [0mlaunch config should[0m
[0m[[0minfo[0m] [0m[32m+[0m return a config[0m
[0m[[0minfo[0m] [0m[32m+[0m update a config[0m
[0m[[0minfo[0m] [0m[32m+[0m not allow an update if the user org doesn't match the db org[0m
[0m[[0minfo[0m] [0mTotal for specification LaunchConfigTest[0m
[0m[[0minfo[0m] [0m[34mFinished in 2 seconds, 534 ms[0m[0m
[0m[[0minfo[0m] [0m[34m3 examples, 0 failure, 0 error[0m[0m
[0m[[0minfo[0m] [0m[32m+[0m '53a876ef3004ea73a1ceee62' is equal to '53a876ef3004ea73a1ceee62'[0m
[0m[[0minfo[0m] [0m[32m+[0m 'Some(53a876f13004ea73a1ceee64)' is equal to 'Some(53a876f13004ea73a1ceee64)'[0m
[0m[[0minfo[0m] [0m[32m+[0m '400' is equal to '400'[0m
[0m[[0minfo[0m] [0m[0m
[0m[[0minfo[0m] [0m[0m
[0m[[0minfo[0m] [0mTotal for test org.corespring.lti.web.controllers.LaunchConfigTest[0m
[0m[[0minfo[0m] [0m[34mFinished in 2.584 seconds[0m[0m
[0m[[0minfo[0m] [0m[34m3 tests, 0 failures, 0 errors[0m[0m
[0m[[0minfo[0m] [0mPassed: Total 7, Failed 0, Errors 0, Passed 7[0m
[0m[[0minfo[0m] [0m[32m+[0m serializing to json[0m
[0m[[0minfo[0m] [0m[32m+[0m deserializing from json[0m
[0m[[0minfo[0m] [0mTotal for specification RegistrationTokenTest[0m
[0m[[0minfo[0m] [0m[34mFinished in 269 ms[0m[0m
[0m[[0minfo[0m] [0m[34m2 examples, 0 failure, 0 error[0m[0m
[0m[[0minfo[0m] [0m[32m+[0m the value is equal to 'true'[0m
[0m[[0minfo[0m] [0m[32m+[0m the value is equal to 'true'[0m
[0m[[0minfo[0m] [0m[0m
[0m[[0minfo[0m] [0m[0m
[0m[[0minfo[0m] [0mTotal for test tests.developer.models.RegistrationTokenTest[0m
[0m[[0minfo[0m] [0m[34mFinished in 8.429 seconds[0m[0m
[0m[[0minfo[0m] [0m[34m2 tests, 0 failures, 0 errors[0m[0m
[0m[[0minfo[0m] [0mtests.web.views.helpers.MainHelperTest[0m
[[33mwarn[0m] a.l.new-loader - [toElements] Can't find resource: js/corespring/qti/directives/aggregate/textEntryInteraction.js
[[33mwarn[0m] a.l.new-loader - [toElements] Can't find resource: js/corespring/qti/directives/aggregate/inlineChoiceInteraction.js
[[33mwarn[0m] a.l.new-loader - [toElements] Can't find resource: js/corespring/qti/directives/aggregate/choiceInteraction.js
[[33mwarn[0m] a.l.new-loader - [toElements] Can't find resource: js/corespring/qti/directives/aggregate/simpleChoice.js
[[33mwarn[0m] a.l.new-loader - [toElements] Can't find resource: js/corespring/qti/directives/aggregate/orderInteraction.js
[[33mwarn[0m] a.l.new-loader - [toElements] Can't find resource: js/corespring/qti/directives/aggregate/extendedTextInteraction.js
[[33mwarn[0m] a.l.new-loader - [toElements] Can't find resource: stylesheets/qti/directives/aggregate/textEntryInteraction.css
[[33mwarn[0m] a.l.new-loader - [toElements] Can't find resource: stylesheets/qti/directives/aggregate/inlineChoiceInteraction.css
[[33mwarn[0m] a.l.new-loader - [toElements] Can't find resource: stylesheets/qti/directives/aggregate/choiceInteraction.css
[[33mwarn[0m] a.l.new-loader - [toElements] Can't find resource: stylesheets/qti/directives/aggregate/simpleChoice.css
[[33mwarn[0m] a.l.new-loader - [toElements] Can't find resource: stylesheets/qti/directives/aggregate/orderInteraction.css
[[33mwarn[0m] a.l.new-loader - [toElements] Can't find resource: stylesheets/qti/directives/aggregate/extendedTextInteraction.css
[[33mwarn[0m] a.l.new-loader - [toElements] Can't find resource: js/corespring/qti/directives/printing/textEntryInteraction.js
[[33mwarn[0m] a.l.new-loader - [toElements] Can't find resource: js/corespring/qti/directives/printing/inlineChoiceInteraction.js
[[33mwarn[0m] a.l.new-loader - [toElements] Can't find resource: js/corespring/qti/directives/printing/choiceInteraction.js
[[33mwarn[0m] a.l.new-loader - [toElements] Can't find resource: js/corespring/qti/directives/printing/simpleChoice.js
[[33mwarn[0m] a.l.new-loader - [toElements] Can't find resource: js/corespring/qti/directives/printing/orderInteraction.js
[[33mwarn[0m] a.l.new-loader - [toElements] Can't find resource: js/corespring/qti/directives/printing/extendedTextInteraction.js
[[33mwarn[0m] a.l.new-loader - [toElements] Can't find resource: stylesheets/qti/directives/printing/textEntryInteraction.css
[[33mwarn[0m] a.l.new-loader - [toElements] Can't find resource: stylesheets/qti/directives/printing/inlineChoiceInteraction.css
[[33mwarn[0m] a.l.new-loader - [toElements] Can't find resource: stylesheets/qti/directives/printing/choiceInteraction.css
[[33mwarn[0m] a.l.new-loader - [toElements] Can't find resource: stylesheets/qti/directives/printing/simpleChoice.css
[[33mwarn[0m] a.l.new-loader - [toElements] Can't find resource: stylesheets/qti/directives/printing/orderInteraction.css
[[33mwarn[0m] a.l.new-loader - [toElements] Can't find resource: stylesheets/qti/directives/printing/extendedTextInteraction.css
[0m[[0minfo[0m] [0mViewsTest[0m
[0m[[0minfo[0m] [0mviews should[0m
[0m[[0minfo[0m] [0m[32m+[0m set the correct cookie[0m
[0m[[0minfo[0m] [0mTotal for specification ViewsTest[0m
[0m[[0minfo[0m] [0m[34mFinished in 1 second, 57 ms[0m[0m
[0m[[0minfo[0m] [0m[34m1 example, 0 failure, 0 error[0m[0m
[0m[[0minfo[0m] [0m[32m+[0m Some(preview) == status: 200, mode: preview[0m
[0m[[0minfo[0m] [0m[0m
[0m[[0minfo[0m] [0m[0m
[0m[[0minfo[0m] [0mTotal for test org.corespring.player.v1.controllers.ViewsTest[0m
[0m[[0minfo[0m] [0m[34mFinished in 1.545 seconds[0m[0m
[0m[[0minfo[0m] [0m[34m1 tests, 0 failures, 0 errors[0m[0m
[0m[[0minfo[0m] [0morg.corespring.player.v1.controllers.rewrites.TexRewriteRuleTest[0m
[0m[[0minfo[0m] [0mTexRewriteRuleTest[0m
[0m[[0minfo[0m] [0mtransform should[0m
[0m[[0minfo[0m] [0m[32m+[0m do nothing for non-tex node[0m
[0m[[0minfo[0m] [0m[32m+[0m transform <tex/> into Text node with default inline[0m
[0m[[0minfo[0m] [0m[32m+[0m transform <tex inline='true'/> into inline tex[0m
[0m[[0minfo[0m] [0m[32m+[0m transform <tex inline='false'/> into block tex[0m
[0m[[0minfo[0m] [0mblockTex should[0m
[0m[[0minfo[0m] [0m[32m+[0m return children surrounded with $$[0m
[0m[[0minfo[0m] [0m[32m+[0m return children HTML encoded[0m
[0m[[0minfo[0m] [0minlineTex should[0m
[0m[[0minfo[0m] [0m[32m+[0m return children surrounded with \( \)[0m
[0m[[0minfo[0m] [0m[32m+[0m return children HTML encoded[0m
[0m[[0minfo[0m] [0mTotal for specification TexRewriteRuleTest[0m
[0m[[0minfo[0m] [0m[34mFinished in 68 ms[0m[0m
[0m[[0minfo[0m] [0m[34m8 examples, 0 failure, 0 error[0m[0m
[0m[[0minfo[0m] [0m[32m+[0m <node></node> is equal to <node></node>[0m
[0m[[0minfo[0m] [0m[32m+[0m \(latex source\) is equal to \(latex source\)[0m
[0m[[0minfo[0m] [0m[32m+[0m \(latex source\) is equal to \(latex source\)[0m
[0m[[0minfo[0m] [0m[32m+[0m $$latex source$$ is equal to $$latex source$$[0m
[0m[[0minfo[0m] [0m[32m+[0m '$$latex source$$' is equal to '$$latex source$$'[0m
[0m[[0minfo[0m] [0m[32m+[0m '$$3 &amp;gt; 4$$' is equal to '$$3 &amp;gt; 4$$'[0m
[0m[[0minfo[0m] [0m[32m+[0m '\(latex source\)' is equal to '\(latex source\)'[0m
[0m[[0minfo[0m] [0m[32m+[0m '\(3 &amp;gt; 4\)' is equal to '\(3 &amp;gt; 4\)'[0m
[0m[[0minfo[0m] [0m[0m
[0m[[0minfo[0m] [0m[0m
[0m[[0minfo[0m] [0mTotal for test org.corespring.player.v1.controllers.rewrites.TexRewriteRuleTest[0m
[0m[[0minfo[0m] [0m[34mFinished in 0.16 seconds[0m[0m
[0m[[0minfo[0m] [0m[34m8 tests, 0 failures, 0 errors[0m[0m
[0m[[0minfo[0m] [0morg.corespring.player.v1.views.QtiKeysTest[0m
[0m[[0minfo[0m] [0mExampleContentTest[0m
[0m[[0minfo[0m] [0mExampleContent should[0m
[0m[[0minfo[0m] [0m[32m+[0m return the items[0m
[0m[[0minfo[0m] [0mTotal for specification ExampleContentTest[0m
[0m[[0minfo[0m] [0m[34mFinished in 4 seconds, 574 ms[0m[0m
[0m[[0minfo[0m] [0m[34m1 example, 0 failure, 0 error[0m[0m
[0m[[0minfo[0m] [0m[32m+[0m 'Some(Subjects(None,None))' is not equal to 'None'[0m
[0m[[0minfo[0m] [0m[0m
[0m[[0minfo[0m] [0m[0m
[0m[[0minfo[0m] [0mTotal for test org.corespring.web.publicsite.controllers.ExampleContentTest[0m
[0m[[0minfo[0m] [0m[34mFinished in 9.835 seconds[0m[0m
[0m[[0minfo[0m] [0m[34m1 tests, 0 failures, 0 errors[0m[0m
[0m[[0minfo[0m] [0mPassed: Total 1, Failed 0, Errors 0, Passed 1[0m
[0m[[0minfo[0m] [0mQtiKeysTest[0m
[0m[[0minfo[0m] [0mqti keys should[0m
[0m[[0minfo[0m] [0m[32m+[0m create empty keys[0m
[0m[[0minfo[0m] [0m[32m+[0m create keys[0m
[0m[[0minfo[0m] [0m[32m+[0m find keys in feedback nodes[0m
[0m[[0minfo[0m] [0m[32m+[0m find tabs[0m
[0m[[0minfo[0m] [0m[32m+[0m find numbered lines[0m
[0m[[0minfo[0m] [0mTotal for specification QtiKeysTest[0m
[0m[[0minfo[0m] [0m[34mFinished in 15 ms[0m[0m
[0m[[0minfo[0m] [0m[34m5 examples, 0 failure, 0 error[0m[0m
[0m[[0minfo[0m] [0m[32m+[0m List() is equal to List()[0m
[0m[[0minfo[0m] [0m[32m+[0m List(choiceInteraction, textEntryInteraction)[0m
[0m[[0minfo[0m] [0m is equal to [0m
[0m[[0minfo[0m] [0mList(choiceInteraction, textEntryInteraction)[0m
[0m[[0minfo[0m] [0m[32m+[0m List(choiceInteraction, math) is equal to List(choiceInteraction, math)[0m
[0m[[0minfo[0m] [0m[32m+[0m List(tabs) is equal to List(tabs)[0m
[0m[[0minfo[0m] [0m[32m+[0m List(numberedLines) is equal to List(numberedLines)[0m
[0m[[0minfo[0m] [0m[0m
[0m[[0minfo[0m] [0m[0m
[0m[[0minfo[0m] [0mTotal for test org.corespring.player.v1.views.QtiKeysTest[0m
[0m[[0minfo[0m] [0m[34mFinished in 0.058 seconds[0m[0m
[0m[[0minfo[0m] [0m[34m5 tests, 0 failures, 0 errors[0m[0m
[0m[[0minfo[0m] [0morg.corespring.player.v1.views.qti.QtiAssetsTest[0m
[0m[[0minfo[0m] [0mQtiAssetsTest[0m
[0m[[0minfo[0m] [0mqti assets should[0m
[0m[[0minfo[0m] [0m[32m+[0m return the correct paths [0m
[0m[[0minfo[0m] [0m[32m+[0m adds local dependents[0m
[0m[[0minfo[0m] [0m[32m+[0m finds numbered lines[0m
[0m[[0minfo[0m] [0m[32m+[0m find cs-tabs[0m
[0m[[0minfo[0m] [0m[32m+[0m find tabs and math[0m
[0m[[0minfo[0m] [0mTotal for specification QtiAssetsTest[0m
[0m[[0minfo[0m] [0m[34mFinished in 21 ms[0m[0m
[0m[[0minfo[0m] [0m[34m5 examples, 0 failure, 0 error[0m[0m
[0m[[0minfo[0m] [0m[32m+[0m List(css/aggregate/choiceInteraction.css, css/aggregate/textEntryInteraction.css)[0m
[0m[[0minfo[0m] [0m is equal to [0m
[0m[[0minfo[0m] [0mList(css/aggregate/choiceInteraction.css, css/aggregate/textEntryInteraction.css)[0m
[0m[[0minfo[0m] [0m[32m+[0m List(css/web/choiceInteraction.css, css/web/other.css, css/web/textEntryInteraction.css)[0m
[0m[[0minfo[0m] [0m is equal to [0m
[0m[[0minfo[0m] [0mList(css/web/choiceInteraction.css, css/web/other.css, css/web/textEntryInteraction.css)[0m
[0m[[0minfo[0m] [0m[32m+[0m List(css/web/numberedLines.css) is equal to List(css/web/numberedLines.css)[0m
[0m[[0minfo[0m] [0m[32m+[0m List(css/web/tabs.css) is equal to List(css/web/tabs.css)[0m
[0m[[0minfo[0m] [0m[32m+[0m List(remote-math.js) is equal to List(remote-math.js)[0m
[0m[[0minfo[0m] [0m[0m
[0m[[0minfo[0m] [0m[0m
[0m[[0minfo[0m] [0mTotal for test org.corespring.player.v1.views.qti.QtiAssetsTest[0m
[0m[[0minfo[0m] [0m[34mFinished in 0.063 seconds[0m[0m
[0m[[0minfo[0m] [0m[34m5 tests, 0 failures, 0 errors[0m[0m
[0m[[0minfo[0m] [0morg.corespring.player.v1.controllers.AssetLoadingTest[0m
[0m[[0minfo[0m] [0mMainHelperTest[0m
[0m[[0minfo[0m] [0mmain helper should[0m
[0m[[0minfo[0m] [0m[32m+[0m write org json[0m
[0m[[0minfo[0m] [0m[32m+[0m write safe xml [0m
[0m[[0minfo[0m] [0mTotal for specification MainHelperTest[0m
[0m[[0minfo[0m] [0m[34mFinished in 534 ms[0m[0m
[0m[[0minfo[0m] [0m[34m2 examples, 0 failure, 0 error[0m[0m
[0m[[0minfo[0m] [0m[32m+[0m '{"id":"53a876f13004f1c6a7da4e8b","isRoot":false,"name":"test","collections":[]}'[0m
[0m[[0minfo[0m] [0m is equal to [0m
[0m[[0minfo[0m] [0m'{"id":"53a876f13004f1c6a7da4e8b","isRoot":false,"name":"test","collections":[]}'[0m
[0m[[0minfo[0m] [0m[32m+[0m '<root name=\"test\">hello \\ there \\n</root>'[0m
[0m[[0minfo[0m] [0m is equal to [0m
[0m[[0minfo[0m] [0m'<root name=\"test\">hello \\ there \\n</root>'[0m
[0m[[0minfo[0m] [0m[0m
[0m[[0minfo[0m] [0m[0m
[0m[[0minfo[0m] [0mTotal for test tests.web.views.helpers.MainHelperTest[0m
[0m[[0minfo[0m] [0m[34mFinished in 0.566 seconds[0m[0m
[0m[[0minfo[0m] [0m[34m2 tests, 0 failures, 0 errors[0m[0m
[0m[[0minfo[0m] [0mapi.v1.ItemMetadataApiTest[0m
ApiClient -> api client count --> 6
ApiClient -> api client count --> 6
ApiClient -> api client count --> 6
ApiClient -> api client count --> 6
ApiClient -> api client count --> 6
[0m[[0minfo[0m] [0mAssetLoadingTest[0m
[0m[[0minfo[0m] [0masset loading should[0m
[0m[[0minfo[0m] [0m[32m+[0m load the js and set the cookies [0m
[0m[[0minfo[0m] [0m[32m+[0m return errors[0m
[0m[[0minfo[0m] [0mTotal for specification AssetLoadingTest[0m
[0m[[0minfo[0m] [0m[34mFinished in 127 ms[0m[0m
[0m[[0minfo[0m] [0m[34m2 examples, 0 failure, 0 error[0m[0m
[0m[[0minfo[0m] [0m[32m+[0m 'preview' is equal to 'preview'[0m
[0m[[0minfo[0m] [0m[32m+[0m 'Can\'t convert json to options: {}' is equal to 'Can\'t convert json to options: {}'[0m
[0m[[0minfo[0m] [0m[0m
[0m[[0minfo[0m] [0m[0m
[0m[[0minfo[0m] [0mTotal for test org.corespring.player.v1.controllers.AssetLoadingTest[0m
[0m[[0minfo[0m] [0m[34mFinished in 0.19 seconds[0m[0m
[0m[[0minfo[0m] [0m[34m2 tests, 0 failures, 0 errors[0m[0m
[0m[[0minfo[0m] [0morg.corespring.player.v1.controllers.EncrypterTest[0m
[0m[[0minfo[0m] [0mEncrypterTest[0m
[0m[[0minfo[0m] [0mencrypter should[0m
[0m[[0minfo[0m] [0m[32m+[0m call using an access token[0m
[0m[[0minfo[0m] [0m[32m+[0m return a clientId and options[0m
[0m[[0minfo[0m] [0m[32m+[0m return a key with the correct client id[0m
[0m[[0minfo[0m] [0m[32m+[0m return a key that contains encrypted options that can be decrypted using the client secret to equal the constraints sent[0m
[0m[[0minfo[0m] [0m[32m+[0m gives validation errors[0m
[0m[[0minfo[0m] [0mTotal for specification EncrypterTest[0m
[0m[[0minfo[0m] [0m[34mFinished in 49 ms[0m[0m
[0m[[0minfo[0m] [0m[34m5 examples, 0 failure, 0 error[0m[0m
[0m[[0minfo[0m] [0m[32m+[0m 'Some(application/json)' is equal to 'Some(application/json)'[0m
[0m[[0minfo[0m] [0m[32m+[0m 'Some(319b6493e12ba7245e8dce7a336e0571d86eb1176093e75282c7f39d2e53391f18c61be6d41d6d9017f9bf684d50940347d7e14adc6afafef2951dff93e497445c23bb8458d22c1b153bfe62c5ea7b6709cdc371de532d56a1207f51684ffddacba107d027b705eb2e6473850dff944132f7435f312f8f5fe8989c87cbb354a259c08fc5c0d44702770280f3b7935362--b75c25e7e697d4a77d291e6065f740f0)' is Some[0m
[0m[[0minfo[0m] [0m[32m+[0m 'Some(502d46ce0364068384f217a3)' is Some with value '502d46ce0364068384f217a3'[0m
[0m[[0minfo[0m] [0m[32m+[0m 'Some(RenderOptions(50083ba9e4b071cb5ef79101,502d0f823004deb7f4f53be7,*,student,0,render))'[0m
[0m[[0minfo[0m] [0m is equal to [0m
[0m[[0minfo[0m] [0m'Some(RenderOptions(50083ba9e4b071cb5ef79101,502d0f823004deb7f4f53be7,*,student,0,render))'[0m
[0m[[0minfo[0m] [0m[32m+[0m '200' is equal to '200'[0m
[0m[[0minfo[0m] [0m[0m
[0m[[0minfo[0m] [0m[0m
[0m[[0minfo[0m] [0mTotal for test org.corespring.player.v1.controllers.EncrypterTest[0m
[0m[[0minfo[0m] [0m[34mFinished in 0.122 seconds[0m[0m
[0m[[0minfo[0m] [0m[34m5 tests, 0 failures, 0 errors[0m[0m
[0m[[0minfo[0m] [0mPassed: Total 29, Failed 0, Errors 0, Passed 29[0m
[0m[[0minfo[0m] [0mItemMetadataApiTest[0m
[0m[[0minfo[0m] [0mItemMetadataApi should[0m
[0m[[0minfo[0m] [0m[32m+[0m get metadata for an item[0m
[0m[[0minfo[0m] [0mTotal for specification ItemMetadataApiTest[0m
[0m[[0minfo[0m] [0m[34mFinished in 1 second, 446 ms[0m[0m
[0m[[0minfo[0m] [0m[34m1 example, 0 failure, 0 error[0m[0m
[0m[[0minfo[0m] [0m[32m+[0m success[0m
[0m[[0minfo[0m] [0m[0m
[0m[[0minfo[0m] [0m[0m
[0m[[0minfo[0m] [0mTotal for test api.v1.ItemMetadataApiTest[0m
[0m[[0minfo[0m] [0m[34mFinished in 1.514 seconds[0m[0m
[0m[[0minfo[0m] [0m[34m1 tests, 0 failures, 0 errors[0m[0m
[0m[[0minfo[0m] [0mtests.models.ItemQueryTest[0m
contents: [{"extended":{"demo_org":{"ui_comment":"comment about ui","dev_comment":"comment about dev","qa_comment":"comment about qa","num_comments":"5"}}}]
[0m[[0minfo[0m] [0mItemQueryTest[0m
[0m[[0minfo[0m] [0m[32m+[0m filter search for author in contributorDetails[0m
[0m[[0minfo[0m] [0m[32m+[0m filter search by gradeLevel matching multiple grades[0m
[0m[[0minfo[0m] [0m[32m+[0m filter search by subCategory in standards[0m
[0m[[0minfo[0m] [0m[32m+[0m filter search by subjects[0m
[0m[[0minfo[0m] [0m[32m+[0m use regex to filter search by title[0m
[0m[[0minfo[0m] [0m[32m+[0m filter search by itemType AND title[0m
[0m[[0minfo[0m] [0m[32m+[0m filter search by title OR primarySubject OR gradeLevel OR itemType OR standards.dotNotation OR contributorDetails.author[0m
[0m[[0minfo[0m] [0m[32m+[0m search by title OR primarySubject OR gradeLevel OR itemType OR standards.dotNotation OR contributorDetails.author returns results even with a value for standards.dotNotation that does not contain any results[0m
[0m[[0minfo[0m] [0m[34m*[0m filtering by supportingMaterials results in error this is failing, because the json is invalid, not because the query is bad, so the assertion is wrong. Pending until fixed[0m
[0m[[0minfo[0m] [0m[34m*[0m filtering by data results in error this is failing, because the json is invalid, not because the query is bad, so the assertion is wrong. Pending until fixed[0m
[0m[[0minfo[0m] [0m[32m+[0m filter items based on a set of subjects using $in[0m
[0m[[0minfo[0m] [0m[32m+[0m filter items based on a set of collections using $in[0m
[0m[[0minfo[0m] [0m[32m+[0m all queryable item params are checked within it's search method[0m
[0m[[0minfo[0m] [0m[32m+[0m all search field item params are checked within it's search method[0m
[0m[[0minfo[0m] [0m[32m+[0m search for items that do not have an itemType equal to Multiple Choice[0m
[0m[[0minfo[0m] [0m[32m+[0m search for items that do not contain a gradeLevel of 02 or 04[0m
[0m[[0minfo[0m] [0m[32m+[0m no results are returned when searching for itemType that has both values of Multiple Choice and Project[0m
[0m[[0minfo[0m] [0m[32m+[0m match all items that have a gradeLevel which contains the values 02 and 04 in its array[0m
[0m[[0minfo[0m] [0m[32m+[0m search for items by metadata[0m
[0m[[0minfo[0m] [0mTotal for specification ItemQueryTest[0m
[0m[[0minfo[0m] [0m[34mFinished in 1 second, 179 ms[0m[0m
[0m[[0minfo[0m] [0m[34m19 examples, 0 failure, 0 error, 2 pending[0m[0m
[0m[[0minfo[0m] [0m[32m+[0m the value is true[0m
[0m[[0minfo[0m] [0m[32m+[0m the value is true[0m
[0m[[0minfo[0m] [0m[32m+[0m the value is true[0m
[0m[[0minfo[0m] [0m[32m+[0m the value is true[0m
[0m[[0minfo[0m] [0m[32m+[0m the value is true[0m
[0m[[0minfo[0m] [0m[32m+[0m the value is true[0m
[0m[[0minfo[0m] [0m[32m+[0m the value is true[0m
[0m[[0minfo[0m] [0m[32m+[0m the value is true[0m
[0m[[0minfo[0m] [0m[33mo[0m this is failing, because the json is invalid, not because the query is bad, so the assertion is wrong. Pending until fixed[0m
[0m[[0minfo[0m] [0m[33mo[0m this is failing, because the json is invalid, not because the query is bad, so the assertion is wrong. Pending until fixed[0m
[0m[[0minfo[0m] [0m[32m+[0m the value is true[0m
[0m[[0minfo[0m] [0m[32m+[0m the value is true[0m
[0m[[0minfo[0m] [0m[32m+[0m '200' is equal to '200'[0m
[0m[[0minfo[0m] [0m[32m+[0m '200' is equal to '200'[0m
[0m[[0minfo[0m] [0m[32m+[0m the value is true[0m
[0m[[0minfo[0m] [0m[32m+[0m the value is true[0m
[0m[[0minfo[0m] [0m[32m+[0m '0' is equal to '0'[0m
[0m[[0minfo[0m] [0m[32m+[0m the value is true[0m
[0m[[0minfo[0m] [0m[32m+[0m the value is true[0m
[0m[[0minfo[0m] [0m[0m
[0m[[0minfo[0m] [0m[0m
[0m[[0minfo[0m] [0mTotal for test tests.models.ItemQueryTest[0m
[0m[[0minfo[0m] [0m[34mFinished in 1.307 seconds[0m[0m
[0m[[0minfo[0m] [0m[34m19 tests, 0 failures, 0 errors[0m[0m
[0m[[0minfo[0m] [0mtests.filters.AjaxFilterTest[0m
[0m[[0minfo[0m] [0mAjaxFilterTest[0m
[0m[[0minfo[0m] [0mAjaxFilter should[0m
[0m[[0minfo[0m] [0m[32m+[0m add Cache-Control header when X-Requested-With is XMLHttpRequest[0m
[0m[[0minfo[0m] [0m[32m+[0m not add Cache-Control header when X-Requested-With is not XMLHttpRequest[0m
[0m[[0minfo[0m] [0m[32m+[0m not add Cache-Control header with X-Requested-With header missing[0m
[0m[[0minfo[0m] [0mTotal for specification AjaxFilterTest[0m
[0m[[0minfo[0m] [0m[34mFinished in 29 ms[0m[0m
[0m[[0minfo[0m] [0m[34m3 examples, 0 failure, 0 error[0m[0m
[0m[[0minfo[0m] [0m[32m+[0m the value is equal to 'false'[0m
[0m[[0minfo[0m] [0m[32m+[0m 'None' is equal to 'None'[0m
[0m[[0minfo[0m] [0m[32m+[0m 'None' is equal to 'None'[0m
[0m[[0minfo[0m] [0m[0m
[0m[[0minfo[0m] [0m[0m
[0m[[0minfo[0m] [0mTotal for test tests.filters.AjaxFilterTest[0m
[0m[[0minfo[0m] [0m[34mFinished in 0.064 seconds[0m[0m
[0m[[0minfo[0m] [0m[34m3 tests, 0 failures, 0 errors[0m[0m
[0m[[0minfo[0m] [0mtests.auth.AuthControllerTest[0m
 --> Left((400,Can't parse itemId))
 --> Left((400,No json in request body))
 --> Left((400,can't find collectionId in request body))
 --> Left((401,NO!))
 --> Left((401,Default failure))
 --> Left((401,Default failure))
[0m[[0minfo[0m] [0mAuthControllerTest[0m
[0m[[0minfo[0m] [0m[32m+[0m cannot register without logging in through SS[0m
[0m[[0minfo[0m] [0m[32m+[0m cannot register without write permission to organization[0m
[0m[[0minfo[0m] [0m[32m+[0m can register with write permission to organization[0m
[0m[[0minfo[0m] [0m[32m+[0m re-registering returns same client id and secret[0m
[0m[[0minfo[0m] [0m[32m+[0m can retrieve auth token using client id and secret[0m
[0m[[0minfo[0m] [0m[32m+[0m can retrieve auth token using client id and secret without sending grant type[0m
[0m[[0minfo[0m] [0m[32m+[0m can use auth token to retrieve list of organizations[0m
[0m[[0minfo[0m] [0mTotal for specification AuthControllerTest[0m
[0m[[0minfo[0m] [0m[34mFinished in 1 second, 13 ms[0m[0m
[0m[[0minfo[0m] [0m[34m7 examples, 0 failure, 0 error[0m[0m
[0m[[0minfo[0m] [0m[32m+[0m '303' is not equal to '200'[0m
[0m[[0minfo[0m] [0m[32m+[0m '401' is equal to '401'[0m
[0m[[0minfo[0m] [0m[32m+[0m success[0m
[0m[[0minfo[0m] [0m[32m+[0m '{"client_id":"53a876f53004f1c6a7da4e9c","client_secret":"ekn4ll1ejlycz91a9u1rhh9tn"}'[0m
[0m[[0minfo[0m] [0m is equal to [0m
[0m[[0minfo[0m] [0m'{"client_id":"53a876f53004f1c6a7da4e9c","client_secret":"ekn4ll1ejlycz91a9u1rhh9tn"}'[0m
[0m[[0minfo[0m] [0m[32m+[0m success[0m
[0m[[0minfo[0m] [0m[32m+[0m success[0m
[0m[[0minfo[0m] [0m[32m+[0m '200' is equal to '200'[0m
[0m[[0minfo[0m] [0m[0m
[0m[[0minfo[0m] [0m[0m
[0m[[0minfo[0m] [0mTotal for test tests.auth.AuthControllerTest[0m
[0m[[0minfo[0m] [0m[34mFinished in 1.062 seconds[0m[0m
[0m[[0minfo[0m] [0m[34m7 tests, 0 failures, 0 errors[0m[0m
[0m[[0minfo[0m] [0morg.corespring.api.v1.ExporterApiTest[0m
 --> Left((400,Can't parse itemId))
 --> Left((400,This item has no collection id 53a876f53004165bbf11bd96))
[[37minfo[0m] UnzipUtil - Extracting exporter-api-test-data/file.zip to exporter-api-test-data
[[37minfo[0m] UnzipUtil - Extracting to exporter-api-test-data/scormfunctions.js
[[37minfo[0m] UnzipUtil - Extracting to exporter-api-test-data/imsmanifest.xml
[[37minfo[0m] UnzipUtil - Extracting to exporter-api-test-data/remote-item-runner.html
[0m[[0minfo[0m] [0mExporterApiTest[0m
[0m[[0minfo[0m] [0mExporter api should[0m
[0m[[0minfo[0m] [0m[32m+[0m export a scorm package[0m
[0m[[0minfo[0m] [0mTotal for specification ExporterApiTest[0m
[0m[[0minfo[0m] [0m[34mFinished in 186 ms[0m[0m
[0m[[0minfo[0m] [0m[34m1 example, 0 failure, 0 error[0m[0m
[0m[[0minfo[0m] [0m[32m+[0m [0m
[0m[[0minfo[0m] [0m[0m
[0m[[0minfo[0m] [0m[0m
[0m[[0minfo[0m] [0mTotal for test org.corespring.api.v1.ExporterApiTest[0m
[0m[[0minfo[0m] [0m[34mFinished in 0.228 seconds[0m[0m
[0m[[0minfo[0m] [0m[34m1 tests, 0 failures, 0 errors[0m[0m
[0m[[0minfo[0m] [0morg.corespring.api.v1.OrganizationApiTest[0m
19:50:29,917 |-INFO in ch.qos.logback.classic.LoggerContext[default] - Could NOT find resource [logback.groovy]
19:50:29,925 |-INFO in ch.qos.logback.classic.LoggerContext[default] - Could NOT find resource [logback-test.xml]
19:50:29,928 |-INFO in ch.qos.logback.classic.LoggerContext[default] - Found resource [logback.xml] at [jar:file:/Users/edeustace/dev/frameworks/play/play-2.2.1/repository/local/com.typesafe.play/play_2.10/2.2.1/jars/play_2.10.jar!/logback.xml]
19:50:29,936 |-WARN in ch.qos.logback.classic.LoggerContext[default] - Resource [logback.xml] occurs multiple times on the classpath.
19:50:29,936 |-WARN in ch.qos.logback.classic.LoggerContext[default] - Resource [logback.xml] occurs at [jar:file:/Users/edeustace/dev/frameworks/play/play-2.2.1/framework/../repository/cache/com.ee/assets-loader_2.10/jars/assets-loader_2.10-0.12.0.jar!/logback.xml]
19:50:29,936 |-WARN in ch.qos.logback.classic.LoggerContext[default] - Resource [logback.xml] occurs at [jar:file:/Users/edeustace/dev/frameworks/play/play-2.2.1/repository/local/com.typesafe.play/play_2.10/2.2.1/jars/play_2.10.jar!/logback.xml]
19:50:29,998 |-INFO in ch.qos.logback.core.joran.spi.ConfigurationWatchList@754441d8 - URL [jar:file:/Users/edeustace/dev/frameworks/play/play-2.2.1/repository/local/com.typesafe.play/play_2.10/2.2.1/jars/play_2.10.jar!/logback.xml] is not of type file
19:50:30,470 |-INFO in ch.qos.logback.classic.joran.action.ConfigurationAction - debug attribute not set
19:50:30,488 |-INFO in ch.qos.logback.core.joran.action.AppenderAction - About to instantiate appender of type [ch.qos.logback.core.ConsoleAppender]
19:50:30,523 |-INFO in ch.qos.logback.core.joran.action.AppenderAction - Naming appender as [STDOUT]
19:50:30,557 |-INFO in ch.qos.logback.core.joran.action.NestedComplexPropertyIA - Assuming default type [ch.qos.logback.classic.encoder.PatternLayoutEncoder] for [encoder] property
19:50:30,618 |-INFO in ch.qos.logback.classic.joran.action.RootLoggerAction - Setting level of ROOT logger to ERROR
19:50:30,618 |-INFO in ch.qos.logback.core.joran.action.AppenderRefAction - Attaching appender named [STDOUT] to Logger[ROOT]
19:50:30,619 |-INFO in ch.qos.logback.classic.joran.action.ConfigurationAction - End of configuration.
19:50:30,621 |-INFO in ch.qos.logback.classic.joran.JoranConfigurator@189c29a5 - Registering current configuration as safe fallback point

 --> Left((401,Default failure))
[0m[[0minfo[0m] [0mItemHooksTest[0m
[0m[[0minfo[0m] [0mload should[0m
[0m[[0minfo[0m] [0m[32m+[0m return can't find item id error[0m
[0m[[0minfo[0m] [0m[32m+[0m return bad request for bad item id[0m
[0m[[0minfo[0m] [0m[32m+[0m return org can't access item error[0m
[0m[[0minfo[0m] [0m[32m+[0m return an item[0m
[0m[[0minfo[0m] [0msave should[0m
[0m[[0minfo[0m] [0m[32m+[0m return not found[0m
[0m[[0minfo[0m] [0m[32m+[0m return cantParse error for a bad item id[0m
[0m[[0minfo[0m] [0m[32m+[0m return no collection id error[0m
[0m[[0minfo[0m] [0m[32m+[0m save update[0m
[0m[[0minfo[0m] [0mcreate should[0m
[0m[[0minfo[0m] [0m[32m+[0m return no json error[0m
[0m[[0minfo[0m] [0m[32m+[0m return property not found[0m
[0m[[0minfo[0m] [0m[32m+[0m return no org id and options[0m
[0m[[0minfo[0m] [0m[32m+[0m return item id for new item[0m
[0m[[0minfo[0m] [0mTotal for specification ItemHooksTest[0m
[0m[[0minfo[0m] [0m[34mFinished in 31 ms[0m[0m
[0m[[0minfo[0m] [0m[34m12 examples, 0 failure, 0 error[0m[0m
[0m[[0minfo[0m] [0mOrganizationApiTest[0m
[0m[[0minfo[0m] [0m[32m+[0m list all visible organizations[0m
[0m[[0minfo[0m] [0m[32m+[0m list all visible organizations skipping 2 results[0m
[0m[[0minfo[0m] [0m[32m+[0m list all visible organizations limit results to 2[0m
[0m[[0minfo[0m] [0m[32m+[0m list all visible organizations returning only the id and name fields[0m
[0m[[0minfo[0m] [0m[32m+[0m list organization tree[0m
[0m[[0minfo[0m] [0m[32m+[0m list organization children[0m
[0m[[0minfo[0m] [0m[32m+[0m find an organization with name 'Demo Organization 3'[0m
[0m[[0minfo[0m] [0m[32m+[0m get the default organization[0m
[0m[[0minfo[0m] [0m[32m+[0m find an organization with id 51114b307fc1eaa866444648[0m
[0m[[0minfo[0m] [0mTotal for specification OrganizationApiTest[0m
[0m[[0minfo[0m] [0m[34mFinished in 152 ms[0m[0m
[0m[[0minfo[0m] [0m[34m9 examples, 0 failure, 0 error[0m[0m
[0m[[0minfo[0m] [0m[32m+[0m List({"id":"51114b307fc1eaa866444648","isRoot":false,"name":"Demo Organization","path":["51114b307fc1eaa866444648"]}, {"id":"5112b1d1ef0e8fd55d57ad02","isRoot":false,"name":"Demo Organization 2","path":["5112b1d1ef0e8fd55d57ad02","51114b307fc1eaa866444648"]}, {"id":"5112b132ef0e8fd55d57ad01","isRoot":false,"name":"Demo Organization 3","path":["5112b132ef0e8fd55d57ad01","51114b307fc1eaa866444648"]}) have size 3[0m
[0m[[0minfo[0m] [0m[32m+[0m List({"id":"5112b132ef0e8fd55d57ad01","isRoot":false,"name":"Demo Organization 3","path":["5112b132ef0e8fd55d57ad01","51114b307fc1eaa866444648"]}) have size 1[0m
[0m[[0minfo[0m] [0m[32m+[0m List({"id":"51114b307fc1eaa866444648","isRoot":false,"name":"Demo Organization","path":["51114b307fc1eaa866444648"]}, {"id":"5112b1d1ef0e8fd55d57ad02","isRoot":false,"name":"Demo Organization 2","path":["5112b1d1ef0e8fd55d57ad02","51114b307fc1eaa866444648"]}) have size 2[0m
[0m[[0minfo[0m] [0m[32m+[0m List({"id":"51114b307fc1eaa866444648","isRoot":false,"name":"Demo Organization"}, {"id":"5112b1d1ef0e8fd55d57ad02","isRoot":false,"name":"Demo Organization 2"}, {"id":"5112b132ef0e8fd55d57ad01","isRoot":false,"name":"Demo Organization 3"}) have size 3[0m
[0m[[0minfo[0m] [0m[32m+[0m There are 3 successes[0m
[0m[[0minfo[0m] [0mthe value is equal to 'true'[0m
[0m[[0minfo[0m] [0mthe value is equal to 'true'[0m
[0m[[0minfo[0m] [0mthe value is equal to 'true'[0m
[0m[[0minfo[0m] [0m[32m+[0m There are 2 successes[0m
[0m[[0minfo[0m] [0m'5112b1d1ef0e8fd55d57ad02' is not equal to '51114b307fc1eaa866444648'[0m
[0m[[0minfo[0m] [0m'5112b132ef0e8fd55d57ad01' is not equal to '51114b307fc1eaa866444648'[0m
[0m[[0minfo[0m] [0m[32m+[0m 'Demo Organization 3' is equal to 'Demo Organization 3'[0m
[0m[[0minfo[0m] [0m[32m+[0m 'Demo Organization' is equal to 'Demo Organization'[0m
[0m[[0minfo[0m] [0m[32m+[0m 'Demo Organization' is equal to 'Demo Organization'[0m
[0m[[0minfo[0m] [0m[0m
[0m[[0minfo[0m] [0m[0m
[0m[[0minfo[0m] [0mTotal for test org.corespring.api.v1.OrganizationApiTest[0m
[0m[[0minfo[0m] [0m[34mFinished in 0.198 seconds[0m[0m
[0m[[0minfo[0m] [0m[34m9 tests, 0 failures, 0 errors[0m[0m
[0m[[0minfo[0m] [0morg.corespring.api.v1.CollectionApiTest[0m
[0m[[0minfo[0m] [0mSessionAuthWiredTest[0m
[0m[[0minfo[0m] [0mSessionAuth should[0m
[0m[[0minfo[0m] [0m  can create should[0m
[0m[[0minfo[0m] [0m  [32m+[0m fail[0m
[0m[[0minfo[0m] [0m  [32m+[0m succeed[0m
[0m[[0minfo[0m] [0m  load for write should[0m
[0m[[0minfo[0m] [0m  [32m+[0m fail if theres no session[0m
[0m[[0minfo[0m] [0m  [32m+[0m fail if theres a session with no item id[0m
[0m[[0minfo[0m] [0m  [32m+[0m fail if there is no item[0m
[0m[[0minfo[0m] [0m  [32m+[0m succeed[0m
[0m[[0minfo[0m] [0m  load for read should[0m
[0m[[0minfo[0m] [0m  [32m+[0m fail if theres no session[0m
[0m[[0minfo[0m] [0m  [32m+[0m fail if theres a session with no item id[0m
[0m[[0minfo[0m] [0m  [32m+[0m fail if there is no item[0m
[0m[[0minfo[0m] [0m  [32m+[0m succeed[0m
[0m[[0minfo[0m] [0mTotal for specification SessionAuthWiredTest[0m
[0m[[0minfo[0m] [0m[34mFinished in 2 ms[0m[0m
[0m[[0minfo[0m] [0m[34m10 examples, 0 failure, 0 error[0m[0m
[0m[[0minfo[0m] [0mItemTransformerTest[0m
[0m[[0minfo[0m] [0mItem transformer should[0m
[0m[[0minfo[0m] [0m[32m+[0m transform an item to poc json[0m
[0m[[0minfo[0m] [0mTotal for specification ItemTransformerTest[0m
[0m[[0minfo[0m] [0m[34mFinished in 0 ms[0m[0m
[0m[[0minfo[0m] [0m[34m1 example, 0 failure, 0 error[0m[0m
[[34mtrace[0m] ContentCollection - [addItems] added items: 53a876f73004f1c6a7da4eb5,53a876f73004f1c6a7da4eb6,53a876f73004f1c6a7da4eb7
[CollectionSharingScope] deleting: fixture data
[[34mtrace[0m] ContentCollection - [addItems] added items: 53a876f73004f1c6a7da4ec7,53a876f73004f1c6a7da4ec8,53a876f73004f1c6a7da4ec9
[0m[[0minfo[0m] [0mItemAuthWiredTest[0m
[0m[[0minfo[0m] [0mItemAuthWired should[0m
[0m[[0minfo[0m] [0m  canRead[0m
[0m[[0minfo[0m] [0m  [32m+[0m fail if no orgId and opts[0m
[0m[[0minfo[0m] [0m  [32m+[0m fail if invalid item id[0m
[0m[[0minfo[0m] [0m  [32m+[0m fail if can't find item with id[0m
[0m[[0minfo[0m] [0m  [32m+[0m fail if can't find org[0m
[0m[[0minfo[0m] [0m  [32m+[0m fail if org can't access collection[0m
[0m[[0minfo[0m] [0m  [32m+[0m fail if org can't access collection[0m
[0m[[0minfo[0m] [0m  [32m+[0m fail if there is a permission error[0m
[0m[[0minfo[0m] [0m  [32m+[0m succeed[0m
[0m[[0minfo[0m] [0mTotal for specification ItemAuthWiredTest[0m
[0m[[0minfo[0m] [0m[34mFinished in 1 ms[0m[0m
[0m[[0minfo[0m] [0m[34m8 examples, 0 failure, 0 error[0m[0m
[CollectionSharingScope] deleting: fixture data
[publish] query: { "collectionId" : "53a876f73004f1c6a7da4ed8"}
[publish] query count : 3
[publish] query result : { "_id" : { "_id" : { "$oid" : "53a876f73004f1c6a7da4ed9"} , "version" : 0} , "published" : true},{ "_id" : { "_id" : { "$oid" : "53a876f73004f1c6a7da4eda"} , "version" : 0} , "published" : true},{ "_id" : { "_id" : { "$oid" : "53a876f73004f1c6a7da4edb"} , "version" : 0} , "published" : true}
[0m[[0minfo[0m] [0mSimpleWildcardCheckerTest[0m
[0m[[0minfo[0m] [0mallow should[0m
[0m[[0minfo[0m] [0m[32m+[0m allow[0m
[0m[[0minfo[0m] [0m[32m+[0m not allow if bad item id[0m
[0m[[0minfo[0m] [0m[32m+[0m not allow if bad session id[0m
[0m[[0minfo[0m] [0m[32m+[0m allow if only item id[0m
[0m[[0minfo[0m] [0m[32m+[0m not allow if mode is wrong[0m
[0m[[0minfo[0m] [0m[32m+[0m allow if mode is wrong[0m
[0m[[0minfo[0m] [0mTotal for specification SimpleWildcardCheckerTest[0m
[0m[[0minfo[0m] [0m[34mFinished in 1 ms[0m[0m
[0m[[0minfo[0m] [0m[34m6 examples, 0 failure, 0 error[0m[0m
[[34mtrace[0m] ContentCollection - [addItems] added items: 53a876f73004f1c6a7da4ed9,53a876f73004f1c6a7da4eda,53a876f73004f1c6a7da4edb
[CollectionSharingScope] deleting: fixture data
[0m[[0minfo[0m] [0mPlayerHooksTest[0m
[0m[[0minfo[0m] [0mplayer hooks should[0m
[0m[[0minfo[0m] [0m[34m*[0m work todo. Pending until fixed[0m
[0m[[0minfo[0m] [0mTotal for specification PlayerHooksTest[0m
[0m[[0minfo[0m] [0m[34mFinished in 1 ms[0m[0m
[0m[[0minfo[0m] [0m[34m1 example, 0 failure, 0 error, 1 pending[0m[0m
[[34mtrace[0m] ContentCollection - [addItems] added items: 53a876f73004f1c6a7da4eeb,53a876f73004f1c6a7da4eec,53a876f73004f1c6a7da4eed
[0m[[0minfo[0m] [0mPlayerJsonToItemTest[0m
[0m[[0minfo[0m] [0mPlayerJson => Item should[0m
[0m[[0minfo[0m] [0m[32m+[0m work for profile [0m
[0m[[0minfo[0m] [0m[32m+[0m work for xhtml + components[0m
[0m[[0minfo[0m] [0mTotal for specification PlayerJsonToItemTest[0m
[0m[[0minfo[0m] [0m[34mFinished in 1 ms[0m[0m
[0m[[0minfo[0m] [0m[34m2 examples, 0 failure, 0 error[0m[0m
[0m[[0minfo[0m] [0mPassed: Total 40, Failed 0, Errors 0, Passed 39, Skipped 1[0m
[CollectionSharingScope] deleting: fixture data
[[34mtrace[0m] ContentCollection - [addItems] added items: 53a876f73004f1c6a7da4efd,53a876f73004f1c6a7da4efe,53a876f73004f1c6a7da4eff
[CollectionSharingScope] deleting: fixture data
[CollectionSharingScope] deleting: fixture data
[CollectionSharingScope] deleting: fixture data
[CollectionSharingScope] deleting: fixture data
[CollectionSharingScope] deleting: fixture data
[CollectionSharingScope] deleting: fixture data
[0m[[0minfo[0m] [0mCollectionApiTest[0m
[0m[[0minfo[0m] [0m[32m+[0m return bad request for invalid fieldValue property[0m
[0m[[0minfo[0m] [0m[32m+[0m create, update and delete a collection[0m
[0m[[0minfo[0m] [0m[32m+[0m share items to a collection[0m
[0m[[0minfo[0m] [0m[32m+[0m un-share items from a collection[0m
[0m[[0minfo[0m] [0m[32m+[0m add filtered items to a collection[0m
[0m[[0minfo[0m] [0m[32m+[0m find/list items should include shared items[0m
[0m[[0minfo[0m] [0m[32m+[0m delete collection should remove collection id from shared items[0m
[0m[[0minfo[0m] [0m[32m+[0m org can enable / disable a collection[0m
[0m[[0minfo[0m] [0m[32m+[0m find items/list items should only find items in 'enabled' collections for an org[0m
[0m[[0minfo[0m] [0m[32m+[0m only an owner of a collection can share that collection with another organization[0m
[0m[[0minfo[0m] [0m[32m+[0m json returned for content coll ref should include owner id[0m
[0m[[0minfo[0m] [0m[32m+[0m can get all organizations a collection is shared with[0m
[0m[[0minfo[0m] [0mTotal for specification CollectionApiTest[0m
[0m[[0minfo[0m] [0m[34mFinished in 745 ms[0m[0m
[0m[[0minfo[0m] [0m[34m12 examples, 0 failure, 0 error[0m[0m
[0m[[0minfo[0m] [0m[32m+[0m '400' is equal to '400'[0m
[0m[[0minfo[0m] [0m[32m+[0m '404' is equal to '404'[0m
[0m[[0minfo[0m] [0m[32m+[0m [0m
[0m[[0minfo[0m] [0m[32m+[0m [0m
[0m[[0minfo[0m] [0m[32m+[0m [0m
[0m[[0minfo[0m] [0m[32m+[0m [0m
[0m[[0minfo[0m] [0m[32m+[0m [0m
[0m[[0minfo[0m] [0m[32m+[0m [0m
[0m[[0minfo[0m] [0m[32m+[0m [0m
[0m[[0minfo[0m] [0m[32m+[0m [0m
[0m[[0minfo[0m] [0m[32m+[0m [0m
[0m[[0minfo[0m] [0m[32m+[0m [0m
[0m[[0minfo[0m] [0m[0m
[0m[[0minfo[0m] [0m[0m
[0m[[0minfo[0m] [0mTotal for test org.corespring.api.v1.CollectionApiTest[0m
[0m[[0minfo[0m] [0m[34mFinished in 0.792 seconds[0m[0m
[0m[[0minfo[0m] [0m[34m12 tests, 0 failures, 0 errors[0m[0m
[0m[[0minfo[0m] [0mtests.plugins.UserEventListenerTest[0m
[0m[[0minfo[0m] [0mUserEventListenerTest[0m
[0m[[0minfo[0m] [0mUserEventListener should[0m
[0m[[0minfo[0m] [0m[32m+[0m update lastLoginDate on LoginEvent[0m
[0m[[0minfo[0m] [0m[32m+[0m update registrationDate on SignUpEvent[0m
[0m[[0minfo[0m] [0mTotal for specification UserEventListenerTest[0m
[0m[[0minfo[0m] [0m[34mFinished in 28 ms[0m[0m
[0m[[0minfo[0m] [0m[34m2 examples, 0 failure, 0 error[0m[0m
[0m[[0minfo[0m] [0m[32m+[0m [0m
[0m[[0minfo[0m] [0m[32m+[0m [0m
[0m[[0minfo[0m] [0m[0m
[0m[[0minfo[0m] [0m[0m
[0m[[0minfo[0m] [0mTotal for test tests.plugins.UserEventListenerTest[0m
[0m[[0minfo[0m] [0m[34mFinished in 0.051 seconds[0m[0m
[0m[[0minfo[0m] [0m[34m2 tests, 0 failures, 0 errors[0m[0m
[0m[[0minfo[0m] [0mtests.filters.AccessControlFilterTest[0m
[0m[[0minfo[0m] [0mAccessControlFilterTest[0m
[0m[[0minfo[0m] [0mAccessControlFilter should[0m
[0m[[0minfo[0m] [0m[32m+[0m allow every domain[0m
[0m[[0minfo[0m] [0mTotal for specification AccessControlFilterTest[0m
[0m[[0minfo[0m] [0m[34mFinished in 1 ms[0m[0m
[0m[[0minfo[0m] [0m[34m1 example, 0 failure, 0 error[0m[0m
[0m[[0minfo[0m] [0m[32m+[0m the value is equal to 'false'[0m
[0m[[0minfo[0m] [0m[0m
[0m[[0minfo[0m] [0m[0m
[0m[[0minfo[0m] [0mTotal for test tests.filters.AccessControlFilterTest[0m
[0m[[0minfo[0m] [0m[34mFinished in 0.017 seconds[0m[0m
[0m[[0minfo[0m] [0m[34m1 tests, 0 failures, 0 errors[0m[0m
[0m[[0minfo[0m] [0mtests.assets.LicenseTypesTest[0m
[0m[[0minfo[0m] [0mLicenseTypesTest[0m
[0m[[0minfo[0m] [0meach license type should[0m
[0m[[0minfo[0m] [0m[32m+[0m return 200[0m
[0m[[0minfo[0m] [0mTotal for specification LicenseTypesTest[0m
[0m[[0minfo[0m] [0m[34mFinished in 73 ms[0m[0m
[0m[[0minfo[0m] [0m[34m1 example, 0 failure, 0 error[0m[0m
[0m[[0minfo[0m] [0m[32m+[0m '200' is equal to '200'[0m
[0m[[0minfo[0m] [0m[0m
[0m[[0minfo[0m] [0m[0m
[0m[[0minfo[0m] [0mTotal for test tests.assets.LicenseTypesTest[0m
[0m[[0minfo[0m] [0m[34mFinished in 0.094 seconds[0m[0m
[0m[[0minfo[0m] [0m[34m1 tests, 0 failures, 0 errors[0m[0m
[0m[[0minfo[0m] [0morg.corespring.api.v1.fieldValues.QueryOptionsTest[0m
[0m[[0minfo[0m] [0mQueryOptionsTest[0m
[0m[[0minfo[0m] [0mQueryOptions should[0m
[0m[[0minfo[0m] [0m[32m+[0m extract valid json[0m
[0m[[0minfo[0m] [0m[32m+[0m extract valid json with defaults[0m
[0m[[0minfo[0m] [0mTotal for specification QueryOptionsTest[0m
[0m[[0minfo[0m] [0m[34mFinished in 10 ms[0m[0m
[0m[[0minfo[0m] [0m[34m2 examples, 0 failure, 0 error[0m[0m
[0m[[0minfo[0m] [0m[32m+[0m success[0m
[0m[[0minfo[0m] [0m[32m+[0m success[0m
[0m[[0minfo[0m] [0m[0m
[0m[[0minfo[0m] [0m[0m
[0m[[0minfo[0m] [0mTotal for test org.corespring.api.v1.fieldValues.QueryOptionsTest[0m
[0m[[0minfo[0m] [0m[34mFinished in 0.031 seconds[0m[0m
[0m[[0minfo[0m] [0m[34m2 tests, 0 failures, 0 errors[0m[0m
[0m[[0minfo[0m] [0morg.corespring.api.v1.ItemSessionApiTest[0m
[0m[[0minfo[0m] [0mItemSessionApiTest[0m
[0m[[0minfo[0m] [0mitem session data should[0m
[0m[[0minfo[0m] [0m[32m+[0m return an error if we try and update an item that is already finished[0m
[0m[[0minfo[0m] [0mprocess should[0m
[0m[[0minfo[0m] [0m[32m+[0m if it isn't an 'attempt' just save the responses[0m
[0m[[0minfo[0m] [0m[32m+[0m ignore any settings in the model[0m
[0m[[0minfo[0m] [0m[32m+[0m return a finish after the first attempt if only one attempt is allowed[0m
[0m[[0minfo[0m] [0mcreating should[0m
[0m[[0minfo[0m] [0m[32m+[0m accept a json body with an itemSession[0m
[0m[[0minfo[0m] [0m[32m+[0m only use the item id set in the url[0m
[0m[[0minfo[0m] [0mupdating should[0m
[0m[[0minfo[0m] [0m[32m+[0m allow updates to settings[0m
[0m[[0minfo[0m] [0mbegin should[0m
[0m[[0minfo[0m] [0m[32m+[0m set the start value in the session[0m
[0m[[0minfo[0m] [0mcreating and then updating item session should[0m
[0m[[0minfo[0m] [0m[32m+[0m create a cached qti xml for the specified item[0m
[0m[[0minfo[0m] [0m[32m+[0m return an item session which contains a sessionData property[0m
[0m[[0minfo[0m] [0m[32m+[0m return an item session feedback contents with sessionData which contains all feedback elements in the xml which correspond to responses from client[0m
[0m[[0minfo[0m] [0m[32m+[0m return an item session which contains correctResponse object within sessionData which contains all correct responses available[0m
[0m[[0minfo[0m] [0m[32m+[0m support retrieval of an itemsession[0m
[0m[[0minfo[0m] [0mitem session on get should[0m
[0m[[0minfo[0m] [0m[32m+[0m show correct responses even if settings says otherwise if there is render options with role=instructor and instructor role is requested[0m
[0m[[0minfo[0m] [0m[32m+[0m show correct responses even if settings says otherwise if there is render options with role=* and instructor role is requested[0m
[0m[[0minfo[0m] [0m[32m+[0m show correct responses even if settings says otherwise if there is render options with role=instructor and student role is requested[0m
[0m[[0minfo[0m] [0m[32m+[0m show correct responses even if settings says otherwise if there is render options with role=* and student role is requested[0m
[0m[[0minfo[0m] [0mitem session on update should[0m
[0m[[0minfo[0m] [0m[32m+[0m show correct responses even if settings says otherwise if there is render options with role=instructor and instructor role is requested[0m
[0m[[0minfo[0m] [0m[32m+[0m show correct responses even if settings says otherwise if there is render options with role='*' and instructor role is requested[0m
[0m[[0minfo[0m] [0m[32m+[0m do not show correct responses according to settings if there is render options with role=instructor and student role is requested[0m
[0m[[0minfo[0m] [0m[32m+[0m do not show correct responses according to settings if there is render options with role=* and student role is requested[0m
[0m[[0minfo[0m] [0mreopen should[0m
[0m[[0minfo[0m] [0m[32m+[0m reopen[0m
[0m[[0minfo[0m] [0mTotal for specification ItemSessionApiTest[0m
[0m[[0minfo[0m] [0m[34mFinished in 650 ms[0m[0m
[0m[[0minfo[0m] [0m[34m22 examples, 0 failure, 0 error[0m[0m
[0m[[0minfo[0m] [0m[32m+[0m 'Some(606)' is equal to 'Some(606)'[0m
[0m[[0minfo[0m] [0m[32m+[0m '1' is equal to '1'[0m
[0m[[0minfo[0m] [0m[32m+[0m '5' is equal to '5'[0m
[0m[[0minfo[0m] [0m[32m+[0m 'Some(2014-06-23T19:50:32.232+01:00)' is not None[0m
[0m[[0minfo[0m] [0m[32m+[0m '12' is equal to '12'[0m
[0m[[0minfo[0m] [0m[32m+[0m '511156d38604c9f77da9739d:0' is equal to '511156d38604c9f77da9739d:0'[0m
[0m[[0minfo[0m] [0m[32m+[0m 'custom message' is equal to 'custom message'[0m
[0m[[0minfo[0m] [0m[32m+[0m success[0m
[0m[[0minfo[0m] [0m[32m+[0m 'Right(QtiItem(List(ResponseDeclaration(mexicanPresident,single,identifier,true,Some(CorrectResponseSingle(calderon)),None), ResponseDeclaration(irishPresident,single,identifier,true,Some(CorrectResponseSingle(higgins)),None), ResponseDeclaration(rainbowColors,multiple,identifier,true,Some(CorrectResponseMultiple(List(blue, violet, red))),Some(Mapping(Map(white -> -3.0, red -> 1.0, violet -> 1.0, blue -> 1.0),Some(-3.0)))), ResponseDeclaration(winterDiscontent,multiple,string,true,Some(CorrectResponseAny(List(York, york))),Some(Mapping(Map(york -> 0.5, York -> 1.0),Some(0.0)))), ResponseDeclaration(wivesOfHenry,ordered,identifier,true,Some(CorrectResponseOrdered(List(aragon, boleyn, seymour, cleves, howard, parr))),None), ResponseDeclaration(cutePugs,ordered,identifier,true,Some(CorrectResponseOrdered(List(pug1, pug2, pug3))),None), ResponseDeclaration(longAnswer,single,string,true,None,None), ResponseDeclaration(manOnMoon,single,identifier,true,Some(CorrectResponseSingle(armstrong)),None)),ItemBody(List(TextEntryInteraction(winterDiscontent,15,List([FeedbackInline csFeedbackId: 13,  identifier: York, content:York is correct ], [FeedbackInline csFeedbackId: 14,  identifier: york, content:York is a proper noun, and should be capitalized. ], [FeedbackInline csFeedbackId: 15,  identifier: , content:Not Correct ])), InlineChoiceInteraction(manOnMoon,List(InlineChoice(armstrong,manOnMoon,Some([FeedbackInline csFeedbackId: 16,  identifier: armstrong, content:Hooray! ])), InlineChoice(aldrin,manOnMoon,Some([FeedbackInline csFeedbackId: 17,  identifier: aldrin, content:Boohoo ])))), ChoiceInteraction(mexicanPresident,List(SimpleChoice(obama,mexicanPresident,Some([FeedbackInline csFeedbackId: 1,  identifier: obama, content:Incorrect, Barack Obama is President of the USA ])), SimpleChoice(cameron,mexicanPresident,Some([FeedbackInline csFeedbackId: 2,  identifier: cameron, content:Incorrect, James Cameron is Prime Minister of the UK ])), SimpleChoice(calderon,mexicanPresident,Some([FeedbackInline csFeedbackId: 3,  identifier: calderon, content:<b xmlns="http://www.imsglobal.org/xsd/imsqti_v2p1" xmlns:xsi="http://www.w3.org/2001/XMLSchema-instance">Correct!</b>, Felipe Calderon is the President of Mexico ])), SimpleChoice(netanyahu,mexicanPresident,Some([FeedbackInline csFeedbackId: 4,  identifier: netanyahu, content:Incorrect, Benjamin Netanyahu is the Prime Minister of Israel ])))), ChoiceInteraction(irishPresident,List(SimpleChoice(robinson,irishPresident,Some([FeedbackInline csFeedbackId: 5,  identifier: robinson, content: ])), SimpleChoice(higgins,irishPresident,Some([FeedbackInline csFeedbackId: 6,  identifier: higgins, content: ])), SimpleChoice(guinness,irishPresident,Some([FeedbackInline csFeedbackId: 7,  identifier: guinness, content: ])), SimpleChoice(adams,irishPresident,Some([FeedbackInline csFeedbackId: 8,  identifier: adams, content: ])))), ChoiceInteraction(rainbowColors,List(SimpleChoice(blue,rainbowColors,Some([FeedbackInline csFeedbackId: 9,  identifier: blue, content:Blue is a color in the rainbow ])), SimpleChoice(violet,rainbowColors,Some([FeedbackInline csFeedbackId: 10,  identifier: violet, content:Violet is a color in the rainbow ])), SimpleChoice(white,rainbowColors,Some([FeedbackInline csFeedbackId: 11,  identifier: white, content:White is not a color in the rainbow. ])), SimpleChoice(red,rainbowColors,Some([FeedbackInline csFeedbackId: 12,  identifier: red, content:Red is a color in the rainbow ])))), OrderInteraction(wivesOfHenry,List(SimpleChoice(parr,wivesOfHenry,None), SimpleChoice(boleyn,wivesOfHenry,None), SimpleChoice(cleves,wivesOfHenry,None), SimpleChoice(aragon,wivesOfHenry,None), SimpleChoice(seymour,wivesOfHenry,None), SimpleChoice(howard,wivesOfHenry,None))), OrderInteraction(cutePugs,List(SimpleChoice(pug1,cutePugs,None), SimpleChoice(pug2,cutePugs,None), SimpleChoice(pug3,cutePugs,None))), ExtendedTextInteraction(longAnswer)),List([FeedbackInline csFeedbackId: 13,  identifier: York, content:York is correct ], [FeedbackInline csFeedbackId: 14,  identifier: york, content:York is a proper noun, and should be capitalized. ], [FeedbackInline csFeedbackId: 15,  identifier: , content:Not Correct ])),List(),None))' is Right[0m
[0m[[0minfo[0m] [0m[32m+[0m '{"id":"mexicanPresident","value":"calderon"}'[0m
[0m[[0minfo[0m] [0m is equal to [0m
[0m[[0minfo[0m] [0m'{"id":"mexicanPresident","value":"calderon"}'[0m
[0m[[0minfo[0m] [0m[32m+[0m '1' is equal to '1'[0m
[0m[[0minfo[0m] [0m[32m+[0m List(StringResponse(mexicanPresident,calderon,None), StringResponse(irishPresident,higgins,None), ArrayResponse(rainbowColors,ListBuffer(blue, violet, red),None), ArrayResponse(winterDiscontent,ListBuffer(York, york),None), ArrayResponse(wivesOfHenry,ListBuffer(aragon, boleyn, seymour, cleves, howard, parr),None), ArrayResponse(cutePugs,ListBuffer(pug1, pug2, pug3),None), StringResponse(manOnMoon,armstrong,None))[0m
[0m[[0minfo[0m] [0m is equal to [0m
[0m[[0minfo[0m] [0mList(StringResponse(mexicanPresident,calderon,None), StringResponse(irishPresident,higgins,None), ArrayResponse(rainbowColors,List(blue, violet, red),None), ArrayResponse(winterDiscontent,List(York, york),None), ArrayResponse(wivesOfHenry,List(aragon, boleyn, seymour, cleves, howard, parr),None), ArrayResponse(cutePugs,List(pug1, pug2, pug3),None), StringResponse(manOnMoon,armstrong,None))[0m
[0m[[0minfo[0m] [0m[32m+[0m '51116bc7a14f7b657a083c1d' is equal to '51116bc7a14f7b657a083c1d'[0m
[0m[[0minfo[0m] [0m[32m+[0m the value is equal to 'true'[0m
[0m[[0minfo[0m] [0m[32m+[0m the value is equal to 'true'[0m
[0m[[0minfo[0m] [0m[32m+[0m the value is equal to 'false'[0m
[0m[[0minfo[0m] [0m[32m+[0m the value is equal to 'false'[0m
[0m[[0minfo[0m] [0m[32m+[0m the value is equal to 'true'[0m
[0m[[0minfo[0m] [0m[32m+[0m the value is equal to 'true'[0m
[0m[[0minfo[0m] [0m[32m+[0m the value is equal to 'false'[0m
[0m[[0minfo[0m] [0m[32m+[0m the value is equal to 'false'[0m
[0m[[0minfo[0m] [0m[32m+[0m '0' is equal to '0'[0m
[0m[[0minfo[0m] [0m[0m
[0m[[0minfo[0m] [0m[0m
[0m[[0minfo[0m] [0mTotal for test org.corespring.api.v1.ItemSessionApiTest[0m
[0m[[0minfo[0m] [0m[34mFinished in 0.77 seconds[0m[0m
[0m[[0minfo[0m] [0m[34m22 tests, 0 failures, 0 errors[0m[0m
[0m[[0minfo[0m] [0mtests.developer.controllers.DeveloperTest[0m
[0m[[0minfo[0m] [0mDeveloperTest[0m
[0m[[0minfo[0m] [0mDeveloper should[0m
[0m[[0minfo[0m] [0m[32m+[0m redirects to organization form when user belongs to demo org[0m
[0m[[0minfo[0m] [0m[32m+[0m return developer/home when user has registered org[0m
[0m[[0minfo[0m] [0m[32m+[0m create only one org[0m
[0m[[0minfo[0m] [0m[32m+[0m be able to view org after creating it[0m
[0m[[0minfo[0m] [0m[32m+[0m return unauthorized with expired session[0m
[0m[[0minfo[0m] [0mTotal for specification DeveloperTest[0m
[0m[[0minfo[0m] [0m[34mFinished in 150 ms[0m[0m
[0m[[0minfo[0m] [0m[34m5 examples, 0 failure, 0 error[0m[0m
[0m[[0minfo[0m] [0m[32m+[0m [0m
[0m[[0minfo[0m] [0m[32m+[0m [0m
[0m[[0minfo[0m] [0m[32m+[0m [0m
[0m[[0minfo[0m] [0m[32m+[0m [0m
[0m[[0minfo[0m] [0m[32m+[0m [0m
[0m[[0minfo[0m] [0m[0m
[0m[[0minfo[0m] [0m[0m
[0m[[0minfo[0m] [0mTotal for test tests.developer.controllers.DeveloperTest[0m
[0m[[0minfo[0m] [0m[34mFinished in 0.182 seconds[0m[0m
[0m[[0minfo[0m] [0m[34m5 tests, 0 failures, 0 errors[0m[0m
[0m[[0minfo[0m] [0morg.corespring.api.v1.FieldValuesApiTest[0m
List(51114b127fc1eaa866444647, 511276834924c9ca07b97044)
[0m[[0minfo[0m] [0mFieldValuesApiTest[0m
[0m[[0minfo[0m] [0mFieldValuesApi should[0m
[0m[[0minfo[0m] [0m[32m+[0m show all available values[0m
[0m[[0minfo[0m] [0m[32m+[0m show field values for current user collections[0m
[0m[[0minfo[0m] [0m[32m+[0m return multiple values[0m
[0m[[0minfo[0m] [0m[32m+[0m return multiple values with queries[0m
[0m[[0minfo[0m] [0m[32m+[0m multiple handles invalid json[0m
[0m[[0minfo[0m] [0mTotal for specification FieldValuesApiTest[0m
[0m[[0minfo[0m] [0m[34mFinished in 159 ms[0m[0m
[0m[[0minfo[0m] [0m[34m5 examples, 0 failure, 0 error[0m[0m
[0m[[0minfo[0m] [0m[32m+[0m the value is equal to 'true'[0m
[0m[[0minfo[0m] [0m[32m+[0m success[0m
[0m[[0minfo[0m] [0m[32m+[0m the value is equal to 'true'[0m
[0m[[0minfo[0m] [0m[32m+[0m the value is equal to 'true'[0m
[0m[[0minfo[0m] [0m[32m+[0m the value is equal to 'true'[0m
[0m[[0minfo[0m] [0m[0m
[0m[[0minfo[0m] [0m[0m
[0m[[0minfo[0m] [0mTotal for test org.corespring.api.v1.FieldValuesApiTest[0m
[0m[[0minfo[0m] [0m[34mFinished in 0.2 seconds[0m[0m
[0m[[0minfo[0m] [0m[34m5 tests, 0 failures, 0 errors[0m[0m
[0m[[0minfo[0m] [0mtests.models.SessionOutcomeTest[0m
SessionOutcome(1.0,true,true,Map(RESPONSE -> IdentifierOutcome(1.0,true,true)),None)
[0m[[0minfo[0m] [0mSessionOutcomeTest[0m
[0m[[0minfo[0m] [0mSessionOutcome should[0m
[0m[[0minfo[0m] [0m[32m+[0m return default scoring with no response processing[0m
[0m[[0minfo[0m] [0m[32m+[0m return evaluated response processing ResponseProcessing[0m
[0m[[0minfo[0m] [0m[32m+[0m return default value for score when Javascript does not include it in response[0m
[0m[[0minfo[0m] [0m[32m+[0m return default value for isCorrect when Javascript does not include it in response[0m
[0m[[0minfo[0m] [0m[32m+[0m return default value for isComplete when Javascript does not include it in response[0m
[0m[[0minfo[0m] [0m[32m+[0m return default values for response identifier when Javascript does not include it in response[0m
[0m[[0minfo[0m] [0m[32m+[0m return default value for score in response identifier when Javascript does not include it in response[0m
[0m[[0minfo[0m] [0m[32m+[0m return default value for isCorrect in response identifier when Javascript does not include it in response[0m
[0m[[0minfo[0m] [0m[32m+[0m return default value for isComplete in response identifier when Javascript does not include it in response[0m
[0m[[0minfo[0m] [0m[32m+[0m return SessionOutcome with number as score when Javascript returns number[0m
[0m[[0minfo[0m] [0m[32m+[0m contain preprocessed Javascript for InlineChoiceInteraction[0m
[0m[[0minfo[0m] [0m[32m+[0m contain preprocessed Javascript for DragAndDropInteraction[0m
[0m[[0minfo[0m] [0m[32m+[0m contain default response in outcome[0m
[0m[[0minfo[0m] [0m[32m+[0m provide outcome variables to choiceInteraction[0m
[0m[[0minfo[0m] [0m[32m+[0m serializing outcome of extended text entry to JSON works[0m
[0m[[0minfo[0m] [0mTotal for specification SessionOutcomeTest[0m
[0m[[0minfo[0m] [0m[34mFinished in 392 ms[0m[0m
[0m[[0minfo[0m] [0m[34m15 examples, 0 failure, 0 error[0m[0m
[0m[[0minfo[0m] [0m[32m+[0m success[0m
[0m[[0minfo[0m] [0m[32m+[0m success[0m
[0m[[0minfo[0m] [0m[32m+[0m success[0m
[0m[[0minfo[0m] [0m[32m+[0m success[0m
[0m[[0minfo[0m] [0m[32m+[0m success[0m
[0m[[0minfo[0m] [0m[32m+[0m success[0m
[0m[[0minfo[0m] [0m[32m+[0m success[0m
[0m[[0minfo[0m] [0m[32m+[0m success[0m
[0m[[0minfo[0m] [0m[32m+[0m success[0m
[0m[[0minfo[0m] [0m[32m+[0m success[0m
[0m[[0minfo[0m] [0m[32m+[0m success[0m
[0m[[0minfo[0m] [0m[32m+[0m success[0m
[0m[[0minfo[0m] [0m[32m+[0m success[0m
[0m[[0minfo[0m] [0m[32m+[0m success[0m
[0m[[0minfo[0m] [0m[32m+[0m success[0m
[0m[[0minfo[0m] [0m[0m
[0m[[0minfo[0m] [0m[0m
[0m[[0minfo[0m] [0mTotal for test tests.models.SessionOutcomeTest[0m
[0m[[0minfo[0m] [0m[34mFinished in 0.438 seconds[0m[0m
[0m[[0minfo[0m] [0m[34m15 tests, 0 failures, 0 errors[0m[0m
[0m[[0minfo[0m] [0mapi.v1.MetadataSetApiTest[0m
[0m[[0minfo[0m] [0mMetadataSetApiTest[0m
[0m[[0minfo[0m] [0mapi should[0m
[0m[[0minfo[0m] [0m[32m+[0m list[0m
[0m[[0minfo[0m] [0m[32m+[0m create[0m
[0m[[0minfo[0m] [0m[32m+[0m error in create if no json[0m
[0m[[0minfo[0m] [0m[32m+[0m error in create if not useful json[0m
[0m[[0minfo[0m] [0m[32m+[0m get returns ok[0m
[0m[[0minfo[0m] [0m[32m+[0m get returns not found if it can't find the set[0m
[0m[[0minfo[0m] [0mTotal for specification MetadataSetApiTest[0m
[0m[[0minfo[0m] [0m[34mFinished in 76 ms[0m[0m
[0m[[0minfo[0m] [0m[34m6 examples, 0 failure, 0 error[0m[0m
[0m[[0minfo[0m] [0m[32m+[0m '1' is equal to '1'[0m
[0m[[0minfo[0m] [0m[32m+[0m '200' is equal to '200'[0m
[0m[[0minfo[0m] [0m[32m+[0m '400' is equal to '400'[0m
[0m[[0minfo[0m] [0m[32m+[0m '400' is equal to '400'[0m
[0m[[0minfo[0m] [0m[32m+[0m 'MetadataSet(get_dummy_key,get_dummy_url,get_dummy_label,true,List(SchemaMetadata(get_dummy)),53a876f93004f1c6a7da4fa4)'[0m
[0m[[0minfo[0m] [0m is equal to [0m
[0m[[0minfo[0m] [0m'MetadataSet(get_dummy_key,get_dummy_url,get_dummy_label,true,List(SchemaMetadata(get_dummy)),53a876f93004f1c6a7da4fa4)'[0m
[0m[[0minfo[0m] [0m[32m+[0m '404' is equal to '404'[0m
[0m[[0minfo[0m] [0m[0m
[0m[[0minfo[0m] [0m[0m
[0m[[0minfo[0m] [0mTotal for test api.v1.MetadataSetApiTest[0m
[0m[[0minfo[0m] [0m[34mFinished in 0.105 seconds[0m[0m
[0m[[0minfo[0m] [0m[34m6 tests, 0 failures, 0 errors[0m[0m
[0m[[0minfo[0m] [0morg.corespring.api.v1.UserApiTest[0m
[0m[[0minfo[0m] [0mUserApiTest[0m
[0m[[0minfo[0m] [0m[32m+[0m list all visible users[0m
[0m[[0minfo[0m] [0mTotal for specification UserApiTest[0m
[0m[[0minfo[0m] [0m[34mFinished in 14 ms[0m[0m
[0m[[0minfo[0m] [0m[34m1 example, 0 failure, 0 error[0m[0m
[0m[[0minfo[0m] [0m[32m+[0m List({"id":"511293b6ef0e8fd55d57ad00","userName":"test_user","fullName":"Leeroy Jenkins","email":"dev@null.com"}, {"id":"5112b375ef0e8fd55d57ad03","userName":"test_user2","fullName":"Leeroy Jenkins","email":"dev@null.com"}, {"id":"5112b395ef0e8fd55d57ad04","userName":"test_user3","fullName":"Leeroy Jenkins","email":"dev@null.com"}) have size 3[0m
[0m[[0minfo[0m] [0m[0m
[0m[[0minfo[0m] [0m[0m
[0m[[0minfo[0m] [0mTotal for test org.corespring.api.v1.UserApiTest[0m
[0m[[0minfo[0m] [0m[34mFinished in 0.032 seconds[0m[0m
[0m[[0minfo[0m] [0m[34m1 tests, 0 failures, 0 errors[0m[0m
[0m[[0minfo[0m] [0mPassed: Total 116, Failed 0, Errors 0, Passed 114, Skipped 2[0m
!! JS-Tests---------------------------------------------
Loading /Users/edeustace/dev/github/corespring/corespring-api/js-test/jasmine-junit-testrunner.html
2014-06-23 19:50:34.770 phantomjs[6712:d07] CoreText performance note: Client called CTFontCreateWithName() using name "Times New Roman" and got font with PostScript name "TimesNewRomanPSMT". For best performance, only use PostScript names when calling this API.
2014-06-23 19:50:34.771 phantomjs[6712:d07] CoreText performance note: Set a breakpoint on CTFontLogSuboptimalRequest to debug.
Results for url file:///Users/edeustace/dev/github/corespring/corespring-api/js-test/jasmine-junit-testrunner.html:
  SUCCESS: 132 specs, 0 failures in 1.325s
!! Exit code: 0
!! End JS-Tests---------------------------------------------
[0m[[32msuccess[0m] [0mTotal time: 30 s, completed Jun 23, 2014 7:50:36 PM[0m
